<html>
<body>
<pre>
<h1>µVision Build Log</h1>
<h2>Tool Versions:</h2>
IDE-Version: µVision V5.14.0.0
Copyright (C) 2015 ARM Ltd and ARM Germany GmbH. All rights reserved.
License Information: Christopher Jordan-Denny, Digi-Key, LIC=----
 
Tool Versions:
Toolchain:       MDK-Lite  Version: 5.14.0.0
Toolchain Path:  C:\Keil_v5\ARM\ARMCC\Bin
C Compiler:      Armcc.exe V5.05 update 1 (build 106)
Assembler:       Armasm.exe V5.05 update 1 (build 106)
Linker/Locator:  ArmLink.exe V5.05 update 1 (build 106)
Library Manager: ArmAr.exe V5.05 update 1 (build 106)
Hex Converter:   FromElf.exe V5.05 update 1 (build 106)
CPU DLL:         SARMCM3.DLL V5.14.0.0
Dialog DLL:      DARMCM1.DLL V1.12.0.0
Target DLL:      STLink\ST-LINKIII-KEIL_SWO.dll V2.0.14.0_KEIL
Dialog DLL:      TARMCM1.DLL V1.9.0.0
 
<h2>Project:</h2>
C:\Users\Digi-Key\Documents\GitHub\STM32L053R8\Intern_Project\Intern_Project.uvprojx
Project File Date:  06/19/2015

<h2>Output:</h2>
Rebuild target 'STM32l053 Nucleo Board'
compiling Intern_Project.c...
compiling ADC.c...
compiling GPIO.c...
compiling HTS221.c...
compiling I2C.c...
compiling Retarget.c...
compiling Serial.c...
compiling Timing.c...
compiling LPS25HB.c...
compiling LIS3MDL.c...
compiling LSM6DS0.c...
compiling ISK01A1.c...
compiling USART1.c...
assembling startup_stm32l053xx.s...
compiling system_stm32l0xx.c...
linking...
Program Size: Code=3688 RO-data=224 RW-data=48 ZI-data=1632  
FromELF: creating hex file...
".\Objects\Intern_Project.axf" - 0 Error(s), 0 Warning(s).

<h2>Software Packages used:</h2>

Package Vendor: ARM
                http://www.keil.com/pack/ARM.CMSIS.4.3.0.pack
                ARM::CMSIS:CORE:4.1.0
                CMSIS (Cortex Microcontroller Software Interface Standard)
   * Component: CORE Version: 4.1.0

Package Vendor: Keil
                http://www.keil.com/pack/Keil.STM32L0xx_DFP.1.3.0.pack
                Keil::Device:Startup:1.0.0
                STMicroelectronics STM32L0 Series Device Support and Examples
   * Component: Startup Version: 1.0.0

<h2>Collection of Component include folders:</h2>
  C:\Users\Digi-Key\Documents\GitHub\STM32L053R8\Intern_Project\RTE
  C:\Keil_v5\ARM\PACK\ARM\CMSIS\4.3.0\CMSIS\Include
  C:\Keil_v5\ARM\PACK\Keil\STM32L0xx_DFP\1.3.0\Device\Include

<h2>Collection of Component Files used:</h2>

   * Component: ARM::CMSIS:CORE:4.1.0

   * Component: Keil::Device:Startup:1.0.0
      Source file:   Device\Source\ARM\startup_stm32l053xx.s
      Source file:   Device\Source\system_stm32l0xx.c
</pre>
</body>
</html>
