Component: ARM Compiler 5.05 update 1 (build 106) Tool: armlink [4d0efa]

==============================================================================

Section Cross References

    intern_project.o(i.main) refers to _printf_percent.o(.ARM.Collect$$_printf_percent$$00000000) for _printf_percent
    intern_project.o(i.main) refers to _printf_f.o(.ARM.Collect$$_printf_percent$$00000003) for _printf_f
    intern_project.o(i.main) refers to _printf_c.o(.ARM.Collect$$_printf_percent$$00000013) for _printf_c
    intern_project.o(i.main) refers to printf1.o(x$fpl$printf1) for _printf_fp_dec
    intern_project.o(i.main) refers to _printf_str.o(.text) for _printf_str
    intern_project.o(i.main) refers to timing.o(i.SystemCoreClockInit) for SystemCoreClockInit
    intern_project.o(i.main) refers to system_stm32l0xx.o(i.SystemCoreClockUpdate) for SystemCoreClockUpdate
    intern_project.o(i.main) refers to aeabi_sdiv.o(.text) for __aeabi_uidivmod
    intern_project.o(i.main) refers to intern_project.o(i.NVIC_SetPriority) for NVIC_SetPriority
    intern_project.o(i.main) refers to gpio.o(i.LED_Init) for LED_Init
    intern_project.o(i.main) refers to gpio.o(i.Button_Initialize) for Button_Initialize
    intern_project.o(i.main) refers to serial.o(i.SER_Initialize) for SER_Initialize
    intern_project.o(i.main) refers to adc.o(i.ADC_Init) for ADC_Init
    intern_project.o(i.main) refers to i2c.o(i.I2C_Init) for I2C_Init
    intern_project.o(i.main) refers to isk01a1.o(i.ISK01A1_Init) for ISK01A1_Init
    intern_project.o(i.main) refers to isk01a1.o(i.ISK01A1_Configuration) for ISK01A1_Configuration
    intern_project.o(i.main) refers to lis3mdl.o(i.LIS3MDL_Compass_Heading) for LIS3MDL_Compass_Heading
    intern_project.o(i.main) refers to f2d.o(.text) for __aeabi_f2d
    intern_project.o(i.main) refers to noretval__2printf.o(.text) for __2printf
    intern_project.o(i.main) refers to timing.o(i.Delay) for Delay
    intern_project.o(i.main) refers to system_stm32l0xx.o(.data) for SystemCoreClock
    intern_project.o(i.main) refers to intern_project.o(.data) for Compass_Heading
    adc.o(i.Voltage_Conversion) refers to fflti.o(.text) for __aeabi_i2f
    adc.o(i.Voltage_Conversion) refers to fmul.o(x$fpl$fmul) for __aeabi_fmul
    gpio.o(i.Button_Initialize) refers to gpio.o(i.Initialize_Port_C) for Initialize_Port_C
    gpio.o(i.LED_Init) refers to gpio.o(i.Initialize_Port_A) for Initialize_Port_A
    hts221.o(i.HTS221_Configuration) refers to _printf_percent.o(.ARM.Collect$$_printf_percent$$00000000) for _printf_percent
    hts221.o(i.HTS221_Configuration) refers to _printf_x.o(.ARM.Collect$$_printf_percent$$0000000C) for _printf_x
    hts221.o(i.HTS221_Configuration) refers to _printf_hex_int.o(.text) for _printf_longlong_hex
    hts221.o(i.HTS221_Configuration) refers to noretval__2printf.o(.text) for __2printf
    hts221.o(i.HTS221_Configuration) refers to i2c.o(i.I2C_Read_Reg) for I2C_Read_Reg
    hts221.o(i.HTS221_Humidity_Read) refers to i2c.o(i.I2C_Write_Reg) for I2C_Write_Reg
    hts221.o(i.HTS221_Humidity_Read) refers to i2c.o(i.I2C_Read_Reg) for I2C_Read_Reg
    hts221.o(i.HTS221_Humidity_Read) refers to fflti.o(.text) for __aeabi_ui2f
    hts221.o(i.HTS221_Humidity_Read) refers to f2d.o(.text) for __aeabi_f2d
    hts221.o(i.HTS221_Humidity_Read) refers to ddiv.o(.text) for __aeabi_ddiv
    hts221.o(i.HTS221_Humidity_Read) refers to d2f.o(.text) for __aeabi_d2f
    hts221.o(i.HTS221_Humidity_Read) refers to faddsub.o(x$fpl$fsub) for __aeabi_fsub
    hts221.o(i.HTS221_Humidity_Read) refers to fmul.o(x$fpl$fmul) for __aeabi_fmul
    hts221.o(i.HTS221_Humidity_Read) refers to fdiv.o(.text) for __aeabi_fdiv
    hts221.o(i.HTS221_Humidity_Read) refers to faddsub.o(x$fpl$fadd) for __aeabi_fadd
    hts221.o(i.HTS221_Humidity_Read) refers to hts221.o(.data) for STATUS_REG
    hts221.o(i.HTS221_Init) refers to i2c.o(i.I2C_Read_Reg) for I2C_Read_Reg
    hts221.o(i.HTS221_Init) refers to i2c.o(i.I2C_Write_Reg) for I2C_Write_Reg
    hts221.o(i.HTS221_Init) refers to hts221.o(.data) for AV_CONF_Init
    hts221.o(i.HTS221_Temp_Read) refers to i2c.o(i.I2C_Write_Reg) for I2C_Write_Reg
    hts221.o(i.HTS221_Temp_Read) refers to i2c.o(i.I2C_Read_Reg) for I2C_Read_Reg
    hts221.o(i.HTS221_Temp_Read) refers to fflti.o(.text) for __aeabi_i2f
    hts221.o(i.HTS221_Temp_Read) refers to f2d.o(.text) for __aeabi_f2d
    hts221.o(i.HTS221_Temp_Read) refers to ddiv.o(.text) for __aeabi_ddiv
    hts221.o(i.HTS221_Temp_Read) refers to d2f.o(.text) for __aeabi_d2f
    hts221.o(i.HTS221_Temp_Read) refers to faddsub.o(x$fpl$fsub) for __aeabi_fsub
    hts221.o(i.HTS221_Temp_Read) refers to fmul.o(x$fpl$fmul) for __aeabi_fmul
    hts221.o(i.HTS221_Temp_Read) refers to fdiv.o(.text) for __aeabi_fdiv
    hts221.o(i.HTS221_Temp_Read) refers to faddsub.o(x$fpl$fadd) for __aeabi_fadd
    hts221.o(i.HTS221_Temp_Read) refers to dmul.o(.text) for __aeabi_dmul
    hts221.o(i.HTS221_Temp_Read) refers to daddsub.o(.text) for __aeabi_dadd
[...]
    libinit2.o(.ARM.Collect$$libinit$$0000000F) refers (Weak) to rt_locale_intlibspace.o(.text) for __rt_locale
    libinit2.o(.ARM.Collect$$libinit$$00000010) refers to libinit2.o(.ARM.Collect$$libinit$$0000000F) for .ARM.Collect$$libinit$$0000000F
    libinit2.o(.ARM.Collect$$libinit$$00000012) refers to libinit2.o(.ARM.Collect$$libinit$$0000000F) for .ARM.Collect$$libinit$$0000000F
    libinit2.o(.ARM.Collect$$libinit$$00000014) refers to libinit2.o(.ARM.Collect$$libinit$$0000000F) for .ARM.Collect$$libinit$$0000000F
    libinit2.o(.ARM.Collect$$libinit$$00000016) refers to libinit2.o(.ARM.Collect$$libinit$$0000000F) for .ARM.Collect$$libinit$$0000000F
    libinit2.o(.ARM.Collect$$libinit$$00000016) refers (Weak) to lc_numeric_c.o(locale$$code) for _get_lc_numeric
    libinit2.o(.ARM.Collect$$libinit$$00000018) refers to libinit2.o(.ARM.Collect$$libinit$$0000000F) for .ARM.Collect$$libinit$$0000000F
    libinit2.o(.ARM.Collect$$libinit$$00000026) refers to argv_veneer.o(.text) for __ARM_argv_veneer
    libinit2.o(.ARM.Collect$$libinit$$00000027) refers to argv_veneer.o(.text) for __ARM_argv_veneer
    retnan.o(.text) refers (Special) to usenofp.o(x$fpl$usenofp) for __I$use$fp
    retnan.o(.text) refers to cmpret.o(.text) for __fpl_cmpreturn
    rtexit.o(.ARM.Collect$$rtexit$$00000000) refers (Special) to rtexit2.o(.ARM.Collect$$rtexit$$00000004) for __rt_exit_exit
    rtexit.o(.ARM.Collect$$rtexit$$00000000) refers (Special) to rtexit2.o(.ARM.Collect$$rtexit$$00000003) for __rt_exit_ls
    rtexit.o(.ARM.Collect$$rtexit$$00000000) refers (Special) to rtexit2.o(.ARM.Collect$$rtexit$$00000002) for __rt_exit_prels_1
    rtexit.o(.ARM.exidx) refers (Special) to rtexit2.o(.ARM.Collect$$rtexit$$00000004) for __rt_exit_exit
    rtexit.o(.ARM.exidx) refers (Special) to rtexit2.o(.ARM.Collect$$rtexit$$00000003) for __rt_exit_ls
    rtexit.o(.ARM.exidx) refers (Special) to rtexit2.o(.ARM.Collect$$rtexit$$00000002) for __rt_exit_prels_1
    rtexit.o(.ARM.exidx) refers to rtexit.o(.ARM.Collect$$rtexit$$00000000) for .ARM.Collect$$rtexit$$00000000
    rt_raise.o(.text) refers to __raise.o(.text) for __raise
    rt_raise.o(.text) refers to retarget.o(i._sys_exit) for _sys_exit
    defsig_exit.o(.text) refers to retarget.o(i._sys_exit) for _sys_exit
    defsig_fpe_inner.o(.text) refers to defsig_general.o(.text) for __default_signal_display
    rtexit2.o(.ARM.Collect$$rtexit$$00000003) refers to libshutdown.o(.ARM.Collect$$libshutdown$$00000000) for __rt_lib_shutdown
    rtexit2.o(.ARM.Collect$$rtexit$$00000004) refers to retarget.o(i._sys_exit) for _sys_exit
    rtexit2.o(.ARM.exidx) refers to rtexit2.o(.ARM.Collect$$rtexit$$00000001) for .ARM.Collect$$rtexit$$00000001
    rtexit2.o(.ARM.exidx) refers to rtexit2.o(.ARM.Collect$$rtexit$$00000003) for .ARM.Collect$$rtexit$$00000003
    rtexit2.o(.ARM.exidx) refers to rtexit2.o(.ARM.Collect$$rtexit$$00000004) for .ARM.Collect$$rtexit$$00000004
    __raise.o(.text) refers to defsig.o(CL$$defsig) for __default_signal_handler
    defsig_general.o(.text) refers to retarget.o(i._ttywrch) for _ttywrch
    _get_argv_nomalloc.o(.text) refers (Special) to hrguard.o(.text) for __heap_region$guard
    _get_argv_nomalloc.o(.text) refers to defsig_rtmem_outer.o(.text) for __rt_SIGRTMEM
    _get_argv_nomalloc.o(.text) refers to sys_command.o(.text) for _sys_command_string
    sys_command.o(.text) refers (Special) to use_no_semi.o(.text) for __I$use$semihosting
    sys_command.o(.text) refers (Special) to indicate_semi.o(.text) for __semihosting_library_function
    defsig_rtmem_outer.o(.text) refers to defsig_rtmem_inner.o(.text) for __rt_SIGRTMEM_inner
    defsig_rtmem_outer.o(.text) refers to defsig_exit.o(.text) for __sig_exit
    defsig_rtmem_formal.o(.text) refers to rt_raise.o(.text) for __rt_raise
    defsig.o(CL$$defsig) refers to defsig_fpe_inner.o(.text) for __rt_SIGFPE_inner
    defsig.o(CL$$defsig) refers to defsig_rtmem_inner.o(.text) for __rt_SIGRTMEM_inner
    libshutdown.o(.ARM.Collect$$libshutdown$$00000000) refers (Special) to libshutdown2.o(.ARM.Collect$$libshutdown$$00000006) for __rt_lib_shutdown_fp_trap_1
    libshutdown.o(.ARM.Collect$$libshutdown$$00000000) refers (Special) to libshutdown2.o(.ARM.Collect$$libshutdown$$0000000E) for __rt_lib_shutdown_heap_1
    libshutdown.o(.ARM.Collect$$libshutdown$$00000000) refers (Special) to libshutdown2.o(.ARM.Collect$$libshutdown$$0000000F) for __rt_lib_shutdown_return
    libshutdown.o(.ARM.Collect$$libshutdown$$00000000) refers (Special) to libshutdown2.o(.ARM.Collect$$libshutdown$$00000009) for __rt_lib_shutdown_signal_1
    libshutdown.o(.ARM.Collect$$libshutdown$$00000000) refers (Special) to libshutdown2.o(.ARM.Collect$$libshutdown$$00000003) for __rt_lib_shutdown_stdio_1
    libshutdown.o(.ARM.Collect$$libshutdown$$00000000) refers (Special) to libshutdown2.o(.ARM.Collect$$libshutdown$$0000000B) for __rt_lib_shutdown_user_alloc_1
    defsig_abrt_inner.o(.text) refers to defsig_general.o(.text) for __default_signal_display
    defsig_rtred_inner.o(.text) refers to defsig_general.o(.text) for __default_signal_display
    defsig_rtmem_inner.o(.text) refers to defsig_general.o(.text) for __default_signal_display
    defsig_stak_inner.o(.text) refers to defsig_general.o(.text) for __default_signal_display
    defsig_pvfn_inner.o(.text) refers to defsig_general.o(.text) for __default_signal_display
    defsig_cppl_inner.o(.text) refers to defsig_general.o(.text) for __default_signal_display
    defsig_segv_inner.o(.text) refers to defsig_general.o(.text) for __default_signal_display
    defsig_other.o(.text) refers to defsig_general.o(.text) for __default_signal_display


==============================================================================

Removing Unused input sections from the image.

    Removing intern_project.o(.rev16_text), (4 bytes).
    Removing intern_project.o(.revsh_text), (4 bytes).
    Removing adc.o(.rev16_text), (4 bytes).
    Removing adc.o(.revsh_text), (4 bytes).
    Removing adc.o(i.ADC_Pin), (72 bytes).
    Removing adc.o(i.Unitialize_ADC), (72 bytes).
    Removing adc.o(i.Voltage_Conversion), (32 bytes).
    Removing gpio.o(.rev16_text), (4 bytes).
    Removing gpio.o(.revsh_text), (4 bytes).
    Removing gpio.o(i.Button_Get_State), (28 bytes).
    Removing gpio.o(i.LED_Off), (20 bytes).
    Removing gpio.o(i.LED_On), (20 bytes).
    Removing gpio.o(i.Unitialize_Port_A), (32 bytes).
    Removing gpio.o(i.Unitialize_Port_C), (24 bytes).
    Removing hts221.o(.rev16_text), (4 bytes).
    Removing hts221.o(.revsh_text), (4 bytes).
    Removing hts221.o(i.HTS221_Humidity_Read), (452 bytes).
    Removing hts221.o(i.HTS221_Temp_Read), (568 bytes).
    Removing i2c.o(.rev16_text), (4 bytes).
    Removing i2c.o(.revsh_text), (4 bytes).
    Removing i2c.o(i.Reset_I2C), (44 bytes).
    Removing retarget.o(i._ttywrch), (12 bytes).
    Removing retarget.o(i.fgetc), (10 bytes).
    Removing serial.o(.rev16_text), (4 bytes).
    Removing serial.o(.revsh_text), (4 bytes).
    Removing serial.o(i.SER_GetChar), (32 bytes).
    Removing timing.o(.rev16_text), (4 bytes).
    Removing timing.o(.revsh_text), (4 bytes).
    Removing lps25hb.o(.rev16_text), (4 bytes).
    Removing lps25hb.o(.revsh_text), (4 bytes).
    Removing lps25hb.o(i.LPS25HB_Pressure_Read), (180 bytes).
    Removing lps25hb.o(.data), (9 bytes).
    Removing lis3mdl.o(.rev16_text), (4 bytes).
    Removing lis3mdl.o(.revsh_text), (4 bytes).
    Removing lis3mdl.o(i.LIS3MDL_Z_Read), (132 bytes).
    Removing lsm6ds0.o(.rev16_text), (4 bytes).
    Removing lsm6ds0.o(.revsh_text), (4 bytes).
    Removing lsm6ds0.o(i.LSM6DS0_Configuration), (2 bytes).
    Removing isk01a1.o(.rev16_text), (4 bytes).
    Removing isk01a1.o(.revsh_text), (4 bytes).
    Removing adc_test.o(i.ADC_Test_Code), (68 bytes).
    Removing gpio_test.o(.rev16_text), (4 bytes).
    Removing gpio_test.o(.revsh_text), (4 bytes).
    Removing gpio_test.o(i.User_Button_Led_Check), (56 bytes).
    Removing system_stm32l0xx.o(.rev16_text), (4 bytes).
    Removing system_stm32l0xx.o(.revsh_text), (4 bytes).

46 unused section(s) (total 1969 bytes) removed from the image.

==============================================================================

Image Symbol Table

    Local Symbols

    Symbol Name                              Value     Ov Type        Size  Object(Section)

    ../clib/angel/boardlib.s                 0x00000000   Number         0  boardshut.o ABSOLUTE
    ../clib/angel/boardlib.s                 0x00000000   Number         0  boardinit3.o ABSOLUTE
    ../clib/angel/boardlib.s                 0x00000000   Number         0  boardinit2.o ABSOLUTE
    ../clib/angel/boardlib.s                 0x00000000   Number         0  boardinit1.o ABSOLUTE
    ../clib/angel/handlers.s                 0x00000000   Number         0  __scatter_zi.o ABSOLUTE
    ../clib/angel/handlers.s                 0x00000000   Number         0  __scatter_copy.o ABSOLUTE
    ../clib/angel/kernel.s                   0x00000000   Number         0  __rtentry2.o ABSOLUTE
    ../clib/angel/kernel.s                   0x00000000   Number         0  rtexit2.o ABSOLUTE
    ../clib/angel/kernel.s                   0x00000000   Number         0  __rtentry4.o ABSOLUTE
    ../clib/angel/kernel.s                   0x00000000   Number         0  __rtentry.o ABSOLUTE
    ../clib/angel/kernel.s                   0x00000000   Number         0  rtexit.o ABSOLUTE
    ../clib/angel/rt.s                       0x00000000   Number         0  aeabi_idiv0_sigfpe.o ABSOLUTE
    ../clib/angel/rt.s                       0x00000000   Number         0  aeabi_idiv0.o ABSOLUTE
    ../clib/angel/rt.s                       0x00000000   Number         0  rt_div0.o ABSOLUTE
    ../clib/angel/rt.s                       0x00000000   Number         0  rt_raise.o ABSOLUTE
    ../clib/angel/rt.s                       0x00000000   Number         0  rt_locale.o ABSOLUTE
    ../clib/angel/rt.s                       0x00000000   Number         0  rt_locale_intlibspace.o ABSOLUTE
    ../clib/angel/scatterp.s                 0x00000000   Number         0  __scatter.o ABSOLUTE
    ../clib/angel/startup.s                  0x00000000   Number         0  __main.o ABSOLUTE
    ../clib/angel/sys.s                      0x00000000   Number         0  use_no_semi.o ABSOLUTE
    ../clib/angel/sys.s                      0x00000000   Number         0  tempstk.o ABSOLUTE
    ../clib/angel/sys.s                      0x00000000   Number         0  libspace.o ABSOLUTE
    ../clib/angel/sys.s                      0x00000000   Number         0  indicate_semi.o ABSOLUTE
    ../clib/angel/sys.s                      0x00000000   Number         0  sys_stackheap_outer.o ABSOLUTE
    ../clib/angel/sysapp.c                   0x00000000   Number         0  sys_command.o ABSOLUTE
    ../clib/armsys.c                         0x00000000   Number         0  _get_argv_nomalloc.o ABSOLUTE
    ../clib/armsys.c                         0x00000000   Number         0  argv_veneer.o ABSOLUTE
    ../clib/armsys.c                         0x00000000   Number         0  no_argv.o ABSOLUTE
    ../clib/bigflt.c                         0x00000000   Number         0  bigflt0.o ABSOLUTE
    ../clib/btod.c                           0x00000000   Number         0  btod.o ABSOLUTE
    ../clib/division.c                       0x00000000   Number         0  lludiv10.o ABSOLUTE
    ../clib/division.c                       0x00000000   Number         0  rtudiv10.o ABSOLUTE
    ../clib/division.s                       0x00000000   Number         0  aeabi_sdiv_div0.o ABSOLUTE
    ../clib/division.s                       0x00000000   Number         0  aeabi_sdiv.o ABSOLUTE
    ../clib/heapalloc.c                      0x00000000   Number         0  hrguard.o ABSOLUTE
    ../clib/heapaux.c                        0x00000000   Number         0  heapauxi.o ABSOLUTE
    ../clib/libinit.s                        0x00000000   Number         0  libinit.o ABSOLUTE
    ../clib/libinit.s                        0x00000000   Number         0  libinit2.o ABSOLUTE
    ../clib/libinit.s                        0x00000000   Number         0  libshutdown.o ABSOLUTE
    ../clib/libinit.s                        0x00000000   Number         0  libshutdown2.o ABSOLUTE
    ../clib/locale.s                         0x00000000   Number         0  lc_numeric_c.o ABSOLUTE
    ../clib/printf.c                         0x00000000   Number         0  __printf_ss.o ABSOLUTE
    ../clib/printf.c                         0x00000000   Number         0  __printf_flags_ss.o ABSOLUTE
    ../clib/printf.c                         0x00000000   Number         0  __printf_flags_wp.o ABSOLUTE
    ../clib/printf.c                         0x00000000   Number         0  __printf_ss_wp.o ABSOLUTE
    ../clib/printf.c                         0x00000000   Number         0  __printf_flags_ss_wp.o ABSOLUTE
    ../clib/printf.c                         0x00000000   Number         0  _printf_fp_dec.o ABSOLUTE
    ../clib/printf.c                         0x00000000   Number         0  _printf_char.o ABSOLUTE
    ../clib/printf.c                         0x00000000   Number         0  __printf_nopercent.o ABSOLUTE
    ../clib/printf.c                         0x00000000   Number         0  _printf_hex_ll_ptr.o ABSOLUTE
    ../clib/printf.c                         0x00000000   Number         0  _printf_char_file.o ABSOLUTE
    ../clib/printf.c                         0x00000000   Number         0  _printf_fp_infnan.o ABSOLUTE
    ../clib/printf.c                         0x00000000   Number         0  _printf_intcommon.o ABSOLUTE
    ../clib/printf.c                         0x00000000   Number         0  __printf_flags.o ABSOLUTE
    ../clib/printf.c                         0x00000000   Number         0  _printf_hex_int_ll.o ABSOLUTE
    ../clib/printf.c                         0x00000000   Number         0  _printf_hex_ptr.o ABSOLUTE
    ../clib/printf.c                         0x00000000   Number         0  _printf_hex_int_ptr.o ABSOLUTE
    ../clib/printf.c                         0x00000000   Number         0  _printf_hex_int_ll_ptr.o ABSOLUTE
    ../clib/printf.c                         0x00000000   Number         0  __printf.o ABSOLUTE
    ../clib/printf.c                         0x00000000   Number         0  _printf_char_common.o ABSOLUTE
    ../clib/printf.c                         0x00000000   Number         0  __2printf.o ABSOLUTE
    ../clib/printf.c                         0x00000000   Number         0  __printf_wp.o ABSOLUTE
    ../clib/printf.c                         0x00000000   Number         0  _printf_str.o ABSOLUTE
    ../clib/printf.c                         0x00000000   Number         0  _printf_hex_ll.o ABSOLUTE
    ../clib/printf.c                         0x00000000   Number         0  _printf_hex_int.o ABSOLUTE
    ../clib/printf.c                         0x00000000   Number         0  noretval__2printf.o ABSOLUTE
    ../clib/printf_percent.s                 0x00000000   Number         0  _printf_percent_end.o ABSOLUTE
    ../clib/printf_percent.s                 0x00000000   Number         0  _printf_percent.o ABSOLUTE
    ../clib/printf_percent.s                 0x00000000   Number         0  _printf_f.o ABSOLUTE
    ../clib/printf_percent.s                 0x00000000   Number         0  _printf_x.o ABSOLUTE
    ../clib/printf_percent.s                 0x00000000   Number         0  _printf_c.o ABSOLUTE
    ../clib/signal.c                         0x00000000   Number         0  defsig_segv_inner.o ABSOLUTE
    ../clib/signal.c                         0x00000000   Number         0  __raise.o ABSOLUTE
    ../clib/signal.c                         0x00000000   Number         0  defsig_pvfn_inner.o ABSOLUTE
    ../clib/signal.c                         0x00000000   Number         0  defsig_stak_inner.o ABSOLUTE
    ../clib/signal.c                         0x00000000   Number         0  defsig_rtmem_formal.o ABSOLUTE
    ../clib/signal.c                         0x00000000   Number         0  defsig_general.o ABSOLUTE
    ../clib/signal.c                         0x00000000   Number         0  defsig_fpe_formal.o ABSOLUTE
    ../clib/signal.c                         0x00000000   Number         0  defsig_rtred_inner.o ABSOLUTE
    ../clib/signal.c                         0x00000000   Number         0  defsig_cppl_inner.o ABSOLUTE
    ../clib/signal.c                         0x00000000   Number         0  defsig_abrt_inner.o ABSOLUTE
    ../clib/signal.c                         0x00000000   Number         0  defsig_fpe_outer.o ABSOLUTE
    ../clib/signal.c                         0x00000000   Number         0  defsig_rtmem_outer.o ABSOLUTE
    ../clib/signal.c                         0x00000000   Number         0  defsig_exit.o ABSOLUTE
    ../clib/signal.c                         0x00000000   Number         0  defsig_fpe_inner.o ABSOLUTE
    ../clib/signal.c                         0x00000000   Number         0  defsig_other.o ABSOLUTE
    ../clib/signal.c                         0x00000000   Number         0  defsig_rtmem_inner.o ABSOLUTE
    ../clib/signal.s                         0x00000000   Number         0  defsig.o ABSOLUTE
    ../clib/stdlib.c                         0x00000000   Number         0  exit.o ABSOLUTE
    ../clib/string.c                         0x00000000   Number         0  strcmp.o ABSOLUTE
    ../fplib/cfplib/cmpret.c                 0x00000000   Number         0  cmpret.o ABSOLUTE
    ../fplib/cfplib/d2f.c                    0x00000000   Number         0  d2f.o ABSOLUTE
    ../fplib/cfplib/daddsub.c                0x00000000   Number         0  daddsub.o ABSOLUTE
    ../fplib/cfplib/ddiv.c                   0x00000000   Number         0  ddiv.o ABSOLUTE
    ../fplib/cfplib/dmul.c                   0x00000000   Number         0  dmul.o ABSOLUTE
    ../fplib/cfplib/f2d.c                    0x00000000   Number         0  f2d.o ABSOLUTE
    ../fplib/cfplib/fcmpin.c                 0x00000000   Number         0  fcmpin.o ABSOLUTE
    ../fplib/cfplib/fdiv.c                   0x00000000   Number         0  fdiv.o ABSOLUTE
    ../fplib/cfplib/fflt.c                   0x00000000   Number         0  fflti.o ABSOLUTE
    ../fplib/cfplib/fpinit.c                 0x00000000   Number         0  fpinit.o ABSOLUTE
    ../fplib/cfplib/ieee_status.c            0x00000000   Number         0  ieee_status.o ABSOLUTE
    ../fplib/cfplib/nan2.c                   0x00000000   Number         0  fnan2.o ABSOLUTE
    ../fplib/cfplib/retnan.c                 0x00000000   Number         0  retnan.o ABSOLUTE
    ../fplib/cfplib/scalbn.c                 0x00000000   Number         0  dscalbn.o ABSOLUTE
    ../fplib/faddsub6m.s                     0x00000000   Number         0  faddsub.o ABSOLUTE
    ../fplib/fleqf6m.s                       0x00000000   Number         0  flef.o ABSOLUTE
    ../fplib/fmul6m.s                        0x00000000   Number         0  fmul.o ABSOLUTE
    ../fplib/frleqf6m.s                      0x00000000   Number         0  frlef.o ABSOLUTE
    ../fplib/printf1.s                       0x00000000   Number         0  printf1.o ABSOLUTE
    ../fplib/usenofp.s                       0x00000000   Number         0  usenofp.o ABSOLUTE
    ../mathlib/atan.c                        0x00000000   Number         0  atan.o ABSOLUTE
    ../mathlib/atan.c                        0x00000000   Number         0  atan_x.o ABSOLUTE
    ../mathlib/dunder.c                      0x00000000   Number         0  dunder.o ABSOLUTE
    ../mathlib/fpclassify.c                  0x00000000   Number         0  fpclassify.o ABSOLUTE
    ../mathlib/poly.c                        0x00000000   Number         0  poly.o ABSOLUTE
    ADC.c                                    0x00000000   Number         0  adc.o ABSOLUTE
    ADC.c                                    0x00000000   Number         0  adc.o ABSOLUTE
    ADC_Test.c                               0x00000000   Number         0  adc_test.o ABSOLUTE
    GPIO.c                                   0x00000000   Number         0  gpio.o ABSOLUTE
    GPIO.c                                   0x00000000   Number         0  gpio.o ABSOLUTE
    Gpio_Test.c                              0x00000000   Number         0  gpio_test.o ABSOLUTE
    Gpio_Test.c                              0x00000000   Number         0  gpio_test.o ABSOLUTE
    HTS221.c                                 0x00000000   Number         0  hts221.o ABSOLUTE
    HTS221.c                                 0x00000000   Number         0  hts221.o ABSOLUTE
    I2C.c                                    0x00000000   Number         0  i2c.o ABSOLUTE
    I2C.c                                    0x00000000   Number         0  i2c.o ABSOLUTE
    ISK01A1.c                                0x00000000   Number         0  isk01a1.o ABSOLUTE
    ISK01A1.c                                0x00000000   Number         0  isk01a1.o ABSOLUTE
    Intern_Project.c                         0x00000000   Number         0  intern_project.o ABSOLUTE
    Intern_Project.c                         0x00000000   Number         0  intern_project.o ABSOLUTE
    LIS3MDL.c                                0x00000000   Number         0  lis3mdl.o ABSOLUTE
    LIS3MDL.c                                0x00000000   Number         0  lis3mdl.o ABSOLUTE
    LPS25HB.c                                0x00000000   Number         0  lps25hb.o ABSOLUTE
    LPS25HB.c                                0x00000000   Number         0  lps25hb.o ABSOLUTE
    LSM6DS0.c                                0x00000000   Number         0  lsm6ds0.o ABSOLUTE
    LSM6DS0.c                                0x00000000   Number         0  lsm6ds0.o ABSOLUTE
    RTE\Device\STM32L053R8\startup_stm32l053xx.s 0x00000000   Number         0  startup_stm32l053xx.o ABSOLUTE
    RTE\Device\STM32L053R8\system_stm32l0xx.c 0x00000000   Number         0  system_stm32l0xx.o ABSOLUTE
    RTE\\Device\\STM32L053R8\\system_stm32l0xx.c 0x00000000   Number         0  system_stm32l0xx.o ABSOLUTE
    Retarget.c                               0x00000000   Number         0  retarget.o ABSOLUTE
    Serial.c                                 0x00000000   Number         0  serial.o ABSOLUTE
    Serial.c                                 0x00000000   Number         0  serial.o ABSOLUTE
    Timing.c                                 0x00000000   Number         0  timing.o ABSOLUTE
    Timing.c                                 0x00000000   Number         0  timing.o ABSOLUTE
    dc.s                                     0x00000000   Number         0  dc.o ABSOLUTE
    RESET                                    0x08000000   Section      192  startup_stm32l053xx.o(RESET)
    !!!main                                  0x080000c0   Section        8  __main.o(!!!main)
    !!!scatter                               0x080000c8   Section       60  __scatter.o(!!!scatter)
    !!handler_copy                           0x08000104   Section       26  __scatter_copy.o(!!handler_copy)
    !!handler_zi                             0x08000120   Section       28  __scatter_zi.o(!!handler_zi)
    .ARM.Collect$$_printf_percent$$00000000  0x0800013c   Section        2  _printf_percent.o(.ARM.Collect$$_printf_percent$$00000000)
    .ARM.Collect$$_printf_percent$$00000003  0x0800013e   Section       10  _printf_f.o(.ARM.Collect$$_printf_percent$$00000003)
    .ARM.Collect$$_printf_percent$$0000000C  0x08000148   Section       10  _printf_x.o(.ARM.Collect$$_printf_percent$$0000000C)
    .ARM.Collect$$_printf_percent$$00000013  0x08000152   Section       10  _printf_c.o(.ARM.Collect$$_printf_percent$$00000013)
    .ARM.Collect$$_printf_percent$$00000017  0x0800015c   Section        4  _printf_percent_end.o(.ARM.Collect$$_printf_percent$$00000017)
    .ARM.Collect$$libinit$$00000000          0x08000160   Section        2  libinit.o(.ARM.Collect$$libinit$$00000000)
    .ARM.Collect$$libinit$$00000002          0x08000162   Section        0  libinit2.o(.ARM.Collect$$libinit$$00000002)
    .ARM.Collect$$libinit$$00000004          0x08000162   Section        0  libinit2.o(.ARM.Collect$$libinit$$00000004)
    .ARM.Collect$$libinit$$0000000A          0x08000162   Section        0  libinit2.o(.ARM.Collect$$libinit$$0000000A)
    .ARM.Collect$$libinit$$0000000C          0x08000162   Section        0  libinit2.o(.ARM.Collect$$libinit$$0000000C)
    .ARM.Collect$$libinit$$0000000E          0x08000162   Section        0  libinit2.o(.ARM.Collect$$libinit$$0000000E)
    .ARM.Collect$$libinit$$0000000F          0x08000162   Section        6  libinit2.o(.ARM.Collect$$libinit$$0000000F)
    .ARM.Collect$$libinit$$00000011          0x08000168   Section        0  libinit2.o(.ARM.Collect$$libinit$$00000011)
    .ARM.Collect$$libinit$$00000013          0x08000168   Section        0  libinit2.o(.ARM.Collect$$libinit$$00000013)
    .ARM.Collect$$libinit$$00000015          0x08000168   Section        0  libinit2.o(.ARM.Collect$$libinit$$00000015)
    .ARM.Collect$$libinit$$00000016          0x08000168   Section       10  libinit2.o(.ARM.Collect$$libinit$$00000016)
    .ARM.Collect$$libinit$$00000017          0x08000172   Section        0  libinit2.o(.ARM.Collect$$libinit$$00000017)
    .ARM.Collect$$libinit$$00000019          0x08000172   Section        0  libinit2.o(.ARM.Collect$$libinit$$00000019)
    .ARM.Collect$$libinit$$0000001B          0x08000172   Section        0  libinit2.o(.ARM.Collect$$libinit$$0000001B)
    .ARM.Collect$$libinit$$0000001D          0x08000172   Section        0  libinit2.o(.ARM.Collect$$libinit$$0000001D)
    .ARM.Collect$$libinit$$0000001F          0x08000172   Section        0  libinit2.o(.ARM.Collect$$libinit$$0000001F)
    .ARM.Collect$$libinit$$00000021          0x08000172   Section        0  libinit2.o(.ARM.Collect$$libinit$$00000021)
    .ARM.Collect$$libinit$$00000023          0x08000172   Section        0  libinit2.o(.ARM.Collect$$libinit$$00000023)
    .ARM.Collect$$libinit$$00000025          0x08000172   Section        0  libinit2.o(.ARM.Collect$$libinit$$00000025)
    .ARM.Collect$$libinit$$0000002C          0x08000172   Section        0  libinit2.o(.ARM.Collect$$libinit$$0000002C)
    .ARM.Collect$$libinit$$0000002E          0x08000172   Section        0  libinit2.o(.ARM.Collect$$libinit$$0000002E)
    .ARM.Collect$$libinit$$00000030          0x08000172   Section        0  libinit2.o(.ARM.Collect$$libinit$$00000030)
    .ARM.Collect$$libinit$$00000032          0x08000172   Section        0  libinit2.o(.ARM.Collect$$libinit$$00000032)
    .ARM.Collect$$libinit$$00000033          0x08000172   Section        2  libinit2.o(.ARM.Collect$$libinit$$00000033)
    .ARM.Collect$$libshutdown$$00000000      0x08000174   Section        2  libshutdown.o(.ARM.Collect$$libshutdown$$00000000)
    .ARM.Collect$$libshutdown$$00000003      0x08000176   Section        0  libshutdown2.o(.ARM.Collect$$libshutdown$$00000003)
    .ARM.Collect$$libshutdown$$00000006      0x08000176   Section        0  libshutdown2.o(.ARM.Collect$$libshutdown$$00000006)
    .ARM.Collect$$libshutdown$$00000009      0x08000176   Section        0  libshutdown2.o(.ARM.Collect$$libshutdown$$00000009)
    .ARM.Collect$$libshutdown$$0000000B      0x08000176   Section        0  libshutdown2.o(.ARM.Collect$$libshutdown$$0000000B)
    .ARM.Collect$$libshutdown$$0000000E      0x08000176   Section        0  libshutdown2.o(.ARM.Collect$$libshutdown$$0000000E)
    .ARM.Collect$$libshutdown$$0000000F      0x08000176   Section        2  libshutdown2.o(.ARM.Collect$$libshutdown$$0000000F)
    .ARM.Collect$$rtentry$$00000000          0x08000178   Section        0  __rtentry.o(.ARM.Collect$$rtentry$$00000000)
    .ARM.Collect$$rtentry$$00000002          0x08000178   Section        0  __rtentry2.o(.ARM.Collect$$rtentry$$00000002)
    .ARM.Collect$$rtentry$$00000004          0x08000178   Section        6  __rtentry4.o(.ARM.Collect$$rtentry$$00000004)
    .ARM.Collect$$rtentry$$00000009          0x0800017e   Section        0  __rtentry2.o(.ARM.Collect$$rtentry$$00000009)
    .ARM.Collect$$rtentry$$0000000A          0x0800017e   Section        4  __rtentry2.o(.ARM.Collect$$rtentry$$0000000A)
    .ARM.Collect$$rtentry$$0000000C          0x08000182   Section        0  __rtentry2.o(.ARM.Collect$$rtentry$$0000000C)
    .ARM.Collect$$rtentry$$0000000D          0x08000182   Section        8  __rtentry2.o(.ARM.Collect$$rtentry$$0000000D)
    .ARM.Collect$$rtexit$$00000000           0x0800018a   Section        2  rtexit.o(.ARM.Collect$$rtexit$$00000000)
    .ARM.Collect$$rtexit$$00000002           0x0800018c   Section        0  rtexit2.o(.ARM.Collect$$rtexit$$00000002)
    .ARM.Collect$$rtexit$$00000003           0x0800018c   Section        4  rtexit2.o(.ARM.Collect$$rtexit$$00000003)
    .ARM.Collect$$rtexit$$00000004           0x08000190   Section        6  rtexit2.o(.ARM.Collect$$rtexit$$00000004)
    .text                                    0x08000198   Section       60  startup_stm32l053xx.o(.text)
    .text                                    0x080001d4   Section        2  use_no_semi.o(.text)
    .text                                    0x080001d8   Section        0  noretval__2printf.o(.text)
    .text                                    0x080001f4   Section        0  __printf.o(.text)
    .text                                    0x08000260   Section        0  _printf_str.o(.text)
    .text                                    0x080002b4   Section        0  _printf_hex_int.o(.text)
    .text                                    0x0800030c   Section      346  aeabi_sdiv.o(.text)
    .text                                    0x08000466   Section        0  heapauxi.o(.text)
    .text                                    0x0800046c   Section        0  d2f.o(.text)
    .text                                    0x080004e8   Section        0  daddsub.o(.text)
    _dadd1                                   0x080004e9   Thumb Code   290  daddsub.o(.text)
    _dsub1                                   0x0800060b   Thumb Code   470  daddsub.o(.text)
    .text                                    0x08000840   Section        0  ddiv.o(.text)
    .text                                    0x08000c88   Section        0  dmul.o(.text)
    .text                                    0x08000ed0   Section        0  f2d.o(.text)
    .text                                    0x08000f24   Section        0  fdiv.o(.text)
    .text                                    0x08001084   Section        0  fflti.o(.text)
    .text                                    0x080010e2   Section        0  _printf_intcommon.o(.text)
    .text                                    0x08001194   Section        0  _printf_fp_dec.o(.text)
    _fp_digits                               0x08001197   Thumb Code   408  _printf_fp_dec.o(.text)
    .text                                    0x080015a8   Section        0  _printf_char.o(.text)
    .text                                    0x080015d8   Section        0  _printf_char_file.o(.text)
    .text                                    0x08001600   Section        0  dscalbn.o(.text)
    .text                                    0x08001660   Section        0  fcmpin.o(.text)
    .text                                    0x080016c4   Section        8  rt_locale_intlibspace.o(.text)
    .text                                    0x080016cc   Section        0  lludiv10.o(.text)
    .text                                    0x08001748   Section        0  _printf_char_common.o(.text)
    _printf_input_char                       0x08001749   Thumb Code    10  _printf_char_common.o(.text)
    .text                                    0x08001778   Section        0  _printf_fp_infnan.o(.text)
    .text                                    0x08001800   Section        0  bigflt0.o(.text)
    .text                                    0x080018c8   Section        0  btod.o(.text)
    btod_internal_mul                        0x08001909   Thumb Code   456  btod.o(.text)
    btod_internal_div                        0x08001ad1   Thumb Code   494  btod.o(.text)
    .text                                    0x08001d70   Section        0  rtudiv10.o(.text)
    .text                                    0x08001d98   Section        0  cmpret.o(.text)
    .text                                    0x08001dc8   Section        0  fnan2.o(.text)
    .text                                    0x08001dd8   Section        8  libspace.o(.text)
    .text                                    0x08001de0   Section       62  sys_stackheap_outer.o(.text)
    .text                                    0x08001e1e   Section        0  exit.o(.text)
    .text                                    0x08001e2c   Section        0  strcmp.o(.text)
    .text                                    0x08001eb4   Section        0  retnan.o(.text)
    i.ADC_Init                               0x08001f14   Section        0  adc.o(i.ADC_Init)
    i.Button_Initialize                      0x08001f88   Section        0  gpio.o(i.Button_Initialize)
    i.Delay                                  0x08001f9c   Section        0  timing.o(i.Delay)
    i.HTS221_Configuration                   0x08001fb4   Section        0  hts221.o(i.HTS221_Configuration)
    i.HTS221_Init                            0x08002094   Section        0  hts221.o(i.HTS221_Init)
    i.I2C_Init                               0x080020d4   Section        0  i2c.o(i.I2C_Init)
    i.I2C_Read_Reg                           0x08002144   Section        0  i2c.o(i.I2C_Read_Reg)
    i.I2C_Write_Reg                          0x08002204   Section        0  i2c.o(i.I2C_Write_Reg)
    i.ISK01A1_Configuration                  0x080022a4   Section        0  isk01a1.o(i.ISK01A1_Configuration)
    i.ISK01A1_Init                           0x080022b4   Section        0  isk01a1.o(i.ISK01A1_Init)
    i.Initialize_Port_A                      0x080024b0   Section        0  gpio.o(i.Initialize_Port_A)
    i.Initialize_Port_C                      0x08002520   Section        0  gpio.o(i.Initialize_Port_C)
    i.LED_Init                               0x08002578   Section        0  gpio.o(i.LED_Init)
    i.LIS3MDL_Compass_Heading                0x0800258c   Section        0  lis3mdl.o(i.LIS3MDL_Compass_Heading)
    i.LIS3MDL_Configuration                  0x080026f4   Section        0  lis3mdl.o(i.LIS3MDL_Configuration)
    i.LIS3MDL_Init                           0x08002848   Section        0  lis3mdl.o(i.LIS3MDL_Init)
    i.LIS3MDL_X_Read                         0x08002898   Section        0  lis3mdl.o(i.LIS3MDL_X_Read)
    i.LIS3MDL_Y_Read                         0x0800291c   Section        0  lis3mdl.o(i.LIS3MDL_Y_Read)
    i.LPS25HB_Configuration                  0x080029a0   Section        0  lps25hb.o(i.LPS25HB_Configuration)
    i.LPS25HB_Init                           0x08002a84   Section        0  lps25hb.o(i.LPS25HB_Init)
    i.LSM6DS0_Init                           0x08002ac0   Section        0  lsm6ds0.o(i.LSM6DS0_Init)
    i.NVIC_SetPriority                       0x08002af0   Section        0  intern_project.o(i.NVIC_SetPriority)
    NVIC_SetPriority                         0x08002af1   Thumb Code   110  intern_project.o(i.NVIC_SetPriority)
    i.SER_Initialize                         0x08002b68   Section        0  serial.o(i.SER_Initialize)
    i.SER_PutChar                            0x08002bdc   Section        0  serial.o(i.SER_PutChar)
    i.SysTick_Handler                        0x08002bf8   Section        0  timing.o(i.SysTick_Handler)
    i.SystemCoreClockInit                    0x08002c08   Section        0  timing.o(i.SystemCoreClockInit)
    i.SystemCoreClockUpdate                  0x08002d00   Section        0  system_stm32l0xx.o(i.SystemCoreClockUpdate)
    i.SystemInit                             0x08002e00   Section        0  system_stm32l0xx.o(i.SystemInit)
    i.__ARM_common_ll_muluu                  0x08002e68   Section        0  btod.o(i.__ARM_common_ll_muluu)
    i.__ARM_fpclassify                       0x08002e98   Section        0  fpclassify.o(i.__ARM_fpclassify)
    i.__kernel_poly                          0x08002ec4   Section        0  poly.o(i.__kernel_poly)
    i.__mathlib_dbl_infnan                   0x08002f70   Section        0  dunder.o(i.__mathlib_dbl_infnan)
    i.__mathlib_dbl_underflow                0x08002f7c   Section        0  dunder.o(i.__mathlib_dbl_underflow)
    i._sys_exit                              0x08002f90   Section        0  retarget.o(i._sys_exit)
    i.atan                                   0x08002f94   Section        0  atan.o(i.atan)
    i.ferror                                 0x080031b0   Section        0  retarget.o(i.ferror)
    i.fputc                                  0x080031b8   Section        0  retarget.o(i.fputc)
    i.main                                   0x080031c8   Section        0  intern_project.o(i.main)
    locale$$code                             0x08003278   Section       44  lc_numeric_c.o(locale$$code)
    x$fpl$fleqf                              0x080032a4   Section       84  flef.o(x$fpl$fleqf)
    x$fpl$fmul                               0x080032f8   Section      176  fmul.o(x$fpl$fmul)
    x$fpl$frleqf                             0x080033a8   Section       88  frlef.o(x$fpl$frleqf)
    x$fpl$printf1                            0x08003400   Section       16  printf1.o(x$fpl$printf1)
    .constdata                               0x08003410   Section       40  _printf_hex_int.o(.constdata)
    x$fpl$usenofp                            0x08003410   Section        0  usenofp.o(x$fpl$usenofp)
    uc_hextab                                0x08003410   Data          20  _printf_hex_int.o(.constdata)
    lc_hextab                                0x08003424   Data          20  _printf_hex_int.o(.constdata)
    .constdata                               0x08003438   Section      128  ddiv.o(.constdata)
    ddiv_reciptbl                            0x08003438   Data         128  ddiv.o(.constdata)
    .constdata                               0x080034b8   Section       64  fdiv.o(.constdata)
    fdiv_tab                                 0x080034b8   Data          64  fdiv.o(.constdata)
    .constdata                               0x080034f8   Section      152  atan.o(.constdata)
    atanhi                                   0x080034f8   Data          32  atan.o(.constdata)
    atanlo                                   0x08003518   Data          32  atan.o(.constdata)
    aTodd                                    0x08003538   Data          40  atan.o(.constdata)
    aTeven                                   0x08003560   Data          48  atan.o(.constdata)
    .constdata                               0x08003590   Section      148  bigflt0.o(.constdata)
    tenpwrs_x                                0x08003590   Data          60  bigflt0.o(.constdata)
    tenpwrs_i                                0x080035cc   Data          64  bigflt0.o(.constdata)
    locale$$data                             0x08003644   Section       28  lc_numeric_c.o(locale$$data)
    __lcnum_c_name                           0x08003648   Data           2  lc_numeric_c.o(locale$$data)
    __lcnum_c_start                          0x08003650   Data           0  lc_numeric_c.o(locale$$data)
    __lcnum_c_point                          0x0800365c   Data           0  lc_numeric_c.o(locale$$data)
    __lcnum_c_thousands                      0x0800365e   Data           0  lc_numeric_c.o(locale$$data)
    __lcnum_c_grouping                       0x0800365f   Data           0  lc_numeric_c.o(locale$$data)
    __lcnum_c_end                            0x08003660   Data           0  lc_numeric_c.o(locale$$data)
    .data                                    0x20000000   Section       28  intern_project.o(.data)
    .data                                    0x2000001c   Section      100  hts221.o(.data)
    .data                                    0x20000080   Section        4  i2c.o(.data)
    .data                                    0x20000084   Section        8  retarget.o(.data)
    .data                                    0x2000008c   Section        4  timing.o(.data)
    .data                                    0x20000090   Section       20  lis3mdl.o(.data)
    .data                                    0x200000a4   Section        4  isk01a1.o(.data)
    .data                                    0x200000a8   Section       29  system_stm32l0xx.o(.data)
    .bss                                     0x200000c8   Section       96  libspace.o(.bss)
    HEAP                                     0x20000128   Section      512  startup_stm32l053xx.o(HEAP)
    Heap_Mem                                 0x20000128   Data         512  startup_stm32l053xx.o(HEAP)
    STACK                                    0x20000328   Section     1024  startup_stm32l053xx.o(STACK)
    Stack_Mem                                0x20000328   Data        1024  startup_stm32l053xx.o(STACK)
    __initial_sp                             0x20000728   Data           0  startup_stm32l053xx.o(STACK)

    Global Symbols

    Symbol Name                              Value     Ov Type        Size  Object(Section)

    BuildAttributes$$THM_ISAv3M$S$PE$A:L22$X:L11$S22$IEEE1$IW$USESV6$~STKCKD$USESV7$~SHL$OTIME$ROPI$IEEEX$EBA8$UX$STANDARDLIB$REQ8$PRES8$EABIv2 0x00000000   Number         0  anon$$obj.o ABSOLUTE
    __ARM_use_no_argv                        0x00000000   Number         0  intern_project.o ABSOLUTE
    __ARM_exceptions_init                     - Undefined Weak Reference
    __alloca_initialize                       - Undefined Weak Reference
    __arm_preinit_                            - Undefined Weak Reference
    __cpp_initialize__aeabi_                  - Undefined Weak Reference
    __cxa_finalize                            - Undefined Weak Reference
    __sigvec_lookup                           - Undefined Weak Reference
    _atexit_init                              - Undefined Weak Reference
    _call_atexit_fns                          - Undefined Weak Reference
    _clock_init                               - Undefined Weak Reference
    _fp_trap_init                             - Undefined Weak Reference
    _fp_trap_shutdown                         - Undefined Weak Reference
    _get_lc_collate                           - Undefined Weak Reference
    _get_lc_ctype                             - Undefined Weak Reference
    _get_lc_monetary                          - Undefined Weak Reference
    _get_lc_time                              - Undefined Weak Reference
    _getenv_init                              - Undefined Weak Reference
    _handle_redirection                       - Undefined Weak Reference
    _init_alloc                               - Undefined Weak Reference
    _init_user_alloc                          - Undefined Weak Reference
    _initio                                   - Undefined Weak Reference
    _printf_mbtowc                            - Undefined Weak Reference
    _printf_post_padding                      - Undefined Weak Reference
    _printf_pre_padding                       - Undefined Weak Reference
    _printf_truncate_unsigned                 - Undefined Weak Reference
    _rand_init                                - Undefined Weak Reference
    _signal_finish                            - Undefined Weak Reference
    _signal_init                              - Undefined Weak Reference
    _terminate_alloc                          - Undefined Weak Reference
    _terminate_user_alloc                     - Undefined Weak Reference
    _terminateio                              - Undefined Weak Reference
    __Vectors_Size                           0x000000c0   Number         0  startup_stm32l053xx.o ABSOLUTE
    __Vectors                                0x08000000   Data           4  startup_stm32l053xx.o(RESET)
    __Vectors_End                            0x080000c0   Data           0  startup_stm32l053xx.o(RESET)
    __main                                   0x080000c1   Thumb Code     8  __main.o(!!!main)
    __scatterload                            0x080000c9   Thumb Code     0  __scatter.o(!!!scatter)
    __scatterload_rt2                        0x080000c9   Thumb Code    52  __scatter.o(!!!scatter)
    __scatterload_rt2_thumb_only             0x080000c9   Thumb Code     0  __scatter.o(!!!scatter)
    __scatterload_null                       0x080000d9   Thumb Code     0  __scatter.o(!!!scatter)
    __scatterload_copy                       0x08000105   Thumb Code    26  __scatter_copy.o(!!handler_copy)
    __scatterload_zeroinit                   0x08000121   Thumb Code    28  __scatter_zi.o(!!handler_zi)
    _printf_percent                          0x0800013d   Thumb Code     0  _printf_percent.o(.ARM.Collect$$_printf_percent$$00000000)
    _printf_f                                0x0800013f   Thumb Code     0  _printf_f.o(.ARM.Collect$$_printf_percent$$00000003)
    _printf_x                                0x08000149   Thumb Code     0  _printf_x.o(.ARM.Collect$$_printf_percent$$0000000C)
    _printf_c                                0x08000153   Thumb Code     0  _printf_c.o(.ARM.Collect$$_printf_percent$$00000013)
    _printf_percent_end                      0x0800015d   Thumb Code     0  _printf_percent_end.o(.ARM.Collect$$_printf_percent$$00000017)
    __rt_lib_init                            0x08000161   Thumb Code     0  libinit.o(.ARM.Collect$$libinit$$00000000)
    __rt_lib_init_fp_1                       0x08000163   Thumb Code     0  libinit2.o(.ARM.Collect$$libinit$$00000002)
    __rt_lib_init_heap_1                     0x08000163   Thumb Code     0  libinit2.o(.ARM.Collect$$libinit$$0000000A)
    __rt_lib_init_lc_common                  0x08000163   Thumb Code     0  libinit2.o(.ARM.Collect$$libinit$$0000000F)
    __rt_lib_init_preinit_1                  0x08000163   Thumb Code     0  libinit2.o(.ARM.Collect$$libinit$$00000004)
    __rt_lib_init_rand_1                     0x08000163   Thumb Code     0  libinit2.o(.ARM.Collect$$libinit$$0000000E)
    __rt_lib_init_user_alloc_1               0x08000163   Thumb Code     0  libinit2.o(.ARM.Collect$$libinit$$0000000C)
    __rt_lib_init_lc_collate_1               0x08000169   Thumb Code     0  libinit2.o(.ARM.Collect$$libinit$$00000011)
    __rt_lib_init_lc_ctype_1                 0x08000169   Thumb Code     0  libinit2.o(.ARM.Collect$$libinit$$00000013)
    __rt_lib_init_lc_monetary_1              0x08000169   Thumb Code     0  libinit2.o(.ARM.Collect$$libinit$$00000015)
    __rt_lib_init_lc_numeric_2               0x08000169   Thumb Code     0  libinit2.o(.ARM.Collect$$libinit$$00000016)
    __rt_lib_init_alloca_1                   0x08000173   Thumb Code     0  libinit2.o(.ARM.Collect$$libinit$$0000002E)
    __rt_lib_init_argv_1                     0x08000173   Thumb Code     0  libinit2.o(.ARM.Collect$$libinit$$0000002C)
    __rt_lib_init_atexit_1                   0x08000173   Thumb Code     0  libinit2.o(.ARM.Collect$$libinit$$0000001B)
    __rt_lib_init_clock_1                    0x08000173   Thumb Code     0  libinit2.o(.ARM.Collect$$libinit$$00000021)
    __rt_lib_init_cpp_1                      0x08000173   Thumb Code     0  libinit2.o(.ARM.Collect$$libinit$$00000032)
    __rt_lib_init_exceptions_1               0x08000173   Thumb Code     0  libinit2.o(.ARM.Collect$$libinit$$00000030)
    __rt_lib_init_fp_trap_1                  0x08000173   Thumb Code     0  libinit2.o(.ARM.Collect$$libinit$$0000001F)
    __rt_lib_init_getenv_1                   0x08000173   Thumb Code     0  libinit2.o(.ARM.Collect$$libinit$$00000023)
    __rt_lib_init_lc_numeric_1               0x08000173   Thumb Code     0  libinit2.o(.ARM.Collect$$libinit$$00000017)
    __rt_lib_init_lc_time_1                  0x08000173   Thumb Code     0  libinit2.o(.ARM.Collect$$libinit$$00000019)
    __rt_lib_init_return                     0x08000173   Thumb Code     0  libinit2.o(.ARM.Collect$$libinit$$00000033)
    __rt_lib_init_signal_1                   0x08000173   Thumb Code     0  libinit2.o(.ARM.Collect$$libinit$$0000001D)
    __rt_lib_init_stdio_1                    0x08000173   Thumb Code     0  libinit2.o(.ARM.Collect$$libinit$$00000025)
    __rt_lib_shutdown                        0x08000175   Thumb Code     0  libshutdown.o(.ARM.Collect$$libshutdown$$00000000)
    __rt_lib_shutdown_fp_trap_1              0x08000177   Thumb Code     0  libshutdown2.o(.ARM.Collect$$libshutdown$$00000006)
    __rt_lib_shutdown_heap_1                 0x08000177   Thumb Code     0  libshutdown2.o(.ARM.Collect$$libshutdown$$0000000E)
    __rt_lib_shutdown_return                 0x08000177   Thumb Code     0  libshutdown2.o(.ARM.Collect$$libshutdown$$0000000F)
    __rt_lib_shutdown_signal_1               0x08000177   Thumb Code     0  libshutdown2.o(.ARM.Collect$$libshutdown$$00000009)
    __rt_lib_shutdown_stdio_1                0x08000177   Thumb Code     0  libshutdown2.o(.ARM.Collect$$libshutdown$$00000003)
    __rt_lib_shutdown_user_alloc_1           0x08000177   Thumb Code     0  libshutdown2.o(.ARM.Collect$$libshutdown$$0000000B)
    __rt_entry                               0x08000179   Thumb Code     0  __rtentry.o(.ARM.Collect$$rtentry$$00000000)
    __rt_entry_presh_1                       0x08000179   Thumb Code     0  __rtentry2.o(.ARM.Collect$$rtentry$$00000002)
    __rt_entry_sh                            0x08000179   Thumb Code     0  __rtentry4.o(.ARM.Collect$$rtentry$$00000004)
    __rt_entry_li                            0x0800017f   Thumb Code     0  __rtentry2.o(.ARM.Collect$$rtentry$$0000000A)
    __rt_entry_postsh_1                      0x0800017f   Thumb Code     0  __rtentry2.o(.ARM.Collect$$rtentry$$00000009)
    __rt_entry_main                          0x08000183   Thumb Code     0  __rtentry2.o(.ARM.Collect$$rtentry$$0000000D)
    __rt_entry_postli_1                      0x08000183   Thumb Code     0  __rtentry2.o(.ARM.Collect$$rtentry$$0000000C)
    __rt_exit                                0x0800018b   Thumb Code     0  rtexit.o(.ARM.Collect$$rtexit$$00000000)
    __rt_exit_ls                             0x0800018d   Thumb Code     0  rtexit2.o(.ARM.Collect$$rtexit$$00000003)
    __rt_exit_prels_1                        0x0800018d   Thumb Code     0  rtexit2.o(.ARM.Collect$$rtexit$$00000002)
    __rt_exit_exit                           0x08000191   Thumb Code     0  rtexit2.o(.ARM.Collect$$rtexit$$00000004)
    Reset_Handler                            0x08000199   Thumb Code     8  startup_stm32l053xx.o(.text)
    NMI_Handler                              0x080001a1   Thumb Code     2  startup_stm32l053xx.o(.text)
    HardFault_Handler                        0x080001a3   Thumb Code     2  startup_stm32l053xx.o(.text)
    SVC_Handler                              0x080001a5   Thumb Code     2  startup_stm32l053xx.o(.text)
    DebugMon_Handler                         0x080001a7   Thumb Code     2  startup_stm32l053xx.o(.text)
    PendSV_Handler                           0x080001a9   Thumb Code     2  startup_stm32l053xx.o(.text)
    ADC1_COMP_IRQHandler                     0x080001ad   Thumb Code     0  startup_stm32l053xx.o(.text)
    DMA1_Channel1_IRQHandler                 0x080001ad   Thumb Code     0  startup_stm32l053xx.o(.text)
    DMA1_Channel2_3_IRQHandler               0x080001ad   Thumb Code     0  startup_stm32l053xx.o(.text)
    DMA1_Channel4_5_6_7_IRQHandler           0x080001ad   Thumb Code     0  startup_stm32l053xx.o(.text)
    EXTI0_1_IRQHandler                       0x080001ad   Thumb Code     0  startup_stm32l053xx.o(.text)
    EXTI2_3_IRQHandler                       0x080001ad   Thumb Code     0  startup_stm32l053xx.o(.text)
    EXTI4_15_IRQHandler                      0x080001ad   Thumb Code     0  startup_stm32l053xx.o(.text)
    FLASH_IRQHandler                         0x080001ad   Thumb Code     0  startup_stm32l053xx.o(.text)
    I2C1_IRQHandler                          0x080001ad   Thumb Code     0  startup_stm32l053xx.o(.text)
    I2C2_IRQHandler                          0x080001ad   Thumb Code     0  startup_stm32l053xx.o(.text)
    LCD_IRQHandler                           0x080001ad   Thumb Code     0  startup_stm32l053xx.o(.text)
    LPTIM1_IRQHandler                        0x080001ad   Thumb Code     0  startup_stm32l053xx.o(.text)
    PVD_IRQHandler                           0x080001ad   Thumb Code     0  startup_stm32l053xx.o(.text)
    RCC_CRS_IRQHandler                       0x080001ad   Thumb Code     0  startup_stm32l053xx.o(.text)
    RNG_LPUART1_IRQHandler                   0x080001ad   Thumb Code     0  startup_stm32l053xx.o(.text)
    RTC_IRQHandler                           0x080001ad   Thumb Code     0  startup_stm32l053xx.o(.text)
    SPI1_IRQHandler                          0x080001ad   Thumb Code     0  startup_stm32l053xx.o(.text)
    SPI2_IRQHandler                          0x080001ad   Thumb Code     0  startup_stm32l053xx.o(.text)
    TIM21_IRQHandler                         0x080001ad   Thumb Code     0  startup_stm32l053xx.o(.text)
    TIM22_IRQHandler                         0x080001ad   Thumb Code     0  startup_stm32l053xx.o(.text)
    TIM2_IRQHandler                          0x080001ad   Thumb Code     0  startup_stm32l053xx.o(.text)
    TIM6_DAC_IRQHandler                      0x080001ad   Thumb Code     0  startup_stm32l053xx.o(.text)
    TSC_IRQHandler                           0x080001ad   Thumb Code     0  startup_stm32l053xx.o(.text)
    USART1_IRQHandler                        0x080001ad   Thumb Code     0  startup_stm32l053xx.o(.text)
    USART2_IRQHandler                        0x080001ad   Thumb Code     0  startup_stm32l053xx.o(.text)
    USB_IRQHandler                           0x080001ad   Thumb Code     0  startup_stm32l053xx.o(.text)
    WWDG_IRQHandler                          0x080001ad   Thumb Code     0  startup_stm32l053xx.o(.text)
    __user_initial_stackheap                 0x080001b1   Thumb Code     0  startup_stm32l053xx.o(.text)
    __I$use$semihosting                      0x080001d5   Thumb Code     0  use_no_semi.o(.text)
    __use_no_semihosting_swi                 0x080001d5   Thumb Code     2  use_no_semi.o(.text)
    __2printf                                0x080001d9   Thumb Code    22  noretval__2printf.o(.text)
    __printf                                 0x080001f5   Thumb Code   108  __printf.o(.text)
    _printf_str                              0x08000261   Thumb Code    82  _printf_str.o(.text)
    _printf_int_hex                          0x080002b5   Thumb Code    84  _printf_hex_int.o(.text)
    _printf_longlong_hex                     0x080002b5   Thumb Code     0  _printf_hex_int.o(.text)
    __aeabi_uidiv                            0x0800030d   Thumb Code     0  aeabi_sdiv.o(.text)
    __aeabi_uidivmod                         0x0800030d   Thumb Code    20  aeabi_sdiv.o(.text)
    __aeabi_idiv                             0x08000321   Thumb Code     0  aeabi_sdiv.o(.text)
    __aeabi_idivmod                          0x08000321   Thumb Code   326  aeabi_sdiv.o(.text)
    __use_two_region_memory                  0x08000467   Thumb Code     2  heapauxi.o(.text)
    __rt_heap_escrow$2region                 0x08000469   Thumb Code     2  heapauxi.o(.text)
    __rt_heap_expand$2region                 0x0800046b   Thumb Code     2  heapauxi.o(.text)
    __aeabi_d2f                              0x0800046d   Thumb Code     0  d2f.o(.text)
    _d2f                                     0x0800046d   Thumb Code   120  d2f.o(.text)
    __aeabi_dadd                             0x080007e1   Thumb Code     0  daddsub.o(.text)
    _dadd                                    0x080007e1   Thumb Code    26  daddsub.o(.text)
    __aeabi_dsub                             0x080007fb   Thumb Code     0  daddsub.o(.text)
    _dsub                                    0x080007fb   Thumb Code    22  daddsub.o(.text)
    __aeabi_drsub                            0x08000811   Thumb Code     0  daddsub.o(.text)
    _drsb                                    0x08000811   Thumb Code    28  daddsub.o(.text)
    __aeabi_ddiv                             0x08000841   Thumb Code     0  ddiv.o(.text)
    _ddiv                                    0x08000841   Thumb Code  1072  ddiv.o(.text)
    _drdiv                                   0x08000c71   Thumb Code    20  ddiv.o(.text)
    __aeabi_dmul                             0x08000c89   Thumb Code     0  dmul.o(.text)
    _dmul                                    0x08000c89   Thumb Code   558  dmul.o(.text)
    __aeabi_f2d                              0x08000ed1   Thumb Code     0  f2d.o(.text)
    _f2d                                     0x08000ed1   Thumb Code    80  f2d.o(.text)
    __aeabi_fdiv                             0x08000f25   Thumb Code     0  fdiv.o(.text)
    _fdiv                                    0x08000f25   Thumb Code   334  fdiv.o(.text)
    _frdiv                                   0x08001073   Thumb Code     8  fdiv.o(.text)
    __aeabi_i2f_normalise                    0x08001085   Thumb Code    72  fflti.o(.text)
    __aeabi_i2f                              0x080010cd   Thumb Code    16  fflti.o(.text)
    _fflt                                    0x080010cd   Thumb Code     0  fflti.o(.text)
    __aeabi_ui2f                             0x080010dd   Thumb Code     6  fflti.o(.text)
    _ffltu                                   0x080010dd   Thumb Code     0  fflti.o(.text)
    _printf_int_common                       0x080010e3   Thumb Code   176  _printf_intcommon.o(.text)
    __lib_sel_fp_printf                      0x08001195   Thumb Code     2  _printf_fp_dec.o(.text)
    _printf_fp_dec_real                      0x0800132f   Thumb Code   620  _printf_fp_dec.o(.text)
    _printf_cs_common                        0x080015a9   Thumb Code    22  _printf_char.o(.text)
    _printf_char                             0x080015bf   Thumb Code    16  _printf_char.o(.text)
    _printf_string                           0x080015cf   Thumb Code     8  _printf_char.o(.text)
    _printf_char_file                        0x080015d9   Thumb Code    34  _printf_char_file.o(.text)
    __ARM_scalbn                             0x08001601   Thumb Code    84  dscalbn.o(.text)
    __fpl_fcmp_InfNaN                        0x08001661   Thumb Code    96  fcmpin.o(.text)
    __rt_locale                              0x080016c5   Thumb Code     8  rt_locale_intlibspace.o(.text)
    _ll_udiv10                               0x080016cd   Thumb Code   122  lludiv10.o(.text)
    _printf_char_common                      0x08001753   Thumb Code    32  _printf_char_common.o(.text)
    _printf_fp_infnan                        0x08001779   Thumb Code   120  _printf_fp_infnan.o(.text)
    _btod_etento                             0x08001801   Thumb Code   196  bigflt0.o(.text)
    _btod_d2e                                0x080018c9   Thumb Code    64  btod.o(.text)
    _btod_emul                               0x08001cbf   Thumb Code    24  btod.o(.text)
    _btod_emuld                              0x08001cd7   Thumb Code    60  btod.o(.text)
    _btod_ediv                               0x08001d13   Thumb Code    22  btod.o(.text)
    _btod_edivd                              0x08001d29   Thumb Code    60  btod.o(.text)
    __rt_udiv10                              0x08001d71   Thumb Code    40  rtudiv10.o(.text)
    __fpl_cmpreturn                          0x08001d99   Thumb Code    44  cmpret.o(.text)
    __fpl_fcheck_NaN2                        0x08001dc9   Thumb Code    10  fnan2.o(.text)
    __user_libspace                          0x08001dd9   Thumb Code     8  libspace.o(.text)
    __user_perproc_libspace                  0x08001dd9   Thumb Code     0  libspace.o(.text)
    __user_perthread_libspace                0x08001dd9   Thumb Code     0  libspace.o(.text)
    __user_setup_stackheap                   0x08001de1   Thumb Code    62  sys_stackheap_outer.o(.text)
    exit                                     0x08001e1f   Thumb Code    12  exit.o(.text)
    strcmp                                   0x08001e2d   Thumb Code   132  strcmp.o(.text)
    __fpl_return_NaN                         0x08001eb5   Thumb Code    94  retnan.o(.text)
    ADC_Init                                 0x08001f15   Thumb Code   106  adc.o(i.ADC_Init)
    Button_Initialize                        0x08001f89   Thumb Code    20  gpio.o(i.Button_Initialize)
    Delay                                    0x08001f9d   Thumb Code    20  timing.o(i.Delay)
    HTS221_Configuration                     0x08001fb5   Thumb Code    52  hts221.o(i.HTS221_Configuration)
    HTS221_Init                              0x08002095   Thumb Code    56  hts221.o(i.HTS221_Init)
    I2C_Init                                 0x080020d5   Thumb Code    96  i2c.o(i.I2C_Init)
    I2C_Read_Reg                             0x08002145   Thumb Code   182  i2c.o(i.I2C_Read_Reg)
    I2C_Write_Reg                            0x08002205   Thumb Code   156  i2c.o(i.I2C_Write_Reg)
    ISK01A1_Configuration                    0x080022a5   Thumb Code    16  isk01a1.o(i.ISK01A1_Configuration)
    ISK01A1_Init                             0x080022b5   Thumb Code   158  isk01a1.o(i.ISK01A1_Init)
    Initialize_Port_A                        0x080024b1   Thumb Code   108  gpio.o(i.Initialize_Port_A)
    Initialize_Port_C                        0x08002521   Thumb Code    80  gpio.o(i.Initialize_Port_C)
    LED_Init                                 0x08002579   Thumb Code    20  gpio.o(i.LED_Init)
    LIS3MDL_Compass_Heading                  0x0800258d   Thumb Code   346  lis3mdl.o(i.LIS3MDL_Compass_Heading)
    LIS3MDL_Configuration                    0x080026f5   Thumb Code   106  lis3mdl.o(i.LIS3MDL_Configuration)
    LIS3MDL_Init                             0x08002849   Thumb Code    74  lis3mdl.o(i.LIS3MDL_Init)
    LIS3MDL_X_Read                           0x08002899   Thumb Code   110  lis3mdl.o(i.LIS3MDL_X_Read)
    LIS3MDL_Y_Read                           0x0800291d   Thumb Code   110  lis3mdl.o(i.LIS3MDL_Y_Read)
    LPS25HB_Configuration                    0x080029a1   Thumb Code    52  lps25hb.o(i.LPS25HB_Configuration)
    LPS25HB_Init                             0x08002a85   Thumb Code    54  lps25hb.o(i.LPS25HB_Init)
    LSM6DS0_Init                             0x08002ac1   Thumb Code    44  lsm6ds0.o(i.LSM6DS0_Init)
    SER_Initialize                           0x08002b69   Thumb Code   104  serial.o(i.SER_Initialize)
    SER_PutChar                              0x08002bdd   Thumb Code    24  serial.o(i.SER_PutChar)
    SysTick_Handler                          0x08002bf9   Thumb Code    12  timing.o(i.SysTick_Handler)
    SystemCoreClockInit                      0x08002c09   Thumb Code   236  timing.o(i.SystemCoreClockInit)
    SystemCoreClockUpdate                    0x08002d01   Thumb Code   230  system_stm32l0xx.o(i.SystemCoreClockUpdate)
    SystemInit                               0x08002e01   Thumb Code    88  system_stm32l0xx.o(i.SystemInit)
    __ARM_common_ll_muluu                    0x08002e69   Thumb Code    48  btod.o(i.__ARM_common_ll_muluu)
    __ARM_fpclassify                         0x08002e99   Thumb Code    40  fpclassify.o(i.__ARM_fpclassify)
    __kernel_poly                            0x08002ec5   Thumb Code   172  poly.o(i.__kernel_poly)
    __mathlib_dbl_infnan                     0x08002f71   Thumb Code    10  dunder.o(i.__mathlib_dbl_infnan)
    __mathlib_dbl_underflow                  0x08002f7d   Thumb Code    14  dunder.o(i.__mathlib_dbl_underflow)
    _sys_exit                                0x08002f91   Thumb Code     4  retarget.o(i._sys_exit)
    atan                                     0x08002f95   Thumb Code   472  atan.o(i.atan)
    ferror                                   0x080031b1   Thumb Code     8  retarget.o(i.ferror)
    fputc                                    0x080031b9   Thumb Code    14  retarget.o(i.fputc)
    main                                     0x080031c9   Thumb Code   130  intern_project.o(i.main)
    _get_lc_numeric                          0x08003279   Thumb Code    44  lc_numeric_c.o(locale$$code)
    __aeabi_cfcmple                          0x080032a5   Thumb Code     0  flef.o(x$fpl$fleqf)
    _fcmple                                  0x080032a5   Thumb Code    78  flef.o(x$fpl$fleqf)
    __aeabi_fmul                             0x080032f9   Thumb Code     0  fmul.o(x$fpl$fmul)
    _fmul                                    0x080032f9   Thumb Code   172  fmul.o(x$fpl$fmul)
    __aeabi_cfrcmple                         0x080033a9   Thumb Code     0  frlef.o(x$fpl$frleqf)
    _frcmple                                 0x080033a9   Thumb Code    84  frlef.o(x$fpl$frleqf)
    _printf_fp_dec                           0x08003401   Thumb Code    16  printf1.o(x$fpl$printf1)
    __I$use$fp                               0x08003410   Number         0  usenofp.o(x$fpl$usenofp)
    Region$$Table$$Base                      0x08003624   Number         0  anon$$obj.o(Region$$Table)
    Region$$Table$$Limit                     0x08003644   Number         0  anon$$obj.o(Region$$Table)
    Temperature                              0x20000000   Data           4  intern_project.o(.data)
    Humidity                                 0x20000004   Data           4  intern_project.o(.data)
    Pressure                                 0x20000008   Data           4  intern_project.o(.data)
    X_Coordinate                             0x2000000c   Data           4  intern_project.o(.data)
    Y_Coordinate                             0x20000010   Data           4  intern_project.o(.data)
    Z_Coordinate                             0x20000014   Data           4  intern_project.o(.data)
    Compass_Heading                          0x20000018   Data           4  intern_project.o(.data)
    AV_CONF_Init                             0x2000001c   Data           4  hts221.o(.data)
    STATUS_REG                               0x20000020   Data           1  hts221.o(.data)
    T0_degC_x8                               0x20000022   Data           2  hts221.o(.data)
    T1_degC_x8                               0x20000024   Data           2  hts221.o(.data)
    Msb_T0_degC                              0x20000026   Data           2  hts221.o(.data)
    Msb_T1_degC                              0x20000028   Data           2  hts221.o(.data)
    Msb_TO_T1_degC                           0x2000002a   Data           2  hts221.o(.data)
    T0_DegC                                  0x2000002c   Data           4  hts221.o(.data)
    T1_DegC                                  0x20000030   Data           4  hts221.o(.data)
    T_OUT_L                                  0x20000034   Data           2  hts221.o(.data)
    T_OUT_H                                  0x20000036   Data           2  hts221.o(.data)
    T_OUT                                    0x20000038   Data           4  hts221.o(.data)
    T0_OUT_L                                 0x2000003c   Data           2  hts221.o(.data)
    T0_OUT_H                                 0x2000003e   Data           2  hts221.o(.data)
    T1_OUT_L                                 0x20000040   Data           2  hts221.o(.data)
    T1_OUT_H                                 0x20000042   Data           2  hts221.o(.data)
    T0_OUT                                   0x20000044   Data           4  hts221.o(.data)
    T1_OUT                                   0x20000048   Data           4  hts221.o(.data)
    Temperature_In_C                         0x2000004c   Data           4  hts221.o(.data)
    Temperature_In_F                         0x20000050   Data           4  hts221.o(.data)
    H0_rH_x2                                 0x20000054   Data           1  hts221.o(.data)
    H0_rH                                    0x20000058   Data           4  hts221.o(.data)
    H1_rH_x2                                 0x2000005c   Data           1  hts221.o(.data)
    H1_rH                                    0x20000060   Data           4  hts221.o(.data)
    H_OUT                                    0x20000064   Data           4  hts221.o(.data)
    H_OUT_L                                  0x20000068   Data           2  hts221.o(.data)
    H_OUT_H                                  0x2000006a   Data           2  hts221.o(.data)
    H0_T0_OUT                                0x2000006c   Data           4  hts221.o(.data)
    H1_T0_OUT                                0x20000070   Data           4  hts221.o(.data)
    H0_T0_OUT_L                              0x20000074   Data           2  hts221.o(.data)
    H0_T0_OUT_H                              0x20000076   Data           2  hts221.o(.data)
    H1_T0_OUT_L                              0x20000078   Data           2  hts221.o(.data)
    H1_T0_OUT_H                              0x2000007a   Data           2  hts221.o(.data)
    Humidity_rH                              0x2000007c   Data           4  hts221.o(.data)
    I2C1_RX_Data                             0x20000080   Data           4  i2c.o(.data)
    __stdout                                 0x20000084   Data           4  retarget.o(.data)
    __stdin                                  0x20000088   Data           4  retarget.o(.data)
    msTicks                                  0x2000008c   Data           4  timing.o(.data)
    OUT_X_L                                  0x20000090   Data           1  lis3mdl.o(.data)
    OUT_X_H                                  0x20000091   Data           1  lis3mdl.o(.data)
    OUT_Y_L                                  0x20000092   Data           1  lis3mdl.o(.data)
    OUT_Y_H                                  0x20000093   Data           1  lis3mdl.o(.data)
    OUT_Z_L                                  0x20000094   Data           1  lis3mdl.o(.data)
    OUT_Z_H                                  0x20000095   Data           1  lis3mdl.o(.data)
    OUT_X                                    0x20000098   Data           4  lis3mdl.o(.data)
    OUT_Y                                    0x2000009c   Data           4  lis3mdl.o(.data)
    OUT_Z                                    0x200000a0   Data           4  lis3mdl.o(.data)
    HTS221_Found                             0x200000a4   Data           1  isk01a1.o(.data)
    LPS25HB_Found                            0x200000a5   Data           1  isk01a1.o(.data)
    LIS3MDL_Found                            0x200000a6   Data           1  isk01a1.o(.data)
    LSM6DS0_Found                            0x200000a7   Data           1  isk01a1.o(.data)
    SystemCoreClock                          0x200000a8   Data           4  system_stm32l0xx.o(.data)
    AHBPrescTable                            0x200000ac   Data          16  system_stm32l0xx.o(.data)
    PLLMulTable                              0x200000bc   Data           9  system_stm32l0xx.o(.data)
    __libspace_start                         0x200000c8   Data          96  libspace.o(.bss)
    __temporary_stack_top$libspace           0x20000128   Data           0  libspace.o(.bss)



==============================================================================

Memory Map of the image

  Image Entry point : 0x080000c1

  Load Region LR_IROM1 (Base: 0x08000000, Size: 0x00003728, Max: 0x00010000, ABSOLUTE)

    Execution Region ER_IROM1 (Base: 0x08000000, Size: 0x00003660, Max: 0x00010000, ABSOLUTE)

    Base Addr    Size         Type   Attr      Idx    E Section Name        Object

    0x08000000   0x000000c0   Data   RO          589    RESET               startup_stm32l053xx.o
    0x080000c0   0x00000008   Code   RO          689  * !!!main             c_p.l(__main.o)
    0x080000c8   0x0000003c   Code   RO          958    !!!scatter          c_p.l(__scatter.o)
    0x08000104   0x0000001a   Code   RO          960    !!handler_copy      c_p.l(__scatter_copy.o)
    0x0800011e   0x00000002   PAD
    0x08000120   0x0000001c   Code   RO          962    !!handler_zi        c_p.l(__scatter_zi.o)
    0x0800013c   0x00000002   Code   RO          682    .ARM.Collect$$_printf_percent$$00000000  c_p.l(_printf_percent.o)
    0x0800013e   0x0000000a   Code   RO          681    .ARM.Collect$$_printf_percent$$00000003  c_p.l(_printf_f.o)
    0x08000148   0x0000000a   Code   RO          680    .ARM.Collect$$_printf_percent$$0000000C  c_p.l(_printf_x.o)
    0x08000152   0x0000000a   Code   RO          679    .ARM.Collect$$_printf_percent$$00000013  c_p.l(_printf_c.o)
    0x0800015c   0x00000004   Code   RO          744    .ARM.Collect$$_printf_percent$$00000017  c_p.l(_printf_percent_end.o)
    0x08000160   0x00000002   Code   RO          835    .ARM.Collect$$libinit$$00000000  c_p.l(libinit.o)
    0x08000162   0x00000000   Code   RO          837    .ARM.Collect$$libinit$$00000002  c_p.l(libinit2.o)
    0x08000162   0x00000000   Code   RO          839    .ARM.Collect$$libinit$$00000004  c_p.l(libinit2.o)
    0x08000162   0x00000000   Code   RO          842    .ARM.Collect$$libinit$$0000000A  c_p.l(libinit2.o)
    0x08000162   0x00000000   Code   RO          844    .ARM.Collect$$libinit$$0000000C  c_p.l(libinit2.o)
    0x08000162   0x00000000   Code   RO          846    .ARM.Collect$$libinit$$0000000E  c_p.l(libinit2.o)
    0x08000162   0x00000006   Code   RO          847    .ARM.Collect$$libinit$$0000000F  c_p.l(libinit2.o)
    0x08000168   0x00000000   Code   RO          849    .ARM.Collect$$libinit$$00000011  c_p.l(libinit2.o)
    0x08000168   0x00000000   Code   RO          851    .ARM.Collect$$libinit$$00000013  c_p.l(libinit2.o)
    0x08000168   0x00000000   Code   RO          853    .ARM.Collect$$libinit$$00000015  c_p.l(libinit2.o)
    0x08000168   0x0000000a   Code   RO          854    .ARM.Collect$$libinit$$00000016  c_p.l(libinit2.o)
    0x08000172   0x00000000   Code   RO          855    .ARM.Collect$$libinit$$00000017  c_p.l(libinit2.o)
    0x08000172   0x00000000   Code   RO          857    .ARM.Collect$$libinit$$00000019  c_p.l(libinit2.o)
    0x08000172   0x00000000   Code   RO          859    .ARM.Collect$$libinit$$0000001B  c_p.l(libinit2.o)
    0x08000172   0x00000000   Code   RO          861    .ARM.Collect$$libinit$$0000001D  c_p.l(libinit2.o)
    0x08000172   0x00000000   Code   RO          863    .ARM.Collect$$libinit$$0000001F  c_p.l(libinit2.o)
    0x08000172   0x00000000   Code   RO          865    .ARM.Collect$$libinit$$00000021  c_p.l(libinit2.o)
    0x08000172   0x00000000   Code   RO          867    .ARM.Collect$$libinit$$00000023  c_p.l(libinit2.o)
    0x08000172   0x00000000   Code   RO          869    .ARM.Collect$$libinit$$00000025  c_p.l(libinit2.o)
    0x08000172   0x00000000   Code   RO          873    .ARM.Collect$$libinit$$0000002C  c_p.l(libinit2.o)
    0x08000172   0x00000000   Code   RO          875    .ARM.Collect$$libinit$$0000002E  c_p.l(libinit2.o)
    0x08000172   0x00000000   Code   RO          877    .ARM.Collect$$libinit$$00000030  c_p.l(libinit2.o)
    0x08000172   0x00000000   Code   RO          879    .ARM.Collect$$libinit$$00000032  c_p.l(libinit2.o)
    0x08000172   0x00000002   Code   RO          880    .ARM.Collect$$libinit$$00000033  c_p.l(libinit2.o)
    0x08000174   0x00000002   Code   RO          923    .ARM.Collect$$libshutdown$$00000000  c_p.l(libshutdown.o)
    0x08000176   0x00000000   Code   RO          943    .ARM.Collect$$libshutdown$$00000003  c_p.l(libshutdown2.o)
    0x08000176   0x00000000   Code   RO          946    .ARM.Collect$$libshutdown$$00000006  c_p.l(libshutdown2.o)
    0x08000176   0x00000000   Code   RO          949    .ARM.Collect$$libshutdown$$00000009  c_p.l(libshutdown2.o)
    0x08000176   0x00000000   Code   RO          951    .ARM.Collect$$libshutdown$$0000000B  c_p.l(libshutdown2.o)
    0x08000176   0x00000000   Code   RO          954    .ARM.Collect$$libshutdown$$0000000E  c_p.l(libshutdown2.o)
    0x08000176   0x00000002   Code   RO          955    .ARM.Collect$$libshutdown$$0000000F  c_p.l(libshutdown2.o)
    0x08000178   0x00000000   Code   RO          731    .ARM.Collect$$rtentry$$00000000  c_p.l(__rtentry.o)
    0x08000178   0x00000000   Code   RO          769    .ARM.Collect$$rtentry$$00000002  c_p.l(__rtentry2.o)
    0x08000178   0x00000006   Code   RO          781    .ARM.Collect$$rtentry$$00000004  c_p.l(__rtentry4.o)
    0x0800017e   0x00000000   Code   RO          771    .ARM.Collect$$rtentry$$00000009  c_p.l(__rtentry2.o)
    0x0800017e   0x00000004   Code   RO          772    .ARM.Collect$$rtentry$$0000000A  c_p.l(__rtentry2.o)
    0x08000182   0x00000000   Code   RO          774    .ARM.Collect$$rtentry$$0000000C  c_p.l(__rtentry2.o)
    0x08000182   0x00000008   Code   RO          775    .ARM.Collect$$rtentry$$0000000D  c_p.l(__rtentry2.o)
    0x0800018a   0x00000002   Code   RO          884    .ARM.Collect$$rtexit$$00000000  c_p.l(rtexit.o)
    0x0800018c   0x00000000   Code   RO          897    .ARM.Collect$$rtexit$$00000002  c_p.l(rtexit2.o)
    0x0800018c   0x00000004   Code   RO          898    .ARM.Collect$$rtexit$$00000003  c_p.l(rtexit2.o)
    0x08000190   0x00000006   Code   RO          899    .ARM.Collect$$rtexit$$00000004  c_p.l(rtexit2.o)
    0x08000196   0x00000002   PAD
    0x08000198   0x0000003c   Code   RO          590    .text               startup_stm32l053xx.o
    0x080001d4   0x00000002   Code   RO          628    .text               c_p.l(use_no_semi.o)
    0x080001d6   0x00000002   PAD
    0x080001d8   0x0000001c   Code   RO          632    .text               c_p.l(noretval__2printf.o)
    0x080001f4   0x0000006c   Code   RO          634    .text               c_p.l(__printf.o)
    0x08000260   0x00000052   Code   RO          636    .text               c_p.l(_printf_str.o)
    0x080002b2   0x00000002   PAD
    0x080002b4   0x00000058   Code   RO          641    .text               c_p.l(_printf_hex_int.o)
    0x0800030c   0x0000015a   Code   RO          683    .text               c_p.l(aeabi_sdiv.o)
    0x08000466   0x00000006   Code   RO          687    .text               c_p.l(heapauxi.o)
    0x0800046c   0x0000007c   Code   RO          691    .text               fz_ps.l(d2f.o)
    0x080004e8   0x00000358   Code   RO          693    .text               fz_ps.l(daddsub.o)
    0x08000840   0x00000448   Code   RO          695    .text               fz_ps.l(ddiv.o)
    0x08000c88   0x00000248   Code   RO          698    .text               fz_ps.l(dmul.o)
    0x08000ed0   0x00000054   Code   RO          700    .text               fz_ps.l(f2d.o)
    0x08000f24   0x00000160   Code   RO          708    .text               fz_ps.l(fdiv.o)
    0x08001084   0x0000005e   Code   RO          711    .text               fz_ps.l(fflti.o)
    0x080010e2   0x000000b0   Code   RO          736    .text               c_p.l(_printf_intcommon.o)
    0x08001192   0x00000002   PAD
    0x08001194   0x00000414   Code   RO          738    .text               c_p.l(_printf_fp_dec.o)
    0x080015a8   0x0000002e   Code   RO          740    .text               c_p.l(_printf_char.o)
    0x080015d6   0x00000002   PAD
    0x080015d8   0x00000028   Code   RO          742    .text               c_p.l(_printf_char_file.o)
    0x08001600   0x00000060   Code   RO          745    .text               fz_ps.l(dscalbn.o)
    0x08001660   0x00000064   Code   RO          747    .text               fz_ps.l(fcmpin.o)
    0x080016c4   0x00000008   Code   RO          788    .text               c_p.l(rt_locale_intlibspace.o)
    0x080016cc   0x0000007a   Code   RO          790    .text               c_p.l(lludiv10.o)
    0x08001746   0x00000002   PAD
    0x08001748   0x00000030   Code   RO          792    .text               c_p.l(_printf_char_common.o)
    0x08001778   0x00000088   Code   RO          794    .text               c_p.l(_printf_fp_infnan.o)
    0x08001800   0x000000c8   Code   RO          796    .text               c_p.l(bigflt0.o)
    0x080018c8   0x000004a8   Code   RO          799    .text               c_p.l(btod.o)
    0x08001d70   0x00000028   Code   RO          806    .text               c_p.l(rtudiv10.o)
    0x08001d98   0x00000030   Code   RO          808    .text               fz_ps.l(cmpret.o)
    0x08001dc8   0x00000010   Code   RO          810    .text               fz_ps.l(fnan2.o)
    0x08001dd8   0x00000008   Code   RO          814    .text               c_p.l(libspace.o)
    0x08001de0   0x0000003e   Code   RO          817    .text               c_p.l(sys_stackheap_outer.o)
    0x08001e1e   0x0000000c   Code   RO          822    .text               c_p.l(exit.o)
    0x08001e2a   0x00000002   PAD
    0x08001e2c   0x00000088   Code   RO          828    .text               c_p.l(strcmp.o)
    0x08001eb4   0x0000005e   Code   RO          881    .text               fz_ps.l(retnan.o)
    0x08001f12   0x00000002   PAD
    0x08001f14   0x00000074   Code   RO           97    i.ADC_Init          adc.o
    0x08001f88   0x00000014   Code   RO          139    i.Button_Initialize  gpio.o
    0x08001f9c   0x00000018   Code   RO          372    i.Delay             timing.o
    0x08001fb4   0x000000e0   Code   RO          206    i.HTS221_Configuration  hts221.o
    0x08002094   0x00000040   Code   RO          208    i.HTS221_Init       hts221.o
    0x080020d4   0x00000070   Code   RO          247    i.I2C_Init          i2c.o
    0x08002144   0x000000c0   Code   RO          248    i.I2C_Read_Reg      i2c.o
    0x08002204   0x000000a0   Code   RO          249    i.I2C_Write_Reg     i2c.o
    0x080022a4   0x00000010   Code   RO          528    i.ISK01A1_Configuration  isk01a1.o
    0x080022b4   0x000001fc   Code   RO          529    i.ISK01A1_Init      isk01a1.o
    0x080024b0   0x00000070   Code   RO          140    i.Initialize_Port_A  gpio.o
    0x08002520   0x00000058   Code   RO          141    i.Initialize_Port_C  gpio.o
    0x08002578   0x00000014   Code   RO          142    i.LED_Init          gpio.o
    0x0800258c   0x00000168   Code   RO          442    i.LIS3MDL_Compass_Heading  lis3mdl.o
    0x080026f4   0x00000154   Code   RO          443    i.LIS3MDL_Configuration  lis3mdl.o
    0x08002848   0x00000050   Code   RO          444    i.LIS3MDL_Init      lis3mdl.o
    0x08002898   0x00000084   Code   RO          445    i.LIS3MDL_X_Read    lis3mdl.o
    0x0800291c   0x00000084   Code   RO          446    i.LIS3MDL_Y_Read    lis3mdl.o
    0x080029a0   0x000000e4   Code   RO          407    i.LPS25HB_Configuration  lps25hb.o
    0x08002a84   0x0000003c   Code   RO          408    i.LPS25HB_Init      lps25hb.o
    0x08002ac0   0x00000030   Code   RO          503    i.LSM6DS0_Init      lsm6ds0.o
    0x08002af0   0x00000078   Code   RO            3    i.NVIC_SetPriority  intern_project.o
    0x08002b68   0x00000074   Code   RO          341    i.SER_Initialize    serial.o
    0x08002bdc   0x0000001c   Code   RO          342    i.SER_PutChar       serial.o
    0x08002bf8   0x00000010   Code   RO          373    i.SysTick_Handler   timing.o
    0x08002c08   0x000000f8   Code   RO          374    i.SystemCoreClockInit  timing.o
    0x08002d00   0x00000100   Code   RO          596    i.SystemCoreClockUpdate  system_stm32l0xx.o
    0x08002e00   0x00000068   Code   RO          597    i.SystemInit        system_stm32l0xx.o
    0x08002e68   0x00000030   Code   RO          801    i.__ARM_common_ll_muluu  c_p.l(btod.o)
    0x08002e98   0x0000002c   Code   RO          764    i.__ARM_fpclassify  m_ps.l(fpclassify.o)
    0x08002ec4   0x000000ac   Code   RO          766    i.__kernel_poly     m_ps.l(poly.o)
    0x08002f70   0x0000000a   Code   RO          751    i.__mathlib_dbl_infnan  m_ps.l(dunder.o)
    0x08002f7a   0x00000002   PAD
    0x08002f7c   0x00000014   Code   RO          756    i.__mathlib_dbl_underflow  m_ps.l(dunder.o)
    0x08002f90   0x00000004   Code   RO          289    i._sys_exit         retarget.o
    0x08002f94   0x0000021c   Code   RO          722    i.atan              m_ps.l(atan.o)
    0x080031b0   0x00000008   Code   RO          291    i.ferror            retarget.o
    0x080031b8   0x0000000e   Code   RO          293    i.fputc             retarget.o
    0x080031c6   0x00000002   PAD
    0x080031c8   0x000000b0   Code   RO            4    i.main              intern_project.o
    0x08003278   0x0000002c   Code   RO          804    locale$$code        c_p.l(lc_numeric_c.o)
    0x080032a4   0x00000054   Code   RO          713    x$fpl$fleqf         fz_ps.l(flef.o)
    0x080032f8   0x000000b0   Code   RO          715    x$fpl$fmul          fz_ps.l(fmul.o)
    0x080033a8   0x00000058   Code   RO          717    x$fpl$frleqf        fz_ps.l(frlef.o)
    0x08003400   0x00000010   Code   RO          719    x$fpl$printf1       fz_ps.l(printf1.o)
    0x08003410   0x00000000   Code   RO          749    x$fpl$usenofp       fz_ps.l(usenofp.o)
    0x08003410   0x00000028   Data   RO          642    .constdata          c_p.l(_printf_hex_int.o)
    0x08003438   0x00000080   Data   RO          696    .constdata          fz_ps.l(ddiv.o)
    0x080034b8   0x00000040   Data   RO          709    .constdata          fz_ps.l(fdiv.o)
    0x080034f8   0x00000098   Data   RO          723    .constdata          m_ps.l(atan.o)
    0x08003590   0x00000094   Data   RO          797    .constdata          c_p.l(bigflt0.o)
    0x08003624   0x00000020   Data   RO          956    Region$$Table       anon$$obj.o
    0x08003644   0x0000001c   Data   RO          803    locale$$data        c_p.l(lc_numeric_c.o)


    Execution Region RW_IRAM1 (Base: 0x20000000, Size: 0x00000728, Max: 0x00002000, ABSOLUTE)

    Base Addr    Size         Type   Attr      Idx    E Section Name        Object

    0x20000000   0x0000001c   Data   RW            5    .data               intern_project.o
    0x2000001c   0x00000064   Data   RW          210    .data               hts221.o
    0x20000080   0x00000004   Data   RW          251    .data               i2c.o
    0x20000084   0x00000008   Data   RW          294    .data               retarget.o
    0x2000008c   0x00000004   Data   RW          375    .data               timing.o
    0x20000090   0x00000014   Data   RW          448    .data               lis3mdl.o
    0x200000a4   0x00000004   Data   RW          530    .data               isk01a1.o
    0x200000a8   0x0000001d   Data   RW          598    .data               system_stm32l0xx.o
    0x200000c5   0x00000003   PAD
    0x200000c8   0x00000060   Zero   RW          815    .bss                c_p.l(libspace.o)
    0x20000128   0x00000200   Zero   RW          588    HEAP                startup_stm32l053xx.o
    0x20000328   0x00000400   Zero   RW          587    STACK               startup_stm32l053xx.o


==============================================================================

Image component sizes


      Code (inc. data)   RO Data    RW Data    ZI Data      Debug   Object Name

       116         10          0          0          0        411   adc.o
       240         12          0          0          0       2107   gpio.o
       288        180          0        100          0       2354   hts221.o
       464         30          0          4          0       1857   i2c.o
       296         56          0         28          0     125998   intern_project.o
       524        350          0          4          0       1300   isk01a1.o
      1044        298          0         20          0       3127   lis3mdl.o
       288        182          0          0          0        943   lps25hb.o
        48          4          0          0          0        487   lsm6ds0.o
        26          0          0          8          0       3099   retarget.o
       144         16          0          0          0        875   serial.o
        60         28        192          0       1536        708   startup_stm32l053xx.o
       360         42          0         29          0       2029   system_stm32l0xx.o
       288         20          0          4          0       1578   timing.o

    ----------------------------------------------------------------------
      4188       1228        224        200       1536     146873   Object Totals
         0          0         32          0          0          0   (incl. Generated)
         2          0          0          3          0          0   (incl. Padding)

    ----------------------------------------------------------------------

      Code (inc. data)   RO Data    RW Data    ZI Data      Debug   Library Member Name

         8          0          0          0          0         68   __main.o
       108          0          0          0          0         76   __printf.o
         0          0          0          0          0          0   __rtentry.o
        12          0          0          0          0          0   __rtentry2.o
         6          0          0          0          0          0   __rtentry4.o
        60          8          0          0          0          0   __scatter.o
        26          0          0          0          0          0   __scatter_copy.o
        28          0          0          0          0          0   __scatter_zi.o
        10          0          0          0          0          0   _printf_c.o
        46          0          0          0          0        100   _printf_char.o
        48          6          0          0          0         88   _printf_char_common.o
        40          6          0          0          0         72   _printf_char_file.o
        10          0          0          0          0          0   _printf_f.o
      1044         14          0          0          0        176   _printf_fp_dec.o
       136         16          0          0          0         76   _printf_fp_infnan.o
        88          4         40          0          0         72   _printf_hex_int.o
       176          0          0          0          0         84   _printf_intcommon.o
         2          0          0          0          0          0   _printf_percent.o
         4          0          0          0          0          0   _printf_percent_end.o
        82          0          0          0          0         72   _printf_str.o
        10          0          0          0          0          0   _printf_x.o
       346          0          0          0          0         92   aeabi_sdiv.o
       200          4        148          0          0         80   bigflt0.o
      1240         12          0          0          0        316   btod.o
        12          0          0          0          0         64   exit.o
         6          0          0          0          0        136   heapauxi.o
        44         10         28          0          0         76   lc_numeric_c.o
         2          0          0          0          0          0   libinit.o
        18          0          0          0          0          0   libinit2.o
         2          0          0          0          0          0   libshutdown.o
         2          0          0          0          0          0   libshutdown2.o
         8          4          0          0         96         68   libspace.o
       122          0          0          0          0         72   lludiv10.o
        28          6          0          0          0         84   noretval__2printf.o
         8          4          0          0          0         68   rt_locale_intlibspace.o
         2          0          0          0          0          0   rtexit.o
        10          0          0          0          0          0   rtexit2.o
        40          0          0          0          0         60   rtudiv10.o
       136          4          0          0          0         72   strcmp.o
        62          0          0          0          0         80   sys_stackheap_outer.o
         2          0          0          0          0         68   use_no_semi.o
        48          4          0          0          0         60   cmpret.o
       124          4          0          0          0         72   d2f.o
       856         20          0          0          0        208   daddsub.o
      1096         26        128          0          0        112   ddiv.o
       584         26          0          0          0         84   dmul.o
        96         12          0          0          0         72   dscalbn.o
        84          4          0          0          0         60   f2d.o
       100          4          0          0          0         68   fcmpin.o
       352         10         64          0          0         92   fdiv.o
        94          0          0          0          0         92   fflti.o
        84          4          0          0          0         76   flef.o
       176          4          0          0          0         80   fmul.o
        16          6          0          0          0         68   fnan2.o
        88          4          0          0          0         76   frlef.o
        16          4          0          0          0         76   printf1.o
        94          0          0          0          0         68   retnan.o
         0          0          0          0          0          0   usenofp.o
       540         68        152          0          0        112   atan.o
        30          6          0          0          0        136   dunder.o
        44          4          0          0          0         60   fpclassify.o
       172          0          0          0          0         76   poly.o

    ----------------------------------------------------------------------
      8948        308        560          0         96       3968   Library Totals
        20          0          0          0          0          0   (incl. Padding)

    ----------------------------------------------------------------------

      Code (inc. data)   RO Data    RW Data    ZI Data      Debug   Library Name

      4234         98        216          0         96       2220   c_p.l
      3908        132        192          0          0       1364   fz_ps.l
       786         78        152          0          0        384   m_ps.l

    ----------------------------------------------------------------------
      8948        308        560          0         96       3968   Library Totals

    ----------------------------------------------------------------------

==============================================================================


      Code (inc. data)   RO Data    RW Data    ZI Data      Debug   

     13136       1536        784        200       1632     147657   Grand Totals
     13136       1536        784        200       1632     147657   ELF Image Totals
     13136       1536        784        200          0          0   ROM Totals

==============================================================================

    Total RO  Size (Code + RO Data)                13920 (  13.59kB)
    Total RW  Size (RW Data + ZI Data)              1832 (   1.79kB)
    Total ROM Size (Code + RO Data + RW Data)      14120 (  13.79kB)

==============================================================================

