Component: ARM Compiler 5.05 update 1 (build 106) Tool: armlink [4d0efa]

==============================================================================

Section Cross References

    intern_project.o(i.IO_Init) refers to timing.o(i.SystemCoreClockInit) for SystemCoreClockInit
    intern_project.o(i.IO_Init) refers to system_stm32l0xx.o(i.SystemCoreClockUpdate) for SystemCoreClockUpdate
    intern_project.o(i.IO_Init) refers to aeabi_sdiv.o(.text) for __aeabi_uidivmod
    intern_project.o(i.IO_Init) refers to intern_project.o(i.NVIC_SetPriority) for NVIC_SetPriority
    intern_project.o(i.IO_Init) refers to gpio.o(i.LED_Init) for LED_Init
    intern_project.o(i.IO_Init) refers to gpio.o(i.Button_Initialize) for Button_Initialize
    intern_project.o(i.IO_Init) refers to serial.o(i.SER_Initialize) for SER_Initialize
    intern_project.o(i.IO_Init) refers to fgpmmopa6h.o(i.USART1_Init) for USART1_Init
    intern_project.o(i.IO_Init) refers to xbeepro24.o(i.LPUART_Init) for LPUART_Init
    intern_project.o(i.IO_Init) refers to adc.o(i.ADC_Init) for ADC_Init
    intern_project.o(i.IO_Init) refers to i2c.o(i.I2C_Init) for I2C_Init
    intern_project.o(i.IO_Init) refers to isk01a1.o(i.ISK01A1_Init) for ISK01A1_Init
    intern_project.o(i.IO_Init) refers to fgpmmopa6h.o(i.FGPMMOPA6H_Init) for FGPMMOPA6H_Init
    intern_project.o(i.IO_Init) refers to xbeepro24.o(i.XBee_Init) for XBee_Init
    intern_project.o(i.IO_Init) refers to xbeepro24.o(i.Read_Xbee_Init) for Read_Xbee_Init
    intern_project.o(i.IO_Init) refers to system_stm32l0xx.o(.data) for SystemCoreClock
    intern_project.o(i.main) refers to intern_project.o(i.IO_Init) for IO_Init
    adc.o(i.Voltage_Conversion) refers to fflti.o(.text) for __aeabi_i2f
    adc.o(i.Voltage_Conversion) refers to fmul.o(x$fpl$fmul) for __aeabi_fmul
    gpio.o(i.Button_Initialize) refers to gpio.o(i.Initialize_Port_C) for Initialize_Port_C
    gpio.o(i.LED_Init) refers to gpio.o(i.Initialize_Port_A) for Initialize_Port_A
    hts221.o(i.HTS221_Configuration) refers to _printf_percent.o(.ARM.Collect$$_printf_percent$$00000000) for _printf_percent
    hts221.o(i.HTS221_Configuration) refers to _printf_x.o(.ARM.Collect$$_printf_percent$$0000000C) for _printf_x
    hts221.o(i.HTS221_Configuration) refers to _printf_hex_int.o(.text) for _printf_longlong_hex
    hts221.o(i.HTS221_Configuration) refers to noretval__2printf.o(.text) for __2printf
    hts221.o(i.HTS221_Configuration) refers to i2c.o(i.I2C_Read_Reg) for I2C_Read_Reg
    hts221.o(i.HTS221_Humidity_Read) refers to i2c.o(i.I2C_Write_Reg) for I2C_Write_Reg
    hts221.o(i.HTS221_Humidity_Read) refers to i2c.o(i.I2C_Read_Reg) for I2C_Read_Reg
    hts221.o(i.HTS221_Humidity_Read) refers to fflti.o(.text) for __aeabi_ui2f
    hts221.o(i.HTS221_Humidity_Read) refers to f2d.o(.text) for __aeabi_f2d
    hts221.o(i.HTS221_Humidity_Read) refers to ddiv.o(.text) for __aeabi_ddiv
    hts221.o(i.HTS221_Humidity_Read) refers to d2f.o(.text) for __aeabi_d2f
    hts221.o(i.HTS221_Humidity_Read) refers to faddsub.o(x$fpl$fsub) for __aeabi_fsub
    hts221.o(i.HTS221_Humidity_Read) refers to fmul.o(x$fpl$fmul) for __aeabi_fmul
    hts221.o(i.HTS221_Humidity_Read) refers to fdiv.o(.text) for __aeabi_fdiv
    hts221.o(i.HTS221_Humidity_Read) refers to faddsub.o(x$fpl$fadd) for __aeabi_fadd
    hts221.o(i.HTS221_Init) refers to i2c.o(i.I2C_Read_Reg) for I2C_Read_Reg
    hts221.o(i.HTS221_Init) refers to i2c.o(i.I2C_Write_Reg) for I2C_Write_Reg
    hts221.o(i.HTS221_Temp_Read) refers to i2c.o(i.I2C_Write_Reg) for I2C_Write_Reg
    hts221.o(i.HTS221_Temp_Read) refers to i2c.o(i.I2C_Read_Reg) for I2C_Read_Reg
    hts221.o(i.HTS221_Temp_Read) refers to fflti.o(.text) for __aeabi_i2f
    hts221.o(i.HTS221_Temp_Read) refers to f2d.o(.text) for __aeabi_f2d
    hts221.o(i.HTS221_Temp_Read) refers to ddiv.o(.text) for __aeabi_ddiv
    hts221.o(i.HTS221_Temp_Read) refers to d2f.o(.text) for __aeabi_d2f
    hts221.o(i.HTS221_Temp_Read) refers to faddsub.o(x$fpl$fsub) for __aeabi_fsub
    hts221.o(i.HTS221_Temp_Read) refers to fmul.o(x$fpl$fmul) for __aeabi_fmul
    hts221.o(i.HTS221_Temp_Read) refers to fdiv.o(.text) for __aeabi_fdiv
    hts221.o(i.HTS221_Temp_Read) refers to faddsub.o(x$fpl$fadd) for __aeabi_fadd
    hts221.o(i.HTS221_Temp_Read) refers to dmul.o(.text) for __aeabi_dmul
    hts221.o(i.HTS221_Temp_Read) refers to daddsub.o(.text) for __aeabi_dadd
    i2c.o(i.I2C_Read_Reg) refers to i2c.o(.data) for I2C1_RX_Data
    retarget.o(i._sys_exit) refers (Special) to use_no_semi.o(.text) for __use_no_semihosting_swi
    retarget.o(i._ttywrch) refers (Special) to use_no_semi.o(.text) for __use_no_semihosting_swi
    retarget.o(i._ttywrch) refers to serial.o(i.SER_PutChar) for SER_PutChar
    retarget.o(i.ferror) refers (Special) to use_no_semi.o(.text) for __use_no_semihosting_swi
    retarget.o(i.fgetc) refers (Special) to use_no_semi.o(.text) for __use_no_semihosting_swi
    retarget.o(i.fgetc) refers to serial.o(i.SER_GetChar) for SER_GetChar
[...]
    ldexp_x.o(i.__ldexp$lsc) refers to dscalbn.o(.text) for __ARM_scalbn
    ldexp_x.o(i.__ldexp$lsc) refers to _rserrno.o(.text) for __set_errno
    ldexp_x.o(i.__ldexp$lsc) refers to qnan.o(.constdata) for __mathlib_zero
    defsig_abrt_inner.o(.text) refers to defsig_general.o(.text) for __default_signal_display
    defsig_rtred_inner.o(.text) refers to defsig_general.o(.text) for __default_signal_display
    defsig_rtmem_inner.o(.text) refers to defsig_general.o(.text) for __default_signal_display
    defsig_stak_inner.o(.text) refers to defsig_general.o(.text) for __default_signal_display
    defsig_pvfn_inner.o(.text) refers to defsig_general.o(.text) for __default_signal_display
    defsig_cppl_inner.o(.text) refers to defsig_general.o(.text) for __default_signal_display
    defsig_segv_inner.o(.text) refers to defsig_general.o(.text) for __default_signal_display
    defsig_other.o(.text) refers to defsig_general.o(.text) for __default_signal_display


==============================================================================

Removing Unused input sections from the image.

    Removing intern_project.o(.rev16_text), (4 bytes).
    Removing intern_project.o(.revsh_text), (4 bytes).
    Removing adc.o(.rev16_text), (4 bytes).
    Removing adc.o(.revsh_text), (4 bytes).
    Removing adc.o(i.ADC_Pin), (72 bytes).
    Removing adc.o(i.Unitialize_ADC), (72 bytes).
    Removing adc.o(i.Voltage_Conversion), (32 bytes).
    Removing gpio.o(.rev16_text), (4 bytes).
    Removing gpio.o(.revsh_text), (4 bytes).
    Removing gpio.o(i.Button_Get_State), (28 bytes).
    Removing gpio.o(i.LED_Off), (20 bytes).
    Removing gpio.o(i.LED_On), (20 bytes).
    Removing gpio.o(i.Unitialize_Port_A), (32 bytes).
    Removing gpio.o(i.Unitialize_Port_C), (24 bytes).
    Removing hts221.o(.rev16_text), (4 bytes).
    Removing hts221.o(.revsh_text), (4 bytes).
    Removing hts221.o(i.HTS221_Configuration), (224 bytes).
    Removing hts221.o(i.HTS221_Humidity_Read), (380 bytes).
    Removing hts221.o(i.HTS221_Temp_Read), (464 bytes).
    Removing i2c.o(.rev16_text), (4 bytes).
    Removing i2c.o(.revsh_text), (4 bytes).
    Removing i2c.o(i.Reset_I2C), (44 bytes).
    Removing retarget.o(i._ttywrch), (12 bytes).
    Removing retarget.o(i.fgetc), (10 bytes).
    Removing serial.o(.rev16_text), (4 bytes).
    Removing serial.o(.revsh_text), (4 bytes).
    Removing serial.o(i.SER_GetChar), (32 bytes).
    Removing timing.o(.rev16_text), (4 bytes).
    Removing timing.o(.revsh_text), (4 bytes).
    Removing lps25hb.o(.rev16_text), (4 bytes).
    Removing lps25hb.o(.revsh_text), (4 bytes).
    Removing lps25hb.o(i.LPS25HB_Configuration), (228 bytes).
    Removing lis3mdl.o(.rev16_text), (4 bytes).
    Removing lis3mdl.o(.revsh_text), (4 bytes).
    Removing lis3mdl.o(i.LIS3MDL_Configuration), (340 bytes).
    Removing lis3mdl.o(i.LIS3MDL_X_Read), (112 bytes).
    Removing lis3mdl.o(i.LIS3MDL_Y_Read), (112 bytes).
    Removing lis3mdl.o(i.LIS3MDL_Z_Read), (112 bytes).
    Removing lsm6ds0.o(.rev16_text), (4 bytes).
    Removing lsm6ds0.o(.revsh_text), (4 bytes).
    Removing lsm6ds0.o(i.LSM6DS0_Configuration), (212 bytes).
    Removing lsm6ds0.o(i.LSM6DS0_Gyroscope_Pitch_Read), (100 bytes).
    Removing lsm6ds0.o(i.LSM6DS0_Gyroscope_Roll_Read), (100 bytes).
    Removing lsm6ds0.o(i.LSM6DS0_Gyroscope_Yaw_Read), (100 bytes).
    Removing lsm6ds0.o(i.LSM6DS0_X_Acceleration_Read), (100 bytes).
    Removing lsm6ds0.o(i.LSM6DS0_Y_Acceleration_Read), (100 bytes).
    Removing lsm6ds0.o(i.LSM6DS0_Z_Acceleration_Read), (100 bytes).
    Removing isk01a1.o(.rev16_text), (4 bytes).
    Removing isk01a1.o(.revsh_text), (4 bytes).
    Removing isk01a1.o(i.ISK01A1_Configuration), (20 bytes).
    Removing isk01a1.o(i.ISK01A1_Get_Acceleration_X), (14 bytes).
    Removing isk01a1.o(i.ISK01A1_Get_Acceleration_Y), (14 bytes).
    Removing isk01a1.o(i.ISK01A1_Get_Acceleration_Z), (14 bytes).
    Removing isk01a1.o(i.ISK01A1_Get_Humidity), (14 bytes).
    Removing isk01a1.o(i.ISK01A1_Get_Magnetic_X), (14 bytes).
    Removing isk01a1.o(i.ISK01A1_Get_Magnetic_Y), (14 bytes).
    Removing isk01a1.o(i.ISK01A1_Get_Magnetic_Z), (14 bytes).
    Removing isk01a1.o(i.ISK01A1_Get_Pitch), (14 bytes).
    Removing isk01a1.o(i.ISK01A1_Get_Pressure), (14 bytes).
    Removing isk01a1.o(i.ISK01A1_Get_Roll), (14 bytes).
    Removing isk01a1.o(i.ISK01A1_Get_Temperature), (14 bytes).
    Removing isk01a1.o(i.ISK01A1_Get_Yaw), (14 bytes).
    Removing isk01a1.o(i.QuadCopter_Altitude), (32 bytes).
    Removing fgpmmopa6h.o(.rev16_text), (4 bytes).
    Removing fgpmmopa6h.o(.revsh_text), (4 bytes).
    Removing fgpmmopa6h.o(i.FGPMMOPA6H_Get_GGA_Altitude), (76 bytes).
    Removing fgpmmopa6h.o(i.FGPMMOPA6H_Get_GPS_Data), (268 bytes).
    Removing fgpmmopa6h.o(i.FGPMMOPA6H_Get_RMC_Date), (88 bytes).
    Removing fgpmmopa6h.o(i.FGPMMOPA6H_Get_RMC_Ground_Speed), (56 bytes).
    Removing fgpmmopa6h.o(i.FGPMMOPA6H_Get_RMC_Latitude), (100 bytes).
    Removing fgpmmopa6h.o(i.FGPMMOPA6H_Get_RMC_Longitude), (100 bytes).
    Removing fgpmmopa6h.o(i.FGPMMOPA6H_Get_RMC_Status), (48 bytes).
    Removing fgpmmopa6h.o(i.FGPMMOPA6H_Get_RMC_UTC_Time), (100 bytes).
    Removing fgpmmopa6h.o(i.FGPMMOPA6H_Parse_GGA), (240 bytes).
    Removing fgpmmopa6h.o(i.FGPMMOPA6H_Parse_RMC_Data), (200 bytes).
    Removing fgpmmopa6h.o(i.Print_GGA_Data), (436 bytes).
    Removing fgpmmopa6h.o(i.Print_RMC_Data), (276 bytes).
    Removing xbeepro24.o(.rev16_text), (4 bytes).
    Removing xbeepro24.o(.revsh_text), (4 bytes).
    Removing system_stm32l0xx.o(.rev16_text), (4 bytes).
    Removing system_stm32l0xx.o(.revsh_text), (4 bytes).

81 unused section(s) (total 5502 bytes) removed from the image.

==============================================================================

Image Symbol Table

    Local Symbols

    Symbol Name                              Value     Ov Type        Size  Object(Section)

    ../clib/angel/boardlib.s                 0x00000000   Number         0  boardinit1.o ABSOLUTE
    ../clib/angel/boardlib.s                 0x00000000   Number         0  boardshut.o ABSOLUTE
    ../clib/angel/boardlib.s                 0x00000000   Number         0  boardinit3.o ABSOLUTE
    ../clib/angel/boardlib.s                 0x00000000   Number         0  boardinit2.o ABSOLUTE
    ../clib/angel/handlers.s                 0x00000000   Number         0  __scatter_zi.o ABSOLUTE
    ../clib/angel/handlers.s                 0x00000000   Number         0  __scatter_copy.o ABSOLUTE
    ../clib/angel/kernel.s                   0x00000000   Number         0  rtexit2.o ABSOLUTE
    ../clib/angel/kernel.s                   0x00000000   Number         0  rtexit.o ABSOLUTE
    ../clib/angel/kernel.s                   0x00000000   Number         0  __rtentry2.o ABSOLUTE
    ../clib/angel/kernel.s                   0x00000000   Number         0  __rtentry4.o ABSOLUTE
    ../clib/angel/kernel.s                   0x00000000   Number         0  __rtentry.o ABSOLUTE
    ../clib/angel/rt.s                       0x00000000   Number         0  rt_errno_addr.o ABSOLUTE
    ../clib/angel/rt.s                       0x00000000   Number         0  aeabi_idiv0_sigfpe.o ABSOLUTE
    ../clib/angel/rt.s                       0x00000000   Number         0  aeabi_idiv0.o ABSOLUTE
    ../clib/angel/rt.s                       0x00000000   Number         0  rt_ctype_table.o ABSOLUTE
    ../clib/angel/rt.s                       0x00000000   Number         0  rt_locale_intlibspace.o ABSOLUTE
    ../clib/angel/rt.s                       0x00000000   Number         0  rt_locale.o ABSOLUTE
    ../clib/angel/rt.s                       0x00000000   Number         0  rt_div0.o ABSOLUTE
    ../clib/angel/rt.s                       0x00000000   Number         0  rt_errno_addr_intlibspace.o ABSOLUTE
    ../clib/angel/rt.s                       0x00000000   Number         0  rt_raise.o ABSOLUTE
    ../clib/angel/scatterp.s                 0x00000000   Number         0  __scatter.o ABSOLUTE
    ../clib/angel/startup.s                  0x00000000   Number         0  __main.o ABSOLUTE
    ../clib/angel/sys.s                      0x00000000   Number         0  libspace.o ABSOLUTE
    ../clib/angel/sys.s                      0x00000000   Number         0  use_no_semi.o ABSOLUTE
    ../clib/angel/sys.s                      0x00000000   Number         0  tempstk.o ABSOLUTE
    ../clib/angel/sys.s                      0x00000000   Number         0  sys_stackheap_outer.o ABSOLUTE
    ../clib/angel/sys.s                      0x00000000   Number         0  indicate_semi.o ABSOLUTE
    ../clib/angel/sysapp.c                   0x00000000   Number         0  sys_command.o ABSOLUTE
    ../clib/armsys.c                         0x00000000   Number         0  argv_veneer.o ABSOLUTE
    ../clib/armsys.c                         0x00000000   Number         0  _get_argv_nomalloc.o ABSOLUTE
    ../clib/armsys.c                         0x00000000   Number         0  no_argv.o ABSOLUTE
    ../clib/bigflt.c                         0x00000000   Number         0  bigflt0.o ABSOLUTE
    ../clib/btod.c                           0x00000000   Number         0  btod.o ABSOLUTE
    ../clib/ctype.c                          0x00000000   Number         0  isspace.o ABSOLUTE
    ../clib/division.c                       0x00000000   Number         0  rtudiv10.o ABSOLUTE
    ../clib/division.c                       0x00000000   Number         0  lludiv10.o ABSOLUTE
    ../clib/division.s                       0x00000000   Number         0  aeabi_sdiv_div0.o ABSOLUTE
    ../clib/division.s                       0x00000000   Number         0  aeabi_sdiv.o ABSOLUTE
    ../clib/fenv.c                           0x00000000   Number         0  _rserrno.o ABSOLUTE
    ../clib/heapalloc.c                      0x00000000   Number         0  hrguard.o ABSOLUTE
    ../clib/heapaux.c                        0x00000000   Number         0  heapauxi.o ABSOLUTE
    ../clib/libinit.s                        0x00000000   Number         0  libinit.o ABSOLUTE
    ../clib/libinit.s                        0x00000000   Number         0  libshutdown2.o ABSOLUTE
    ../clib/libinit.s                        0x00000000   Number         0  libshutdown.o ABSOLUTE
    ../clib/libinit.s                        0x00000000   Number         0  libinit2.o ABSOLUTE
    ../clib/locale.s                         0x00000000   Number         0  lc_ctype_c.o ABSOLUTE
    ../clib/locale.s                         0x00000000   Number         0  lc_numeric_c.o ABSOLUTE
    ../clib/longlong.c                       0x00000000   Number         0  llmul.o ABSOLUTE
    ../clib/longlong.c                       0x00000000   Number         0  llshl.o ABSOLUTE
    ../clib/memcpset.c                       0x00000000   Number         0  rt_memclr.o ABSOLUTE
    ../clib/printf.c                         0x00000000   Number         0  _printf_hex_int.o ABSOLUTE
    ../clib/printf.c                         0x00000000   Number         0  noretval__2sprintf.o ABSOLUTE
    ../clib/printf.c                         0x00000000   Number         0  _printf_hex_int_ll.o ABSOLUTE
    ../clib/printf.c                         0x00000000   Number         0  _printf_hex_ptr.o ABSOLUTE
    ../clib/printf.c                         0x00000000   Number         0  _printf_hex_int_ptr.o ABSOLUTE
    ../clib/printf.c                         0x00000000   Number         0  noretval__2printf.o ABSOLUTE
    ../clib/printf.c                         0x00000000   Number         0  __2sprintf.o ABSOLUTE
    ../clib/printf.c                         0x00000000   Number         0  _printf_hex_ll_ptr.o ABSOLUTE
    ../clib/printf.c                         0x00000000   Number         0  _printf_hex_int_ll_ptr.o ABSOLUTE
    ../clib/printf.c                         0x00000000   Number         0  __2printf.o ABSOLUTE
    ../clib/printf.c                         0x00000000   Number         0  __printf_flags.o ABSOLUTE
    ../clib/printf.c                         0x00000000   Number         0  __printf_ss.o ABSOLUTE
    ../clib/printf.c                         0x00000000   Number         0  __printf_flags_ss.o ABSOLUTE
    ../clib/printf.c                         0x00000000   Number         0  _printf_fp_infnan.o ABSOLUTE
    ../clib/printf.c                         0x00000000   Number         0  __printf_wp.o ABSOLUTE
    ../clib/printf.c                         0x00000000   Number         0  __printf_nopercent.o ABSOLUTE
    ../clib/printf.c                         0x00000000   Number         0  __printf_ss_wp.o ABSOLUTE
    ../clib/printf.c                         0x00000000   Number         0  __printf_flags_ss_wp.o ABSOLUTE
    ../clib/printf.c                         0x00000000   Number         0  _printf_intcommon.o ABSOLUTE
    ../clib/printf.c                         0x00000000   Number         0  _printf_fp_dec.o ABSOLUTE
    ../clib/printf.c                         0x00000000   Number         0  __printf_flags_wp.o ABSOLUTE
    ../clib/printf.c                         0x00000000   Number         0  _printf_dec.o ABSOLUTE
    ../clib/printf.c                         0x00000000   Number         0  __printf.o ABSOLUTE
    ../clib/printf.c                         0x00000000   Number         0  _printf_str.o ABSOLUTE
    ../clib/printf.c                         0x00000000   Number         0  _printf_char_common.o ABSOLUTE
    ../clib/printf.c                         0x00000000   Number         0  _sputc.o ABSOLUTE
    ../clib/printf.c                         0x00000000   Number         0  _printf_hex_ll.o ABSOLUTE
    ../clib/printf.c                         0x00000000   Number         0  _printf_char.o ABSOLUTE
    ../clib/printf.c                         0x00000000   Number         0  _printf_char_file.o ABSOLUTE
    ../clib/printf_percent.s                 0x00000000   Number         0  _printf_c.o ABSOLUTE
    ../clib/printf_percent.s                 0x00000000   Number         0  _printf_s.o ABSOLUTE
    ../clib/printf_percent.s                 0x00000000   Number         0  _printf_i.o ABSOLUTE
    ../clib/printf_percent.s                 0x00000000   Number         0  _printf_percent.o ABSOLUTE
    ../clib/printf_percent.s                 0x00000000   Number         0  _printf_x.o ABSOLUTE
    ../clib/printf_percent.s                 0x00000000   Number         0  _printf_percent_end.o ABSOLUTE
    ../clib/printf_percent.s                 0x00000000   Number         0  _printf_f.o ABSOLUTE
    ../clib/scanf.c                          0x00000000   Number         0  scanf_infnan.o ABSOLUTE
    ../clib/scanf.c                          0x00000000   Number         0  atoi.o ABSOLUTE
    ../clib/scanf.c                          0x00000000   Number         0  scanf_hexfp.o ABSOLUTE
    ../clib/scanf.c                          0x00000000   Number         0  strtol.o ABSOLUTE
    ../clib/scanf.c                          0x00000000   Number         0  scanf_fp.o ABSOLUTE
    ../clib/scanf.c                          0x00000000   Number         0  _chval.o ABSOLUTE
    ../clib/scanf.c                          0x00000000   Number         0  _strtoul.o ABSOLUTE
    ../clib/scanf.c                          0x00000000   Number         0  _sgetc.o ABSOLUTE
    ../clib/scanf.c                          0x00000000   Number         0  strtod.o ABSOLUTE
    ../clib/signal.c                         0x00000000   Number         0  defsig_fpe_outer.o ABSOLUTE
    ../clib/signal.c                         0x00000000   Number         0  defsig_fpe_formal.o ABSOLUTE
    ../clib/signal.c                         0x00000000   Number         0  defsig_fpe_inner.o ABSOLUTE
    ../clib/signal.c                         0x00000000   Number         0  __raise.o ABSOLUTE
    ../clib/signal.c                         0x00000000   Number         0  defsig_general.o ABSOLUTE
    ../clib/signal.c                         0x00000000   Number         0  defsig_exit.o ABSOLUTE
    ../clib/signal.c                         0x00000000   Number         0  defsig_rtmem_outer.o ABSOLUTE
    ../clib/signal.c                         0x00000000   Number         0  defsig_rtmem_formal.o ABSOLUTE
    ../clib/signal.c                         0x00000000   Number         0  defsig_abrt_inner.o ABSOLUTE
    ../clib/signal.c                         0x00000000   Number         0  defsig_rtred_inner.o ABSOLUTE
    ../clib/signal.c                         0x00000000   Number         0  defsig_rtmem_inner.o ABSOLUTE
    ../clib/signal.c                         0x00000000   Number         0  defsig_stak_inner.o ABSOLUTE
    ../clib/signal.c                         0x00000000   Number         0  defsig_pvfn_inner.o ABSOLUTE
    ../clib/signal.c                         0x00000000   Number         0  defsig_cppl_inner.o ABSOLUTE
    ../clib/signal.c                         0x00000000   Number         0  defsig_segv_inner.o ABSOLUTE
    ../clib/signal.c                         0x00000000   Number         0  defsig_other.o ABSOLUTE
    ../clib/signal.s                         0x00000000   Number         0  defsig.o ABSOLUTE
    ../clib/stdlib.c                         0x00000000   Number         0  exit.o ABSOLUTE
    ../clib/string.c                         0x00000000   Number         0  strlen.o ABSOLUTE
    ../clib/string.c                         0x00000000   Number         0  strncmp.o ABSOLUTE
    ../clib/string.c                         0x00000000   Number         0  strcpy.o ABSOLUTE
    ../clib/string.c                         0x00000000   Number         0  strtok.o ABSOLUTE
    ../clib/string.c                         0x00000000   Number         0  strtok_int.o ABSOLUTE
    ../clib/string.c                         0x00000000   Number         0  strcspn.o ABSOLUTE
    ../clib/string.c                         0x00000000   Number         0  strspn.o ABSOLUTE
    ../clib/string.c                         0x00000000   Number         0  strcmp.o ABSOLUTE
    ../clib/string.c                         0x00000000   Number         0  strncpy.o ABSOLUTE
    ../fplib/cfplib/cmpret.c                 0x00000000   Number         0  cmpret.o ABSOLUTE
    ../fplib/cfplib/d2f.c                    0x00000000   Number         0  d2f.o ABSOLUTE
    ../fplib/cfplib/daddsub.c                0x00000000   Number         0  daddsub.o ABSOLUTE
    ../fplib/cfplib/dcmpin.c                 0x00000000   Number         0  dcmpin.o ABSOLUTE
    ../fplib/cfplib/ddiv.c                   0x00000000   Number         0  ddiv.o ABSOLUTE
    ../fplib/cfplib/dmul.c                   0x00000000   Number         0  dmul.o ABSOLUTE
    ../fplib/cfplib/dsqrt.c                  0x00000000   Number         0  dsqrt.o ABSOLUTE
    ../fplib/cfplib/f2d.c                    0x00000000   Number         0  f2d.o ABSOLUTE
    ../fplib/cfplib/fdiv.c                   0x00000000   Number         0  fdiv.o ABSOLUTE
    ../fplib/cfplib/fflt.c                   0x00000000   Number         0  dflti.o ABSOLUTE
    ../fplib/cfplib/fflt.c                   0x00000000   Number         0  fflti.o ABSOLUTE
    ../fplib/cfplib/fpinit.c                 0x00000000   Number         0  fpinit.o ABSOLUTE
    ../fplib/cfplib/ieee_status.c            0x00000000   Number         0  ieee_status.o ABSOLUTE
    ../fplib/cfplib/nan2.c                   0x00000000   Number         0  dnan2.o ABSOLUTE
    ../fplib/cfplib/retnan.c                 0x00000000   Number         0  retnan.o ABSOLUTE
    ../fplib/cfplib/scalbn.c                 0x00000000   Number         0  dscalbn.o ABSOLUTE
    ../fplib/deqf6m.s                        0x00000000   Number         0  deqf.o ABSOLUTE
    ../fplib/dleqf6m.s                       0x00000000   Number         0  dlef.o ABSOLUTE
    ../fplib/drleqf6m.s                      0x00000000   Number         0  drlef.o ABSOLUTE
    ../fplib/faddsub6m.s                     0x00000000   Number         0  faddsub.o ABSOLUTE
    ../fplib/fmul6m.s                        0x00000000   Number         0  fmul.o ABSOLUTE
    ../fplib/fpconst.s                       0x00000000   Number         0  fpconst.o ABSOLUTE
    ../fplib/printf1.s                       0x00000000   Number         0  printf1.o ABSOLUTE
    ../fplib/scanf1.s                        0x00000000   Number         0  scanf1.o ABSOLUTE
    ../fplib/scanf2.s                        0x00000000   Number         0  scanf2.o ABSOLUTE
    ../fplib/scanf2a.s                       0x00000000   Number         0  scanf2a.o ABSOLUTE
    ../fplib/scanf2b.s                       0x00000000   Number         0  scanf2b.o ABSOLUTE
    ../fplib/usenofp.s                       0x00000000   Number         0  usenofp.o ABSOLUTE
    ../mathlib/atof.c                        0x00000000   Number         0  atof.o ABSOLUTE
    ../mathlib/dunder.c                      0x00000000   Number         0  dunder.o ABSOLUTE
    ../mathlib/fpclassify.c                  0x00000000   Number         0  fpclassify.o ABSOLUTE
    ../mathlib/frexp.c                       0x00000000   Number         0  frexp.o ABSOLUTE
    ../mathlib/ldexp.c                       0x00000000   Number         0  ldexp_x.o ABSOLUTE
    ../mathlib/ldexp.c                       0x00000000   Number         0  ldexp.o ABSOLUTE
    ../mathlib/narrow.c                      0x00000000   Number         0  narrow.o ABSOLUTE
    ../mathlib/poly.c                        0x00000000   Number         0  poly.o ABSOLUTE
    ../mathlib/pow.c                         0x00000000   Number         0  pow_x.o ABSOLUTE
    ../mathlib/pow.c                         0x00000000   Number         0  pow.o ABSOLUTE
    ../mathlib/qnan.c                        0x00000000   Number         0  qnan.o ABSOLUTE
    ../mathlib/sqrt.c                        0x00000000   Number         0  sqrt.o ABSOLUTE
    ../mathlib/sqrt.c                        0x00000000   Number         0  sqrt_x.o ABSOLUTE
    ADC.c                                    0x00000000   Number         0  adc.o ABSOLUTE
    ADC.c                                    0x00000000   Number         0  adc.o ABSOLUTE
    FGPMMOPA6H.c                             0x00000000   Number         0  fgpmmopa6h.o ABSOLUTE
    FGPMMOPA6H.c                             0x00000000   Number         0  fgpmmopa6h.o ABSOLUTE
    GPIO.c                                   0x00000000   Number         0  gpio.o ABSOLUTE
    GPIO.c                                   0x00000000   Number         0  gpio.o ABSOLUTE
    HTS221.c                                 0x00000000   Number         0  hts221.o ABSOLUTE
    HTS221.c                                 0x00000000   Number         0  hts221.o ABSOLUTE
    I2C.c                                    0x00000000   Number         0  i2c.o ABSOLUTE
    I2C.c                                    0x00000000   Number         0  i2c.o ABSOLUTE
    ISK01A1.c                                0x00000000   Number         0  isk01a1.o ABSOLUTE
    ISK01A1.c                                0x00000000   Number         0  isk01a1.o ABSOLUTE
    Intern_Project.c                         0x00000000   Number         0  intern_project.o ABSOLUTE
    Intern_Project.c                         0x00000000   Number         0  intern_project.o ABSOLUTE
    LIS3MDL.c                                0x00000000   Number         0  lis3mdl.o ABSOLUTE
    LIS3MDL.c                                0x00000000   Number         0  lis3mdl.o ABSOLUTE
    LPS25HB.c                                0x00000000   Number         0  lps25hb.o ABSOLUTE
    LPS25HB.c                                0x00000000   Number         0  lps25hb.o ABSOLUTE
    LSM6DS0.c                                0x00000000   Number         0  lsm6ds0.o ABSOLUTE
    LSM6DS0.c                                0x00000000   Number         0  lsm6ds0.o ABSOLUTE
    RTE\Device\STM32L053R8\startup_stm32l053xx.s 0x00000000   Number         0  startup_stm32l053xx.o ABSOLUTE
    RTE\Device\STM32L053R8\system_stm32l0xx.c 0x00000000   Number         0  system_stm32l0xx.o ABSOLUTE
    RTE\\Device\\STM32L053R8\\system_stm32l0xx.c 0x00000000   Number         0  system_stm32l0xx.o ABSOLUTE
    Retarget.c                               0x00000000   Number         0  retarget.o ABSOLUTE
    Serial.c                                 0x00000000   Number         0  serial.o ABSOLUTE
    Serial.c                                 0x00000000   Number         0  serial.o ABSOLUTE
    Timing.c                                 0x00000000   Number         0  timing.o ABSOLUTE
    Timing.c                                 0x00000000   Number         0  timing.o ABSOLUTE
    XBeePro24.c                              0x00000000   Number         0  xbeepro24.o ABSOLUTE
    XBeePro24.c                              0x00000000   Number         0  xbeepro24.o ABSOLUTE
    dc.s                                     0x00000000   Number         0  dc.o ABSOLUTE
    RESET                                    0x08000000   Section      192  startup_stm32l053xx.o(RESET)
    !!!main                                  0x080000c0   Section        8  __main.o(!!!main)
    !!!scatter                               0x080000c8   Section       60  __scatter.o(!!!scatter)
    !!handler_copy                           0x08000104   Section       26  __scatter_copy.o(!!handler_copy)
    !!handler_zi                             0x08000120   Section       28  __scatter_zi.o(!!handler_zi)
    .ARM.Collect$$_printf_percent$$00000000  0x0800013c   Section        2  _printf_percent.o(.ARM.Collect$$_printf_percent$$00000000)
    .ARM.Collect$$_printf_percent$$00000014  0x0800013e   Section       10  _printf_s.o(.ARM.Collect$$_printf_percent$$00000014)
    .ARM.Collect$$_printf_percent$$00000017  0x08000148   Section        4  _printf_percent_end.o(.ARM.Collect$$_printf_percent$$00000017)
    .ARM.Collect$$libinit$$00000000          0x0800014c   Section        2  libinit.o(.ARM.Collect$$libinit$$00000000)
    .ARM.Collect$$libinit$$00000002          0x0800014e   Section        0  libinit2.o(.ARM.Collect$$libinit$$00000002)
    .ARM.Collect$$libinit$$00000004          0x0800014e   Section        0  libinit2.o(.ARM.Collect$$libinit$$00000004)
    .ARM.Collect$$libinit$$0000000A          0x0800014e   Section        0  libinit2.o(.ARM.Collect$$libinit$$0000000A)
    .ARM.Collect$$libinit$$0000000C          0x0800014e   Section        0  libinit2.o(.ARM.Collect$$libinit$$0000000C)
    .ARM.Collect$$libinit$$0000000E          0x0800014e   Section        0  libinit2.o(.ARM.Collect$$libinit$$0000000E)
    .ARM.Collect$$libinit$$00000011          0x0800014e   Section        0  libinit2.o(.ARM.Collect$$libinit$$00000011)
    .ARM.Collect$$libinit$$00000013          0x0800014e   Section        0  libinit2.o(.ARM.Collect$$libinit$$00000013)
    .ARM.Collect$$libinit$$00000015          0x0800014e   Section        0  libinit2.o(.ARM.Collect$$libinit$$00000015)
    .ARM.Collect$$libinit$$00000017          0x0800014e   Section        0  libinit2.o(.ARM.Collect$$libinit$$00000017)
    .ARM.Collect$$libinit$$00000019          0x0800014e   Section        0  libinit2.o(.ARM.Collect$$libinit$$00000019)
    .ARM.Collect$$libinit$$0000001B          0x0800014e   Section        0  libinit2.o(.ARM.Collect$$libinit$$0000001B)
    .ARM.Collect$$libinit$$0000001D          0x0800014e   Section        0  libinit2.o(.ARM.Collect$$libinit$$0000001D)
    .ARM.Collect$$libinit$$0000001F          0x0800014e   Section        0  libinit2.o(.ARM.Collect$$libinit$$0000001F)
    .ARM.Collect$$libinit$$00000021          0x0800014e   Section        0  libinit2.o(.ARM.Collect$$libinit$$00000021)
    .ARM.Collect$$libinit$$00000023          0x0800014e   Section        0  libinit2.o(.ARM.Collect$$libinit$$00000023)
    .ARM.Collect$$libinit$$00000025          0x0800014e   Section        0  libinit2.o(.ARM.Collect$$libinit$$00000025)
    .ARM.Collect$$libinit$$0000002C          0x0800014e   Section        0  libinit2.o(.ARM.Collect$$libinit$$0000002C)
    .ARM.Collect$$libinit$$0000002E          0x0800014e   Section        0  libinit2.o(.ARM.Collect$$libinit$$0000002E)
    .ARM.Collect$$libinit$$00000030          0x0800014e   Section        0  libinit2.o(.ARM.Collect$$libinit$$00000030)
    .ARM.Collect$$libinit$$00000032          0x0800014e   Section        0  libinit2.o(.ARM.Collect$$libinit$$00000032)
    .ARM.Collect$$libinit$$00000033          0x0800014e   Section        2  libinit2.o(.ARM.Collect$$libinit$$00000033)
    .ARM.Collect$$libshutdown$$00000000      0x08000150   Section        2  libshutdown.o(.ARM.Collect$$libshutdown$$00000000)
    .ARM.Collect$$libshutdown$$00000003      0x08000152   Section        0  libshutdown2.o(.ARM.Collect$$libshutdown$$00000003)
    .ARM.Collect$$libshutdown$$00000006      0x08000152   Section        0  libshutdown2.o(.ARM.Collect$$libshutdown$$00000006)
    .ARM.Collect$$libshutdown$$00000009      0x08000152   Section        0  libshutdown2.o(.ARM.Collect$$libshutdown$$00000009)
    .ARM.Collect$$libshutdown$$0000000B      0x08000152   Section        0  libshutdown2.o(.ARM.Collect$$libshutdown$$0000000B)
    .ARM.Collect$$libshutdown$$0000000E      0x08000152   Section        0  libshutdown2.o(.ARM.Collect$$libshutdown$$0000000E)
    .ARM.Collect$$libshutdown$$0000000F      0x08000152   Section        2  libshutdown2.o(.ARM.Collect$$libshutdown$$0000000F)
    .ARM.Collect$$rtentry$$00000000          0x08000154   Section        0  __rtentry.o(.ARM.Collect$$rtentry$$00000000)
    .ARM.Collect$$rtentry$$00000002          0x08000154   Section        0  __rtentry2.o(.ARM.Collect$$rtentry$$00000002)
    .ARM.Collect$$rtentry$$00000004          0x08000154   Section        6  __rtentry4.o(.ARM.Collect$$rtentry$$00000004)
    .ARM.Collect$$rtentry$$00000009          0x0800015a   Section        0  __rtentry2.o(.ARM.Collect$$rtentry$$00000009)
    .ARM.Collect$$rtentry$$0000000A          0x0800015a   Section        4  __rtentry2.o(.ARM.Collect$$rtentry$$0000000A)
    .ARM.Collect$$rtentry$$0000000C          0x0800015e   Section        0  __rtentry2.o(.ARM.Collect$$rtentry$$0000000C)
    .ARM.Collect$$rtentry$$0000000D          0x0800015e   Section        8  __rtentry2.o(.ARM.Collect$$rtentry$$0000000D)
    .ARM.Collect$$rtexit$$00000000           0x08000166   Section        2  rtexit.o(.ARM.Collect$$rtexit$$00000000)
    .ARM.Collect$$rtexit$$00000002           0x08000168   Section        0  rtexit2.o(.ARM.Collect$$rtexit$$00000002)
    .ARM.Collect$$rtexit$$00000003           0x08000168   Section        4  rtexit2.o(.ARM.Collect$$rtexit$$00000003)
    .ARM.Collect$$rtexit$$00000004           0x0800016c   Section        6  rtexit2.o(.ARM.Collect$$rtexit$$00000004)
    .text                                    0x08000174   Section       60  startup_stm32l053xx.o(.text)
    .text                                    0x080001b0   Section        2  use_no_semi.o(.text)
    .text                                    0x080001b4   Section        0  noretval__2printf.o(.text)
    .text                                    0x080001d0   Section        0  __printf.o(.text)
    .text                                    0x0800023c   Section        0  _printf_str.o(.text)
    .text                                    0x08000290   Section        0  strcpy.o(.text)
    .text                                    0x080002dc   Section        0  strlen.o(.text)
    .text                                    0x08000320   Section        0  strncmp.o(.text)
    .text                                    0x080003c0   Section        0  rt_memclr.o(.text)
    .text                                    0x08000400   Section        0  strncpy.o(.text)
    .text                                    0x0800046c   Section      346  aeabi_sdiv.o(.text)
    .text                                    0x080005c6   Section        0  heapauxi.o(.text)
    .text                                    0x080005cc   Section        0  d2f.o(.text)
    .text                                    0x08000648   Section        0  daddsub.o(.text)
    _dadd1                                   0x08000649   Thumb Code   290  daddsub.o(.text)
    _dsub1                                   0x0800076b   Thumb Code   470  daddsub.o(.text)
    .text                                    0x080009a0   Section        0  ddiv.o(.text)
    .text                                    0x08000de8   Section        0  dmul.o(.text)
    .text                                    0x08001030   Section        0  f2d.o(.text)
    .text                                    0x08001084   Section        0  fdiv.o(.text)
    .text                                    0x080011e4   Section        0  fflti.o(.text)
    .text                                    0x08001244   Section        8  rt_errno_addr_intlibspace.o(.text)
    .text                                    0x0800124c   Section        0  _rserrno.o(.text)
    .text                                    0x08001264   Section        0  _printf_char_common.o(.text)
    _printf_input_char                       0x08001265   Thumb Code    10  _printf_char_common.o(.text)
    .text                                    0x08001294   Section        0  _printf_char.o(.text)
    .text                                    0x080012c4   Section        0  _printf_char_file.o(.text)
    .text                                    0x080012ec   Section        0  dflti.o(.text)
    .text                                    0x08001344   Section        0  dscalbn.o(.text)
    .text                                    0x080013a4   Section        8  libspace.o(.text)
    .text                                    0x080013ac   Section        0  dcmpin.o(.text)
    .text                                    0x0800143c   Section        0  dsqrt.o(.text)
    .text                                    0x0800153c   Section       62  sys_stackheap_outer.o(.text)
    .text                                    0x0800157a   Section        0  exit.o(.text)
    .text                                    0x08001588   Section        0  cmpret.o(.text)
    .text                                    0x080015b8   Section        0  dnan2.o(.text)
    .text                                    0x080015cc   Section        0  retnan.o(.text)
    i.ADC_Init                               0x0800162c   Section        0  adc.o(i.ADC_Init)
    i.Button_Initialize                      0x080016a0   Section        0  gpio.o(i.Button_Initialize)
    i.Delay                                  0x080016b4   Section        0  timing.o(i.Delay)
    i.FGPMMOPA6H_Init                        0x080016cc   Section        0  fgpmmopa6h.o(i.FGPMMOPA6H_Init)
    i.HTS221_Init                            0x08001778   Section        0  hts221.o(i.HTS221_Init)
    i.I2C_Init                               0x080017b4   Section        0  i2c.o(i.I2C_Init)
    i.I2C_Read_Reg                           0x08001824   Section        0  i2c.o(i.I2C_Read_Reg)
    i.I2C_Write_Reg                          0x080018e4   Section        0  i2c.o(i.I2C_Write_Reg)
    i.IO_Init                                0x08001984   Section        0  intern_project.o(i.IO_Init)
    i.ISK01A1_Get_Altitude                   0x080019fc   Section        0  isk01a1.o(i.ISK01A1_Get_Altitude)
    i.ISK01A1_Init                           0x08001ab8   Section        0  isk01a1.o(i.ISK01A1_Init)
    i.Initialize_Port_A                      0x08001c90   Section        0  gpio.o(i.Initialize_Port_A)
    i.Initialize_Port_C                      0x08001d00   Section        0  gpio.o(i.Initialize_Port_C)
    i.LED_Init                               0x08001d58   Section        0  gpio.o(i.LED_Init)
    i.LIS3MDL_Init                           0x08001d6c   Section        0  lis3mdl.o(i.LIS3MDL_Init)
    i.LPS25HB_Init                           0x08001dbc   Section        0  lps25hb.o(i.LPS25HB_Init)
    i.LPS25HB_Pressure_Read                  0x08001df8   Section        0  lps25hb.o(i.LPS25HB_Pressure_Read)
    i.LPUART1_PutChar                        0x08001e8c   Section        0  xbeepro24.o(i.LPUART1_PutChar)
    i.LPUART1_Send                           0x08001ea8   Section        0  xbeepro24.o(i.LPUART1_Send)
    i.LPUART_Init                            0x08001ec8   Section        0  xbeepro24.o(i.LPUART_Init)
    i.LSM6DS0_Init                           0x08001f38   Section        0  lsm6ds0.o(i.LSM6DS0_Init)
    i.NVIC_SetPriority                       0x08001f74   Section        0  intern_project.o(i.NVIC_SetPriority)
    NVIC_SetPriority                         0x08001f75   Thumb Code   110  intern_project.o(i.NVIC_SetPriority)
    i.NVIC_SetPriority                       0x08001fec   Section        0  fgpmmopa6h.o(i.NVIC_SetPriority)
    NVIC_SetPriority                         0x08001fed   Thumb Code   110  fgpmmopa6h.o(i.NVIC_SetPriority)
    i.NVIC_SetPriority                       0x08002064   Section        0  xbeepro24.o(i.NVIC_SetPriority)
    NVIC_SetPriority                         0x08002065   Thumb Code   110  xbeepro24.o(i.NVIC_SetPriority)
    i.RNG_LPUART1_IRQHandler                 0x080020dc   Section        0  xbeepro24.o(i.RNG_LPUART1_IRQHandler)
    i.Read_Xbee_Init                         0x08002160   Section        0  xbeepro24.o(i.Read_Xbee_Init)
    i.SER_Initialize                         0x08002260   Section        0  serial.o(i.SER_Initialize)
    i.SER_PutChar                            0x080022d4   Section        0  serial.o(i.SER_PutChar)
    i.SysTick_Handler                        0x080022f0   Section        0  timing.o(i.SysTick_Handler)
    i.SystemCoreClockInit                    0x08002300   Section        0  timing.o(i.SystemCoreClockInit)
    i.SystemCoreClockUpdate                  0x080023f8   Section        0  system_stm32l0xx.o(i.SystemCoreClockUpdate)
    i.SystemInit                             0x080024f8   Section        0  system_stm32l0xx.o(i.SystemInit)
    i.USART1_IRQHandler                      0x08002560   Section        0  fgpmmopa6h.o(i.USART1_IRQHandler)
    i.USART1_Init                            0x08002688   Section        0  fgpmmopa6h.o(i.USART1_Init)
    i.USART1_PutChar                         0x08002754   Section        0  fgpmmopa6h.o(i.USART1_PutChar)
    i.USART1_Send                            0x08002770   Section        0  fgpmmopa6h.o(i.USART1_Send)
    i.Wait_For_Data                          0x08002790   Section        0  xbeepro24.o(i.Wait_For_Data)
    i.Wait_For_OK                            0x080027b0   Section        0  xbeepro24.o(i.Wait_For_OK)
    i.XBee_Init                              0x080027d0   Section        0  xbeepro24.o(i.XBee_Init)
    i.__ARM_fpclassify                       0x08002848   Section        0  fpclassify.o(i.__ARM_fpclassify)
    i.__kernel_poly                          0x08002874   Section        0  poly.o(i.__kernel_poly)
    i.__mathlib_dbl_divzero                  0x08002920   Section        0  dunder.o(i.__mathlib_dbl_divzero)
    i.__mathlib_dbl_infnan2                  0x08002934   Section        0  dunder.o(i.__mathlib_dbl_infnan2)
    i.__mathlib_dbl_invalid                  0x0800293c   Section        0  dunder.o(i.__mathlib_dbl_invalid)
    i.__mathlib_dbl_overflow                 0x0800294c   Section        0  dunder.o(i.__mathlib_dbl_overflow)
    i.__mathlib_dbl_underflow                0x08002960   Section        0  dunder.o(i.__mathlib_dbl_underflow)
    i._sys_exit                              0x08002974   Section        0  retarget.o(i._sys_exit)
    i.ferror                                 0x08002978   Section        0  retarget.o(i.ferror)
    i.fputc                                  0x08002980   Section        0  retarget.o(i.fputc)
    i.main                                   0x0800298e   Section        0  intern_project.o(i.main)
    i.pow                                    0x08002998   Section        0  pow.o(i.pow)
    i.sqrt                                   0x08003318   Section        0  sqrt.o(i.sqrt)
    x$fpl$drleqf                             0x08003360   Section      104  drlef.o(x$fpl$drleqf)
    .constdata                               0x080033c8   Section       40  fgpmmopa6h.o(.constdata)
    x$fpl$usenofp                            0x080033c8   Section        0  usenofp.o(x$fpl$usenofp)
    GGA_Tag                                  0x080033c8   Data           7  fgpmmopa6h.o(.constdata)
    GSA_Tag                                  0x080033cf   Data           7  fgpmmopa6h.o(.constdata)
    GSV_Tag                                  0x080033d6   Data           7  fgpmmopa6h.o(.constdata)
    RMC_Tag                                  0x080033dd   Data           7  fgpmmopa6h.o(.constdata)
    VTG_Tag                                  0x080033e4   Data           7  fgpmmopa6h.o(.constdata)
    .constdata                               0x080033f0   Section        3  xbeepro24.o(.constdata)
    OK                                       0x080033f0   Data           3  xbeepro24.o(.constdata)
    .constdata                               0x080033f3   Section      128  ddiv.o(.constdata)
    ddiv_reciptbl                            0x080033f3   Data         128  ddiv.o(.constdata)
    .constdata                               0x08003473   Section       64  fdiv.o(.constdata)
    fdiv_tab                                 0x08003473   Data          64  fdiv.o(.constdata)
    .constdata                               0x080034b8   Section      136  pow.o(.constdata)
    bp                                       0x080034b8   Data          16  pow.o(.constdata)
    dp_h                                     0x080034c8   Data          16  pow.o(.constdata)
    dp_l                                     0x080034d8   Data          16  pow.o(.constdata)
    L                                        0x080034e8   Data          48  pow.o(.constdata)
    P                                        0x08003518   Data          40  pow.o(.constdata)
    .constdata                               0x08003540   Section        8  qnan.o(.constdata)
    .data                                    0x20000000   Section        4  i2c.o(.data)
    .data                                    0x20000004   Section        8  retarget.o(.data)
    .data                                    0x2000000c   Section        4  timing.o(.data)
    .data                                    0x20000010   Section        8  isk01a1.o(.data)
    .data                                    0x20000018   Section      133  fgpmmopa6h.o(.data)
    .data                                    0x2000009d   Section        3  xbeepro24.o(.data)
    .data                                    0x200000a0   Section       29  system_stm32l0xx.o(.data)
    .bss                                     0x200000c0   Section      868  fgpmmopa6h.o(.bss)
    .bss                                     0x20000424   Section       96  xbeepro24.o(.bss)
    .bss                                     0x20000484   Section       96  libspace.o(.bss)
    HEAP                                     0x200004e8   Section      512  startup_stm32l053xx.o(HEAP)
    Heap_Mem                                 0x200004e8   Data         512  startup_stm32l053xx.o(HEAP)
    STACK                                    0x200006e8   Section     1024  startup_stm32l053xx.o(STACK)
    Stack_Mem                                0x200006e8   Data        1024  startup_stm32l053xx.o(STACK)
    __initial_sp                             0x20000ae8   Data           0  startup_stm32l053xx.o(STACK)

    Global Symbols

    Symbol Name                              Value     Ov Type        Size  Object(Section)

    BuildAttributes$$THM_ISAv3M$S$PE$A:L22$X:L11$S22$IEEE1$IW$USESV6$~STKCKD$USESV7$~SHL$OTIME$ROPI$IEEEX$EBA8$UX$STANDARDLIB$REQ8$PRES8$EABIv2 0x00000000   Number         0  anon$$obj.o ABSOLUTE
    __ARM_use_no_argv                        0x00000000   Number         0  intern_project.o ABSOLUTE
    __ARM_exceptions_init                     - Undefined Weak Reference
    __alloca_initialize                       - Undefined Weak Reference
    __arm_preinit_                            - Undefined Weak Reference
    __cpp_initialize__aeabi_                  - Undefined Weak Reference
    __cxa_finalize                            - Undefined Weak Reference
    __sigvec_lookup                           - Undefined Weak Reference
    _atexit_init                              - Undefined Weak Reference
    _call_atexit_fns                          - Undefined Weak Reference
    _clock_init                               - Undefined Weak Reference
    _fp_trap_init                             - Undefined Weak Reference
    _fp_trap_shutdown                         - Undefined Weak Reference
    _get_lc_collate                           - Undefined Weak Reference
    _get_lc_monetary                          - Undefined Weak Reference
    _get_lc_time                              - Undefined Weak Reference
    _getenv_init                              - Undefined Weak Reference
    _handle_redirection                       - Undefined Weak Reference
    _init_alloc                               - Undefined Weak Reference
    _init_user_alloc                          - Undefined Weak Reference
    _initio                                   - Undefined Weak Reference
    _printf_mbtowc                            - Undefined Weak Reference
    _printf_post_padding                      - Undefined Weak Reference
    _printf_pre_padding                       - Undefined Weak Reference
    _printf_truncate_signed                   - Undefined Weak Reference
    _printf_truncate_unsigned                 - Undefined Weak Reference
    _rand_init                                - Undefined Weak Reference
    _signal_finish                            - Undefined Weak Reference
    _signal_init                              - Undefined Weak Reference
    _terminate_alloc                          - Undefined Weak Reference
    _terminate_user_alloc                     - Undefined Weak Reference
    _terminateio                              - Undefined Weak Reference
    __Vectors_Size                           0x000000c0   Number         0  startup_stm32l053xx.o ABSOLUTE
    __Vectors                                0x08000000   Data           4  startup_stm32l053xx.o(RESET)
    __Vectors_End                            0x080000c0   Data           0  startup_stm32l053xx.o(RESET)
    __main                                   0x080000c1   Thumb Code     8  __main.o(!!!main)
    __scatterload                            0x080000c9   Thumb Code     0  __scatter.o(!!!scatter)
    __scatterload_rt2                        0x080000c9   Thumb Code    52  __scatter.o(!!!scatter)
    __scatterload_rt2_thumb_only             0x080000c9   Thumb Code     0  __scatter.o(!!!scatter)
    __scatterload_null                       0x080000d9   Thumb Code     0  __scatter.o(!!!scatter)
    __scatterload_copy                       0x08000105   Thumb Code    26  __scatter_copy.o(!!handler_copy)
    __scatterload_zeroinit                   0x08000121   Thumb Code    28  __scatter_zi.o(!!handler_zi)
    _printf_percent                          0x0800013d   Thumb Code     0  _printf_percent.o(.ARM.Collect$$_printf_percent$$00000000)
    _printf_s                                0x0800013f   Thumb Code     0  _printf_s.o(.ARM.Collect$$_printf_percent$$00000014)
    _printf_percent_end                      0x08000149   Thumb Code     0  _printf_percent_end.o(.ARM.Collect$$_printf_percent$$00000017)
    __rt_lib_init                            0x0800014d   Thumb Code     0  libinit.o(.ARM.Collect$$libinit$$00000000)
    __rt_lib_init_alloca_1                   0x0800014f   Thumb Code     0  libinit2.o(.ARM.Collect$$libinit$$0000002E)
    __rt_lib_init_argv_1                     0x0800014f   Thumb Code     0  libinit2.o(.ARM.Collect$$libinit$$0000002C)
    __rt_lib_init_atexit_1                   0x0800014f   Thumb Code     0  libinit2.o(.ARM.Collect$$libinit$$0000001B)
    __rt_lib_init_clock_1                    0x0800014f   Thumb Code     0  libinit2.o(.ARM.Collect$$libinit$$00000021)
    __rt_lib_init_cpp_1                      0x0800014f   Thumb Code     0  libinit2.o(.ARM.Collect$$libinit$$00000032)
    __rt_lib_init_exceptions_1               0x0800014f   Thumb Code     0  libinit2.o(.ARM.Collect$$libinit$$00000030)
    __rt_lib_init_fp_1                       0x0800014f   Thumb Code     0  libinit2.o(.ARM.Collect$$libinit$$00000002)
    __rt_lib_init_fp_trap_1                  0x0800014f   Thumb Code     0  libinit2.o(.ARM.Collect$$libinit$$0000001F)
    __rt_lib_init_getenv_1                   0x0800014f   Thumb Code     0  libinit2.o(.ARM.Collect$$libinit$$00000023)
    __rt_lib_init_heap_1                     0x0800014f   Thumb Code     0  libinit2.o(.ARM.Collect$$libinit$$0000000A)
    __rt_lib_init_lc_collate_1               0x0800014f   Thumb Code     0  libinit2.o(.ARM.Collect$$libinit$$00000011)
    __rt_lib_init_lc_ctype_1                 0x0800014f   Thumb Code     0  libinit2.o(.ARM.Collect$$libinit$$00000013)
    __rt_lib_init_lc_monetary_1              0x0800014f   Thumb Code     0  libinit2.o(.ARM.Collect$$libinit$$00000015)
    __rt_lib_init_lc_numeric_1               0x0800014f   Thumb Code     0  libinit2.o(.ARM.Collect$$libinit$$00000017)
    __rt_lib_init_lc_time_1                  0x0800014f   Thumb Code     0  libinit2.o(.ARM.Collect$$libinit$$00000019)
    __rt_lib_init_preinit_1                  0x0800014f   Thumb Code     0  libinit2.o(.ARM.Collect$$libinit$$00000004)
    __rt_lib_init_rand_1                     0x0800014f   Thumb Code     0  libinit2.o(.ARM.Collect$$libinit$$0000000E)
    __rt_lib_init_return                     0x0800014f   Thumb Code     0  libinit2.o(.ARM.Collect$$libinit$$00000033)
    __rt_lib_init_signal_1                   0x0800014f   Thumb Code     0  libinit2.o(.ARM.Collect$$libinit$$0000001D)
    __rt_lib_init_stdio_1                    0x0800014f   Thumb Code     0  libinit2.o(.ARM.Collect$$libinit$$00000025)
    __rt_lib_init_user_alloc_1               0x0800014f   Thumb Code     0  libinit2.o(.ARM.Collect$$libinit$$0000000C)
    __rt_lib_shutdown                        0x08000151   Thumb Code     0  libshutdown.o(.ARM.Collect$$libshutdown$$00000000)
    __rt_lib_shutdown_fp_trap_1              0x08000153   Thumb Code     0  libshutdown2.o(.ARM.Collect$$libshutdown$$00000006)
    __rt_lib_shutdown_heap_1                 0x08000153   Thumb Code     0  libshutdown2.o(.ARM.Collect$$libshutdown$$0000000E)
    __rt_lib_shutdown_return                 0x08000153   Thumb Code     0  libshutdown2.o(.ARM.Collect$$libshutdown$$0000000F)
    __rt_lib_shutdown_signal_1               0x08000153   Thumb Code     0  libshutdown2.o(.ARM.Collect$$libshutdown$$00000009)
    __rt_lib_shutdown_stdio_1                0x08000153   Thumb Code     0  libshutdown2.o(.ARM.Collect$$libshutdown$$00000003)
    __rt_lib_shutdown_user_alloc_1           0x08000153   Thumb Code     0  libshutdown2.o(.ARM.Collect$$libshutdown$$0000000B)
    __rt_entry                               0x08000155   Thumb Code     0  __rtentry.o(.ARM.Collect$$rtentry$$00000000)
    __rt_entry_presh_1                       0x08000155   Thumb Code     0  __rtentry2.o(.ARM.Collect$$rtentry$$00000002)
    __rt_entry_sh                            0x08000155   Thumb Code     0  __rtentry4.o(.ARM.Collect$$rtentry$$00000004)
    __rt_entry_li                            0x0800015b   Thumb Code     0  __rtentry2.o(.ARM.Collect$$rtentry$$0000000A)
    __rt_entry_postsh_1                      0x0800015b   Thumb Code     0  __rtentry2.o(.ARM.Collect$$rtentry$$00000009)
    __rt_entry_main                          0x0800015f   Thumb Code     0  __rtentry2.o(.ARM.Collect$$rtentry$$0000000D)
    __rt_entry_postli_1                      0x0800015f   Thumb Code     0  __rtentry2.o(.ARM.Collect$$rtentry$$0000000C)
    __rt_exit                                0x08000167   Thumb Code     0  rtexit.o(.ARM.Collect$$rtexit$$00000000)
    __rt_exit_ls                             0x08000169   Thumb Code     0  rtexit2.o(.ARM.Collect$$rtexit$$00000003)
    __rt_exit_prels_1                        0x08000169   Thumb Code     0  rtexit2.o(.ARM.Collect$$rtexit$$00000002)
    __rt_exit_exit                           0x0800016d   Thumb Code     0  rtexit2.o(.ARM.Collect$$rtexit$$00000004)
    Reset_Handler                            0x08000175   Thumb Code     8  startup_stm32l053xx.o(.text)
    NMI_Handler                              0x0800017d   Thumb Code     2  startup_stm32l053xx.o(.text)
    HardFault_Handler                        0x0800017f   Thumb Code     2  startup_stm32l053xx.o(.text)
    SVC_Handler                              0x08000181   Thumb Code     2  startup_stm32l053xx.o(.text)
    DebugMon_Handler                         0x08000183   Thumb Code     2  startup_stm32l053xx.o(.text)
    PendSV_Handler                           0x08000185   Thumb Code     2  startup_stm32l053xx.o(.text)
    ADC1_COMP_IRQHandler                     0x08000189   Thumb Code     0  startup_stm32l053xx.o(.text)
    DMA1_Channel1_IRQHandler                 0x08000189   Thumb Code     0  startup_stm32l053xx.o(.text)
    DMA1_Channel2_3_IRQHandler               0x08000189   Thumb Code     0  startup_stm32l053xx.o(.text)
    DMA1_Channel4_5_6_7_IRQHandler           0x08000189   Thumb Code     0  startup_stm32l053xx.o(.text)
    EXTI0_1_IRQHandler                       0x08000189   Thumb Code     0  startup_stm32l053xx.o(.text)
    EXTI2_3_IRQHandler                       0x08000189   Thumb Code     0  startup_stm32l053xx.o(.text)
    EXTI4_15_IRQHandler                      0x08000189   Thumb Code     0  startup_stm32l053xx.o(.text)
    FLASH_IRQHandler                         0x08000189   Thumb Code     0  startup_stm32l053xx.o(.text)
    I2C1_IRQHandler                          0x08000189   Thumb Code     0  startup_stm32l053xx.o(.text)
    I2C2_IRQHandler                          0x08000189   Thumb Code     0  startup_stm32l053xx.o(.text)
    LCD_IRQHandler                           0x08000189   Thumb Code     0  startup_stm32l053xx.o(.text)
    LPTIM1_IRQHandler                        0x08000189   Thumb Code     0  startup_stm32l053xx.o(.text)
    PVD_IRQHandler                           0x08000189   Thumb Code     0  startup_stm32l053xx.o(.text)
    RCC_CRS_IRQHandler                       0x08000189   Thumb Code     0  startup_stm32l053xx.o(.text)
    RTC_IRQHandler                           0x08000189   Thumb Code     0  startup_stm32l053xx.o(.text)
    SPI1_IRQHandler                          0x08000189   Thumb Code     0  startup_stm32l053xx.o(.text)
    SPI2_IRQHandler                          0x08000189   Thumb Code     0  startup_stm32l053xx.o(.text)
    TIM21_IRQHandler                         0x08000189   Thumb Code     0  startup_stm32l053xx.o(.text)
    TIM22_IRQHandler                         0x08000189   Thumb Code     0  startup_stm32l053xx.o(.text)
    TIM2_IRQHandler                          0x08000189   Thumb Code     0  startup_stm32l053xx.o(.text)
    TIM6_DAC_IRQHandler                      0x08000189   Thumb Code     0  startup_stm32l053xx.o(.text)
    TSC_IRQHandler                           0x08000189   Thumb Code     0  startup_stm32l053xx.o(.text)
    USART2_IRQHandler                        0x08000189   Thumb Code     0  startup_stm32l053xx.o(.text)
    USB_IRQHandler                           0x08000189   Thumb Code     0  startup_stm32l053xx.o(.text)
    WWDG_IRQHandler                          0x08000189   Thumb Code     0  startup_stm32l053xx.o(.text)
    __user_initial_stackheap                 0x0800018d   Thumb Code     0  startup_stm32l053xx.o(.text)
    __I$use$semihosting                      0x080001b1   Thumb Code     0  use_no_semi.o(.text)
    __use_no_semihosting_swi                 0x080001b1   Thumb Code     2  use_no_semi.o(.text)
    __2printf                                0x080001b5   Thumb Code    22  noretval__2printf.o(.text)
    __printf                                 0x080001d1   Thumb Code   108  __printf.o(.text)
    _printf_str                              0x0800023d   Thumb Code    82  _printf_str.o(.text)
    strcpy                                   0x08000291   Thumb Code    70  strcpy.o(.text)
    strlen                                   0x080002dd   Thumb Code    62  strlen.o(.text)
    strncmp                                  0x08000321   Thumb Code   154  strncmp.o(.text)
    _memset_w                                0x080003c1   Thumb Code    26  rt_memclr.o(.text)
    _memset                                  0x080003db   Thumb Code    30  rt_memclr.o(.text)
    __aeabi_memclr                           0x080003f9   Thumb Code     4  rt_memclr.o(.text)
    __rt_memclr                              0x080003f9   Thumb Code     0  rt_memclr.o(.text)
    __aeabi_memclr4                          0x080003fd   Thumb Code     0  rt_memclr.o(.text)
    __aeabi_memclr8                          0x080003fd   Thumb Code     0  rt_memclr.o(.text)
    __rt_memclr_w                            0x080003fd   Thumb Code     4  rt_memclr.o(.text)
    strncpy                                  0x08000401   Thumb Code   104  strncpy.o(.text)
    __aeabi_uidiv                            0x0800046d   Thumb Code     0  aeabi_sdiv.o(.text)
    __aeabi_uidivmod                         0x0800046d   Thumb Code    20  aeabi_sdiv.o(.text)
    __aeabi_idiv                             0x08000481   Thumb Code     0  aeabi_sdiv.o(.text)
    __aeabi_idivmod                          0x08000481   Thumb Code   326  aeabi_sdiv.o(.text)
    __use_two_region_memory                  0x080005c7   Thumb Code     2  heapauxi.o(.text)
    __rt_heap_escrow$2region                 0x080005c9   Thumb Code     2  heapauxi.o(.text)
    __rt_heap_expand$2region                 0x080005cb   Thumb Code     2  heapauxi.o(.text)
    __aeabi_d2f                              0x080005cd   Thumb Code     0  d2f.o(.text)
    _d2f                                     0x080005cd   Thumb Code   120  d2f.o(.text)
    __aeabi_dadd                             0x08000941   Thumb Code     0  daddsub.o(.text)
    _dadd                                    0x08000941   Thumb Code    26  daddsub.o(.text)
    __aeabi_dsub                             0x0800095b   Thumb Code     0  daddsub.o(.text)
    _dsub                                    0x0800095b   Thumb Code    22  daddsub.o(.text)
    __aeabi_drsub                            0x08000971   Thumb Code     0  daddsub.o(.text)
    _drsb                                    0x08000971   Thumb Code    28  daddsub.o(.text)
    __aeabi_ddiv                             0x080009a1   Thumb Code     0  ddiv.o(.text)
    _ddiv                                    0x080009a1   Thumb Code  1072  ddiv.o(.text)
    _drdiv                                   0x08000dd1   Thumb Code    20  ddiv.o(.text)
    __aeabi_dmul                             0x08000de9   Thumb Code     0  dmul.o(.text)
    _dmul                                    0x08000de9   Thumb Code   558  dmul.o(.text)
    __aeabi_f2d                              0x08001031   Thumb Code     0  f2d.o(.text)
    _f2d                                     0x08001031   Thumb Code    80  f2d.o(.text)
    __aeabi_fdiv                             0x08001085   Thumb Code     0  fdiv.o(.text)
    _fdiv                                    0x08001085   Thumb Code   334  fdiv.o(.text)
    _frdiv                                   0x080011d3   Thumb Code     8  fdiv.o(.text)
    __aeabi_i2f_normalise                    0x080011e5   Thumb Code    72  fflti.o(.text)
    __aeabi_i2f                              0x0800122d   Thumb Code    16  fflti.o(.text)
    _fflt                                    0x0800122d   Thumb Code     0  fflti.o(.text)
    __aeabi_ui2f                             0x0800123d   Thumb Code     6  fflti.o(.text)
    _ffltu                                   0x0800123d   Thumb Code     0  fflti.o(.text)
    __aeabi_errno_addr                       0x08001245   Thumb Code     8  rt_errno_addr_intlibspace.o(.text)
    __errno$intlibspace                      0x08001245   Thumb Code     0  rt_errno_addr_intlibspace.o(.text)
    __rt_errno_addr$intlibspace              0x08001245   Thumb Code     0  rt_errno_addr_intlibspace.o(.text)
    __read_errno                             0x0800124d   Thumb Code    10  _rserrno.o(.text)
    __set_errno                              0x08001257   Thumb Code    12  _rserrno.o(.text)
    _printf_char_common                      0x0800126f   Thumb Code    32  _printf_char_common.o(.text)
    _printf_cs_common                        0x08001295   Thumb Code    22  _printf_char.o(.text)
    _printf_char                             0x080012ab   Thumb Code    16  _printf_char.o(.text)
    _printf_string                           0x080012bb   Thumb Code     8  _printf_char.o(.text)
    _printf_char_file                        0x080012c5   Thumb Code    34  _printf_char_file.o(.text)
    __aeabi_i2d_normalise                    0x080012ed   Thumb Code    66  dflti.o(.text)
    __aeabi_i2d                              0x0800132f   Thumb Code    16  dflti.o(.text)
    _dflt                                    0x0800132f   Thumb Code     0  dflti.o(.text)
    __aeabi_ui2d                             0x0800133f   Thumb Code     6  dflti.o(.text)
    _dfltu                                   0x0800133f   Thumb Code     0  dflti.o(.text)
    __ARM_scalbn                             0x08001345   Thumb Code    84  dscalbn.o(.text)
    __user_libspace                          0x080013a5   Thumb Code     8  libspace.o(.text)
    __user_perproc_libspace                  0x080013a5   Thumb Code     0  libspace.o(.text)
    __user_perthread_libspace                0x080013a5   Thumb Code     0  libspace.o(.text)
    __fpl_dcmp_InfNaN                        0x080013ad   Thumb Code   140  dcmpin.o(.text)
    _dsqrt                                   0x0800143d   Thumb Code   248  dsqrt.o(.text)
    __user_setup_stackheap                   0x0800153d   Thumb Code    62  sys_stackheap_outer.o(.text)
    exit                                     0x0800157b   Thumb Code    12  exit.o(.text)
    __fpl_cmpreturn                          0x08001589   Thumb Code    44  cmpret.o(.text)
    __fpl_dcheck_NaN2                        0x080015b9   Thumb Code    14  dnan2.o(.text)
    __fpl_return_NaN                         0x080015cd   Thumb Code    94  retnan.o(.text)
    ADC_Init                                 0x0800162d   Thumb Code   106  adc.o(i.ADC_Init)
    Button_Initialize                        0x080016a1   Thumb Code    20  gpio.o(i.Button_Initialize)
    Delay                                    0x080016b5   Thumb Code    20  timing.o(i.Delay)
    FGPMMOPA6H_Init                          0x080016cd   Thumb Code    28  fgpmmopa6h.o(i.FGPMMOPA6H_Init)
    HTS221_Init                              0x08001779   Thumb Code    56  hts221.o(i.HTS221_Init)
    I2C_Init                                 0x080017b5   Thumb Code    96  i2c.o(i.I2C_Init)
    I2C_Read_Reg                             0x08001825   Thumb Code   182  i2c.o(i.I2C_Read_Reg)
    I2C_Write_Reg                            0x080018e5   Thumb Code   156  i2c.o(i.I2C_Write_Reg)
    IO_Init                                  0x08001985   Thumb Code   106  intern_project.o(i.IO_Init)
    ISK01A1_Get_Altitude                     0x080019fd   Thumb Code   144  isk01a1.o(i.ISK01A1_Get_Altitude)
    ISK01A1_Init                             0x08001ab9   Thumb Code   136  isk01a1.o(i.ISK01A1_Init)
    Initialize_Port_A                        0x08001c91   Thumb Code   108  gpio.o(i.Initialize_Port_A)
    Initialize_Port_C                        0x08001d01   Thumb Code    80  gpio.o(i.Initialize_Port_C)
    LED_Init                                 0x08001d59   Thumb Code    20  gpio.o(i.LED_Init)
    LIS3MDL_Init                             0x08001d6d   Thumb Code    74  lis3mdl.o(i.LIS3MDL_Init)
    LPS25HB_Init                             0x08001dbd   Thumb Code    54  lps25hb.o(i.LPS25HB_Init)
    LPS25HB_Pressure_Read                    0x08001df9   Thumb Code   144  lps25hb.o(i.LPS25HB_Pressure_Read)
    LPUART1_PutChar                          0x08001e8d   Thumb Code    22  xbeepro24.o(i.LPUART1_PutChar)
    LPUART1_Send                             0x08001ea9   Thumb Code    30  xbeepro24.o(i.LPUART1_Send)
    LPUART_Init                              0x08001ec9   Thumb Code    90  xbeepro24.o(i.LPUART_Init)
    LSM6DS0_Init                             0x08001f39   Thumb Code    54  lsm6ds0.o(i.LSM6DS0_Init)
    RNG_LPUART1_IRQHandler                   0x080020dd   Thumb Code   102  xbeepro24.o(i.RNG_LPUART1_IRQHandler)
    Read_Xbee_Init                           0x08002161   Thumb Code   156  xbeepro24.o(i.Read_Xbee_Init)
    SER_Initialize                           0x08002261   Thumb Code   104  serial.o(i.SER_Initialize)
    SER_PutChar                              0x080022d5   Thumb Code    22  serial.o(i.SER_PutChar)
    SysTick_Handler                          0x080022f1   Thumb Code    12  timing.o(i.SysTick_Handler)
    SystemCoreClockInit                      0x08002301   Thumb Code   236  timing.o(i.SystemCoreClockInit)
    SystemCoreClockUpdate                    0x080023f9   Thumb Code   230  system_stm32l0xx.o(i.SystemCoreClockUpdate)
    SystemInit                               0x080024f9   Thumb Code    88  system_stm32l0xx.o(i.SystemInit)
    USART1_IRQHandler                        0x08002561   Thumb Code   230  fgpmmopa6h.o(i.USART1_IRQHandler)
    USART1_Init                              0x08002689   Thumb Code   186  fgpmmopa6h.o(i.USART1_Init)
    USART1_PutChar                           0x08002755   Thumb Code    22  fgpmmopa6h.o(i.USART1_PutChar)
    USART1_Send                              0x08002771   Thumb Code    30  fgpmmopa6h.o(i.USART1_Send)
    Wait_For_Data                            0x08002791   Thumb Code    22  xbeepro24.o(i.Wait_For_Data)
    Wait_For_OK                              0x080027b1   Thumb Code    22  xbeepro24.o(i.Wait_For_OK)
    XBee_Init                                0x080027d1   Thumb Code    72  xbeepro24.o(i.XBee_Init)
    __ARM_fpclassify                         0x08002849   Thumb Code    40  fpclassify.o(i.__ARM_fpclassify)
    __kernel_poly                            0x08002875   Thumb Code   172  poly.o(i.__kernel_poly)
    __mathlib_dbl_divzero                    0x08002921   Thumb Code    16  dunder.o(i.__mathlib_dbl_divzero)
    __mathlib_dbl_infnan2                    0x08002935   Thumb Code     8  dunder.o(i.__mathlib_dbl_infnan2)
    __mathlib_dbl_invalid                    0x0800293d   Thumb Code    16  dunder.o(i.__mathlib_dbl_invalid)
    __mathlib_dbl_overflow                   0x0800294d   Thumb Code    16  dunder.o(i.__mathlib_dbl_overflow)
    __mathlib_dbl_underflow                  0x08002961   Thumb Code    14  dunder.o(i.__mathlib_dbl_underflow)
    _sys_exit                                0x08002975   Thumb Code     4  retarget.o(i._sys_exit)
    ferror                                   0x08002979   Thumb Code     8  retarget.o(i.ferror)
    fputc                                    0x08002981   Thumb Code    14  retarget.o(i.fputc)
    main                                     0x0800298f   Thumb Code     8  intern_project.o(i.main)
    pow                                      0x08002999   Thumb Code  2428  pow.o(i.pow)
    sqrt                                     0x08003319   Thumb Code    66  sqrt.o(i.sqrt)
    __aeabi_cdrcmple                         0x08003361   Thumb Code     0  drlef.o(x$fpl$drleqf)
    _drcmple                                 0x08003361   Thumb Code   100  drlef.o(x$fpl$drleqf)
    __I$use$fp                               0x080033c8   Number         0  usenofp.o(x$fpl$usenofp)
    NMEA_LENGTH                              0x080033ec   Data           4  fgpmmopa6h.o(.constdata)
    __mathlib_zero                           0x08003540   Data           8  qnan.o(.constdata)
    Region$$Table$$Base                      0x08003548   Number         0  anon$$obj.o(Region$$Table)
    Region$$Table$$Limit                     0x08003568   Number         0  anon$$obj.o(Region$$Table)
    I2C1_RX_Data                             0x20000000   Data           4  i2c.o(.data)
    __stdout                                 0x20000004   Data           4  retarget.o(.data)
    __stdin                                  0x20000008   Data           4  retarget.o(.data)
    msTicks                                  0x2000000c   Data           4  timing.o(.data)
    Pressure                                 0x20000010   Data           8  isk01a1.o(.data)
    CharIndex                                0x20000018   Data           4  fgpmmopa6h.o(.data)
    Rx_Data                                  0x2000001c   Data         128  fgpmmopa6h.o(.data)
    Transmission_In_Progress                 0x2000009c   Data           1  fgpmmopa6h.o(.data)
    ChIndex                                  0x2000009d   Data           1  xbeepro24.o(.data)
    Device_Ack_Flag                          0x2000009e   Data           1  xbeepro24.o(.data)
    XBee_Ready_To_Read                       0x2000009f   Data           1  xbeepro24.o(.data)
    SystemCoreClock                          0x200000a0   Data           4  system_stm32l0xx.o(.data)
    AHBPrescTable                            0x200000a4   Data          16  system_stm32l0xx.o(.data)
    PLLMulTable                              0x200000b4   Data           9  system_stm32l0xx.o(.data)
    GGA_Message                              0x200000c0   Data         128  fgpmmopa6h.o(.bss)
    GSA_Message                              0x20000140   Data         128  fgpmmopa6h.o(.bss)
    GSV_Message                              0x200001c0   Data         128  fgpmmopa6h.o(.bss)
    RMC_Message                              0x20000240   Data         128  fgpmmopa6h.o(.bss)
    VTG_Message                              0x200002c0   Data         128  fgpmmopa6h.o(.bss)
    RMC                                      0x20000340   Data          76  fgpmmopa6h.o(.bss)
    GPS                                      0x2000038c   Data          68  fgpmmopa6h.o(.bss)
    GGA                                      0x200003d0   Data          84  fgpmmopa6h.o(.bss)
    RX_Data                                  0x20000424   Data          33  xbeepro24.o(.bss)
    XBee_Message                             0x20000445   Data          33  xbeepro24.o(.bss)
    AT                                       0x20000466   Data          30  xbeepro24.o(.bss)
    __libspace_start                         0x20000484   Data          96  libspace.o(.bss)
    __temporary_stack_top$libspace           0x200004e4   Data           0  libspace.o(.bss)



==============================================================================

Memory Map of the image

  Image Entry point : 0x080000c1

  Load Region LR_IROM1 (Base: 0x08000000, Size: 0x00003628, Max: 0x00010000, ABSOLUTE)

    Execution Region ER_IROM1 (Base: 0x08000000, Size: 0x00003568, Max: 0x00010000, ABSOLUTE)

    Base Addr    Size         Type   Attr      Idx    E Section Name        Object

    0x08000000   0x000000c0   Data   RO          877    RESET               startup_stm32l053xx.o
    0x080000c0   0x00000008   Code   RO         1002  * !!!main             c_p.l(__main.o)
    0x080000c8   0x0000003c   Code   RO         1363    !!!scatter          c_p.l(__scatter.o)
    0x08000104   0x0000001a   Code   RO         1365    !!handler_copy      c_p.l(__scatter_copy.o)
    0x0800011e   0x00000002   PAD
    0x08000120   0x0000001c   Code   RO         1367    !!handler_zi        c_p.l(__scatter_zi.o)
    0x0800013c   0x00000002   Code   RO          978    .ARM.Collect$$_printf_percent$$00000000  c_p.l(_printf_percent.o)
    0x0800013e   0x0000000a   Code   RO          974    .ARM.Collect$$_printf_percent$$00000014  c_p.l(_printf_s.o)
    0x08000148   0x00000004   Code   RO         1068    .ARM.Collect$$_printf_percent$$00000017  c_p.l(_printf_percent_end.o)
    0x0800014c   0x00000002   Code   RO         1195    .ARM.Collect$$libinit$$00000000  c_p.l(libinit.o)
    0x0800014e   0x00000000   Code   RO         1197    .ARM.Collect$$libinit$$00000002  c_p.l(libinit2.o)
    0x0800014e   0x00000000   Code   RO         1199    .ARM.Collect$$libinit$$00000004  c_p.l(libinit2.o)
    0x0800014e   0x00000000   Code   RO         1202    .ARM.Collect$$libinit$$0000000A  c_p.l(libinit2.o)
    0x0800014e   0x00000000   Code   RO         1204    .ARM.Collect$$libinit$$0000000C  c_p.l(libinit2.o)
    0x0800014e   0x00000000   Code   RO         1206    .ARM.Collect$$libinit$$0000000E  c_p.l(libinit2.o)
    0x0800014e   0x00000000   Code   RO         1209    .ARM.Collect$$libinit$$00000011  c_p.l(libinit2.o)
    0x0800014e   0x00000000   Code   RO         1211    .ARM.Collect$$libinit$$00000013  c_p.l(libinit2.o)
    0x0800014e   0x00000000   Code   RO         1213    .ARM.Collect$$libinit$$00000015  c_p.l(libinit2.o)
    0x0800014e   0x00000000   Code   RO         1215    .ARM.Collect$$libinit$$00000017  c_p.l(libinit2.o)
    0x0800014e   0x00000000   Code   RO         1217    .ARM.Collect$$libinit$$00000019  c_p.l(libinit2.o)
    0x0800014e   0x00000000   Code   RO         1219    .ARM.Collect$$libinit$$0000001B  c_p.l(libinit2.o)
    0x0800014e   0x00000000   Code   RO         1221    .ARM.Collect$$libinit$$0000001D  c_p.l(libinit2.o)
    0x0800014e   0x00000000   Code   RO         1223    .ARM.Collect$$libinit$$0000001F  c_p.l(libinit2.o)
    0x0800014e   0x00000000   Code   RO         1225    .ARM.Collect$$libinit$$00000021  c_p.l(libinit2.o)
    0x0800014e   0x00000000   Code   RO         1227    .ARM.Collect$$libinit$$00000023  c_p.l(libinit2.o)
    0x0800014e   0x00000000   Code   RO         1229    .ARM.Collect$$libinit$$00000025  c_p.l(libinit2.o)
    0x0800014e   0x00000000   Code   RO         1233    .ARM.Collect$$libinit$$0000002C  c_p.l(libinit2.o)
    0x0800014e   0x00000000   Code   RO         1235    .ARM.Collect$$libinit$$0000002E  c_p.l(libinit2.o)
    0x0800014e   0x00000000   Code   RO         1237    .ARM.Collect$$libinit$$00000030  c_p.l(libinit2.o)
    0x0800014e   0x00000000   Code   RO         1239    .ARM.Collect$$libinit$$00000032  c_p.l(libinit2.o)
    0x0800014e   0x00000002   Code   RO         1240    .ARM.Collect$$libinit$$00000033  c_p.l(libinit2.o)
    0x08000150   0x00000002   Code   RO         1316    .ARM.Collect$$libshutdown$$00000000  c_p.l(libshutdown.o)
    0x08000152   0x00000000   Code   RO         1348    .ARM.Collect$$libshutdown$$00000003  c_p.l(libshutdown2.o)
    0x08000152   0x00000000   Code   RO         1351    .ARM.Collect$$libshutdown$$00000006  c_p.l(libshutdown2.o)
    0x08000152   0x00000000   Code   RO         1354    .ARM.Collect$$libshutdown$$00000009  c_p.l(libshutdown2.o)
    0x08000152   0x00000000   Code   RO         1356    .ARM.Collect$$libshutdown$$0000000B  c_p.l(libshutdown2.o)
    0x08000152   0x00000000   Code   RO         1359    .ARM.Collect$$libshutdown$$0000000E  c_p.l(libshutdown2.o)
    0x08000152   0x00000002   Code   RO         1360    .ARM.Collect$$libshutdown$$0000000F  c_p.l(libshutdown2.o)
    0x08000154   0x00000000   Code   RO         1044    .ARM.Collect$$rtentry$$00000000  c_p.l(__rtentry.o)
    0x08000154   0x00000000   Code   RO         1115    .ARM.Collect$$rtentry$$00000002  c_p.l(__rtentry2.o)
    0x08000154   0x00000006   Code   RO         1127    .ARM.Collect$$rtentry$$00000004  c_p.l(__rtentry4.o)
    0x0800015a   0x00000000   Code   RO         1117    .ARM.Collect$$rtentry$$00000009  c_p.l(__rtentry2.o)
    0x0800015a   0x00000004   Code   RO         1118    .ARM.Collect$$rtentry$$0000000A  c_p.l(__rtentry2.o)
    0x0800015e   0x00000000   Code   RO         1120    .ARM.Collect$$rtentry$$0000000C  c_p.l(__rtentry2.o)
    0x0800015e   0x00000008   Code   RO         1121    .ARM.Collect$$rtentry$$0000000D  c_p.l(__rtentry2.o)
    0x08000166   0x00000002   Code   RO         1246    .ARM.Collect$$rtexit$$00000000  c_p.l(rtexit.o)
    0x08000168   0x00000000   Code   RO         1278    .ARM.Collect$$rtexit$$00000002  c_p.l(rtexit2.o)
    0x08000168   0x00000004   Code   RO         1279    .ARM.Collect$$rtexit$$00000003  c_p.l(rtexit2.o)
    0x0800016c   0x00000006   Code   RO         1280    .ARM.Collect$$rtexit$$00000004  c_p.l(rtexit2.o)
    0x08000172   0x00000002   PAD
    0x08000174   0x0000003c   Code   RO          878    .text               startup_stm32l053xx.o
    0x080001b0   0x00000002   Code   RO          916    .text               c_p.l(use_no_semi.o)
    0x080001b2   0x00000002   PAD
    0x080001b4   0x0000001c   Code   RO          922    .text               c_p.l(noretval__2printf.o)
    0x080001d0   0x0000006c   Code   RO          926    .text               c_p.l(__printf.o)
    0x0800023c   0x00000052   Code   RO          928    .text               c_p.l(_printf_str.o)
    0x0800028e   0x00000002   PAD
    0x08000290   0x0000004c   Code   RO          984    .text               c_p.l(strcpy.o)
    0x080002dc   0x00000044   Code   RO          986    .text               c_p.l(strlen.o)
    0x08000320   0x000000a0   Code   RO          988    .text               c_p.l(strncmp.o)
    0x080003c0   0x00000040   Code   RO          990    .text               c_p.l(rt_memclr.o)
    0x08000400   0x0000006c   Code   RO          992    .text               c_p.l(strncpy.o)
    0x0800046c   0x0000015a   Code   RO          996    .text               c_p.l(aeabi_sdiv.o)
    0x080005c6   0x00000006   Code   RO         1000    .text               c_p.l(heapauxi.o)
    0x080005cc   0x0000007c   Code   RO         1004    .text               fz_ps.l(d2f.o)
    0x08000648   0x00000358   Code   RO         1006    .text               fz_ps.l(daddsub.o)
    0x080009a0   0x00000448   Code   RO         1008    .text               fz_ps.l(ddiv.o)
    0x08000de8   0x00000248   Code   RO         1011    .text               fz_ps.l(dmul.o)
    0x08001030   0x00000054   Code   RO         1013    .text               fz_ps.l(f2d.o)
    0x08001084   0x00000160   Code   RO         1021    .text               fz_ps.l(fdiv.o)
    0x080011e4   0x0000005e   Code   RO         1024    .text               fz_ps.l(fflti.o)
    0x08001242   0x00000002   PAD
    0x08001244   0x00000008   Code   RO         1052    .text               c_p.l(rt_errno_addr_intlibspace.o)
    0x0800124c   0x00000016   Code   RO         1054    .text               c_p.l(_rserrno.o)
    0x08001262   0x00000002   PAD
    0x08001264   0x00000030   Code   RO         1060    .text               c_p.l(_printf_char_common.o)
    0x08001294   0x0000002e   Code   RO         1064    .text               c_p.l(_printf_char.o)
    0x080012c2   0x00000002   PAD
    0x080012c4   0x00000028   Code   RO         1066    .text               c_p.l(_printf_char_file.o)
    0x080012ec   0x00000058   Code   RO         1077    .text               fz_ps.l(dflti.o)
    0x08001344   0x00000060   Code   RO         1081    .text               fz_ps.l(dscalbn.o)
    0x080013a4   0x00000008   Code   RO         1111    .text               c_p.l(libspace.o)
    0x080013ac   0x00000090   Code   RO         1164    .text               fz_ps.l(dcmpin.o)
    0x0800143c   0x00000100   Code   RO         1168    .text               fz_ps.l(dsqrt.o)
    0x0800153c   0x0000003e   Code   RO         1174    .text               c_p.l(sys_stackheap_outer.o)
    0x0800157a   0x0000000c   Code   RO         1184    .text               c_p.l(exit.o)
    0x08001586   0x00000002   PAD
    0x08001588   0x00000030   Code   RO         1241    .text               fz_ps.l(cmpret.o)
    0x080015b8   0x00000014   Code   RO         1243    .text               fz_ps.l(dnan2.o)
    0x080015cc   0x0000005e   Code   RO         1263    .text               fz_ps.l(retnan.o)
    0x0800162a   0x00000002   PAD
    0x0800162c   0x00000074   Code   RO           89    i.ADC_Init          adc.o
    0x080016a0   0x00000014   Code   RO          134    i.Button_Initialize  gpio.o
    0x080016b4   0x00000018   Code   RO          371    i.Delay             timing.o
    0x080016cc   0x000000ac   Code   RO          678    i.FGPMMOPA6H_Init   fgpmmopa6h.o
    0x08001778   0x0000003c   Code   RO          203    i.HTS221_Init       hts221.o
    0x080017b4   0x00000070   Code   RO          242    i.I2C_Init          i2c.o
    0x08001824   0x000000c0   Code   RO          243    i.I2C_Read_Reg      i2c.o
    0x080018e4   0x000000a0   Code   RO          244    i.I2C_Write_Reg     i2c.o
    0x08001984   0x00000078   Code   RO            3    i.IO_Init           intern_project.o
    0x080019fc   0x000000bc   Code   RO          557    i.ISK01A1_Get_Altitude  isk01a1.o
    0x08001ab8   0x000001d8   Code   RO          567    i.ISK01A1_Init      isk01a1.o
    0x08001c90   0x00000070   Code   RO          135    i.Initialize_Port_A  gpio.o
    0x08001d00   0x00000058   Code   RO          136    i.Initialize_Port_C  gpio.o
    0x08001d58   0x00000014   Code   RO          137    i.LED_Init          gpio.o
    0x08001d6c   0x00000050   Code   RO          442    i.LIS3MDL_Init      lis3mdl.o
    0x08001dbc   0x0000003c   Code   RO          407    i.LPS25HB_Init      lps25hb.o
    0x08001df8   0x00000094   Code   RO          408    i.LPS25HB_Pressure_Read  lps25hb.o
    0x08001e8c   0x0000001c   Code   RO          805    i.LPUART1_PutChar   xbeepro24.o
    0x08001ea8   0x0000001e   Code   RO          806    i.LPUART1_Send      xbeepro24.o
    0x08001ec6   0x00000002   PAD
    0x08001ec8   0x00000070   Code   RO          807    i.LPUART_Init       xbeepro24.o
    0x08001f38   0x0000003c   Code   RO          492    i.LSM6DS0_Init      lsm6ds0.o
    0x08001f74   0x00000078   Code   RO            4    i.NVIC_SetPriority  intern_project.o
    0x08001fec   0x00000078   Code   RO          681    i.NVIC_SetPriority  fgpmmopa6h.o
    0x08002064   0x00000078   Code   RO          808    i.NVIC_SetPriority  xbeepro24.o
    0x080020dc   0x00000084   Code   RO          809    i.RNG_LPUART1_IRQHandler  xbeepro24.o
    0x08002160   0x00000100   Code   RO          810    i.Read_Xbee_Init    xbeepro24.o
    0x08002260   0x00000074   Code   RO          340    i.SER_Initialize    serial.o
    0x080022d4   0x0000001c   Code   RO          341    i.SER_PutChar       serial.o
    0x080022f0   0x00000010   Code   RO          372    i.SysTick_Handler   timing.o
    0x08002300   0x000000f8   Code   RO          373    i.SystemCoreClockInit  timing.o
    0x080023f8   0x00000100   Code   RO          884    i.SystemCoreClockUpdate  system_stm32l0xx.o
    0x080024f8   0x00000068   Code   RO          885    i.SystemInit        system_stm32l0xx.o
    0x08002560   0x00000128   Code   RO          684    i.USART1_IRQHandler  fgpmmopa6h.o
    0x08002688   0x000000cc   Code   RO          685    i.USART1_Init       fgpmmopa6h.o
    0x08002754   0x0000001c   Code   RO          686    i.USART1_PutChar    fgpmmopa6h.o
    0x08002770   0x0000001e   Code   RO          687    i.USART1_Send       fgpmmopa6h.o
    0x0800278e   0x00000002   PAD
    0x08002790   0x00000020   Code   RO          811    i.Wait_For_Data     xbeepro24.o
    0x080027b0   0x00000020   Code   RO          812    i.Wait_For_OK       xbeepro24.o
    0x080027d0   0x00000078   Code   RO          813    i.XBee_Init         xbeepro24.o
    0x08002848   0x0000002c   Code   RO         1098    i.__ARM_fpclassify  m_ps.l(fpclassify.o)
    0x08002874   0x000000ac   Code   RO         1100    i.__kernel_poly     m_ps.l(poly.o)
    0x08002920   0x00000014   Code   RO         1084    i.__mathlib_dbl_divzero  m_ps.l(dunder.o)
    0x08002934   0x00000008   Code   RO         1086    i.__mathlib_dbl_infnan2  m_ps.l(dunder.o)
    0x0800293c   0x00000010   Code   RO         1087    i.__mathlib_dbl_invalid  m_ps.l(dunder.o)
    0x0800294c   0x00000014   Code   RO         1088    i.__mathlib_dbl_overflow  m_ps.l(dunder.o)
    0x08002960   0x00000014   Code   RO         1090    i.__mathlib_dbl_underflow  m_ps.l(dunder.o)
    0x08002974   0x00000004   Code   RO          284    i._sys_exit         retarget.o
    0x08002978   0x00000008   Code   RO          286    i.ferror            retarget.o
    0x08002980   0x0000000e   Code   RO          288    i.fputc             retarget.o
    0x0800298e   0x00000008   Code   RO            5    i.main              intern_project.o
    0x08002996   0x00000002   PAD
    0x08002998   0x00000980   Code   RO         1035    i.pow               m_ps.l(pow.o)
    0x08003318   0x00000048   Code   RO         1104    i.sqrt              m_ps.l(sqrt.o)
    0x08003360   0x00000068   Code   RO         1079    x$fpl$drleqf        fz_ps.l(drlef.o)
    0x080033c8   0x00000000   Code   RO         1083    x$fpl$usenofp       fz_ps.l(usenofp.o)
    0x080033c8   0x00000028   Data   RO          689    .constdata          fgpmmopa6h.o
    0x080033f0   0x00000003   Data   RO          815    .constdata          xbeepro24.o
    0x080033f3   0x00000080   Data   RO         1009    .constdata          fz_ps.l(ddiv.o)
    0x08003473   0x00000040   Data   RO         1022    .constdata          fz_ps.l(fdiv.o)
    0x080034b3   0x00000005   PAD
    0x080034b8   0x00000088   Data   RO         1036    .constdata          m_ps.l(pow.o)
    0x08003540   0x00000008   Data   RO         1102    .constdata          m_ps.l(qnan.o)
    0x08003548   0x00000020   Data   RO         1361    Region$$Table       anon$$obj.o


    Execution Region RW_IRAM1 (Base: 0x20000000, Size: 0x00000ae8, Max: 0x00002000, ABSOLUTE)

    Base Addr    Size         Type   Attr      Idx    E Section Name        Object

    0x20000000   0x00000004   Data   RW          246    .data               i2c.o
    0x20000004   0x00000008   Data   RW          289    .data               retarget.o
    0x2000000c   0x00000004   Data   RW          374    .data               timing.o
    0x20000010   0x00000008   Data   RW          569    .data               isk01a1.o
    0x20000018   0x00000085   Data   RW          690    .data               fgpmmopa6h.o
    0x2000009d   0x00000003   Data   RW          816    .data               xbeepro24.o
    0x200000a0   0x0000001d   Data   RW          886    .data               system_stm32l0xx.o
    0x200000bd   0x00000003   PAD
    0x200000c0   0x00000364   Zero   RW          688    .bss                fgpmmopa6h.o
    0x20000424   0x00000060   Zero   RW          814    .bss                xbeepro24.o
    0x20000484   0x00000060   Zero   RW         1112    .bss                c_p.l(libspace.o)
    0x200004e4   0x00000004   PAD
    0x200004e8   0x00000200   Zero   RW          876    HEAP                startup_stm32l053xx.o
    0x200006e8   0x00000400   Zero   RW          875    STACK               startup_stm32l053xx.o


==============================================================================

Image component sizes


      Code (inc. data)   RO Data    RW Data    ZI Data      Debug   Object Name

       116         10          0          0          0        411   adc.o
       850        244         40        133        868      14944   fgpmmopa6h.o
       240         12          0          0          0       2107   gpio.o
        60          4          0          0          0        518   hts221.o
       464         30          0          4          0       1857   i2c.o
       248         24          0          0          0     126757   intern_project.o
       660        380          0          8          0       1561   isk01a1.o
        80          6          0          0          0        499   lis3mdl.o
       208         10          0          0          0       1171   lps25hb.o
        60          6          0          0          0        491   lsm6ds0.o
        26          0          0          8          0       3115   retarget.o
       144         18          0          0          0        879   serial.o
        60         28        192          0       1536        708   startup_stm32l053xx.o
       360         42          0         29          0       2029   system_stm32l0xx.o
       288         20          0          4          0       1578   timing.o
       862        236          3          3         96       5584   xbeepro24.o

    ----------------------------------------------------------------------
      4732       1070        267        192       2500     164209   Object Totals
         0          0         32          0          0          0   (incl. Generated)
         6          0          0          3          0          0   (incl. Padding)

    ----------------------------------------------------------------------

      Code (inc. data)   RO Data    RW Data    ZI Data      Debug   Library Member Name

         8          0          0          0          0         68   __main.o
       108          0          0          0          0         76   __printf.o
         0          0          0          0          0          0   __rtentry.o
        12          0          0          0          0          0   __rtentry2.o
         6          0          0          0          0          0   __rtentry4.o
        60          8          0          0          0          0   __scatter.o
        26          0          0          0          0          0   __scatter_copy.o
        28          0          0          0          0          0   __scatter_zi.o
        46          0          0          0          0        100   _printf_char.o
        48          6          0          0          0         88   _printf_char_common.o
        40          6          0          0          0         72   _printf_char_file.o
         2          0          0          0          0          0   _printf_percent.o
         4          0          0          0          0          0   _printf_percent_end.o
        10          0          0          0          0          0   _printf_s.o
        82          0          0          0          0         72   _printf_str.o
        22          0          0          0          0         92   _rserrno.o
       346          0          0          0          0         92   aeabi_sdiv.o
        12          0          0          0          0         64   exit.o
         6          0          0          0          0        136   heapauxi.o
         2          0          0          0          0          0   libinit.o
         2          0          0          0          0          0   libinit2.o
         2          0          0          0          0          0   libshutdown.o
         2          0          0          0          0          0   libshutdown2.o
         8          4          0          0         96         68   libspace.o
        28          6          0          0          0         84   noretval__2printf.o
         8          4          0          0          0         68   rt_errno_addr_intlibspace.o
        64          0          0          0          0        108   rt_memclr.o
         2          0          0          0          0          0   rtexit.o
        10          0          0          0          0          0   rtexit2.o
        76          6          0          0          0         72   strcpy.o
        68          6          0          0          0         72   strlen.o
       160          6          0          0          0         76   strncmp.o
       108          4          0          0          0         76   strncpy.o
        62          0          0          0          0         80   sys_stackheap_outer.o
         2          0          0          0          0         68   use_no_semi.o
        48          4          0          0          0         60   cmpret.o
       124          4          0          0          0         72   d2f.o
       856         20          0          0          0        208   daddsub.o
       144          4          0          0          0         76   dcmpin.o
      1096         26        128          0          0        112   ddiv.o
        88          0          0          0          0         92   dflti.o
       584         26          0          0          0         84   dmul.o
        20          6          0          0          0         68   dnan2.o
       104          4          0          0          0        104   drlef.o
        96         12          0          0          0         72   dscalbn.o
       256          8          0          0          0         76   dsqrt.o
        84          4          0          0          0         60   f2d.o
       352         10         64          0          0         92   fdiv.o
        94          0          0          0          0         92   fflti.o
        94          0          0          0          0         68   retnan.o
         0          0          0          0          0          0   usenofp.o
        84         14          0          0          0        340   dunder.o
        44          4          0          0          0         60   fpclassify.o
       172          0          0          0          0         76   poly.o
      2432        202        136          0          0        208   pow.o
         0          0          8          0          0          0   qnan.o
        72          6          0          0          0         76   sqrt.o

    ----------------------------------------------------------------------
      8332        410        341          0        100       3728   Library Totals
        18          0          5          0          4          0   (incl. Padding)

    ----------------------------------------------------------------------

      Code (inc. data)   RO Data    RW Data    ZI Data      Debug   Library Name

      1470         56          0          0         96       1632   c_p.l
      4040        128        192          0          0       1336   fz_ps.l
      2804        226        144          0          0        760   m_ps.l

    ----------------------------------------------------------------------
      8332        410        341          0        100       3728   Library Totals

    ----------------------------------------------------------------------

==============================================================================


      Code (inc. data)   RO Data    RW Data    ZI Data      Debug   

     13064       1480        608        192       2600     164433   Grand Totals
     13064       1480        608        192       2600     164433   ELF Image Totals
     13064       1480        608        192          0          0   ROM Totals

==============================================================================

    Total RO  Size (Code + RO Data)                13672 (  13.35kB)
    Total RW  Size (RW Data + ZI Data)              2792 (   2.73kB)
    Total ROM Size (Code + RO Data + RW Data)      13864 (  13.54kB)

==============================================================================

