Component: ARM Compiler 5.05 update 1 (build 106) Tool: armlink [4d0efa]

==============================================================================

Section Cross References

    intern_project.o(i.main) refers to _printf_percent.o(.ARM.Collect$$_printf_percent$$00000000) for _printf_percent
    intern_project.o(i.main) refers to _printf_s.o(.ARM.Collect$$_printf_percent$$00000014) for _printf_s
    intern_project.o(i.main) refers to _printf_str.o(.text) for _printf_str
    intern_project.o(i.main) refers to _printf_f.o(.ARM.Collect$$_printf_percent$$00000003) for _printf_f
    intern_project.o(i.main) refers to printf1.o(x$fpl$printf1) for _printf_fp_dec
    intern_project.o(i.main) refers to timing.o(i.SystemCoreClockInit) for SystemCoreClockInit
    intern_project.o(i.main) refers to system_stm32l0xx.o(i.SystemCoreClockUpdate) for SystemCoreClockUpdate
    intern_project.o(i.main) refers to aeabi_sdiv.o(.text) for __aeabi_uidivmod
    intern_project.o(i.main) refers to intern_project.o(i.NVIC_SetPriority) for NVIC_SetPriority
    intern_project.o(i.main) refers to gpio.o(i.LED_Init) for LED_Init
    intern_project.o(i.main) refers to gpio.o(i.Button_Initialize) for Button_Initialize
    intern_project.o(i.main) refers to serial.o(i.SER_Initialize) for SER_Initialize
    intern_project.o(i.main) refers to fgpmmopa6h.o(i.USART1_Init) for USART1_Init
    intern_project.o(i.main) refers to adc.o(i.ADC_Init) for ADC_Init
    intern_project.o(i.main) refers to i2c.o(i.I2C_Init) for I2C_Init
    intern_project.o(i.main) refers to fgpmmopa6h.o(i.FGPMMOPA6H_Init) for FGPMMOPA6H_Init
    intern_project.o(i.main) refers to timing.o(i.Delay) for Delay
    intern_project.o(i.main) refers to noretval__2printf.o(.text) for __2printf
    intern_project.o(i.main) refers to fgpmmopa6h.o(i.FGPMMOPA6H_Parse_RMC_Data) for FGPMMOPA6H_Parse_RMC_Data
    intern_project.o(i.main) refers to fgpmmopa6h.o(i.FGPMMOPA6H_Get_RMC_TRF_Time) for FGPMMOPA6H_Get_RMC_TRF_Time
    intern_project.o(i.main) refers to fgpmmopa6h.o(i.FGPMMOPA6H_Get_Latitude) for FGPMMOPA6H_Get_Latitude
    intern_project.o(i.main) refers to fgpmmopa6h.o(i.FGPMMOPA6H_Get_Longitude) for FGPMMOPA6H_Get_Longitude
    intern_project.o(i.main) refers to fgpmmopa6h.o(i.FGPMMOPA6H_Get_Ground_Speed) for FGPMMOPA6H_Get_Ground_Speed
    intern_project.o(i.main) refers to f2d.o(.text) for __aeabi_f2d
    intern_project.o(i.main) refers to system_stm32l0xx.o(.data) for SystemCoreClock
    intern_project.o(i.main) refers to fgpmmopa6h.o(.bss) for GGA_Message
    adc.o(i.Voltage_Conversion) refers to fflti.o(.text) for __aeabi_i2f
    adc.o(i.Voltage_Conversion) refers to fmul.o(x$fpl$fmul) for __aeabi_fmul
    gpio.o(i.Button_Initialize) refers to gpio.o(i.Initialize_Port_C) for Initialize_Port_C
    gpio.o(i.LED_Init) refers to gpio.o(i.Initialize_Port_A) for Initialize_Port_A
    hts221.o(i.HTS221_Configuration) refers to _printf_percent.o(.ARM.Collect$$_printf_percent$$00000000) for _printf_percent
    hts221.o(i.HTS221_Configuration) refers to _printf_x.o(.ARM.Collect$$_printf_percent$$0000000C) for _printf_x
    hts221.o(i.HTS221_Configuration) refers to _printf_hex_int.o(.text) for _printf_longlong_hex
    hts221.o(i.HTS221_Configuration) refers to noretval__2printf.o(.text) for __2printf
    hts221.o(i.HTS221_Configuration) refers to i2c.o(i.I2C_Read_Reg) for I2C_Read_Reg
    hts221.o(i.HTS221_Humidity_Read) refers to i2c.o(i.I2C_Write_Reg) for I2C_Write_Reg
    hts221.o(i.HTS221_Humidity_Read) refers to i2c.o(i.I2C_Read_Reg) for I2C_Read_Reg
    hts221.o(i.HTS221_Humidity_Read) refers to fflti.o(.text) for __aeabi_ui2f
    hts221.o(i.HTS221_Humidity_Read) refers to f2d.o(.text) for __aeabi_f2d
    hts221.o(i.HTS221_Humidity_Read) refers to ddiv.o(.text) for __aeabi_ddiv
    hts221.o(i.HTS221_Humidity_Read) refers to d2f.o(.text) for __aeabi_d2f
    hts221.o(i.HTS221_Humidity_Read) refers to faddsub.o(x$fpl$fsub) for __aeabi_fsub
    hts221.o(i.HTS221_Humidity_Read) refers to fmul.o(x$fpl$fmul) for __aeabi_fmul
    hts221.o(i.HTS221_Humidity_Read) refers to fdiv.o(.text) for __aeabi_fdiv
    hts221.o(i.HTS221_Humidity_Read) refers to faddsub.o(x$fpl$fadd) for __aeabi_fadd
    hts221.o(i.HTS221_Init) refers to i2c.o(i.I2C_Read_Reg) for I2C_Read_Reg
    hts221.o(i.HTS221_Init) refers to i2c.o(i.I2C_Write_Reg) for I2C_Write_Reg
    hts221.o(i.HTS221_Temp_Read) refers to i2c.o(i.I2C_Write_Reg) for I2C_Write_Reg
    hts221.o(i.HTS221_Temp_Read) refers to i2c.o(i.I2C_Read_Reg) for I2C_Read_Reg
    hts221.o(i.HTS221_Temp_Read) refers to fflti.o(.text) for __aeabi_i2f
    hts221.o(i.HTS221_Temp_Read) refers to f2d.o(.text) for __aeabi_f2d
    hts221.o(i.HTS221_Temp_Read) refers to ddiv.o(.text) for __aeabi_ddiv
    hts221.o(i.HTS221_Temp_Read) refers to d2f.o(.text) for __aeabi_d2f
    hts221.o(i.HTS221_Temp_Read) refers to faddsub.o(x$fpl$fsub) for __aeabi_fsub
    hts221.o(i.HTS221_Temp_Read) refers to fmul.o(x$fpl$fmul) for __aeabi_fmul
[...]
    ../clib/angel/kernel.s                   0x00000000   Number         0  __rtentry2.o ABSOLUTE
    ../clib/angel/kernel.s                   0x00000000   Number         0  __rtentry4.o ABSOLUTE
    ../clib/angel/kernel.s                   0x00000000   Number         0  __rtentry.o ABSOLUTE
    ../clib/angel/kernel.s                   0x00000000   Number         0  rtexit2.o ABSOLUTE
    ../clib/angel/rt.s                       0x00000000   Number         0  rt_locale.o ABSOLUTE
    ../clib/angel/rt.s                       0x00000000   Number         0  rt_div0.o ABSOLUTE
    ../clib/angel/rt.s                       0x00000000   Number         0  rt_ctype_table.o ABSOLUTE
    ../clib/angel/rt.s                       0x00000000   Number         0  rt_locale_intlibspace.o ABSOLUTE
    ../clib/angel/rt.s                       0x00000000   Number         0  rt_errno_addr_intlibspace.o ABSOLUTE
    ../clib/angel/rt.s                       0x00000000   Number         0  rt_errno_addr.o ABSOLUTE
    ../clib/angel/rt.s                       0x00000000   Number         0  aeabi_idiv0_sigfpe.o ABSOLUTE
    ../clib/angel/rt.s                       0x00000000   Number         0  aeabi_idiv0.o ABSOLUTE
    ../clib/angel/rt.s                       0x00000000   Number         0  rt_raise.o ABSOLUTE
    ../clib/angel/scatterp.s                 0x00000000   Number         0  __scatter.o ABSOLUTE
    ../clib/angel/startup.s                  0x00000000   Number         0  __main.o ABSOLUTE
    ../clib/angel/sys.s                      0x00000000   Number         0  libspace.o ABSOLUTE
    ../clib/angel/sys.s                      0x00000000   Number         0  indicate_semi.o ABSOLUTE
    ../clib/angel/sys.s                      0x00000000   Number         0  tempstk.o ABSOLUTE
    ../clib/angel/sys.s                      0x00000000   Number         0  use_no_semi.o ABSOLUTE
    ../clib/angel/sys.s                      0x00000000   Number         0  sys_stackheap_outer.o ABSOLUTE
    ../clib/angel/sysapp.c                   0x00000000   Number         0  sys_command.o ABSOLUTE
    ../clib/armsys.c                         0x00000000   Number         0  no_argv.o ABSOLUTE
    ../clib/armsys.c                         0x00000000   Number         0  _get_argv_nomalloc.o ABSOLUTE
    ../clib/armsys.c                         0x00000000   Number         0  argv_veneer.o ABSOLUTE
    ../clib/bigflt.c                         0x00000000   Number         0  bigflt0.o ABSOLUTE
    ../clib/btod.c                           0x00000000   Number         0  btod.o ABSOLUTE
    ../clib/ctype.c                          0x00000000   Number         0  isspace.o ABSOLUTE
    ../clib/division.c                       0x00000000   Number         0  rtudiv10.o ABSOLUTE
    ../clib/division.c                       0x00000000   Number         0  lludiv10.o ABSOLUTE
    ../clib/division.s                       0x00000000   Number         0  aeabi_sdiv_div0.o ABSOLUTE
    ../clib/division.s                       0x00000000   Number         0  aeabi_sdiv.o ABSOLUTE
    ../clib/fenv.c                           0x00000000   Number         0  _rserrno.o ABSOLUTE
    ../clib/heapalloc.c                      0x00000000   Number         0  hrguard.o ABSOLUTE
    ../clib/heapaux.c                        0x00000000   Number         0  heapauxi.o ABSOLUTE
    ../clib/libinit.s                        0x00000000   Number         0  libshutdown2.o ABSOLUTE
    ../clib/libinit.s                        0x00000000   Number         0  libinit2.o ABSOLUTE
    ../clib/libinit.s                        0x00000000   Number         0  libinit.o ABSOLUTE
    ../clib/libinit.s                        0x00000000   Number         0  libshutdown.o ABSOLUTE
    ../clib/locale.s                         0x00000000   Number         0  lc_numeric_c.o ABSOLUTE
    ../clib/locale.s                         0x00000000   Number         0  lc_ctype_c.o ABSOLUTE
    ../clib/longlong.c                       0x00000000   Number         0  llshl.o ABSOLUTE
    ../clib/longlong.c                       0x00000000   Number         0  llmul.o ABSOLUTE
    ../clib/memcpset.c                       0x00000000   Number         0  rt_memclr.o ABSOLUTE
    ../clib/printf.c                         0x00000000   Number         0  _printf_char_file.o ABSOLUTE
    ../clib/printf.c                         0x00000000   Number         0  _printf_char.o ABSOLUTE
    ../clib/printf.c                         0x00000000   Number         0  _printf_intcommon.o ABSOLUTE
    ../clib/printf.c                         0x00000000   Number         0  _printf_hex_ll_ptr.o ABSOLUTE
    ../clib/printf.c                         0x00000000   Number         0  __printf_nopercent.o ABSOLUTE
    ../clib/printf.c                         0x00000000   Number         0  __printf_flags.o ABSOLUTE
    ../clib/printf.c                         0x00000000   Number         0  __printf.o ABSOLUTE
    ../clib/printf.c                         0x00000000   Number         0  _printf_dec.o ABSOLUTE
    ../clib/printf.c                         0x00000000   Number         0  _printf_hex_int_ptr.o ABSOLUTE
    ../clib/printf.c                         0x00000000   Number         0  _printf_hex_ll.o ABSOLUTE
    ../clib/printf.c                         0x00000000   Number         0  _printf_hex_int.o ABSOLUTE
    ../clib/printf.c                         0x00000000   Number         0  _printf_fp_dec.o ABSOLUTE
    ../clib/printf.c                         0x00000000   Number         0  _printf_str.o ABSOLUTE
    ../clib/printf.c                         0x00000000   Number         0  _printf_hex_ptr.o ABSOLUTE
    ../clib/printf.c                         0x00000000   Number         0  __printf_flags_ss_wp.o ABSOLUTE
    ../clib/printf.c                         0x00000000   Number         0  __printf_ss_wp.o ABSOLUTE
    ../clib/printf.c                         0x00000000   Number         0  __printf_flags_wp.o ABSOLUTE
    ../clib/printf.c                         0x00000000   Number         0  __printf_wp.o ABSOLUTE
    ../clib/printf.c                         0x00000000   Number         0  __printf_flags_ss.o ABSOLUTE
    ../clib/printf.c                         0x00000000   Number         0  _printf_hex_int_ll_ptr.o ABSOLUTE
    ../clib/printf.c                         0x00000000   Number         0  _printf_hex_int_ll.o ABSOLUTE
    ../clib/printf.c                         0x00000000   Number         0  __2printf.o ABSOLUTE
    ../clib/printf.c                         0x00000000   Number         0  noretval__2printf.o ABSOLUTE
    ../clib/printf.c                         0x00000000   Number         0  __printf_ss.o ABSOLUTE
    ../clib/printf.c                         0x00000000   Number         0  _printf_fp_infnan.o ABSOLUTE
    ../clib/printf.c                         0x00000000   Number         0  _printf_char_common.o ABSOLUTE
    ../clib/printf_percent.s                 0x00000000   Number         0  _printf_f.o ABSOLUTE
    ../clib/printf_percent.s                 0x00000000   Number         0  _printf_i.o ABSOLUTE
    ../clib/printf_percent.s                 0x00000000   Number         0  _printf_x.o ABSOLUTE
    ../clib/printf_percent.s                 0x00000000   Number         0  _printf_s.o ABSOLUTE
    ../clib/printf_percent.s                 0x00000000   Number         0  _printf_percent.o ABSOLUTE
    ../clib/printf_percent.s                 0x00000000   Number         0  _printf_percent_end.o ABSOLUTE
    ../clib/scanf.c                          0x00000000   Number         0  atoi.o ABSOLUTE
    ../clib/scanf.c                          0x00000000   Number         0  scanf_infnan.o ABSOLUTE
    ../clib/scanf.c                          0x00000000   Number         0  _sgetc.o ABSOLUTE
    ../clib/scanf.c                          0x00000000   Number         0  scanf_hexfp.o ABSOLUTE
    ../clib/scanf.c                          0x00000000   Number         0  strtol.o ABSOLUTE
    ../clib/scanf.c                          0x00000000   Number         0  scanf_fp.o ABSOLUTE
    ../clib/scanf.c                          0x00000000   Number         0  _chval.o ABSOLUTE
    ../clib/scanf.c                          0x00000000   Number         0  _strtoul.o ABSOLUTE
    ../clib/scanf.c                          0x00000000   Number         0  strtod.o ABSOLUTE
    ../clib/signal.c                         0x00000000   Number         0  defsig_general.o ABSOLUTE
    ../clib/signal.c                         0x00000000   Number         0  defsig_rtmem_inner.o ABSOLUTE
    ../clib/signal.c                         0x00000000   Number         0  defsig_fpe_inner.o ABSOLUTE
    ../clib/signal.c                         0x00000000   Number         0  defsig_exit.o ABSOLUTE
    ../clib/signal.c                         0x00000000   Number         0  defsig_fpe_formal.o ABSOLUTE
    ../clib/signal.c                         0x00000000   Number         0  defsig_fpe_outer.o ABSOLUTE
    ../clib/signal.c                         0x00000000   Number         0  __raise.o ABSOLUTE
    ../clib/signal.c                         0x00000000   Number         0  defsig_other.o ABSOLUTE
    ../clib/signal.c                         0x00000000   Number         0  defsig_segv_inner.o ABSOLUTE
    ../clib/signal.c                         0x00000000   Number         0  defsig_cppl_inner.o ABSOLUTE
    ../clib/signal.c                         0x00000000   Number         0  defsig_pvfn_inner.o ABSOLUTE
    ../clib/signal.c                         0x00000000   Number         0  defsig_stak_inner.o ABSOLUTE
    ../clib/signal.c                         0x00000000   Number         0  defsig_rtred_inner.o ABSOLUTE
    ../clib/signal.c                         0x00000000   Number         0  defsig_abrt_inner.o ABSOLUTE
    ../clib/signal.c                         0x00000000   Number         0  defsig_rtmem_formal.o ABSOLUTE
    ../clib/signal.c                         0x00000000   Number         0  defsig_rtmem_outer.o ABSOLUTE
    ../clib/signal.s                         0x00000000   Number         0  defsig.o ABSOLUTE
    ../clib/stdlib.c                         0x00000000   Number         0  exit.o ABSOLUTE
    ../clib/string.c                         0x00000000   Number         0  strcat.o ABSOLUTE
    ../clib/string.c                         0x00000000   Number         0  strtok.o ABSOLUTE
    ../clib/string.c                         0x00000000   Number         0  strcpy.o ABSOLUTE
    ../clib/string.c                         0x00000000   Number         0  strlen.o ABSOLUTE
    ../clib/string.c                         0x00000000   Number         0  strncmp.o ABSOLUTE
    ../clib/string.c                         0x00000000   Number         0  strcmp.o ABSOLUTE
    ../clib/string.c                         0x00000000   Number         0  strtok_int.o ABSOLUTE
    ../clib/string.c                         0x00000000   Number         0  strncpy.o ABSOLUTE
    ../clib/string.c                         0x00000000   Number         0  strcspn.o ABSOLUTE
    ../clib/string.c                         0x00000000   Number         0  strspn.o ABSOLUTE
    ../fplib/cfplib/cmpret.c                 0x00000000   Number         0  cmpret.o ABSOLUTE
    ../fplib/cfplib/d2f.c                    0x00000000   Number         0  d2f.o ABSOLUTE
    ../fplib/cfplib/daddsub.c                0x00000000   Number         0  daddsub.o ABSOLUTE
    ../fplib/cfplib/dcmpin.c                 0x00000000   Number         0  dcmpin.o ABSOLUTE
    ../fplib/cfplib/ddiv.c                   0x00000000   Number         0  ddiv.o ABSOLUTE
    ../fplib/cfplib/dmul.c                   0x00000000   Number         0  dmul.o ABSOLUTE
    ../fplib/cfplib/f2d.c                    0x00000000   Number         0  f2d.o ABSOLUTE
    ../fplib/cfplib/fdiv.c                   0x00000000   Number         0  fdiv.o ABSOLUTE
    ../fplib/cfplib/fflt.c                   0x00000000   Number         0  fflti.o ABSOLUTE
    ../fplib/cfplib/fpinit.c                 0x00000000   Number         0  fpinit.o ABSOLUTE
    ../fplib/cfplib/ieee_status.c            0x00000000   Number         0  ieee_status.o ABSOLUTE
    ../fplib/cfplib/nan2.c                   0x00000000   Number         0  dnan2.o ABSOLUTE
    ../fplib/cfplib/retnan.c                 0x00000000   Number         0  retnan.o ABSOLUTE
    ../fplib/cfplib/scalbn.c                 0x00000000   Number         0  dscalbn.o ABSOLUTE
    ../fplib/deqf6m.s                        0x00000000   Number         0  deqf.o ABSOLUTE
    ../fplib/drleqf6m.s                      0x00000000   Number         0  drlef.o ABSOLUTE
    ../fplib/faddsub6m.s                     0x00000000   Number         0  faddsub.o ABSOLUTE
    ../fplib/fmul6m.s                        0x00000000   Number         0  fmul.o ABSOLUTE
    ../fplib/fpconst.s                       0x00000000   Number         0  fpconst.o ABSOLUTE
    ../fplib/printf1.s                       0x00000000   Number         0  printf1.o ABSOLUTE
    ../fplib/scanf1.s                        0x00000000   Number         0  scanf1.o ABSOLUTE
    ../fplib/scanf2.s                        0x00000000   Number         0  scanf2.o ABSOLUTE
    ../fplib/scanf2a.s                       0x00000000   Number         0  scanf2a.o ABSOLUTE
    ../fplib/scanf2b.s                       0x00000000   Number         0  scanf2b.o ABSOLUTE
    ../fplib/usenofp.s                       0x00000000   Number         0  usenofp.o ABSOLUTE
    ../mathlib/atof.c                        0x00000000   Number         0  atof.o ABSOLUTE
    ../mathlib/dunder.c                      0x00000000   Number         0  dunder.o ABSOLUTE
    ../mathlib/fpclassify.c                  0x00000000   Number         0  fpclassify.o ABSOLUTE
    ../mathlib/frexp.c                       0x00000000   Number         0  frexp.o ABSOLUTE
    ../mathlib/ldexp.c                       0x00000000   Number         0  ldexp.o ABSOLUTE
    ../mathlib/ldexp.c                       0x00000000   Number         0  ldexp_x.o ABSOLUTE
    ../mathlib/narrow.c                      0x00000000   Number         0  narrow.o ABSOLUTE
    ../mathlib/qnan.c                        0x00000000   Number         0  qnan.o ABSOLUTE
    ADC.c                                    0x00000000   Number         0  adc.o ABSOLUTE
    ADC.c                                    0x00000000   Number         0  adc.o ABSOLUTE
    FGPMMOPA6H.c                             0x00000000   Number         0  fgpmmopa6h.o ABSOLUTE
    FGPMMOPA6H.c                             0x00000000   Number         0  fgpmmopa6h.o ABSOLUTE
    GPIO.c                                   0x00000000   Number         0  gpio.o ABSOLUTE
    GPIO.c                                   0x00000000   Number         0  gpio.o ABSOLUTE
    HTS221.c                                 0x00000000   Number         0  hts221.o ABSOLUTE
    HTS221.c                                 0x00000000   Number         0  hts221.o ABSOLUTE
    I2C.c                                    0x00000000   Number         0  i2c.o ABSOLUTE
    I2C.c                                    0x00000000   Number         0  i2c.o ABSOLUTE
    ISK01A1.c                                0x00000000   Number         0  isk01a1.o ABSOLUTE
    ISK01A1.c                                0x00000000   Number         0  isk01a1.o ABSOLUTE
    Intern_Project.c                         0x00000000   Number         0  intern_project.o ABSOLUTE
    Intern_Project.c                         0x00000000   Number         0  intern_project.o ABSOLUTE
    LIS3MDL.c                                0x00000000   Number         0  lis3mdl.o ABSOLUTE
    LIS3MDL.c                                0x00000000   Number         0  lis3mdl.o ABSOLUTE
    LPS25HB.c                                0x00000000   Number         0  lps25hb.o ABSOLUTE
    LPS25HB.c                                0x00000000   Number         0  lps25hb.o ABSOLUTE
    LSM6DS0.c                                0x00000000   Number         0  lsm6ds0.o ABSOLUTE
    LSM6DS0.c                                0x00000000   Number         0  lsm6ds0.o ABSOLUTE
    RTE\Device\STM32L053R8\startup_stm32l053xx.s 0x00000000   Number         0  startup_stm32l053xx.o ABSOLUTE
    RTE\Device\STM32L053R8\system_stm32l0xx.c 0x00000000   Number         0  system_stm32l0xx.o ABSOLUTE
    RTE\\Device\\STM32L053R8\\system_stm32l0xx.c 0x00000000   Number         0  system_stm32l0xx.o ABSOLUTE
    Retarget.c                               0x00000000   Number         0  retarget.o ABSOLUTE
    Serial.c                                 0x00000000   Number         0  serial.o ABSOLUTE
    Serial.c                                 0x00000000   Number         0  serial.o ABSOLUTE
    Timing.c                                 0x00000000   Number         0  timing.o ABSOLUTE
    Timing.c                                 0x00000000   Number         0  timing.o ABSOLUTE
    dc.s                                     0x00000000   Number         0  dc.o ABSOLUTE
    RESET                                    0x08000000   Section      192  startup_stm32l053xx.o(RESET)
    !!!main                                  0x080000c0   Section        8  __main.o(!!!main)
    !!!scatter                               0x080000c8   Section       60  __scatter.o(!!!scatter)
    !!handler_copy                           0x08000104   Section       26  __scatter_copy.o(!!handler_copy)
    !!handler_zi                             0x08000120   Section       28  __scatter_zi.o(!!handler_zi)
    .ARM.Collect$$_printf_percent$$00000000  0x0800013c   Section        2  _printf_percent.o(.ARM.Collect$$_printf_percent$$00000000)
    .ARM.Collect$$_printf_percent$$00000003  0x0800013e   Section       10  _printf_f.o(.ARM.Collect$$_printf_percent$$00000003)
    .ARM.Collect$$_printf_percent$$00000008  0x08000148   Section       10  _printf_i.o(.ARM.Collect$$_printf_percent$$00000008)
    .ARM.Collect$$_printf_percent$$00000014  0x08000152   Section       10  _printf_s.o(.ARM.Collect$$_printf_percent$$00000014)
    .ARM.Collect$$_printf_percent$$00000017  0x0800015c   Section        4  _printf_percent_end.o(.ARM.Collect$$_printf_percent$$00000017)
    .ARM.Collect$$libinit$$00000000          0x08000160   Section        2  libinit.o(.ARM.Collect$$libinit$$00000000)
    .ARM.Collect$$libinit$$00000002          0x08000162   Section        0  libinit2.o(.ARM.Collect$$libinit$$00000002)
    .ARM.Collect$$libinit$$00000004          0x08000162   Section        0  libinit2.o(.ARM.Collect$$libinit$$00000004)
    .ARM.Collect$$libinit$$0000000A          0x08000162   Section        0  libinit2.o(.ARM.Collect$$libinit$$0000000A)
    .ARM.Collect$$libinit$$0000000C          0x08000162   Section        0  libinit2.o(.ARM.Collect$$libinit$$0000000C)
    .ARM.Collect$$libinit$$0000000E          0x08000162   Section        0  libinit2.o(.ARM.Collect$$libinit$$0000000E)
    .ARM.Collect$$libinit$$0000000F          0x08000162   Section        6  libinit2.o(.ARM.Collect$$libinit$$0000000F)
    .ARM.Collect$$libinit$$00000011          0x08000168   Section        0  libinit2.o(.ARM.Collect$$libinit$$00000011)
    .ARM.Collect$$libinit$$00000012          0x08000168   Section       12  libinit2.o(.ARM.Collect$$libinit$$00000012)
    .ARM.Collect$$libinit$$00000013          0x08000174   Section        0  libinit2.o(.ARM.Collect$$libinit$$00000013)
    .ARM.Collect$$libinit$$00000015          0x08000174   Section        0  libinit2.o(.ARM.Collect$$libinit$$00000015)
    .ARM.Collect$$libinit$$00000016          0x08000174   Section       10  libinit2.o(.ARM.Collect$$libinit$$00000016)
    .ARM.Collect$$libinit$$00000017          0x0800017e   Section        0  libinit2.o(.ARM.Collect$$libinit$$00000017)
    .ARM.Collect$$libinit$$00000019          0x0800017e   Section        0  libinit2.o(.ARM.Collect$$libinit$$00000019)
    .ARM.Collect$$libinit$$0000001B          0x0800017e   Section        0  libinit2.o(.ARM.Collect$$libinit$$0000001B)
    .ARM.Collect$$libinit$$0000001D          0x0800017e   Section        0  libinit2.o(.ARM.Collect$$libinit$$0000001D)
    .ARM.Collect$$libinit$$0000001F          0x0800017e   Section        0  libinit2.o(.ARM.Collect$$libinit$$0000001F)
    .ARM.Collect$$libinit$$00000021          0x0800017e   Section        0  libinit2.o(.ARM.Collect$$libinit$$00000021)
    .ARM.Collect$$libinit$$00000023          0x0800017e   Section        0  libinit2.o(.ARM.Collect$$libinit$$00000023)
    .ARM.Collect$$libinit$$00000025          0x0800017e   Section        0  libinit2.o(.ARM.Collect$$libinit$$00000025)
    .ARM.Collect$$libinit$$0000002C          0x0800017e   Section        0  libinit2.o(.ARM.Collect$$libinit$$0000002C)
    .ARM.Collect$$libinit$$0000002E          0x0800017e   Section        0  libinit2.o(.ARM.Collect$$libinit$$0000002E)
    .ARM.Collect$$libinit$$00000030          0x0800017e   Section        0  libinit2.o(.ARM.Collect$$libinit$$00000030)
    .ARM.Collect$$libinit$$00000032          0x0800017e   Section        0  libinit2.o(.ARM.Collect$$libinit$$00000032)
    .ARM.Collect$$libinit$$00000033          0x0800017e   Section        2  libinit2.o(.ARM.Collect$$libinit$$00000033)
    .ARM.Collect$$libshutdown$$00000000      0x08000180   Section        2  libshutdown.o(.ARM.Collect$$libshutdown$$00000000)
    .ARM.Collect$$libshutdown$$00000003      0x08000182   Section        0  libshutdown2.o(.ARM.Collect$$libshutdown$$00000003)
    .ARM.Collect$$libshutdown$$00000006      0x08000182   Section        0  libshutdown2.o(.ARM.Collect$$libshutdown$$00000006)
    .ARM.Collect$$libshutdown$$00000009      0x08000182   Section        0  libshutdown2.o(.ARM.Collect$$libshutdown$$00000009)
    .ARM.Collect$$libshutdown$$0000000B      0x08000182   Section        0  libshutdown2.o(.ARM.Collect$$libshutdown$$0000000B)
    .ARM.Collect$$libshutdown$$0000000E      0x08000182   Section        0  libshutdown2.o(.ARM.Collect$$libshutdown$$0000000E)
    .ARM.Collect$$libshutdown$$0000000F      0x08000182   Section        2  libshutdown2.o(.ARM.Collect$$libshutdown$$0000000F)
    .ARM.Collect$$rtentry$$00000000          0x08000184   Section        0  __rtentry.o(.ARM.Collect$$rtentry$$00000000)
    .ARM.Collect$$rtentry$$00000002          0x08000184   Section        0  __rtentry2.o(.ARM.Collect$$rtentry$$00000002)
    .ARM.Collect$$rtentry$$00000004          0x08000184   Section        6  __rtentry4.o(.ARM.Collect$$rtentry$$00000004)
    .ARM.Collect$$rtentry$$00000009          0x0800018a   Section        0  __rtentry2.o(.ARM.Collect$$rtentry$$00000009)
    .ARM.Collect$$rtentry$$0000000A          0x0800018a   Section        4  __rtentry2.o(.ARM.Collect$$rtentry$$0000000A)
    .ARM.Collect$$rtentry$$0000000C          0x0800018e   Section        0  __rtentry2.o(.ARM.Collect$$rtentry$$0000000C)
    .ARM.Collect$$rtentry$$0000000D          0x0800018e   Section        8  __rtentry2.o(.ARM.Collect$$rtentry$$0000000D)
    .ARM.Collect$$rtexit$$00000000           0x08000196   Section        2  rtexit.o(.ARM.Collect$$rtexit$$00000000)
    .ARM.Collect$$rtexit$$00000002           0x08000198   Section        0  rtexit2.o(.ARM.Collect$$rtexit$$00000002)
    .ARM.Collect$$rtexit$$00000003           0x08000198   Section        4  rtexit2.o(.ARM.Collect$$rtexit$$00000003)
    .ARM.Collect$$rtexit$$00000004           0x0800019c   Section        6  rtexit2.o(.ARM.Collect$$rtexit$$00000004)
    .text                                    0x080001a4   Section       60  startup_stm32l053xx.o(.text)
    .text                                    0x080001e0   Section        2  use_no_semi.o(.text)
    .text                                    0x080001e4   Section        0  noretval__2printf.o(.text)
    .text                                    0x08000200   Section        0  __printf.o(.text)
    .text                                    0x0800026c   Section        0  _printf_str.o(.text)
    .text                                    0x080002c0   Section        0  _printf_dec.o(.text)
    .text                                    0x0800032c   Section        0  atoi.o(.text)
    .text                                    0x08000348   Section        0  strtok.o(.text)
    .text                                    0x08000358   Section        0  strcpy.o(.text)
    .text                                    0x080003a4   Section        0  strlen.o(.text)
    .text                                    0x080003e8   Section        0  strncmp.o(.text)
    .text                                    0x08000488   Section        0  strcat.o(.text)
    .text                                    0x080004a0   Section        0  rt_memclr.o(.text)
    .text                                    0x080004e0   Section        0  strncpy.o(.text)
    .text                                    0x0800054c   Section      346  aeabi_sdiv.o(.text)
    .text                                    0x080006a6   Section        0  heapauxi.o(.text)
    .text                                    0x080006ac   Section        0  d2f.o(.text)
    .text                                    0x08000728   Section        0  f2d.o(.text)
    .text                                    0x0800077c   Section        8  rt_errno_addr_intlibspace.o(.text)
    .text                                    0x08000784   Section        0  _rserrno.o(.text)
    .text                                    0x0800079a   Section        0  _printf_intcommon.o(.text)
    .text                                    0x0800084c   Section        0  _printf_fp_dec.o(.text)
    _fp_digits                               0x0800084f   Thumb Code   408  _printf_fp_dec.o(.text)
    .text                                    0x08000c60   Section        0  _printf_char.o(.text)
    .text                                    0x08000c90   Section        0  _printf_char_file.o(.text)
    .text                                    0x08000cb8   Section        0  strtod.o(.text)
    _local_sscanf                            0x08000cb9   Thumb Code    60  strtod.o(.text)
    .text                                    0x08000d60   Section        0  strtol.o(.text)
    .text                                    0x08000dd0   Section        0  strtok_int.o(.text)
    .text                                    0x08000e18   Section        0  rtudiv10.o(.text)
    .text                                    0x08000e40   Section        8  libspace.o(.text)
    .text                                    0x08000e48   Section       16  rt_ctype_table.o(.text)
    .text                                    0x08000e58   Section        8  rt_locale_intlibspace.o(.text)
    .text                                    0x08000e60   Section        0  lludiv10.o(.text)
    .text                                    0x08000eda   Section        0  isspace.o(.text)
    .text                                    0x08000eec   Section        0  _printf_char_common.o(.text)
    _printf_input_char                       0x08000eed   Thumb Code    10  _printf_char_common.o(.text)
    .text                                    0x08000f1c   Section        0  _printf_fp_infnan.o(.text)
    .text                                    0x08000fa4   Section        0  _sgetc.o(.text)
    .text                                    0x08000fe8   Section        0  _strtoul.o(.text)
    .text                                    0x08001090   Section        0  bigflt0.o(.text)
    .text                                    0x08001158   Section        0  btod.o(.text)
    btod_internal_mul                        0x08001199   Thumb Code   456  btod.o(.text)
    btod_internal_div                        0x08001361   Thumb Code   494  btod.o(.text)
    .text                                    0x08001600   Section        0  strcspn.o(.text)
    .text                                    0x08001622   Section        0  strspn.o(.text)
    .text                                    0x08001642   Section       62  sys_stackheap_outer.o(.text)
    .text                                    0x08001680   Section        0  _chval.o(.text)
    .text                                    0x080016a0   Section        0  scanf_fp.o(.text)
    _fp_value                                0x080016a1   Thumb Code   526  scanf_fp.o(.text)
    .text                                    0x08001b70   Section        0  exit.o(.text)
    .text                                    0x08001b7c   Section        0  strcmp.o(.text)
    .text                                    0x08001c04   Section        0  llmul.o(.text)
    .text                                    0x08001c34   Section        0  scanf_hexfp.o(.text)
    .text                                    0x08001f5c   Section        0  scanf_infnan.o(.text)
    .text                                    0x08002098   Section        0  llshl.o(.text)
    .text                                    0x080020b8   Section        0  dcmpin.o(.text)
    .text                                    0x08002148   Section        0  dscalbn.o(.text)
    .text                                    0x080021a8   Section        0  cmpret.o(.text)
    .text                                    0x080021d8   Section        0  dnan2.o(.text)
    .text                                    0x080021ec   Section        0  retnan.o(.text)
    i.ADC_Init                               0x0800224c   Section        0  adc.o(i.ADC_Init)
    i.Button_Initialize                      0x080022c0   Section        0  gpio.o(i.Button_Initialize)
    i.Delay                                  0x080022d4   Section        0  timing.o(i.Delay)
    i.FGPMMOPA6H_Get_Ground_Speed            0x080022ec   Section        0  fgpmmopa6h.o(i.FGPMMOPA6H_Get_Ground_Speed)
    i.FGPMMOPA6H_Get_Latitude                0x08002324   Section        0  fgpmmopa6h.o(i.FGPMMOPA6H_Get_Latitude)
    i.FGPMMOPA6H_Get_Longitude               0x080023a0   Section        0  fgpmmopa6h.o(i.FGPMMOPA6H_Get_Longitude)
    i.FGPMMOPA6H_Get_RMC_TRF_Time            0x0800241c   Section        0  fgpmmopa6h.o(i.FGPMMOPA6H_Get_RMC_TRF_Time)
    i.FGPMMOPA6H_Init                        0x0800248c   Section        0  fgpmmopa6h.o(i.FGPMMOPA6H_Init)
    i.FGPMMOPA6H_Parse_RMC_Data              0x08002508   Section        0  fgpmmopa6h.o(i.FGPMMOPA6H_Parse_RMC_Data)
    i.I2C_Init                               0x080026d0   Section        0  i2c.o(i.I2C_Init)
    i.Initialize_Port_A                      0x08002740   Section        0  gpio.o(i.Initialize_Port_A)
    i.Initialize_Port_C                      0x080027b0   Section        0  gpio.o(i.Initialize_Port_C)
    i.LED_Init                               0x08002808   Section        0  gpio.o(i.LED_Init)
    i.NVIC_SetPriority                       0x0800281c   Section        0  intern_project.o(i.NVIC_SetPriority)
    NVIC_SetPriority                         0x0800281d   Thumb Code   110  intern_project.o(i.NVIC_SetPriority)
    i.NVIC_SetPriority                       0x08002894   Section        0  fgpmmopa6h.o(i.NVIC_SetPriority)
    NVIC_SetPriority                         0x08002895   Thumb Code   110  fgpmmopa6h.o(i.NVIC_SetPriority)
    i.SER_Initialize                         0x0800290c   Section        0  serial.o(i.SER_Initialize)
    i.SER_PutChar                            0x08002980   Section        0  serial.o(i.SER_PutChar)
    i.SysTick_Handler                        0x0800299c   Section        0  timing.o(i.SysTick_Handler)
    i.SystemCoreClockInit                    0x080029ac   Section        0  timing.o(i.SystemCoreClockInit)
    i.SystemCoreClockUpdate                  0x08002aa4   Section        0  system_stm32l0xx.o(i.SystemCoreClockUpdate)
    i.SystemInit                             0x08002ba4   Section        0  system_stm32l0xx.o(i.SystemInit)
    i.USART1_IRQHandler                      0x08002c0c   Section        0  fgpmmopa6h.o(i.USART1_IRQHandler)
    i.USART1_Init                            0x08002d14   Section        0  fgpmmopa6h.o(i.USART1_Init)
    i.USART1_PutChar                         0x08002de0   Section        0  fgpmmopa6h.o(i.USART1_PutChar)
    i.USART1_Send                            0x08002dfc   Section        0  fgpmmopa6h.o(i.USART1_Send)
    i.__ARM_common_ll_muluu                  0x08002e1a   Section        0  btod.o(i.__ARM_common_ll_muluu)
    i.__ARM_fpclassify                       0x08002e4c   Section        0  fpclassify.o(i.__ARM_fpclassify)
    i.__mathlib_dbl_overflow                 0x08002e78   Section        0  dunder.o(i.__mathlib_dbl_overflow)
    i.__mathlib_dbl_underflow                0x08002e8c   Section        0  dunder.o(i.__mathlib_dbl_underflow)
    i.__mathlib_narrow                       0x08002ea0   Section        0  narrow.o(i.__mathlib_narrow)
    i.__mathlib_tofloat                      0x08002eb0   Section        0  narrow.o(i.__mathlib_tofloat)
    i.__support_ldexp                        0x08002f3c   Section        0  ldexp.o(i.__support_ldexp)
    i._is_digit                              0x08002f50   Section        0  __printf_wp.o(i._is_digit)
    i._sys_exit                              0x08002f5e   Section        0  retarget.o(i._sys_exit)
    i.atof                                   0x08002f62   Section        0  atof.o(i.atof)
    i.ferror                                 0x08002f8c   Section        0  retarget.o(i.ferror)
    i.fputc                                  0x08002f94   Section        0  retarget.o(i.fputc)
    i.frexp                                  0x08002fa4   Section        0  frexp.o(i.frexp)
    i.ldexp                                  0x08002ffc   Section        0  ldexp.o(i.ldexp)
    i.main                                   0x0800306c   Section        0  intern_project.o(i.main)
    locale$$code                             0x08003198   Section       44  lc_numeric_c.o(locale$$code)
    locale$$code                             0x080031c4   Section       44  lc_ctype_c.o(locale$$code)
    x$fpl$deqf                               0x080031f0   Section      100  deqf.o(x$fpl$deqf)
    x$fpl$drleqf                             0x08003254   Section      104  drlef.o(x$fpl$drleqf)
    x$fpl$fmul                               0x080032bc   Section      176  fmul.o(x$fpl$fmul)
    x$fpl$printf1                            0x0800336c   Section       16  printf1.o(x$fpl$printf1)
    x$fpl$scanf1                             0x0800337c   Section       16  scanf1.o(x$fpl$scanf1)
    x$fpl$scanf2                             0x0800338c   Section       32  scanf2.o(x$fpl$scanf2)
    .constdata                               0x080033ac   Section       40  fgpmmopa6h.o(.constdata)
    x$fpl$usenofp                            0x080033ac   Section        0  usenofp.o(x$fpl$usenofp)
    GGA                                      0x080033ac   Data           7  fgpmmopa6h.o(.constdata)
    GSA                                      0x080033b3   Data           7  fgpmmopa6h.o(.constdata)
    GSV                                      0x080033ba   Data           7  fgpmmopa6h.o(.constdata)
    RMC                                      0x080033c1   Data           7  fgpmmopa6h.o(.constdata)
    VTG                                      0x080033c8   Data           7  fgpmmopa6h.o(.constdata)
    .constdata                               0x080033d4   Section      148  bigflt0.o(.constdata)
    tenpwrs_x                                0x080033d4   Data          60  bigflt0.o(.constdata)
    tenpwrs_i                                0x08003410   Data          64  bigflt0.o(.constdata)
    c$$dinf                                  0x08003488   Section        8  fpconst.o(c$$dinf)
    locale$$data                             0x08003490   Section       28  lc_numeric_c.o(locale$$data)
    __lcnum_c_name                           0x08003494   Data           2  lc_numeric_c.o(locale$$data)
    __lcnum_c_start                          0x0800349c   Data           0  lc_numeric_c.o(locale$$data)
    __lcnum_c_point                          0x080034a8   Data           0  lc_numeric_c.o(locale$$data)
    __lcnum_c_thousands                      0x080034aa   Data           0  lc_numeric_c.o(locale$$data)
    __lcnum_c_grouping                       0x080034ab   Data           0  lc_numeric_c.o(locale$$data)
    locale$$data                             0x080034ac   Section      272  lc_ctype_c.o(locale$$data)
    __lcnum_c_end                            0x080034ac   Data           0  lc_numeric_c.o(locale$$data)
    __lcctype_c_name                         0x080034b0   Data           2  lc_ctype_c.o(locale$$data)
    __lcctype_c_start                        0x080034b8   Data           0  lc_ctype_c.o(locale$$data)
    __lcctype_c_end                          0x080035bc   Data           0  lc_ctype_c.o(locale$$data)
    .data                                    0x20000000   Section        8  retarget.o(.data)
    .data                                    0x20000008   Section        4  timing.o(.data)
    .data                                    0x2000000c   Section      133  fgpmmopa6h.o(.data)
    .data                                    0x20000094   Section       29  system_stm32l0xx.o(.data)
    .data                                    0x200000b4   Section        4  strtok.o(.data)
    _strtok_saves1                           0x200000b4   Data           4  strtok.o(.data)
    .bss                                     0x200000b8   Section      748  fgpmmopa6h.o(.bss)
    .bss                                     0x200003a4   Section       96  libspace.o(.bss)
    HEAP                                     0x20000408   Section      512  startup_stm32l053xx.o(HEAP)
    Heap_Mem                                 0x20000408   Data         512  startup_stm32l053xx.o(HEAP)
    STACK                                    0x20000608   Section     1024  startup_stm32l053xx.o(STACK)
    Stack_Mem                                0x20000608   Data        1024  startup_stm32l053xx.o(STACK)
    __initial_sp                             0x20000a08   Data           0  startup_stm32l053xx.o(STACK)

    Global Symbols

    Symbol Name                              Value     Ov Type        Size  Object(Section)

    BuildAttributes$$THM_ISAv3M$S$PE$A:L22$X:L11$S22$IEEE1$IW$USESV6$~STKCKD$USESV7$~SHL$OTIME$ROPI$IEEEX$EBA8$UX$STANDARDLIB$REQ8$PRES8$EABIv2 0x00000000   Number         0  anon$$obj.o ABSOLUTE
    __ARM_use_no_argv                        0x00000000   Number         0  intern_project.o ABSOLUTE
    __ARM_exceptions_init                     - Undefined Weak Reference
    __alloca_initialize                       - Undefined Weak Reference
    __arm_preinit_                            - Undefined Weak Reference
    __cpp_initialize__aeabi_                  - Undefined Weak Reference
    __cxa_finalize                            - Undefined Weak Reference
    __sigvec_lookup                           - Undefined Weak Reference
    _atexit_init                              - Undefined Weak Reference
    _call_atexit_fns                          - Undefined Weak Reference
    _clock_init                               - Undefined Weak Reference
    _fp_trap_init                             - Undefined Weak Reference
    _fp_trap_shutdown                         - Undefined Weak Reference
    _get_lc_collate                           - Undefined Weak Reference
    _get_lc_monetary                          - Undefined Weak Reference
    _get_lc_time                              - Undefined Weak Reference
    _getenv_init                              - Undefined Weak Reference
    _handle_redirection                       - Undefined Weak Reference
    _init_alloc                               - Undefined Weak Reference
    _init_user_alloc                          - Undefined Weak Reference
    _initio                                   - Undefined Weak Reference
    _printf_mbtowc                            - Undefined Weak Reference
    _printf_post_padding                      - Undefined Weak Reference
    _printf_pre_padding                       - Undefined Weak Reference
    _printf_truncate_signed                   - Undefined Weak Reference
    _printf_truncate_unsigned                 - Undefined Weak Reference
    _rand_init                                - Undefined Weak Reference
    _signal_finish                            - Undefined Weak Reference
    _signal_init                              - Undefined Weak Reference
    _terminate_alloc                          - Undefined Weak Reference
    _terminate_user_alloc                     - Undefined Weak Reference
    _terminateio                              - Undefined Weak Reference
    __Vectors_Size                           0x000000c0   Number         0  startup_stm32l053xx.o ABSOLUTE
    __Vectors                                0x08000000   Data           4  startup_stm32l053xx.o(RESET)
    __Vectors_End                            0x080000c0   Data           0  startup_stm32l053xx.o(RESET)
    __main                                   0x080000c1   Thumb Code     8  __main.o(!!!main)
    __scatterload                            0x080000c9   Thumb Code     0  __scatter.o(!!!scatter)
    __scatterload_rt2                        0x080000c9   Thumb Code    52  __scatter.o(!!!scatter)
    __scatterload_rt2_thumb_only             0x080000c9   Thumb Code     0  __scatter.o(!!!scatter)
    __scatterload_null                       0x080000d9   Thumb Code     0  __scatter.o(!!!scatter)
    __scatterload_copy                       0x08000105   Thumb Code    26  __scatter_copy.o(!!handler_copy)
    __scatterload_zeroinit                   0x08000121   Thumb Code    28  __scatter_zi.o(!!handler_zi)
    _printf_percent                          0x0800013d   Thumb Code     0  _printf_percent.o(.ARM.Collect$$_printf_percent$$00000000)
    _printf_f                                0x0800013f   Thumb Code     0  _printf_f.o(.ARM.Collect$$_printf_percent$$00000003)
    _printf_i                                0x08000149   Thumb Code     0  _printf_i.o(.ARM.Collect$$_printf_percent$$00000008)
    _printf_s                                0x08000153   Thumb Code     0  _printf_s.o(.ARM.Collect$$_printf_percent$$00000014)
    _printf_percent_end                      0x0800015d   Thumb Code     0  _printf_percent_end.o(.ARM.Collect$$_printf_percent$$00000017)
    __rt_lib_init                            0x08000161   Thumb Code     0  libinit.o(.ARM.Collect$$libinit$$00000000)
    __rt_lib_init_fp_1                       0x08000163   Thumb Code     0  libinit2.o(.ARM.Collect$$libinit$$00000002)
    __rt_lib_init_heap_1                     0x08000163   Thumb Code     0  libinit2.o(.ARM.Collect$$libinit$$0000000A)
    __rt_lib_init_lc_common                  0x08000163   Thumb Code     0  libinit2.o(.ARM.Collect$$libinit$$0000000F)
    __rt_lib_init_preinit_1                  0x08000163   Thumb Code     0  libinit2.o(.ARM.Collect$$libinit$$00000004)
    __rt_lib_init_rand_1                     0x08000163   Thumb Code     0  libinit2.o(.ARM.Collect$$libinit$$0000000E)
    __rt_lib_init_user_alloc_1               0x08000163   Thumb Code     0  libinit2.o(.ARM.Collect$$libinit$$0000000C)
    __rt_lib_init_lc_collate_1               0x08000169   Thumb Code     0  libinit2.o(.ARM.Collect$$libinit$$00000011)
    __rt_lib_init_lc_ctype_2                 0x08000169   Thumb Code     0  libinit2.o(.ARM.Collect$$libinit$$00000012)
    __rt_lib_init_lc_ctype_1                 0x08000175   Thumb Code     0  libinit2.o(.ARM.Collect$$libinit$$00000013)
    __rt_lib_init_lc_monetary_1              0x08000175   Thumb Code     0  libinit2.o(.ARM.Collect$$libinit$$00000015)
    __rt_lib_init_lc_numeric_2               0x08000175   Thumb Code     0  libinit2.o(.ARM.Collect$$libinit$$00000016)
    __rt_lib_init_alloca_1                   0x0800017f   Thumb Code     0  libinit2.o(.ARM.Collect$$libinit$$0000002E)
    __rt_lib_init_argv_1                     0x0800017f   Thumb Code     0  libinit2.o(.ARM.Collect$$libinit$$0000002C)
    __rt_lib_init_atexit_1                   0x0800017f   Thumb Code     0  libinit2.o(.ARM.Collect$$libinit$$0000001B)
    __rt_lib_init_clock_1                    0x0800017f   Thumb Code     0  libinit2.o(.ARM.Collect$$libinit$$00000021)
    __rt_lib_init_cpp_1                      0x0800017f   Thumb Code     0  libinit2.o(.ARM.Collect$$libinit$$00000032)
    __rt_lib_init_exceptions_1               0x0800017f   Thumb Code     0  libinit2.o(.ARM.Collect$$libinit$$00000030)
    __rt_lib_init_fp_trap_1                  0x0800017f   Thumb Code     0  libinit2.o(.ARM.Collect$$libinit$$0000001F)
    __rt_lib_init_getenv_1                   0x0800017f   Thumb Code     0  libinit2.o(.ARM.Collect$$libinit$$00000023)
    __rt_lib_init_lc_numeric_1               0x0800017f   Thumb Code     0  libinit2.o(.ARM.Collect$$libinit$$00000017)
    __rt_lib_init_lc_time_1                  0x0800017f   Thumb Code     0  libinit2.o(.ARM.Collect$$libinit$$00000019)
    __rt_lib_init_return                     0x0800017f   Thumb Code     0  libinit2.o(.ARM.Collect$$libinit$$00000033)
    __rt_lib_init_signal_1                   0x0800017f   Thumb Code     0  libinit2.o(.ARM.Collect$$libinit$$0000001D)
    __rt_lib_init_stdio_1                    0x0800017f   Thumb Code     0  libinit2.o(.ARM.Collect$$libinit$$00000025)
    __rt_lib_shutdown                        0x08000181   Thumb Code     0  libshutdown.o(.ARM.Collect$$libshutdown$$00000000)
    __rt_lib_shutdown_fp_trap_1              0x08000183   Thumb Code     0  libshutdown2.o(.ARM.Collect$$libshutdown$$00000006)
    __rt_lib_shutdown_heap_1                 0x08000183   Thumb Code     0  libshutdown2.o(.ARM.Collect$$libshutdown$$0000000E)
    __rt_lib_shutdown_return                 0x08000183   Thumb Code     0  libshutdown2.o(.ARM.Collect$$libshutdown$$0000000F)
    __rt_lib_shutdown_signal_1               0x08000183   Thumb Code     0  libshutdown2.o(.ARM.Collect$$libshutdown$$00000009)
    __rt_lib_shutdown_stdio_1                0x08000183   Thumb Code     0  libshutdown2.o(.ARM.Collect$$libshutdown$$00000003)
    __rt_lib_shutdown_user_alloc_1           0x08000183   Thumb Code     0  libshutdown2.o(.ARM.Collect$$libshutdown$$0000000B)
    __rt_entry                               0x08000185   Thumb Code     0  __rtentry.o(.ARM.Collect$$rtentry$$00000000)
    __rt_entry_presh_1                       0x08000185   Thumb Code     0  __rtentry2.o(.ARM.Collect$$rtentry$$00000002)
    __rt_entry_sh                            0x08000185   Thumb Code     0  __rtentry4.o(.ARM.Collect$$rtentry$$00000004)
    __rt_entry_li                            0x0800018b   Thumb Code     0  __rtentry2.o(.ARM.Collect$$rtentry$$0000000A)
    __rt_entry_postsh_1                      0x0800018b   Thumb Code     0  __rtentry2.o(.ARM.Collect$$rtentry$$00000009)
    __rt_entry_main                          0x0800018f   Thumb Code     0  __rtentry2.o(.ARM.Collect$$rtentry$$0000000D)
    __rt_entry_postli_1                      0x0800018f   Thumb Code     0  __rtentry2.o(.ARM.Collect$$rtentry$$0000000C)
    __rt_exit                                0x08000197   Thumb Code     0  rtexit.o(.ARM.Collect$$rtexit$$00000000)
    __rt_exit_ls                             0x08000199   Thumb Code     0  rtexit2.o(.ARM.Collect$$rtexit$$00000003)
    __rt_exit_prels_1                        0x08000199   Thumb Code     0  rtexit2.o(.ARM.Collect$$rtexit$$00000002)
    __rt_exit_exit                           0x0800019d   Thumb Code     0  rtexit2.o(.ARM.Collect$$rtexit$$00000004)
    Reset_Handler                            0x080001a5   Thumb Code     8  startup_stm32l053xx.o(.text)
    NMI_Handler                              0x080001ad   Thumb Code     2  startup_stm32l053xx.o(.text)
    HardFault_Handler                        0x080001af   Thumb Code     2  startup_stm32l053xx.o(.text)
    SVC_Handler                              0x080001b1   Thumb Code     2  startup_stm32l053xx.o(.text)
    DebugMon_Handler                         0x080001b3   Thumb Code     2  startup_stm32l053xx.o(.text)
    PendSV_Handler                           0x080001b5   Thumb Code     2  startup_stm32l053xx.o(.text)
    ADC1_COMP_IRQHandler                     0x080001b9   Thumb Code     0  startup_stm32l053xx.o(.text)
    DMA1_Channel1_IRQHandler                 0x080001b9   Thumb Code     0  startup_stm32l053xx.o(.text)
    DMA1_Channel2_3_IRQHandler               0x080001b9   Thumb Code     0  startup_stm32l053xx.o(.text)
    DMA1_Channel4_5_6_7_IRQHandler           0x080001b9   Thumb Code     0  startup_stm32l053xx.o(.text)
    EXTI0_1_IRQHandler                       0x080001b9   Thumb Code     0  startup_stm32l053xx.o(.text)
    EXTI2_3_IRQHandler                       0x080001b9   Thumb Code     0  startup_stm32l053xx.o(.text)
    EXTI4_15_IRQHandler                      0x080001b9   Thumb Code     0  startup_stm32l053xx.o(.text)
    FLASH_IRQHandler                         0x080001b9   Thumb Code     0  startup_stm32l053xx.o(.text)
    I2C1_IRQHandler                          0x080001b9   Thumb Code     0  startup_stm32l053xx.o(.text)
    I2C2_IRQHandler                          0x080001b9   Thumb Code     0  startup_stm32l053xx.o(.text)
    LCD_IRQHandler                           0x080001b9   Thumb Code     0  startup_stm32l053xx.o(.text)
    LPTIM1_IRQHandler                        0x080001b9   Thumb Code     0  startup_stm32l053xx.o(.text)
    PVD_IRQHandler                           0x080001b9   Thumb Code     0  startup_stm32l053xx.o(.text)
    RCC_CRS_IRQHandler                       0x080001b9   Thumb Code     0  startup_stm32l053xx.o(.text)
    RNG_LPUART1_IRQHandler                   0x080001b9   Thumb Code     0  startup_stm32l053xx.o(.text)
    RTC_IRQHandler                           0x080001b9   Thumb Code     0  startup_stm32l053xx.o(.text)
    SPI1_IRQHandler                          0x080001b9   Thumb Code     0  startup_stm32l053xx.o(.text)
    SPI2_IRQHandler                          0x080001b9   Thumb Code     0  startup_stm32l053xx.o(.text)
    TIM21_IRQHandler                         0x080001b9   Thumb Code     0  startup_stm32l053xx.o(.text)
    TIM22_IRQHandler                         0x080001b9   Thumb Code     0  startup_stm32l053xx.o(.text)
    TIM2_IRQHandler                          0x080001b9   Thumb Code     0  startup_stm32l053xx.o(.text)
    TIM6_DAC_IRQHandler                      0x080001b9   Thumb Code     0  startup_stm32l053xx.o(.text)
    TSC_IRQHandler                           0x080001b9   Thumb Code     0  startup_stm32l053xx.o(.text)
    USART2_IRQHandler                        0x080001b9   Thumb Code     0  startup_stm32l053xx.o(.text)
    USB_IRQHandler                           0x080001b9   Thumb Code     0  startup_stm32l053xx.o(.text)
    WWDG_IRQHandler                          0x080001b9   Thumb Code     0  startup_stm32l053xx.o(.text)
    __user_initial_stackheap                 0x080001bd   Thumb Code     0  startup_stm32l053xx.o(.text)
    __I$use$semihosting                      0x080001e1   Thumb Code     0  use_no_semi.o(.text)
    __use_no_semihosting_swi                 0x080001e1   Thumb Code     2  use_no_semi.o(.text)
    __2printf                                0x080001e5   Thumb Code    22  noretval__2printf.o(.text)
    __printf                                 0x08000201   Thumb Code   108  __printf.o(.text)
    _printf_str                              0x0800026d   Thumb Code    82  _printf_str.o(.text)
    _printf_int_dec                          0x080002c1   Thumb Code    90  _printf_dec.o(.text)
    atoi                                     0x0800032d   Thumb Code    26  atoi.o(.text)
    strtok                                   0x08000349   Thumb Code    10  strtok.o(.text)
    strcpy                                   0x08000359   Thumb Code    70  strcpy.o(.text)
    strlen                                   0x080003a5   Thumb Code    62  strlen.o(.text)
    strncmp                                  0x080003e9   Thumb Code   154  strncmp.o(.text)
    strcat                                   0x08000489   Thumb Code    24  strcat.o(.text)
    _memset_w                                0x080004a1   Thumb Code    26  rt_memclr.o(.text)
    _memset                                  0x080004bb   Thumb Code    30  rt_memclr.o(.text)
    __aeabi_memclr                           0x080004d9   Thumb Code     4  rt_memclr.o(.text)
    __rt_memclr                              0x080004d9   Thumb Code     0  rt_memclr.o(.text)
    __aeabi_memclr4                          0x080004dd   Thumb Code     0  rt_memclr.o(.text)
    __aeabi_memclr8                          0x080004dd   Thumb Code     0  rt_memclr.o(.text)
    __rt_memclr_w                            0x080004dd   Thumb Code     4  rt_memclr.o(.text)
    strncpy                                  0x080004e1   Thumb Code   104  strncpy.o(.text)
    __aeabi_uidiv                            0x0800054d   Thumb Code     0  aeabi_sdiv.o(.text)
    __aeabi_uidivmod                         0x0800054d   Thumb Code    20  aeabi_sdiv.o(.text)
    __aeabi_idiv                             0x08000561   Thumb Code     0  aeabi_sdiv.o(.text)
    __aeabi_idivmod                          0x08000561   Thumb Code   326  aeabi_sdiv.o(.text)
    __use_two_region_memory                  0x080006a7   Thumb Code     2  heapauxi.o(.text)
    __rt_heap_escrow$2region                 0x080006a9   Thumb Code     2  heapauxi.o(.text)
    __rt_heap_expand$2region                 0x080006ab   Thumb Code     2  heapauxi.o(.text)
    __aeabi_d2f                              0x080006ad   Thumb Code     0  d2f.o(.text)
    _d2f                                     0x080006ad   Thumb Code   120  d2f.o(.text)
    __aeabi_f2d                              0x08000729   Thumb Code     0  f2d.o(.text)
    _f2d                                     0x08000729   Thumb Code    80  f2d.o(.text)
    __aeabi_errno_addr                       0x0800077d   Thumb Code     8  rt_errno_addr_intlibspace.o(.text)
    __errno$intlibspace                      0x0800077d   Thumb Code     0  rt_errno_addr_intlibspace.o(.text)
    __rt_errno_addr$intlibspace              0x0800077d   Thumb Code     0  rt_errno_addr_intlibspace.o(.text)
    __read_errno                             0x08000785   Thumb Code    10  _rserrno.o(.text)
    __set_errno                              0x0800078f   Thumb Code    12  _rserrno.o(.text)
    _printf_int_common                       0x0800079b   Thumb Code   176  _printf_intcommon.o(.text)
    __lib_sel_fp_printf                      0x0800084d   Thumb Code     2  _printf_fp_dec.o(.text)
    _printf_fp_dec_real                      0x080009e7   Thumb Code   620  _printf_fp_dec.o(.text)
    _printf_cs_common                        0x08000c61   Thumb Code    22  _printf_char.o(.text)
    _printf_char                             0x08000c77   Thumb Code    16  _printf_char.o(.text)
    _printf_string                           0x08000c87   Thumb Code     8  _printf_char.o(.text)
    _printf_char_file                        0x08000c91   Thumb Code    34  _printf_char_file.o(.text)
    __strtod_int                             0x08000cf5   Thumb Code    92  strtod.o(.text)
    strtol                                   0x08000d61   Thumb Code   108  strtol.o(.text)
    __strtok_internal                        0x08000dd1   Thumb Code    66  strtok_int.o(.text)
    __rt_udiv10                              0x08000e19   Thumb Code    40  rtudiv10.o(.text)
    __user_libspace                          0x08000e41   Thumb Code     8  libspace.o(.text)
    __user_perproc_libspace                  0x08000e41   Thumb Code     0  libspace.o(.text)
    __user_perthread_libspace                0x08000e41   Thumb Code     0  libspace.o(.text)
    __rt_ctype_table                         0x08000e49   Thumb Code    16  rt_ctype_table.o(.text)
    __rt_locale                              0x08000e59   Thumb Code     8  rt_locale_intlibspace.o(.text)
    _ll_udiv10                               0x08000e61   Thumb Code   122  lludiv10.o(.text)
    isspace                                  0x08000edb   Thumb Code    18  isspace.o(.text)
    _printf_char_common                      0x08000ef7   Thumb Code    32  _printf_char_common.o(.text)
    _printf_fp_infnan                        0x08000f1d   Thumb Code   120  _printf_fp_infnan.o(.text)
    _sgetc                                   0x08000fa5   Thumb Code    32  _sgetc.o(.text)
    _sbackspace                              0x08000fc5   Thumb Code    36  _sgetc.o(.text)
    _strtoul                                 0x08000fe9   Thumb Code   166  _strtoul.o(.text)
    _btod_etento                             0x08001091   Thumb Code   196  bigflt0.o(.text)
    _btod_d2e                                0x08001159   Thumb Code    64  btod.o(.text)
    _btod_emul                               0x0800154f   Thumb Code    24  btod.o(.text)
    _btod_emuld                              0x08001567   Thumb Code    60  btod.o(.text)
    _btod_ediv                               0x080015a3   Thumb Code    22  btod.o(.text)
    _btod_edivd                              0x080015b9   Thumb Code    60  btod.o(.text)
    strcspn                                  0x08001601   Thumb Code    34  strcspn.o(.text)
    strspn                                   0x08001623   Thumb Code    32  strspn.o(.text)
    __user_setup_stackheap                   0x08001643   Thumb Code    62  sys_stackheap_outer.o(.text)
    _chval                                   0x08001681   Thumb Code    30  _chval.o(.text)
    _scanf_really_real                       0x080018af   Thumb Code   706  scanf_fp.o(.text)
    exit                                     0x08001b71   Thumb Code    12  exit.o(.text)
    strcmp                                   0x08001b7d   Thumb Code   132  strcmp.o(.text)
    __aeabi_lmul                             0x08001c05   Thumb Code    48  llmul.o(.text)
    _ll_mul                                  0x08001c05   Thumb Code     0  llmul.o(.text)
    _scanf_really_hex_real                   0x08001c35   Thumb Code   796  scanf_hexfp.o(.text)
    _scanf_really_infnan                     0x08001f5d   Thumb Code   300  scanf_infnan.o(.text)
    __aeabi_llsl                             0x08002099   Thumb Code    32  llshl.o(.text)
    _ll_shift_l                              0x08002099   Thumb Code     0  llshl.o(.text)
    __fpl_dcmp_InfNaN                        0x080020b9   Thumb Code   140  dcmpin.o(.text)
    __ARM_scalbn                             0x08002149   Thumb Code    84  dscalbn.o(.text)
    __fpl_cmpreturn                          0x080021a9   Thumb Code    44  cmpret.o(.text)
    __fpl_dcheck_NaN2                        0x080021d9   Thumb Code    14  dnan2.o(.text)
    __fpl_return_NaN                         0x080021ed   Thumb Code    94  retnan.o(.text)
    ADC_Init                                 0x0800224d   Thumb Code   106  adc.o(i.ADC_Init)
    Button_Initialize                        0x080022c1   Thumb Code    20  gpio.o(i.Button_Initialize)
    Delay                                    0x080022d5   Thumb Code    20  timing.o(i.Delay)
    FGPMMOPA6H_Get_Ground_Speed              0x080022ed   Thumb Code    44  fgpmmopa6h.o(i.FGPMMOPA6H_Get_Ground_Speed)
    FGPMMOPA6H_Get_Latitude                  0x08002325   Thumb Code   106  fgpmmopa6h.o(i.FGPMMOPA6H_Get_Latitude)
    FGPMMOPA6H_Get_Longitude                 0x080023a1   Thumb Code   106  fgpmmopa6h.o(i.FGPMMOPA6H_Get_Longitude)
    FGPMMOPA6H_Get_RMC_TRF_Time              0x0800241d   Thumb Code    82  fgpmmopa6h.o(i.FGPMMOPA6H_Get_RMC_TRF_Time)
    FGPMMOPA6H_Init                          0x0800248d   Thumb Code    22  fgpmmopa6h.o(i.FGPMMOPA6H_Init)
    FGPMMOPA6H_Parse_RMC_Data                0x08002509   Thumb Code   282  fgpmmopa6h.o(i.FGPMMOPA6H_Parse_RMC_Data)
    I2C_Init                                 0x080026d1   Thumb Code    96  i2c.o(i.I2C_Init)
    Initialize_Port_A                        0x08002741   Thumb Code   108  gpio.o(i.Initialize_Port_A)
    Initialize_Port_C                        0x080027b1   Thumb Code    80  gpio.o(i.Initialize_Port_C)
    LED_Init                                 0x08002809   Thumb Code    20  gpio.o(i.LED_Init)
    SER_Initialize                           0x0800290d   Thumb Code   104  serial.o(i.SER_Initialize)
    SER_PutChar                              0x08002981   Thumb Code    22  serial.o(i.SER_PutChar)
    SysTick_Handler                          0x0800299d   Thumb Code    12  timing.o(i.SysTick_Handler)
    SystemCoreClockInit                      0x080029ad   Thumb Code   236  timing.o(i.SystemCoreClockInit)
    SystemCoreClockUpdate                    0x08002aa5   Thumb Code   230  system_stm32l0xx.o(i.SystemCoreClockUpdate)
    SystemInit                               0x08002ba5   Thumb Code    88  system_stm32l0xx.o(i.SystemInit)
    USART1_IRQHandler                        0x08002c0d   Thumb Code   208  fgpmmopa6h.o(i.USART1_IRQHandler)
    USART1_Init                              0x08002d15   Thumb Code   186  fgpmmopa6h.o(i.USART1_Init)
    USART1_PutChar                           0x08002de1   Thumb Code    22  fgpmmopa6h.o(i.USART1_PutChar)
    USART1_Send                              0x08002dfd   Thumb Code    30  fgpmmopa6h.o(i.USART1_Send)
    __ARM_common_ll_muluu                    0x08002e1b   Thumb Code    48  btod.o(i.__ARM_common_ll_muluu)
    __ARM_fpclassify                         0x08002e4d   Thumb Code    40  fpclassify.o(i.__ARM_fpclassify)
    __mathlib_dbl_overflow                   0x08002e79   Thumb Code    16  dunder.o(i.__mathlib_dbl_overflow)
    __mathlib_dbl_underflow                  0x08002e8d   Thumb Code    14  dunder.o(i.__mathlib_dbl_underflow)
    __mathlib_narrow                         0x08002ea1   Thumb Code    16  narrow.o(i.__mathlib_narrow)
    __mathlib_tofloat                        0x08002eb1   Thumb Code   130  narrow.o(i.__mathlib_tofloat)
    __support_ldexp                          0x08002f3d   Thumb Code    20  ldexp.o(i.__support_ldexp)
    _is_digit                                0x08002f51   Thumb Code    14  __printf_wp.o(i._is_digit)
    _sys_exit                                0x08002f5f   Thumb Code     4  retarget.o(i._sys_exit)
    atof                                     0x08002f63   Thumb Code    42  atof.o(i.atof)
    ferror                                   0x08002f8d   Thumb Code     8  retarget.o(i.ferror)
    fputc                                    0x08002f95   Thumb Code    14  retarget.o(i.fputc)
    frexp                                    0x08002fa5   Thumb Code    72  frexp.o(i.frexp)
    ldexp                                    0x08002ffd   Thumb Code   112  ldexp.o(i.ldexp)
    main                                     0x0800306d   Thumb Code   186  intern_project.o(i.main)
    _get_lc_numeric                          0x08003199   Thumb Code    44  lc_numeric_c.o(locale$$code)
    _get_lc_ctype                            0x080031c5   Thumb Code    44  lc_ctype_c.o(locale$$code)
    __aeabi_cdcmpeq                          0x080031f1   Thumb Code     0  deqf.o(x$fpl$deqf)
    _dcmpeq                                  0x080031f1   Thumb Code    94  deqf.o(x$fpl$deqf)
    __aeabi_cdrcmple                         0x08003255   Thumb Code     0  drlef.o(x$fpl$drleqf)
    _drcmple                                 0x08003255   Thumb Code   100  drlef.o(x$fpl$drleqf)
    __aeabi_fmul                             0x080032bd   Thumb Code     0  fmul.o(x$fpl$fmul)
    _fmul                                    0x080032bd   Thumb Code   172  fmul.o(x$fpl$fmul)
    _printf_fp_dec                           0x0800336d   Thumb Code    16  printf1.o(x$fpl$printf1)
    _scanf_real                              0x0800337d   Thumb Code    16  scanf1.o(x$fpl$scanf1)
    _scanf_hex_real                          0x0800338d   Thumb Code    16  scanf2.o(x$fpl$scanf2)
    _scanf_infnan                            0x0800339d   Thumb Code    16  scanf2.o(x$fpl$scanf2)
    __I$use$fp                               0x080033ac   Number         0  usenofp.o(x$fpl$usenofp)
    NMEA_LENGTH                              0x080033d0   Data           4  fgpmmopa6h.o(.constdata)
    Region$$Table$$Base                      0x08003468   Number         0  anon$$obj.o(Region$$Table)
    Region$$Table$$Limit                     0x08003488   Number         0  anon$$obj.o(Region$$Table)
    __aeabi_HUGE_VAL                         0x08003488   Data           0  fpconst.o(c$$dinf)
    __aeabi_HUGE_VALL                        0x08003488   Data           0  fpconst.o(c$$dinf)
    __aeabi_INFINITY                         0x08003488   Data           0  fpconst.o(c$$dinf)
    __dInf                                   0x08003488   Data           0  fpconst.o(c$$dinf)
    __huge_val                               0x08003488   Data           0  fpconst.o(c$$dinf)
    __ctype                                  0x080034b9   Data           0  lc_ctype_c.o(locale$$data)
    __stdout                                 0x20000000   Data           4  retarget.o(.data)
    __stdin                                  0x20000004   Data           4  retarget.o(.data)
    msTicks                                  0x20000008   Data           4  timing.o(.data)
    CharIndex                                0x2000000c   Data           4  fgpmmopa6h.o(.data)
    Rx_Data                                  0x20000010   Data         128  fgpmmopa6h.o(.data)
    Transmission_In_Progress                 0x20000090   Data           1  fgpmmopa6h.o(.data)
    SystemCoreClock                          0x20000094   Data           4  system_stm32l0xx.o(.data)
    AHBPrescTable                            0x20000098   Data          16  system_stm32l0xx.o(.data)
    PLLMulTable                              0x200000a8   Data           9  system_stm32l0xx.o(.data)
    GGA_Message                              0x200000b8   Data         128  fgpmmopa6h.o(.bss)
    GSA_Message                              0x20000138   Data         128  fgpmmopa6h.o(.bss)
    GSV_Message                              0x200001b8   Data         128  fgpmmopa6h.o(.bss)
    RMC_Message                              0x20000238   Data         128  fgpmmopa6h.o(.bss)
    VTG_Message                              0x200002b8   Data         128  fgpmmopa6h.o(.bss)
    RMC_Data                                 0x20000338   Data          69  fgpmmopa6h.o(.bss)
    GPS_Data                                 0x20000380   Data          36  fgpmmopa6h.o(.bss)
    __libspace_start                         0x200003a4   Data          96  libspace.o(.bss)
    __temporary_stack_top$libspace           0x20000404   Data           0  libspace.o(.bss)



==============================================================================

Memory Map of the image

  Image Entry point : 0x080000c1

  Load Region LR_IROM1 (Base: 0x08000000, Size: 0x00003674, Max: 0x00010000, ABSOLUTE)

    Execution Region ER_IROM1 (Base: 0x08000000, Size: 0x000035bc, Max: 0x00010000, ABSOLUTE)

    Base Addr    Size         Type   Attr      Idx    E Section Name        Object

    0x08000000   0x000000c0   Data   RO          732    RESET               startup_stm32l053xx.o
    0x080000c0   0x00000008   Code   RO          852  * !!!main             c_p.l(__main.o)
    0x080000c8   0x0000003c   Code   RO         1187    !!!scatter          c_p.l(__scatter.o)
    0x08000104   0x0000001a   Code   RO         1189    !!handler_copy      c_p.l(__scatter_copy.o)
    0x0800011e   0x00000002   PAD
    0x08000120   0x0000001c   Code   RO         1191    !!handler_zi        c_p.l(__scatter_zi.o)
    0x0800013c   0x00000002   Code   RO          828    .ARM.Collect$$_printf_percent$$00000000  c_p.l(_printf_percent.o)
    0x0800013e   0x0000000a   Code   RO          827    .ARM.Collect$$_printf_percent$$00000003  c_p.l(_printf_f.o)
    0x08000148   0x0000000a   Code   RO          826    .ARM.Collect$$_printf_percent$$00000008  c_p.l(_printf_i.o)
    0x08000152   0x0000000a   Code   RO          824    .ARM.Collect$$_printf_percent$$00000014  c_p.l(_printf_s.o)
    0x0800015c   0x00000004   Code   RO          904    .ARM.Collect$$_printf_percent$$00000017  c_p.l(_printf_percent_end.o)
    0x08000160   0x00000002   Code   RO          998    .ARM.Collect$$libinit$$00000000  c_p.l(libinit.o)
    0x08000162   0x00000000   Code   RO         1000    .ARM.Collect$$libinit$$00000002  c_p.l(libinit2.o)
    0x08000162   0x00000000   Code   RO         1002    .ARM.Collect$$libinit$$00000004  c_p.l(libinit2.o)
    0x08000162   0x00000000   Code   RO         1005    .ARM.Collect$$libinit$$0000000A  c_p.l(libinit2.o)
    0x08000162   0x00000000   Code   RO         1007    .ARM.Collect$$libinit$$0000000C  c_p.l(libinit2.o)
    0x08000162   0x00000000   Code   RO         1009    .ARM.Collect$$libinit$$0000000E  c_p.l(libinit2.o)
    0x08000162   0x00000006   Code   RO         1010    .ARM.Collect$$libinit$$0000000F  c_p.l(libinit2.o)
    0x08000168   0x00000000   Code   RO         1012    .ARM.Collect$$libinit$$00000011  c_p.l(libinit2.o)
    0x08000168   0x0000000c   Code   RO         1013    .ARM.Collect$$libinit$$00000012  c_p.l(libinit2.o)
    0x08000174   0x00000000   Code   RO         1014    .ARM.Collect$$libinit$$00000013  c_p.l(libinit2.o)
    0x08000174   0x00000000   Code   RO         1016    .ARM.Collect$$libinit$$00000015  c_p.l(libinit2.o)
    0x08000174   0x0000000a   Code   RO         1017    .ARM.Collect$$libinit$$00000016  c_p.l(libinit2.o)
    0x0800017e   0x00000000   Code   RO         1018    .ARM.Collect$$libinit$$00000017  c_p.l(libinit2.o)
    0x0800017e   0x00000000   Code   RO         1020    .ARM.Collect$$libinit$$00000019  c_p.l(libinit2.o)
    0x0800017e   0x00000000   Code   RO         1022    .ARM.Collect$$libinit$$0000001B  c_p.l(libinit2.o)
    0x0800017e   0x00000000   Code   RO         1024    .ARM.Collect$$libinit$$0000001D  c_p.l(libinit2.o)
    0x0800017e   0x00000000   Code   RO         1026    .ARM.Collect$$libinit$$0000001F  c_p.l(libinit2.o)
    0x0800017e   0x00000000   Code   RO         1028    .ARM.Collect$$libinit$$00000021  c_p.l(libinit2.o)
    0x0800017e   0x00000000   Code   RO         1030    .ARM.Collect$$libinit$$00000023  c_p.l(libinit2.o)
    0x0800017e   0x00000000   Code   RO         1032    .ARM.Collect$$libinit$$00000025  c_p.l(libinit2.o)
    0x0800017e   0x00000000   Code   RO         1036    .ARM.Collect$$libinit$$0000002C  c_p.l(libinit2.o)
    0x0800017e   0x00000000   Code   RO         1038    .ARM.Collect$$libinit$$0000002E  c_p.l(libinit2.o)
    0x0800017e   0x00000000   Code   RO         1040    .ARM.Collect$$libinit$$00000030  c_p.l(libinit2.o)
    0x0800017e   0x00000000   Code   RO         1042    .ARM.Collect$$libinit$$00000032  c_p.l(libinit2.o)
    0x0800017e   0x00000002   Code   RO         1043    .ARM.Collect$$libinit$$00000033  c_p.l(libinit2.o)
    0x08000180   0x00000002   Code   RO         1115    .ARM.Collect$$libshutdown$$00000000  c_p.l(libshutdown.o)
    0x08000182   0x00000000   Code   RO         1151    .ARM.Collect$$libshutdown$$00000003  c_p.l(libshutdown2.o)
    0x08000182   0x00000000   Code   RO         1154    .ARM.Collect$$libshutdown$$00000006  c_p.l(libshutdown2.o)
    0x08000182   0x00000000   Code   RO         1157    .ARM.Collect$$libshutdown$$00000009  c_p.l(libshutdown2.o)
    0x08000182   0x00000000   Code   RO         1159    .ARM.Collect$$libshutdown$$0000000B  c_p.l(libshutdown2.o)
    0x08000182   0x00000000   Code   RO         1162    .ARM.Collect$$libshutdown$$0000000E  c_p.l(libshutdown2.o)
    0x08000182   0x00000002   Code   RO         1163    .ARM.Collect$$libshutdown$$0000000F  c_p.l(libshutdown2.o)
    0x08000184   0x00000000   Code   RO          884    .ARM.Collect$$rtentry$$00000000  c_p.l(__rtentry.o)
    0x08000184   0x00000000   Code   RO          918    .ARM.Collect$$rtentry$$00000002  c_p.l(__rtentry2.o)
    0x08000184   0x00000006   Code   RO          930    .ARM.Collect$$rtentry$$00000004  c_p.l(__rtentry4.o)
    0x0800018a   0x00000000   Code   RO          920    .ARM.Collect$$rtentry$$00000009  c_p.l(__rtentry2.o)
    0x0800018a   0x00000004   Code   RO          921    .ARM.Collect$$rtentry$$0000000A  c_p.l(__rtentry2.o)
    0x0800018e   0x00000000   Code   RO          923    .ARM.Collect$$rtentry$$0000000C  c_p.l(__rtentry2.o)
    0x0800018e   0x00000008   Code   RO          924    .ARM.Collect$$rtentry$$0000000D  c_p.l(__rtentry2.o)
    0x08000196   0x00000002   Code   RO         1045    .ARM.Collect$$rtexit$$00000000  c_p.l(rtexit.o)
    0x08000198   0x00000000   Code   RO         1075    .ARM.Collect$$rtexit$$00000002  c_p.l(rtexit2.o)
    0x08000198   0x00000004   Code   RO         1076    .ARM.Collect$$rtexit$$00000003  c_p.l(rtexit2.o)
    0x0800019c   0x00000006   Code   RO         1077    .ARM.Collect$$rtexit$$00000004  c_p.l(rtexit2.o)
    0x080001a2   0x00000002   PAD
    0x080001a4   0x0000003c   Code   RO          733    .text               startup_stm32l053xx.o
    0x080001e0   0x00000002   Code   RO          771    .text               c_p.l(use_no_semi.o)
    0x080001e2   0x00000002   PAD
    0x080001e4   0x0000001c   Code   RO          775    .text               c_p.l(noretval__2printf.o)
    0x08000200   0x0000006c   Code   RO          777    .text               c_p.l(__printf.o)
    0x0800026c   0x00000052   Code   RO          779    .text               c_p.l(_printf_str.o)
    0x080002be   0x00000002   PAD
    0x080002c0   0x0000006c   Code   RO          781    .text               c_p.l(_printf_dec.o)
    0x0800032c   0x0000001a   Code   RO          829    .text               c_p.l(atoi.o)
    0x08000346   0x00000002   PAD
    0x08000348   0x00000010   Code   RO          831    .text               c_p.l(strtok.o)
    0x08000358   0x0000004c   Code   RO          834    .text               c_p.l(strcpy.o)
    0x080003a4   0x00000044   Code   RO          836    .text               c_p.l(strlen.o)
    0x080003e8   0x000000a0   Code   RO          838    .text               c_p.l(strncmp.o)
    0x08000488   0x00000018   Code   RO          840    .text               c_p.l(strcat.o)
    0x080004a0   0x00000040   Code   RO          842    .text               c_p.l(rt_memclr.o)
    0x080004e0   0x0000006c   Code   RO          844    .text               c_p.l(strncpy.o)
    0x0800054c   0x0000015a   Code   RO          846    .text               c_p.l(aeabi_sdiv.o)
    0x080006a6   0x00000006   Code   RO          850    .text               c_p.l(heapauxi.o)
    0x080006ac   0x0000007c   Code   RO          854    .text               fz_ps.l(d2f.o)
    0x08000728   0x00000054   Code   RO          863    .text               fz_ps.l(f2d.o)
    0x0800077c   0x00000008   Code   RO          892    .text               c_p.l(rt_errno_addr_intlibspace.o)
    0x08000784   0x00000016   Code   RO          894    .text               c_p.l(_rserrno.o)
    0x0800079a   0x000000b0   Code   RO          896    .text               c_p.l(_printf_intcommon.o)
    0x0800084a   0x00000002   PAD
    0x0800084c   0x00000414   Code   RO          898    .text               c_p.l(_printf_fp_dec.o)
    0x08000c60   0x0000002e   Code   RO          900    .text               c_p.l(_printf_char.o)
    0x08000c8e   0x00000002   PAD
    0x08000c90   0x00000028   Code   RO          902    .text               c_p.l(_printf_char_file.o)
    0x08000cb8   0x000000a8   Code   RO          905    .text               c_p.l(strtod.o)
    0x08000d60   0x00000070   Code   RO          907    .text               c_p.l(strtol.o)
    0x08000dd0   0x00000048   Code   RO          909    .text               c_p.l(strtok_int.o)
    0x08000e18   0x00000028   Code   RO          911    .text               c_p.l(rtudiv10.o)
    0x08000e40   0x00000008   Code   RO          914    .text               c_p.l(libspace.o)
    0x08000e48   0x00000010   Code   RO          932    .text               c_p.l(rt_ctype_table.o)
    0x08000e58   0x00000008   Code   RO          939    .text               c_p.l(rt_locale_intlibspace.o)
    0x08000e60   0x0000007a   Code   RO          941    .text               c_p.l(lludiv10.o)
    0x08000eda   0x00000012   Code   RO          943    .text               c_p.l(isspace.o)
    0x08000eec   0x00000030   Code   RO          945    .text               c_p.l(_printf_char_common.o)
    0x08000f1c   0x00000088   Code   RO          947    .text               c_p.l(_printf_fp_infnan.o)
    0x08000fa4   0x00000044   Code   RO          949    .text               c_p.l(_sgetc.o)
    0x08000fe8   0x000000a6   Code   RO          951    .text               c_p.l(_strtoul.o)
    0x0800108e   0x00000002   PAD
    0x08001090   0x000000c8   Code   RO          953    .text               c_p.l(bigflt0.o)
    0x08001158   0x000004a8   Code   RO          956    .text               c_p.l(btod.o)
    0x08001600   0x00000022   Code   RO          963    .text               c_p.l(strcspn.o)
    0x08001622   0x00000020   Code   RO          965    .text               c_p.l(strspn.o)
    0x08001642   0x0000003e   Code   RO          973    .text               c_p.l(sys_stackheap_outer.o)
    0x08001680   0x0000001e   Code   RO          978    .text               c_p.l(_chval.o)
    0x0800169e   0x00000002   PAD
    0x080016a0   0x000004d0   Code   RO          980    .text               c_p.l(scanf_fp.o)
    0x08001b70   0x0000000c   Code   RO          985    .text               c_p.l(exit.o)
    0x08001b7c   0x00000088   Code   RO          991    .text               c_p.l(strcmp.o)
    0x08001c04   0x00000030   Code   RO         1049    .text               c_p.l(llmul.o)
    0x08001c34   0x00000328   Code   RO         1081    .text               c_p.l(scanf_hexfp.o)
    0x08001f5c   0x0000013c   Code   RO         1083    .text               c_p.l(scanf_infnan.o)
    0x08002098   0x00000020   Code   RO         1105    .text               c_p.l(llshl.o)
    0x080020b8   0x00000090   Code   RO         1116    .text               fz_ps.l(dcmpin.o)
    0x08002148   0x00000060   Code   RO         1118    .text               fz_ps.l(dscalbn.o)
    0x080021a8   0x00000030   Code   RO         1164    .text               fz_ps.l(cmpret.o)
    0x080021d8   0x00000014   Code   RO         1166    .text               fz_ps.l(dnan2.o)
    0x080021ec   0x0000005e   Code   RO         1183    .text               fz_ps.l(retnan.o)
    0x0800224a   0x00000002   PAD
    0x0800224c   0x00000074   Code   RO           80    i.ADC_Init          adc.o
    0x080022c0   0x00000014   Code   RO          125    i.Button_Initialize  gpio.o
    0x080022d4   0x00000018   Code   RO          362    i.Delay             timing.o
    0x080022ec   0x00000038   Code   RO          642    i.FGPMMOPA6H_Get_Ground_Speed  fgpmmopa6h.o
    0x08002324   0x0000007c   Code   RO          643    i.FGPMMOPA6H_Get_Latitude  fgpmmopa6h.o
    0x080023a0   0x0000007c   Code   RO          644    i.FGPMMOPA6H_Get_Longitude  fgpmmopa6h.o
    0x0800241c   0x00000070   Code   RO          645    i.FGPMMOPA6H_Get_RMC_TRF_Time  fgpmmopa6h.o
    0x0800248c   0x0000007c   Code   RO          646    i.FGPMMOPA6H_Init   fgpmmopa6h.o
    0x08002508   0x000001c8   Code   RO          647    i.FGPMMOPA6H_Parse_RMC_Data  fgpmmopa6h.o
    0x080026d0   0x00000070   Code   RO          233    i.I2C_Init          i2c.o
    0x08002740   0x00000070   Code   RO          126    i.Initialize_Port_A  gpio.o
    0x080027b0   0x00000058   Code   RO          127    i.Initialize_Port_C  gpio.o
    0x08002808   0x00000014   Code   RO          128    i.LED_Init          gpio.o
    0x0800281c   0x00000078   Code   RO            3    i.NVIC_SetPriority  intern_project.o
    0x08002894   0x00000078   Code   RO          648    i.NVIC_SetPriority  fgpmmopa6h.o
    0x0800290c   0x00000074   Code   RO          331    i.SER_Initialize    serial.o
    0x08002980   0x0000001c   Code   RO          332    i.SER_PutChar       serial.o
    0x0800299c   0x00000010   Code   RO          363    i.SysTick_Handler   timing.o
    0x080029ac   0x000000f8   Code   RO          364    i.SystemCoreClockInit  timing.o
    0x08002aa4   0x00000100   Code   RO          739    i.SystemCoreClockUpdate  system_stm32l0xx.o
    0x08002ba4   0x00000068   Code   RO          740    i.SystemInit        system_stm32l0xx.o
    0x08002c0c   0x00000108   Code   RO          649    i.USART1_IRQHandler  fgpmmopa6h.o
    0x08002d14   0x000000cc   Code   RO          650    i.USART1_Init       fgpmmopa6h.o
    0x08002de0   0x0000001c   Code   RO          651    i.USART1_PutChar    fgpmmopa6h.o
    0x08002dfc   0x0000001e   Code   RO          652    i.USART1_Send       fgpmmopa6h.o
    0x08002e1a   0x00000030   Code   RO          958    i.__ARM_common_ll_muluu  c_p.l(btod.o)
    0x08002e4a   0x00000002   PAD
    0x08002e4c   0x0000002c   Code   RO          971    i.__ARM_fpclassify  m_ps.l(fpclassify.o)
    0x08002e78   0x00000014   Code   RO         1172    i.__mathlib_dbl_overflow  m_ps.l(dunder.o)
    0x08002e8c   0x00000014   Code   RO         1174    i.__mathlib_dbl_underflow  m_ps.l(dunder.o)
    0x08002ea0   0x00000010   Code   RO         1068    i.__mathlib_narrow  m_ps.l(narrow.o)
    0x08002eb0   0x0000008c   Code   RO         1069    i.__mathlib_tofloat  m_ps.l(narrow.o)
    0x08002f3c   0x00000014   Code   RO         1121    i.__support_ldexp   m_ps.l(ldexp.o)
    0x08002f50   0x0000000e   Code   RO          814    i._is_digit         c_p.l(__printf_wp.o)
    0x08002f5e   0x00000004   Code   RO          275    i._sys_exit         retarget.o
    0x08002f62   0x0000002a   Code   RO          881    i.atof              m_ps.l(atof.o)
    0x08002f8c   0x00000008   Code   RO          277    i.ferror            retarget.o
    0x08002f94   0x0000000e   Code   RO          279    i.fputc             retarget.o
    0x08002fa2   0x00000002   PAD
    0x08002fa4   0x00000058   Code   RO         1098    i.frexp             m_ps.l(frexp.o)
    0x08002ffc   0x00000070   Code   RO         1122    i.ldexp             m_ps.l(ldexp.o)
    0x0800306c   0x0000012c   Code   RO            4    i.main              intern_project.o
    0x08003198   0x0000002c   Code   RO          961    locale$$code        c_p.l(lc_numeric_c.o)
    0x080031c4   0x0000002c   Code   RO          983    locale$$code        c_p.l(lc_ctype_c.o)
    0x080031f0   0x00000064   Code   RO         1093    x$fpl$deqf          fz_ps.l(deqf.o)
    0x08003254   0x00000068   Code   RO         1095    x$fpl$drleqf        fz_ps.l(drlef.o)
    0x080032bc   0x000000b0   Code   RO          876    x$fpl$fmul          fz_ps.l(fmul.o)
    0x0800336c   0x00000010   Code   RO          878    x$fpl$printf1       fz_ps.l(printf1.o)
    0x0800337c   0x00000010   Code   RO          969    x$fpl$scanf1        fz_ps.l(scanf1.o)
    0x0800338c   0x00000020   Code   RO         1062    x$fpl$scanf2        fz_ps.l(scanf2.o)
    0x080033ac   0x00000000   Code   RO          913    x$fpl$usenofp       fz_ps.l(usenofp.o)
    0x080033ac   0x00000028   Data   RO          654    .constdata          fgpmmopa6h.o
    0x080033d4   0x00000094   Data   RO          954    .constdata          c_p.l(bigflt0.o)
    0x08003468   0x00000020   Data   RO         1185    Region$$Table       anon$$obj.o
    0x08003488   0x00000008   Data   RO         1057    c$$dinf             fz_ps.l(fpconst.o)
    0x08003490   0x0000001c   Data   RO          960    locale$$data        c_p.l(lc_numeric_c.o)
    0x080034ac   0x00000110   Data   RO          982    locale$$data        c_p.l(lc_ctype_c.o)


    Execution Region RW_IRAM1 (Base: 0x20000000, Size: 0x00000a08, Max: 0x00002000, ABSOLUTE)

    Base Addr    Size         Type   Attr      Idx    E Section Name        Object

    0x20000000   0x00000008   Data   RW          280    .data               retarget.o
    0x20000008   0x00000004   Data   RW          365    .data               timing.o
    0x2000000c   0x00000085   Data   RW          655    .data               fgpmmopa6h.o
    0x20000091   0x00000003   PAD
    0x20000094   0x0000001d   Data   RW          741    .data               system_stm32l0xx.o
    0x200000b1   0x00000003   PAD
    0x200000b4   0x00000004   Data   RW          832    .data               c_p.l(strtok.o)
    0x200000b8   0x000002ec   Zero   RW          653    .bss                fgpmmopa6h.o
    0x200003a4   0x00000060   Zero   RW          915    .bss                c_p.l(libspace.o)
    0x20000404   0x00000004   PAD
    0x20000408   0x00000200   Zero   RW          731    HEAP                startup_stm32l053xx.o
    0x20000608   0x00000400   Zero   RW          730    STACK               startup_stm32l053xx.o


==============================================================================

Image component sizes


      Code (inc. data)   RO Data    RW Data    ZI Data      Debug   Object Name

       116         10          0          0          0        411   adc.o
      1642        444         40        133        748      17067   fgpmmopa6h.o
       240         12          0          0          0       2107   gpio.o
       112         16          0          0          0        455   i2c.o
       420        124          0          0          0     125535   intern_project.o
        26          0          0          8          0       3115   retarget.o
       144         18          0          0          0        879   serial.o
        60         28        192          0       1536        708   startup_stm32l053xx.o
       360         42          0         29          0       2029   system_stm32l0xx.o
       288         20          0          4          0       1578   timing.o

    ----------------------------------------------------------------------
      3410        714        264        180       2284     153884   Object Totals
         0          0         32          0          0          0   (incl. Generated)
         2          0          0          6          0          0   (incl. Padding)

    ----------------------------------------------------------------------

      Code (inc. data)   RO Data    RW Data    ZI Data      Debug   Library Member Name

         8          0          0          0          0         68   __main.o
       108          0          0          0          0         76   __printf.o
        14          0          0          0          0         60   __printf_wp.o
         0          0          0          0          0          0   __rtentry.o
        12          0          0          0          0          0   __rtentry2.o
         6          0          0          0          0          0   __rtentry4.o
        60          8          0          0          0          0   __scatter.o
        26          0          0          0          0          0   __scatter_copy.o
        28          0          0          0          0          0   __scatter_zi.o
        30          0          0          0          0         60   _chval.o
        46          0          0          0          0        100   _printf_char.o
        48          6          0          0          0         88   _printf_char_common.o
        40          6          0          0          0         72   _printf_char_file.o
       108         18          0          0          0         76   _printf_dec.o
        10          0          0          0          0          0   _printf_f.o
      1044         14          0          0          0        176   _printf_fp_dec.o
       136         16          0          0          0         76   _printf_fp_infnan.o
        10          0          0          0          0          0   _printf_i.o
       176          0          0          0          0         84   _printf_intcommon.o
         2          0          0          0          0          0   _printf_percent.o
         4          0          0          0          0          0   _printf_percent_end.o
        10          0          0          0          0          0   _printf_s.o
        82          0          0          0          0         72   _printf_str.o
        22          0          0          0          0         92   _rserrno.o
        68          0          0          0          0         76   _sgetc.o
       166          0          0          0          0         84   _strtoul.o
       346          0          0          0          0         92   aeabi_sdiv.o
        26          0          0          0          0         72   atoi.o
       200          4        148          0          0         80   bigflt0.o
      1240         12          0          0          0        316   btod.o
        12          0          0          0          0         64   exit.o
         6          0          0          0          0        136   heapauxi.o
        18          0          0          0          0         68   isspace.o
        44         10        272          0          0         76   lc_ctype_c.o
        44         10         28          0          0         76   lc_numeric_c.o
         2          0          0          0          0          0   libinit.o
        30          0          0          0          0          0   libinit2.o
         2          0          0          0          0          0   libshutdown.o
         2          0          0          0          0          0   libshutdown2.o
         8          4          0          0         96         68   libspace.o
        48          0          0          0          0         72   llmul.o
        32          0          0          0          0         68   llshl.o
       122          0          0          0          0         72   lludiv10.o
        28          6          0          0          0         84   noretval__2printf.o
        16          4          0          0          0         76   rt_ctype_table.o
         8          4          0          0          0         68   rt_errno_addr_intlibspace.o
         8          4          0          0          0         68   rt_locale_intlibspace.o
        64          0          0          0          0        108   rt_memclr.o
         2          0          0          0          0          0   rtexit.o
        10          0          0          0          0          0   rtexit2.o
        40          0          0          0          0         60   rtudiv10.o
      1232         20          0          0          0        124   scanf_fp.o
       808         12          0          0          0         84   scanf_hexfp.o
       316         16          0          0          0         84   scanf_infnan.o
        24          0          0          0          0         60   strcat.o
       136          4          0          0          0         72   strcmp.o
        76          6          0          0          0         72   strcpy.o
        34          0          0          0          0         72   strcspn.o
        68          6          0          0          0         72   strlen.o
       160          6          0          0          0         76   strncmp.o
       108          4          0          0          0         76   strncpy.o
        32          0          0          0          0         72   strspn.o
       168         16          0          0          0        120   strtod.o
        16          6          0          4          0         68   strtok.o
        72          6          0          0          0         76   strtok_int.o
       112          4          0          0          0         76   strtol.o
        62          0          0          0          0         80   sys_stackheap_outer.o
         2          0          0          0          0         68   use_no_semi.o
        48          4          0          0          0         60   cmpret.o
       124          4          0          0          0         72   d2f.o
       144          4          0          0          0         76   dcmpin.o
       100          4          0          0          0         92   deqf.o
        20          6          0          0          0         68   dnan2.o
       104          4          0          0          0        104   drlef.o
        96         12          0          0          0         72   dscalbn.o
        84          4          0          0          0         60   f2d.o
       176          4          0          0          0         80   fmul.o
         0          0          8          0          0          0   fpconst.o
        16          4          0          0          0         76   printf1.o
        94          0          0          0          0         68   retnan.o
        16          4          0          0          0         76   scanf1.o
        32          8          0          0          0        100   scanf2.o
         0          0          0          0          0          0   usenofp.o
        42          0          0          0          0         76   atof.o
        40         10          0          0          0        136   dunder.o
        44          4          0          0          0         60   fpclassify.o
        88         16          0          0          0         72   frexp.o
       132          0          0          0          0        140   ldexp.o
       156         10          0          0          0        144   narrow.o

    ----------------------------------------------------------------------
      9626        334        456          4        100       5968   Library Totals
        22          0          0          0          4          0   (incl. Padding)

    ----------------------------------------------------------------------

      Code (inc. data)   RO Data    RW Data    ZI Data      Debug   Library Name

      8048        232        448          4         96       4336   c_p.l
      1054         62          8          0          0       1004   fz_ps.l
       502         40          0          0          0        628   m_ps.l

    ----------------------------------------------------------------------
      9626        334        456          4        100       5968   Library Totals

    ----------------------------------------------------------------------

==============================================================================


      Code (inc. data)   RO Data    RW Data    ZI Data      Debug   

     13036       1048        720        184       2384     155528   Grand Totals
     13036       1048        720        184       2384     155528   ELF Image Totals
     13036       1048        720        184          0          0   ROM Totals

==============================================================================

    Total RO  Size (Code + RO Data)                13756 (  13.43kB)
    Total RW  Size (RW Data + ZI Data)              2568 (   2.51kB)
    Total ROM Size (Code + RO Data + RW Data)      13940 (  13.61kB)

==============================================================================

