Component: ARM Compiler 5.05 update 1 (build 106) Tool: armlink [4d0efa]

==============================================================================

Section Cross References

    intern_project.o(i.main) refers to timing.o(i.SystemCoreClockInit) for SystemCoreClockInit
    intern_project.o(i.main) refers to system_stm32l0xx.o(i.SystemCoreClockUpdate) for SystemCoreClockUpdate
    intern_project.o(i.main) refers to aeabi_sdiv.o(.text) for __aeabi_uidivmod
    intern_project.o(i.main) refers to intern_project.o(i.NVIC_SetPriority) for NVIC_SetPriority
    intern_project.o(i.main) refers to gpio.o(i.LED_Init) for LED_Init
    intern_project.o(i.main) refers to gpio.o(i.Button_Initialize) for Button_Initialize
    intern_project.o(i.main) refers to serial.o(i.SER_Initialize) for SER_Initialize
    intern_project.o(i.main) refers to usart1.o(i.USART1_Init) for USART1_Init
    intern_project.o(i.main) refers to adc.o(i.ADC_Init) for ADC_Init
    intern_project.o(i.main) refers to i2c.o(i.I2C_Init) for I2C_Init
    intern_project.o(i.main) refers to timing.o(i.Delay) for Delay
    intern_project.o(i.main) refers to usart1.o(i.FGPMMOPA6H_RMC_Data) for FGPMMOPA6H_RMC_Data
    intern_project.o(i.main) refers to usart1.o(i.FGPMMOPA6H_Get_RMC_UTC_Time) for FGPMMOPA6H_Get_RMC_UTC_Time
    intern_project.o(i.main) refers to system_stm32l0xx.o(.data) for SystemCoreClock
    adc.o(i.Voltage_Conversion) refers to fflti.o(.text) for __aeabi_i2f
    adc.o(i.Voltage_Conversion) refers to fmul.o(x$fpl$fmul) for __aeabi_fmul
    gpio.o(i.Button_Initialize) refers to gpio.o(i.Initialize_Port_C) for Initialize_Port_C
    gpio.o(i.LED_Init) refers to gpio.o(i.Initialize_Port_A) for Initialize_Port_A
    hts221.o(i.HTS221_Configuration) refers to _printf_percent.o(.ARM.Collect$$_printf_percent$$00000000) for _printf_percent
    hts221.o(i.HTS221_Configuration) refers to _printf_x.o(.ARM.Collect$$_printf_percent$$0000000C) for _printf_x
    hts221.o(i.HTS221_Configuration) refers to _printf_hex_int.o(.text) for _printf_longlong_hex
    hts221.o(i.HTS221_Configuration) refers to noretval__2printf.o(.text) for __2printf
    hts221.o(i.HTS221_Configuration) refers to i2c.o(i.I2C_Read_Reg) for I2C_Read_Reg
    hts221.o(i.HTS221_Humidity_Read) refers to i2c.o(i.I2C_Write_Reg) for I2C_Write_Reg
    hts221.o(i.HTS221_Humidity_Read) refers to i2c.o(i.I2C_Read_Reg) for I2C_Read_Reg
    hts221.o(i.HTS221_Humidity_Read) refers to fflti.o(.text) for __aeabi_ui2f
    hts221.o(i.HTS221_Humidity_Read) refers to f2d.o(.text) for __aeabi_f2d
    hts221.o(i.HTS221_Humidity_Read) refers to ddiv.o(.text) for __aeabi_ddiv
    hts221.o(i.HTS221_Humidity_Read) refers to d2f.o(.text) for __aeabi_d2f
    hts221.o(i.HTS221_Humidity_Read) refers to faddsub.o(x$fpl$fsub) for __aeabi_fsub
    hts221.o(i.HTS221_Humidity_Read) refers to fmul.o(x$fpl$fmul) for __aeabi_fmul
    hts221.o(i.HTS221_Humidity_Read) refers to fdiv.o(.text) for __aeabi_fdiv
    hts221.o(i.HTS221_Humidity_Read) refers to faddsub.o(x$fpl$fadd) for __aeabi_fadd
    hts221.o(i.HTS221_Init) refers to i2c.o(i.I2C_Read_Reg) for I2C_Read_Reg
    hts221.o(i.HTS221_Init) refers to i2c.o(i.I2C_Write_Reg) for I2C_Write_Reg
    hts221.o(i.HTS221_Temp_Read) refers to i2c.o(i.I2C_Write_Reg) for I2C_Write_Reg
    hts221.o(i.HTS221_Temp_Read) refers to i2c.o(i.I2C_Read_Reg) for I2C_Read_Reg
    hts221.o(i.HTS221_Temp_Read) refers to fflti.o(.text) for __aeabi_i2f
    hts221.o(i.HTS221_Temp_Read) refers to f2d.o(.text) for __aeabi_f2d
    hts221.o(i.HTS221_Temp_Read) refers to ddiv.o(.text) for __aeabi_ddiv
    hts221.o(i.HTS221_Temp_Read) refers to d2f.o(.text) for __aeabi_d2f
    hts221.o(i.HTS221_Temp_Read) refers to faddsub.o(x$fpl$fsub) for __aeabi_fsub
    hts221.o(i.HTS221_Temp_Read) refers to fmul.o(x$fpl$fmul) for __aeabi_fmul
    hts221.o(i.HTS221_Temp_Read) refers to fdiv.o(.text) for __aeabi_fdiv
    hts221.o(i.HTS221_Temp_Read) refers to faddsub.o(x$fpl$fadd) for __aeabi_fadd
    hts221.o(i.HTS221_Temp_Read) refers to dmul.o(.text) for __aeabi_dmul
    hts221.o(i.HTS221_Temp_Read) refers to daddsub.o(.text) for __aeabi_dadd
    i2c.o(i.I2C_Read_Reg) refers to i2c.o(.data) for I2C1_RX_Data
    retarget.o(i._sys_exit) refers (Special) to use_no_semi.o(.text) for __use_no_semihosting_swi
    retarget.o(i._ttywrch) refers (Special) to use_no_semi.o(.text) for __use_no_semihosting_swi
    retarget.o(i._ttywrch) refers to serial.o(i.SER_PutChar) for SER_PutChar
    retarget.o(i.ferror) refers (Special) to use_no_semi.o(.text) for __use_no_semihosting_swi
    retarget.o(i.fgetc) refers (Special) to use_no_semi.o(.text) for __use_no_semihosting_swi
    retarget.o(i.fgetc) refers to serial.o(i.SER_GetChar) for SER_GetChar
    retarget.o(i.fputc) refers (Special) to use_no_semi.o(.text) for __use_no_semihosting_swi
    retarget.o(i.fputc) refers to serial.o(i.SER_PutChar) for SER_PutChar
    retarget.o(.data) refers (Special) to use_no_semi.o(.text) for __use_no_semihosting_swi
[...]
    lps25hb.o(i.LPS25HB_Pressure_Read) refers to fdiv.o(.text) for __aeabi_fdiv
    lis3mdl.o(i.LIS3MDL_Configuration) refers to _printf_percent.o(.ARM.Collect$$_printf_percent$$00000000) for _printf_percent
    lis3mdl.o(i.LIS3MDL_Configuration) refers to _printf_x.o(.ARM.Collect$$_printf_percent$$0000000C) for _printf_x
    lis3mdl.o(i.LIS3MDL_Configuration) refers to _printf_hex_int.o(.text) for _printf_longlong_hex
    lis3mdl.o(i.LIS3MDL_Configuration) refers to noretval__2printf.o(.text) for __2printf
    lis3mdl.o(i.LIS3MDL_Configuration) refers to i2c.o(i.I2C_Read_Reg) for I2C_Read_Reg
    lis3mdl.o(i.LIS3MDL_Init) refers to i2c.o(i.I2C_Read_Reg) for I2C_Read_Reg
    lis3mdl.o(i.LIS3MDL_Init) refers to i2c.o(i.I2C_Write_Reg) for I2C_Write_Reg
    lis3mdl.o(i.LIS3MDL_X_Read) refers to i2c.o(i.I2C_Write_Reg) for I2C_Write_Reg
    lis3mdl.o(i.LIS3MDL_X_Read) refers to i2c.o(i.I2C_Read_Reg) for I2C_Read_Reg
    lis3mdl.o(i.LIS3MDL_X_Read) refers to fflti.o(.text) for __aeabi_i2f
    lis3mdl.o(i.LIS3MDL_X_Read) refers to fmul.o(x$fpl$fmul) for __aeabi_fmul
    lis3mdl.o(i.LIS3MDL_Y_Read) refers to i2c.o(i.I2C_Write_Reg) for I2C_Write_Reg
    lis3mdl.o(i.LIS3MDL_Y_Read) refers to i2c.o(i.I2C_Read_Reg) for I2C_Read_Reg
    lis3mdl.o(i.LIS3MDL_Y_Read) refers to fflti.o(.text) for __aeabi_i2f
    lis3mdl.o(i.LIS3MDL_Y_Read) refers to fmul.o(x$fpl$fmul) for __aeabi_fmul
    lis3mdl.o(i.LIS3MDL_Z_Read) refers to i2c.o(i.I2C_Write_Reg) for I2C_Write_Reg
    lis3mdl.o(i.LIS3MDL_Z_Read) refers to i2c.o(i.I2C_Read_Reg) for I2C_Read_Reg
    lis3mdl.o(i.LIS3MDL_Z_Read) refers to fflti.o(.text) for __aeabi_i2f
    lis3mdl.o(i.LIS3MDL_Z_Read) refers to fmul.o(x$fpl$fmul) for __aeabi_fmul
    lsm6ds0.o(i.LSM6DS0_Configuration) refers to _printf_percent.o(.ARM.Collect$$_printf_percent$$00000000) for _printf_percent
    lsm6ds0.o(i.LSM6DS0_Configuration) refers to _printf_x.o(.ARM.Collect$$_printf_percent$$0000000C) for _printf_x
    lsm6ds0.o(i.LSM6DS0_Configuration) refers to _printf_hex_int.o(.text) for _printf_longlong_hex
    lsm6ds0.o(i.LSM6DS0_Configuration) refers to noretval__2printf.o(.text) for __2printf
    lsm6ds0.o(i.LSM6DS0_Configuration) refers to i2c.o(i.I2C_Read_Reg) for I2C_Read_Reg
    lsm6ds0.o(i.LSM6DS0_Gyroscope_Pitch_Read) refers to i2c.o(i.I2C_Read_Reg) for I2C_Read_Reg
    lsm6ds0.o(i.LSM6DS0_Gyroscope_Pitch_Read) refers to fflti.o(.text) for __aeabi_i2f
    lsm6ds0.o(i.LSM6DS0_Gyroscope_Pitch_Read) refers to fmul.o(x$fpl$fmul) for __aeabi_fmul
    lsm6ds0.o(i.LSM6DS0_Gyroscope_Roll_Read) refers to i2c.o(i.I2C_Read_Reg) for I2C_Read_Reg
    lsm6ds0.o(i.LSM6DS0_Gyroscope_Roll_Read) refers to fflti.o(.text) for __aeabi_i2f
    lsm6ds0.o(i.LSM6DS0_Gyroscope_Roll_Read) refers to fmul.o(x$fpl$fmul) for __aeabi_fmul
    lsm6ds0.o(i.LSM6DS0_Gyroscope_Yaw_Read) refers to i2c.o(i.I2C_Read_Reg) for I2C_Read_Reg
    lsm6ds0.o(i.LSM6DS0_Gyroscope_Yaw_Read) refers to fflti.o(.text) for __aeabi_i2f
    lsm6ds0.o(i.LSM6DS0_Gyroscope_Yaw_Read) refers to fmul.o(x$fpl$fmul) for __aeabi_fmul
    lsm6ds0.o(i.LSM6DS0_Init) refers to i2c.o(i.I2C_Read_Reg) for I2C_Read_Reg
    lsm6ds0.o(i.LSM6DS0_Init) refers to i2c.o(i.I2C_Write_Reg) for I2C_Write_Reg
    lsm6ds0.o(i.LSM6DS0_X_Acceleration_Read) refers to i2c.o(i.I2C_Read_Reg) for I2C_Read_Reg
    lsm6ds0.o(i.LSM6DS0_X_Acceleration_Read) refers to fflti.o(.text) for __aeabi_i2f
    lsm6ds0.o(i.LSM6DS0_X_Acceleration_Read) refers to fmul.o(x$fpl$fmul) for __aeabi_fmul
    lsm6ds0.o(i.LSM6DS0_Y_Acceleration_Read) refers to i2c.o(i.I2C_Read_Reg) for I2C_Read_Reg
    lsm6ds0.o(i.LSM6DS0_Y_Acceleration_Read) refers to fflti.o(.text) for __aeabi_i2f
    lsm6ds0.o(i.LSM6DS0_Y_Acceleration_Read) refers to fmul.o(x$fpl$fmul) for __aeabi_fmul
    lsm6ds0.o(i.LSM6DS0_Z_Acceleration_Read) refers to i2c.o(i.I2C_Read_Reg) for I2C_Read_Reg
    lsm6ds0.o(i.LSM6DS0_Z_Acceleration_Read) refers to fflti.o(.text) for __aeabi_i2f
    lsm6ds0.o(i.LSM6DS0_Z_Acceleration_Read) refers to fmul.o(x$fpl$fmul) for __aeabi_fmul
    isk01a1.o(i.ISK01A1_Configuration) refers to hts221.o(i.HTS221_Configuration) for HTS221_Configuration
    isk01a1.o(i.ISK01A1_Configuration) refers to lps25hb.o(i.LPS25HB_Configuration) for LPS25HB_Configuration
    isk01a1.o(i.ISK01A1_Configuration) refers to lis3mdl.o(i.LIS3MDL_Configuration) for LIS3MDL_Configuration
    isk01a1.o(i.ISK01A1_Configuration) refers to lsm6ds0.o(i.LSM6DS0_Configuration) for LSM6DS0_Configuration
    isk01a1.o(i.ISK01A1_Get_Acceleration_X) refers to lsm6ds0.o(i.LSM6DS0_X_Acceleration_Read) for LSM6DS0_X_Acceleration_Read
    isk01a1.o(i.ISK01A1_Get_Acceleration_Y) refers to lsm6ds0.o(i.LSM6DS0_Y_Acceleration_Read) for LSM6DS0_Y_Acceleration_Read
    isk01a1.o(i.ISK01A1_Get_Acceleration_Z) refers to lsm6ds0.o(i.LSM6DS0_Z_Acceleration_Read) for LSM6DS0_Z_Acceleration_Read
    isk01a1.o(i.ISK01A1_Get_Humidity) refers to hts221.o(i.HTS221_Humidity_Read) for HTS221_Humidity_Read
    isk01a1.o(i.ISK01A1_Get_Magnetic_X) refers to lis3mdl.o(i.LIS3MDL_X_Read) for LIS3MDL_X_Read
    isk01a1.o(i.ISK01A1_Get_Magnetic_Y) refers to lis3mdl.o(i.LIS3MDL_Y_Read) for LIS3MDL_Y_Read
    isk01a1.o(i.ISK01A1_Get_Magnetic_Z) refers to lis3mdl.o(i.LIS3MDL_Z_Read) for LIS3MDL_Z_Read
    isk01a1.o(i.ISK01A1_Get_Pitch) refers to lsm6ds0.o(i.LSM6DS0_Gyroscope_Pitch_Read) for LSM6DS0_Gyroscope_Pitch_Read
    isk01a1.o(i.ISK01A1_Get_Pressure) refers to lps25hb.o(i.LPS25HB_Pressure_Read) for LPS25HB_Pressure_Read
    isk01a1.o(i.ISK01A1_Get_Roll) refers to lsm6ds0.o(i.LSM6DS0_Gyroscope_Roll_Read) for LSM6DS0_Gyroscope_Roll_Read
    isk01a1.o(i.ISK01A1_Get_Temperature) refers to hts221.o(i.HTS221_Temp_Read) for HTS221_Temp_Read
    isk01a1.o(i.ISK01A1_Get_Yaw) refers to lsm6ds0.o(i.LSM6DS0_Gyroscope_Yaw_Read) for LSM6DS0_Gyroscope_Yaw_Read
    isk01a1.o(i.ISK01A1_Init) refers to hts221.o(i.HTS221_Init) for HTS221_Init
    isk01a1.o(i.ISK01A1_Init) refers to lps25hb.o(i.LPS25HB_Init) for LPS25HB_Init
    isk01a1.o(i.ISK01A1_Init) refers to lis3mdl.o(i.LIS3MDL_Init) for LIS3MDL_Init
    isk01a1.o(i.ISK01A1_Init) refers to lsm6ds0.o(i.LSM6DS0_Init) for LSM6DS0_Init
    isk01a1.o(i.ISK01A1_Init) refers to noretval__2printf.o(.text) for __2printf
    usart1.o(i.FGPMMOPA6H_Get_RMC_UTC_Time) refers to _printf_percent.o(.ARM.Collect$$_printf_percent$$00000000) for _printf_percent
    usart1.o(i.FGPMMOPA6H_Get_RMC_UTC_Time) refers to _printf_x.o(.ARM.Collect$$_printf_percent$$0000000C) for _printf_x
    usart1.o(i.FGPMMOPA6H_Get_RMC_UTC_Time) refers to _printf_hex_int.o(.text) for _printf_longlong_hex
    usart1.o(i.FGPMMOPA6H_Get_RMC_UTC_Time) refers to strncpy.o(.text) for strncpy
    usart1.o(i.FGPMMOPA6H_Get_RMC_UTC_Time) refers to noretval__2printf.o(.text) for __2printf
    usart1.o(i.FGPMMOPA6H_Get_RMC_UTC_Time) refers to usart1.o(.bss) for RMC_Data
    usart1.o(i.FGPMMOPA6H_RMC_Data) refers to _printf_percent.o(.ARM.Collect$$_printf_percent$$00000000) for _printf_percent
    usart1.o(i.FGPMMOPA6H_RMC_Data) refers to _printf_s.o(.ARM.Collect$$_printf_percent$$00000014) for _printf_s
    usart1.o(i.FGPMMOPA6H_RMC_Data) refers to _printf_str.o(.text) for _printf_str
    usart1.o(i.FGPMMOPA6H_RMC_Data) refers to strcpy.o(.text) for strcpy
    usart1.o(i.FGPMMOPA6H_RMC_Data) refers to strtok.o(.text) for strtok
    usart1.o(i.FGPMMOPA6H_RMC_Data) refers to noretval__2printf.o(.text) for __2printf
    usart1.o(i.FGPMMOPA6H_RMC_Data) refers to usart1.o(.bss) for RMC_Message
    usart1.o(i.USART1_IRQHandler) refers to strncmp.o(.text) for strncmp
    usart1.o(i.USART1_IRQHandler) refers to strcpy.o(.text) for strcpy
    usart1.o(i.USART1_IRQHandler) refers to rt_memclr.o(.text) for __aeabi_memclr4
    usart1.o(i.USART1_IRQHandler) refers to usart1.o(.data) for Rx_Data
    usart1.o(i.USART1_IRQHandler) refers to usart1.o(.constdata) for GGA
    usart1.o(i.USART1_IRQHandler) refers to usart1.o(.bss) for GGA_Message
    usart1.o(i.USART1_Init) refers to usart1.o(i.NVIC_SetPriority) for NVIC_SetPriority
    usart1.o(i.USART1_Send) refers to strlen.o(.text) for strlen
    usart1.o(i.USART1_Send) refers to usart1.o(i.USART1_PutChar) for USART1_PutChar
    startup_stm32l053xx.o(STACK) refers (Special) to heapauxi.o(.text) for __use_two_region_memory
    startup_stm32l053xx.o(HEAP) refers (Special) to heapauxi.o(.text) for __use_two_region_memory
    startup_stm32l053xx.o(RESET) refers (Special) to heapauxi.o(.text) for __use_two_region_memory
    startup_stm32l053xx.o(RESET) refers to startup_stm32l053xx.o(STACK) for __initial_sp
    startup_stm32l053xx.o(RESET) refers to startup_stm32l053xx.o(.text) for Reset_Handler
    startup_stm32l053xx.o(RESET) refers to timing.o(i.SysTick_Handler) for SysTick_Handler
    startup_stm32l053xx.o(RESET) refers to usart1.o(i.USART1_IRQHandler) for USART1_IRQHandler
    startup_stm32l053xx.o(.text) refers (Special) to heapauxi.o(.text) for __use_two_region_memory
    startup_stm32l053xx.o(.text) refers to system_stm32l0xx.o(i.SystemInit) for SystemInit
    startup_stm32l053xx.o(.text) refers to __main.o(!!!main) for __main
    startup_stm32l053xx.o(.text) refers to startup_stm32l053xx.o(HEAP) for Heap_Mem
    startup_stm32l053xx.o(.text) refers to startup_stm32l053xx.o(STACK) for Stack_Mem
    system_stm32l0xx.o(i.SystemCoreClockUpdate) refers to aeabi_sdiv.o(.text) for __aeabi_uidivmod
    system_stm32l0xx.o(i.SystemCoreClockUpdate) refers to system_stm32l0xx.o(.data) for SystemCoreClock
    __2printf.o(.text) refers to _printf_char_file.o(.text) for _printf_char_file
    __2printf.o(.text) refers to retarget.o(.data) for __stdout
    noretval__2printf.o(.text) refers to _printf_char_file.o(.text) for _printf_char_file
    noretval__2printf.o(.text) refers to retarget.o(.data) for __stdout
    __printf.o(.text) refers to _printf_percent.o(.ARM.Collect$$_printf_percent$$00000000) for _printf_percent
    _printf_str.o(.text) refers (Special) to _printf_char.o(.text) for _printf_cs_common
    _printf_hex_ll.o(.text) refers to _printf_intcommon.o(.text) for _printf_int_common
    _printf_hex_ll.o(.text) refers to _printf_hex_ll.o(.constdata) for .constdata
    _printf_hex_int.o(.text) refers to _printf_intcommon.o(.text) for _printf_int_common
    _printf_hex_int.o(.text) refers to _printf_hex_int.o(.constdata) for .constdata
    _printf_hex_int_ll.o(.text) refers to _printf_intcommon.o(.text) for _printf_int_common
    _printf_hex_int_ll.o(.text) refers to _printf_hex_int_ll.o(.constdata) for .constdata
    _printf_hex_ptr.o(.text) refers to _printf_intcommon.o(.text) for _printf_int_common
    _printf_hex_ptr.o(.text) refers to _printf_hex_ptr.o(.constdata) for .constdata
    _printf_hex_int_ptr.o(.text) refers to _printf_intcommon.o(.text) for _printf_int_common
    _printf_hex_int_ptr.o(.text) refers to _printf_hex_int_ptr.o(.constdata) for .constdata
    _printf_hex_ll_ptr.o(.text) refers to _printf_intcommon.o(.text) for _printf_int_common
    _printf_hex_ll_ptr.o(.text) refers to _printf_hex_ll_ptr.o(.constdata) for .constdata
    _printf_hex_int_ll_ptr.o(.text) refers to _printf_intcommon.o(.text) for _printf_int_common
    _printf_hex_int_ll_ptr.o(.text) refers to _printf_hex_int_ll_ptr.o(.constdata) for .constdata
    __printf_flags.o(.text) refers to _printf_percent.o(.ARM.Collect$$_printf_percent$$00000000) for _printf_percent
    __printf_flags.o(.text) refers to __printf_flags.o(.constdata) for .constdata
    __printf_ss.o(.text) refers to _printf_percent.o(.ARM.Collect$$_printf_percent$$00000000) for _printf_percent
    __printf_flags_ss.o(.text) refers to _printf_percent.o(.ARM.Collect$$_printf_percent$$00000000) for _printf_percent
    __printf_flags_ss.o(.text) refers to __printf_flags_ss.o(.constdata) for .constdata
    __printf_wp.o(.text) refers to __printf_wp.o(i._is_digit) for _is_digit
    __printf_wp.o(.text) refers to _printf_percent.o(.ARM.Collect$$_printf_percent$$00000000) for _printf_percent
    __printf_flags_wp.o(.text) refers to __printf_wp.o(i._is_digit) for _is_digit
    __printf_flags_wp.o(.text) refers to _printf_percent.o(.ARM.Collect$$_printf_percent$$00000000) for _printf_percent
    __printf_flags_wp.o(.text) refers to __printf_flags_wp.o(.constdata) for .constdata
    __printf_ss_wp.o(.text) refers to __printf_wp.o(i._is_digit) for _is_digit
    __printf_ss_wp.o(.text) refers to _printf_percent.o(.ARM.Collect$$_printf_percent$$00000000) for _printf_percent
    __printf_flags_ss_wp.o(.text) refers to __printf_wp.o(i._is_digit) for _is_digit
    __printf_flags_ss_wp.o(.text) refers to _printf_percent.o(.ARM.Collect$$_printf_percent$$00000000) for _printf_percent
    __printf_flags_ss_wp.o(.text) refers to __printf_flags_ss_wp.o(.constdata) for .constdata
    _printf_s.o(.ARM.Collect$$_printf_percent$$00000014) refers (Weak) to _printf_char.o(.text) for _printf_string
    _printf_x.o(.ARM.Collect$$_printf_percent$$0000000C) refers (Weak) to _printf_hex_int.o(.text) for _printf_int_hex
    _printf_percent.o(.ARM.Collect$$_printf_percent$$00000000) refers (Special) to _printf_percent_end.o(.ARM.Collect$$_printf_percent$$00000017) for _printf_percent_end
    strtok.o(.text) refers to strtok_int.o(.text) for __strtok_internal
    strtok.o(.text) refers to strtok.o(.data) for .data
    strncpy.o(.text) refers to rt_memclr.o(.text) for __rt_memclr
    __main.o(!!!main) refers to __rtentry.o(.ARM.Collect$$rtentry$$00000000) for __rt_entry
    d2f.o(.text) refers (Special) to usenofp.o(x$fpl$usenofp) for __I$use$fp
    daddsub.o(.text) refers (Special) to usenofp.o(x$fpl$usenofp) for __I$use$fp
    ddiv.o(.text) refers (Special) to usenofp.o(x$fpl$usenofp) for __I$use$fp
    ddiv.o(.text) refers to ddiv.o(.constdata) for .constdata
    ddiv.o(.constdata) refers (Special) to usenofp.o(x$fpl$usenofp) for __I$use$fp
    dmul.o(.text) refers (Special) to usenofp.o(x$fpl$usenofp) for __I$use$fp
    f2d.o(.text) refers (Special) to usenofp.o(x$fpl$usenofp) for __I$use$fp
    faddsub.o(x$fpl$fadd) refers (Special) to usenofp.o(x$fpl$usenofp) for __I$use$fp
    faddsub.o(x$fpl$fadd) refers to faddsub.o(x$fpl$fsub) for _fsub1
    faddsub.o(x$fpl$frsb) refers (Special) to usenofp.o(x$fpl$usenofp) for __I$use$fp
    faddsub.o(x$fpl$frsb) refers to faddsub.o(x$fpl$fsub) for _fsub1
    faddsub.o(x$fpl$frsb) refers to faddsub.o(x$fpl$fadd) for _fadd1
    faddsub.o(x$fpl$fsub) refers (Special) to usenofp.o(x$fpl$usenofp) for __I$use$fp
    faddsub.o(x$fpl$fsub) refers to faddsub.o(x$fpl$fadd) for _fadd1
    fdiv.o(.text) refers (Special) to usenofp.o(x$fpl$usenofp) for __I$use$fp
    fdiv.o(.text) refers to fdiv.o(.constdata) for .constdata
    fdiv.o(.constdata) refers (Special) to usenofp.o(x$fpl$usenofp) for __I$use$fp
    fflti.o(.text) refers (Special) to usenofp.o(x$fpl$usenofp) for __I$use$fp
    fmul.o(x$fpl$fmul) refers (Special) to usenofp.o(x$fpl$usenofp) for __I$use$fp
    __rtentry.o(.ARM.Collect$$rtentry$$00000000) refers (Special) to __rtentry2.o(.ARM.Collect$$rtentry$$0000000A) for __rt_entry_li
    __rtentry.o(.ARM.Collect$$rtentry$$00000000) refers (Special) to __rtentry2.o(.ARM.Collect$$rtentry$$0000000D) for __rt_entry_main
    __rtentry.o(.ARM.Collect$$rtentry$$00000000) refers (Special) to __rtentry2.o(.ARM.Collect$$rtentry$$0000000C) for __rt_entry_postli_1
    __rtentry.o(.ARM.Collect$$rtentry$$00000000) refers (Special) to __rtentry2.o(.ARM.Collect$$rtentry$$00000009) for __rt_entry_postsh_1
    __rtentry.o(.ARM.Collect$$rtentry$$00000000) refers (Special) to __rtentry2.o(.ARM.Collect$$rtentry$$00000002) for __rt_entry_presh_1
    __rtentry.o(.ARM.Collect$$rtentry$$00000000) refers (Special) to __rtentry4.o(.ARM.Collect$$rtentry$$00000004) for __rt_entry_sh
    aeabi_idiv0_sigfpe.o(.text) refers to rt_div0.o(.text) for __rt_div0
    _printf_char.o(.text) refers (Weak) to _printf_str.o(.text) for _printf_str
    _printf_char_file.o(.text) refers to _printf_char_common.o(.text) for _printf_char_common
    _printf_char_file.o(.text) refers to retarget.o(i.ferror) for ferror
    _printf_char_file.o(.text) refers to retarget.o(i.fputc) for fputc
    strtok_int.o(.text) refers to strspn.o(.text) for strspn
    strtok_int.o(.text) refers to strcspn.o(.text) for strcspn
    __rtentry2.o(.ARM.Collect$$rtentry$$00000008) refers to boardinit2.o(.text) for _platform_post_stackheap_init
    __rtentry2.o(.ARM.Collect$$rtentry$$0000000A) refers to libinit.o(.ARM.Collect$$libinit$$00000000) for __rt_lib_init
    __rtentry2.o(.ARM.Collect$$rtentry$$0000000B) refers to boardinit3.o(.text) for _platform_post_lib_init
    __rtentry2.o(.ARM.Collect$$rtentry$$0000000D) refers to intern_project.o(i.main) for main
    __rtentry2.o(.ARM.Collect$$rtentry$$0000000D) refers to exit.o(.text) for exit
    __rtentry2.o(.ARM.exidx) refers to __rtentry2.o(.ARM.Collect$$rtentry$$00000001) for .ARM.Collect$$rtentry$$00000001
    __rtentry2.o(.ARM.exidx) refers to __rtentry2.o(.ARM.Collect$$rtentry$$00000008) for .ARM.Collect$$rtentry$$00000008
    __rtentry2.o(.ARM.exidx) refers to __rtentry2.o(.ARM.Collect$$rtentry$$0000000A) for .ARM.Collect$$rtentry$$0000000A
    __rtentry2.o(.ARM.exidx) refers to __rtentry2.o(.ARM.Collect$$rtentry$$0000000B) for .ARM.Collect$$rtentry$$0000000B
    __rtentry2.o(.ARM.exidx) refers to __rtentry2.o(.ARM.Collect$$rtentry$$0000000D) for .ARM.Collect$$rtentry$$0000000D
    __rtentry4.o(.ARM.Collect$$rtentry$$00000004) refers to sys_stackheap_outer.o(.text) for __user_setup_stackheap
    __rtentry4.o(.ARM.exidx) refers to __rtentry4.o(.ARM.Collect$$rtentry$$00000004) for .ARM.Collect$$rtentry$$00000004
    rt_div0.o(.text) refers to defsig_fpe_outer.o(.text) for __rt_SIGFPE
    _printf_char_common.o(.text) refers to __printf.o(.text) for __printf
    sys_stackheap_outer.o(.text) refers to libspace.o(.text) for __user_perproc_libspace
    sys_stackheap_outer.o(.text) refers to startup_stm32l053xx.o(.text) for __user_initial_stackheap
    sys_stackheap_outer.o(__vectab_stack_and_reset_area) refers to tempstk.o(.text) for __temporary_stack_top
    sys_stackheap_outer.o(__vectab_stack_and_reset_area) refers to __main.o(!!!main) for __main
    exit.o(.text) refers to rtexit.o(.ARM.Collect$$rtexit$$00000000) for __rt_exit
    defsig_fpe_outer.o(.text) refers to defsig_fpe_inner.o(.text) for __rt_SIGFPE_inner
    defsig_fpe_outer.o(.text) refers to defsig_exit.o(.text) for __sig_exit
    defsig_fpe_formal.o(.text) refers to rt_raise.o(.text) for __rt_raise
    libinit.o(.ARM.Collect$$libinit$$00000000) refers (Special) to libinit2.o(.ARM.Collect$$libinit$$0000002E) for __rt_lib_init_alloca_1
    libinit.o(.ARM.Collect$$libinit$$00000000) refers (Special) to libinit2.o(.ARM.Collect$$libinit$$0000002C) for __rt_lib_init_argv_1
    libinit.o(.ARM.Collect$$libinit$$00000000) refers (Special) to libinit2.o(.ARM.Collect$$libinit$$0000001B) for __rt_lib_init_atexit_1
    libinit.o(.ARM.Collect$$libinit$$00000000) refers (Special) to libinit2.o(.ARM.Collect$$libinit$$00000021) for __rt_lib_init_clock_1
    libinit.o(.ARM.Collect$$libinit$$00000000) refers (Special) to libinit2.o(.ARM.Collect$$libinit$$00000032) for __rt_lib_init_cpp_1
    libinit.o(.ARM.Collect$$libinit$$00000000) refers (Special) to libinit2.o(.ARM.Collect$$libinit$$00000030) for __rt_lib_init_exceptions_1
    libinit.o(.ARM.Collect$$libinit$$00000000) refers (Special) to libinit2.o(.ARM.Collect$$libinit$$00000002) for __rt_lib_init_fp_1
    libinit.o(.ARM.Collect$$libinit$$00000000) refers (Special) to libinit2.o(.ARM.Collect$$libinit$$0000001F) for __rt_lib_init_fp_trap_1
    libinit.o(.ARM.Collect$$libinit$$00000000) refers (Special) to libinit2.o(.ARM.Collect$$libinit$$00000023) for __rt_lib_init_getenv_1
    libinit.o(.ARM.Collect$$libinit$$00000000) refers (Special) to libinit2.o(.ARM.Collect$$libinit$$0000000A) for __rt_lib_init_heap_1
    libinit.o(.ARM.Collect$$libinit$$00000000) refers (Special) to libinit2.o(.ARM.Collect$$libinit$$00000011) for __rt_lib_init_lc_collate_1
    libinit.o(.ARM.Collect$$libinit$$00000000) refers (Special) to libinit2.o(.ARM.Collect$$libinit$$00000013) for __rt_lib_init_lc_ctype_1
    libinit.o(.ARM.Collect$$libinit$$00000000) refers (Special) to libinit2.o(.ARM.Collect$$libinit$$00000015) for __rt_lib_init_lc_monetary_1
    libinit.o(.ARM.Collect$$libinit$$00000000) refers (Special) to libinit2.o(.ARM.Collect$$libinit$$00000017) for __rt_lib_init_lc_numeric_1
    libinit.o(.ARM.Collect$$libinit$$00000000) refers (Special) to libinit2.o(.ARM.Collect$$libinit$$00000019) for __rt_lib_init_lc_time_1
    libinit.o(.ARM.Collect$$libinit$$00000000) refers (Special) to libinit2.o(.ARM.Collect$$libinit$$00000004) for __rt_lib_init_preinit_1
    libinit.o(.ARM.Collect$$libinit$$00000000) refers (Special) to libinit2.o(.ARM.Collect$$libinit$$0000000E) for __rt_lib_init_rand_1
    libinit.o(.ARM.Collect$$libinit$$00000000) refers (Special) to libinit2.o(.ARM.Collect$$libinit$$00000033) for __rt_lib_init_return
    libinit.o(.ARM.Collect$$libinit$$00000000) refers (Special) to libinit2.o(.ARM.Collect$$libinit$$0000001D) for __rt_lib_init_signal_1
    libinit.o(.ARM.Collect$$libinit$$00000000) refers (Special) to libinit2.o(.ARM.Collect$$libinit$$00000025) for __rt_lib_init_stdio_1
    libinit.o(.ARM.Collect$$libinit$$00000000) refers (Special) to libinit2.o(.ARM.Collect$$libinit$$0000000C) for __rt_lib_init_user_alloc_1
    libspace.o(.text) refers to libspace.o(.bss) for __libspace_start
    rtexit.o(.ARM.Collect$$rtexit$$00000000) refers (Special) to rtexit2.o(.ARM.Collect$$rtexit$$00000004) for __rt_exit_exit
    rtexit.o(.ARM.Collect$$rtexit$$00000000) refers (Special) to rtexit2.o(.ARM.Collect$$rtexit$$00000003) for __rt_exit_ls
    rtexit.o(.ARM.Collect$$rtexit$$00000000) refers (Special) to rtexit2.o(.ARM.Collect$$rtexit$$00000002) for __rt_exit_prels_1
    rtexit.o(.ARM.exidx) refers (Special) to rtexit2.o(.ARM.Collect$$rtexit$$00000004) for __rt_exit_exit
    rtexit.o(.ARM.exidx) refers (Special) to rtexit2.o(.ARM.Collect$$rtexit$$00000003) for __rt_exit_ls
    rtexit.o(.ARM.exidx) refers (Special) to rtexit2.o(.ARM.Collect$$rtexit$$00000002) for __rt_exit_prels_1
    rtexit.o(.ARM.exidx) refers to rtexit.o(.ARM.Collect$$rtexit$$00000000) for .ARM.Collect$$rtexit$$00000000
    rt_raise.o(.text) refers to __raise.o(.text) for __raise
    rt_raise.o(.text) refers to retarget.o(i._sys_exit) for _sys_exit
    defsig_exit.o(.text) refers to retarget.o(i._sys_exit) for _sys_exit
    defsig_fpe_inner.o(.text) refers to defsig_general.o(.text) for __default_signal_display
    libinit2.o(.ARM.Collect$$libinit$$00000010) refers to libinit2.o(.ARM.Collect$$libinit$$0000000F) for .ARM.Collect$$libinit$$0000000F
    libinit2.o(.ARM.Collect$$libinit$$00000012) refers to libinit2.o(.ARM.Collect$$libinit$$0000000F) for .ARM.Collect$$libinit$$0000000F
    libinit2.o(.ARM.Collect$$libinit$$00000014) refers to libinit2.o(.ARM.Collect$$libinit$$0000000F) for .ARM.Collect$$libinit$$0000000F
    libinit2.o(.ARM.Collect$$libinit$$00000016) refers to libinit2.o(.ARM.Collect$$libinit$$0000000F) for .ARM.Collect$$libinit$$0000000F
    libinit2.o(.ARM.Collect$$libinit$$00000018) refers to libinit2.o(.ARM.Collect$$libinit$$0000000F) for .ARM.Collect$$libinit$$0000000F
    libinit2.o(.ARM.Collect$$libinit$$00000026) refers to argv_veneer.o(.text) for __ARM_argv_veneer
    libinit2.o(.ARM.Collect$$libinit$$00000027) refers to argv_veneer.o(.text) for __ARM_argv_veneer
    rtexit2.o(.ARM.Collect$$rtexit$$00000003) refers to libshutdown.o(.ARM.Collect$$libshutdown$$00000000) for __rt_lib_shutdown
    rtexit2.o(.ARM.Collect$$rtexit$$00000004) refers to retarget.o(i._sys_exit) for _sys_exit
    rtexit2.o(.ARM.exidx) refers to rtexit2.o(.ARM.Collect$$rtexit$$00000001) for .ARM.Collect$$rtexit$$00000001
    rtexit2.o(.ARM.exidx) refers to rtexit2.o(.ARM.Collect$$rtexit$$00000003) for .ARM.Collect$$rtexit$$00000003
    rtexit2.o(.ARM.exidx) refers to rtexit2.o(.ARM.Collect$$rtexit$$00000004) for .ARM.Collect$$rtexit$$00000004
    __raise.o(.text) refers to defsig.o(CL$$defsig) for __default_signal_handler
    defsig_general.o(.text) refers to retarget.o(i._ttywrch) for _ttywrch
    defsig.o(CL$$defsig) refers to defsig_fpe_inner.o(.text) for __rt_SIGFPE_inner
    defsig.o(CL$$defsig) refers to defsig_rtmem_inner.o(.text) for __rt_SIGRTMEM_inner
    _get_argv_nomalloc.o(.text) refers (Special) to hrguard.o(.text) for __heap_region$guard
    _get_argv_nomalloc.o(.text) refers to defsig_rtmem_outer.o(.text) for __rt_SIGRTMEM
    _get_argv_nomalloc.o(.text) refers to sys_command.o(.text) for _sys_command_string
    libshutdown.o(.ARM.Collect$$libshutdown$$00000000) refers (Special) to libshutdown2.o(.ARM.Collect$$libshutdown$$00000006) for __rt_lib_shutdown_fp_trap_1
    libshutdown.o(.ARM.Collect$$libshutdown$$00000000) refers (Special) to libshutdown2.o(.ARM.Collect$$libshutdown$$0000000E) for __rt_lib_shutdown_heap_1
    libshutdown.o(.ARM.Collect$$libshutdown$$00000000) refers (Special) to libshutdown2.o(.ARM.Collect$$libshutdown$$0000000F) for __rt_lib_shutdown_return
    libshutdown.o(.ARM.Collect$$libshutdown$$00000000) refers (Special) to libshutdown2.o(.ARM.Collect$$libshutdown$$00000009) for __rt_lib_shutdown_signal_1
    libshutdown.o(.ARM.Collect$$libshutdown$$00000000) refers (Special) to libshutdown2.o(.ARM.Collect$$libshutdown$$00000003) for __rt_lib_shutdown_stdio_1
    libshutdown.o(.ARM.Collect$$libshutdown$$00000000) refers (Special) to libshutdown2.o(.ARM.Collect$$libshutdown$$0000000B) for __rt_lib_shutdown_user_alloc_1
    sys_command.o(.text) refers (Special) to use_no_semi.o(.text) for __I$use$semihosting
    sys_command.o(.text) refers (Special) to indicate_semi.o(.text) for __semihosting_library_function
    defsig_abrt_inner.o(.text) refers to defsig_general.o(.text) for __default_signal_display
    defsig_rtred_inner.o(.text) refers to defsig_general.o(.text) for __default_signal_display
    defsig_rtmem_inner.o(.text) refers to defsig_general.o(.text) for __default_signal_display
    defsig_rtmem_outer.o(.text) refers to defsig_rtmem_inner.o(.text) for __rt_SIGRTMEM_inner
    defsig_rtmem_outer.o(.text) refers to defsig_exit.o(.text) for __sig_exit
    defsig_rtmem_formal.o(.text) refers to rt_raise.o(.text) for __rt_raise
    defsig_stak_inner.o(.text) refers to defsig_general.o(.text) for __default_signal_display
    defsig_pvfn_inner.o(.text) refers to defsig_general.o(.text) for __default_signal_display
    defsig_cppl_inner.o(.text) refers to defsig_general.o(.text) for __default_signal_display
    defsig_segv_inner.o(.text) refers to defsig_general.o(.text) for __default_signal_display
    defsig_other.o(.text) refers to defsig_general.o(.text) for __default_signal_display


==============================================================================

Removing Unused input sections from the image.

    Removing intern_project.o(.rev16_text), (4 bytes).
    Removing intern_project.o(.revsh_text), (4 bytes).
    Removing adc.o(.rev16_text), (4 bytes).
    Removing adc.o(.revsh_text), (4 bytes).
    Removing adc.o(i.ADC_Pin), (72 bytes).
    Removing adc.o(i.Unitialize_ADC), (72 bytes).
    Removing adc.o(i.Voltage_Conversion), (32 bytes).
    Removing gpio.o(.rev16_text), (4 bytes).
    Removing gpio.o(.revsh_text), (4 bytes).
    Removing gpio.o(i.Button_Get_State), (28 bytes).
    Removing gpio.o(i.LED_Off), (20 bytes).
    Removing gpio.o(i.LED_On), (20 bytes).
    Removing gpio.o(i.Unitialize_Port_A), (32 bytes).
    Removing gpio.o(i.Unitialize_Port_C), (24 bytes).
    Removing hts221.o(.rev16_text), (4 bytes).
    Removing hts221.o(.revsh_text), (4 bytes).
    Removing hts221.o(i.HTS221_Configuration), (224 bytes).
    Removing hts221.o(i.HTS221_Humidity_Read), (380 bytes).
    Removing hts221.o(i.HTS221_Init), (60 bytes).
    Removing hts221.o(i.HTS221_Temp_Read), (464 bytes).
    Removing i2c.o(.rev16_text), (4 bytes).
    Removing i2c.o(.revsh_text), (4 bytes).
    Removing i2c.o(i.I2C_Read_Reg), (192 bytes).
    Removing i2c.o(i.I2C_Write_Reg), (160 bytes).
    Removing i2c.o(i.Reset_I2C), (44 bytes).
    Removing i2c.o(.data), (4 bytes).
    Removing retarget.o(i._ttywrch), (12 bytes).
    Removing retarget.o(i.fgetc), (10 bytes).
    Removing serial.o(.rev16_text), (4 bytes).
    Removing serial.o(.revsh_text), (4 bytes).
    Removing serial.o(i.SER_GetChar), (32 bytes).
    Removing timing.o(.rev16_text), (4 bytes).
    Removing timing.o(.revsh_text), (4 bytes).
    Removing lps25hb.o(.rev16_text), (4 bytes).
    Removing lps25hb.o(.revsh_text), (4 bytes).
    Removing lps25hb.o(i.LPS25HB_Configuration), (228 bytes).
    Removing lps25hb.o(i.LPS25HB_Init), (60 bytes).
    Removing lps25hb.o(i.LPS25HB_Pressure_Read), (148 bytes).
    Removing lis3mdl.o(.rev16_text), (4 bytes).
    Removing lis3mdl.o(.revsh_text), (4 bytes).
    Removing lis3mdl.o(i.LIS3MDL_Configuration), (340 bytes).
    Removing lis3mdl.o(i.LIS3MDL_Init), (80 bytes).
    Removing lis3mdl.o(i.LIS3MDL_X_Read), (112 bytes).
    Removing lis3mdl.o(i.LIS3MDL_Y_Read), (112 bytes).
    Removing lis3mdl.o(i.LIS3MDL_Z_Read), (112 bytes).
    Removing lsm6ds0.o(.rev16_text), (4 bytes).
    Removing lsm6ds0.o(.revsh_text), (4 bytes).
    Removing lsm6ds0.o(i.LSM6DS0_Configuration), (212 bytes).
    Removing lsm6ds0.o(i.LSM6DS0_Gyroscope_Pitch_Read), (100 bytes).
    Removing lsm6ds0.o(i.LSM6DS0_Gyroscope_Roll_Read), (100 bytes).
    Removing lsm6ds0.o(i.LSM6DS0_Gyroscope_Yaw_Read), (100 bytes).
    Removing lsm6ds0.o(i.LSM6DS0_Init), (60 bytes).
    Removing lsm6ds0.o(i.LSM6DS0_X_Acceleration_Read), (100 bytes).
    Removing lsm6ds0.o(i.LSM6DS0_Y_Acceleration_Read), (100 bytes).
    Removing lsm6ds0.o(i.LSM6DS0_Z_Acceleration_Read), (100 bytes).
    Removing isk01a1.o(.rev16_text), (4 bytes).
    Removing isk01a1.o(.revsh_text), (4 bytes).
    Removing isk01a1.o(i.ISK01A1_Configuration), (20 bytes).
    Removing isk01a1.o(i.ISK01A1_Get_Acceleration_X), (14 bytes).
    Removing isk01a1.o(i.ISK01A1_Get_Acceleration_Y), (14 bytes).
    Removing isk01a1.o(i.ISK01A1_Get_Acceleration_Z), (14 bytes).
    Removing isk01a1.o(i.ISK01A1_Get_Humidity), (14 bytes).
    Removing isk01a1.o(i.ISK01A1_Get_Magnetic_X), (14 bytes).
    Removing isk01a1.o(i.ISK01A1_Get_Magnetic_Y), (14 bytes).
    Removing isk01a1.o(i.ISK01A1_Get_Magnetic_Z), (14 bytes).
    Removing isk01a1.o(i.ISK01A1_Get_Pitch), (14 bytes).
    Removing isk01a1.o(i.ISK01A1_Get_Pressure), (14 bytes).
    Removing isk01a1.o(i.ISK01A1_Get_Roll), (14 bytes).
    Removing isk01a1.o(i.ISK01A1_Get_Temperature), (14 bytes).
    Removing isk01a1.o(i.ISK01A1_Get_Yaw), (14 bytes).
    Removing isk01a1.o(i.ISK01A1_Init), (460 bytes).
    Removing usart1.o(.rev16_text), (4 bytes).
    Removing usart1.o(.revsh_text), (4 bytes).
    Removing usart1.o(i.USART1_PutChar), (28 bytes).
    Removing usart1.o(i.USART1_Send), (30 bytes).
    Removing system_stm32l0xx.o(.rev16_text), (4 bytes).
    Removing system_stm32l0xx.o(.revsh_text), (4 bytes).

77 unused section(s) (total 4756 bytes) removed from the image.

==============================================================================

Image Symbol Table

    Local Symbols

    Symbol Name                              Value     Ov Type        Size  Object(Section)

    ../clib/../cmprslib/zerorunl.c           0x00000000   Number         0  __dczerorl.o ABSOLUTE
    ../clib/angel/boardlib.s                 0x00000000   Number         0  boardinit3.o ABSOLUTE
    ../clib/angel/boardlib.s                 0x00000000   Number         0  boardinit1.o ABSOLUTE
    ../clib/angel/boardlib.s                 0x00000000   Number         0  boardinit2.o ABSOLUTE
    ../clib/angel/boardlib.s                 0x00000000   Number         0  boardshut.o ABSOLUTE
    ../clib/angel/handlers.s                 0x00000000   Number         0  __scatter_zi.o ABSOLUTE
    ../clib/angel/kernel.s                   0x00000000   Number         0  __rtentry.o ABSOLUTE
    ../clib/angel/kernel.s                   0x00000000   Number         0  rtexit.o ABSOLUTE
    ../clib/angel/kernel.s                   0x00000000   Number         0  __rtentry2.o ABSOLUTE
    ../clib/angel/kernel.s                   0x00000000   Number         0  __rtentry4.o ABSOLUTE
    ../clib/angel/kernel.s                   0x00000000   Number         0  rtexit2.o ABSOLUTE
    ../clib/angel/rt.s                       0x00000000   Number         0  rt_raise.o ABSOLUTE
    ../clib/angel/rt.s                       0x00000000   Number         0  rt_div0.o ABSOLUTE
    ../clib/angel/rt.s                       0x00000000   Number         0  aeabi_idiv0.o ABSOLUTE
    ../clib/angel/rt.s                       0x00000000   Number         0  aeabi_idiv0_sigfpe.o ABSOLUTE
    ../clib/angel/scatterp.s                 0x00000000   Number         0  __scatter.o ABSOLUTE
    ../clib/angel/startup.s                  0x00000000   Number         0  __main.o ABSOLUTE
    ../clib/angel/sys.s                      0x00000000   Number         0  tempstk.o ABSOLUTE
    ../clib/angel/sys.s                      0x00000000   Number         0  libspace.o ABSOLUTE
    ../clib/angel/sys.s                      0x00000000   Number         0  indicate_semi.o ABSOLUTE
    ../clib/angel/sys.s                      0x00000000   Number         0  sys_stackheap_outer.o ABSOLUTE
    ../clib/angel/sys.s                      0x00000000   Number         0  use_no_semi.o ABSOLUTE
    ../clib/angel/sysapp.c                   0x00000000   Number         0  sys_command.o ABSOLUTE
    ../clib/armsys.c                         0x00000000   Number         0  argv_veneer.o ABSOLUTE
    ../clib/armsys.c                         0x00000000   Number         0  no_argv.o ABSOLUTE
    ../clib/armsys.c                         0x00000000   Number         0  _get_argv_nomalloc.o ABSOLUTE
    ../clib/division.s                       0x00000000   Number         0  aeabi_sdiv.o ABSOLUTE
    ../clib/division.s                       0x00000000   Number         0  aeabi_sdiv_div0.o ABSOLUTE
    ../clib/heapalloc.c                      0x00000000   Number         0  hrguard.o ABSOLUTE
    ../clib/heapaux.c                        0x00000000   Number         0  heapauxi.o ABSOLUTE
    ../clib/libinit.s                        0x00000000   Number         0  libinit.o ABSOLUTE
    ../clib/libinit.s                        0x00000000   Number         0  libshutdown2.o ABSOLUTE
    ../clib/libinit.s                        0x00000000   Number         0  libshutdown.o ABSOLUTE
    ../clib/libinit.s                        0x00000000   Number         0  libinit2.o ABSOLUTE
    ../clib/memcpset.c                       0x00000000   Number         0  rt_memclr.o ABSOLUTE
    ../clib/printf.c                         0x00000000   Number         0  __printf_ss.o ABSOLUTE
    ../clib/printf.c                         0x00000000   Number         0  _printf_char_common.o ABSOLUTE
    ../clib/printf.c                         0x00000000   Number         0  _printf_char_file.o ABSOLUTE
    ../clib/printf.c                         0x00000000   Number         0  _printf_char.o ABSOLUTE
    ../clib/printf.c                         0x00000000   Number         0  __printf_flags_wp.o ABSOLUTE
    ../clib/printf.c                         0x00000000   Number         0  _printf_hex_int_ll.o ABSOLUTE
    ../clib/printf.c                         0x00000000   Number         0  _printf_intcommon.o ABSOLUTE
    ../clib/printf.c                         0x00000000   Number         0  _printf_str.o ABSOLUTE
    ../clib/printf.c                         0x00000000   Number         0  _printf_hex_ll.o ABSOLUTE
    ../clib/printf.c                         0x00000000   Number         0  _printf_hex_int.o ABSOLUTE
    ../clib/printf.c                         0x00000000   Number         0  _printf_hex_ptr.o ABSOLUTE
    ../clib/printf.c                         0x00000000   Number         0  _printf_hex_int_ptr.o ABSOLUTE
    ../clib/printf.c                         0x00000000   Number         0  _printf_hex_ll_ptr.o ABSOLUTE
    ../clib/printf.c                         0x00000000   Number         0  _printf_hex_int_ll_ptr.o ABSOLUTE
    ../clib/printf.c                         0x00000000   Number         0  __printf_flags.o ABSOLUTE
    ../clib/printf.c                         0x00000000   Number         0  __printf_flags_ss.o ABSOLUTE
    ../clib/printf.c                         0x00000000   Number         0  __printf_wp.o ABSOLUTE
    ../clib/printf.c                         0x00000000   Number         0  __printf.o ABSOLUTE
    ../clib/printf.c                         0x00000000   Number         0  __printf_ss_wp.o ABSOLUTE
    ../clib/printf.c                         0x00000000   Number         0  __printf_flags_ss_wp.o ABSOLUTE
    ../clib/printf.c                         0x00000000   Number         0  __printf_nopercent.o ABSOLUTE
    ../clib/printf.c                         0x00000000   Number         0  __2printf.o ABSOLUTE
    ../clib/printf.c                         0x00000000   Number         0  noretval__2printf.o ABSOLUTE
    ../clib/printf_percent.s                 0x00000000   Number         0  _printf_s.o ABSOLUTE
    ../clib/printf_percent.s                 0x00000000   Number         0  _printf_percent_end.o ABSOLUTE
    ../clib/printf_percent.s                 0x00000000   Number         0  _printf_percent.o ABSOLUTE
    ../clib/printf_percent.s                 0x00000000   Number         0  _printf_x.o ABSOLUTE
    ../clib/signal.c                         0x00000000   Number         0  defsig_rtmem_outer.o ABSOLUTE
    ../clib/signal.c                         0x00000000   Number         0  defsig_rtred_inner.o ABSOLUTE
    ../clib/signal.c                         0x00000000   Number         0  defsig_abrt_inner.o ABSOLUTE
    ../clib/signal.c                         0x00000000   Number         0  defsig_exit.o ABSOLUTE
    ../clib/signal.c                         0x00000000   Number         0  defsig_fpe_outer.o ABSOLUTE
    ../clib/signal.c                         0x00000000   Number         0  defsig_fpe_formal.o ABSOLUTE
    ../clib/signal.c                         0x00000000   Number         0  defsig_other.o ABSOLUTE
    ../clib/signal.c                         0x00000000   Number         0  defsig_general.o ABSOLUTE
    ../clib/signal.c                         0x00000000   Number         0  __raise.o ABSOLUTE
    ../clib/signal.c                         0x00000000   Number         0  defsig_segv_inner.o ABSOLUTE
    ../clib/signal.c                         0x00000000   Number         0  defsig_cppl_inner.o ABSOLUTE
    ../clib/signal.c                         0x00000000   Number         0  defsig_pvfn_inner.o ABSOLUTE
    ../clib/signal.c                         0x00000000   Number         0  defsig_stak_inner.o ABSOLUTE
    ../clib/signal.c                         0x00000000   Number         0  defsig_rtmem_formal.o ABSOLUTE
    ../clib/signal.c                         0x00000000   Number         0  defsig_fpe_inner.o ABSOLUTE
    ../clib/signal.c                         0x00000000   Number         0  defsig_rtmem_inner.o ABSOLUTE
    ../clib/signal.s                         0x00000000   Number         0  defsig.o ABSOLUTE
    ../clib/stdlib.c                         0x00000000   Number         0  exit.o ABSOLUTE
    ../clib/string.c                         0x00000000   Number         0  strncmp.o ABSOLUTE
    ../clib/string.c                         0x00000000   Number         0  strlen.o ABSOLUTE
    ../clib/string.c                         0x00000000   Number         0  strcpy.o ABSOLUTE
    ../clib/string.c                         0x00000000   Number         0  strspn.o ABSOLUTE
    ../clib/string.c                         0x00000000   Number         0  strtok_int.o ABSOLUTE
    ../clib/string.c                         0x00000000   Number         0  strtok.o ABSOLUTE
    ../clib/string.c                         0x00000000   Number         0  strcspn.o ABSOLUTE
    ../clib/string.c                         0x00000000   Number         0  strncpy.o ABSOLUTE
    ../fplib/cfplib/d2f.c                    0x00000000   Number         0  d2f.o ABSOLUTE
    ../fplib/cfplib/daddsub.c                0x00000000   Number         0  daddsub.o ABSOLUTE
    ../fplib/cfplib/ddiv.c                   0x00000000   Number         0  ddiv.o ABSOLUTE
    ../fplib/cfplib/dmul.c                   0x00000000   Number         0  dmul.o ABSOLUTE
    ../fplib/cfplib/f2d.c                    0x00000000   Number         0  f2d.o ABSOLUTE
    ../fplib/cfplib/fdiv.c                   0x00000000   Number         0  fdiv.o ABSOLUTE
    ../fplib/cfplib/fflt.c                   0x00000000   Number         0  fflti.o ABSOLUTE
    ../fplib/cfplib/fpinit.c                 0x00000000   Number         0  fpinit.o ABSOLUTE
    ../fplib/faddsub6m.s                     0x00000000   Number         0  faddsub.o ABSOLUTE
    ../fplib/fmul6m.s                        0x00000000   Number         0  fmul.o ABSOLUTE
    ../fplib/usenofp.s                       0x00000000   Number         0  usenofp.o ABSOLUTE
    ADC.c                                    0x00000000   Number         0  adc.o ABSOLUTE
    ADC.c                                    0x00000000   Number         0  adc.o ABSOLUTE
    GPIO.c                                   0x00000000   Number         0  gpio.o ABSOLUTE
    GPIO.c                                   0x00000000   Number         0  gpio.o ABSOLUTE
    HTS221.c                                 0x00000000   Number         0  hts221.o ABSOLUTE
    HTS221.c                                 0x00000000   Number         0  hts221.o ABSOLUTE
    I2C.c                                    0x00000000   Number         0  i2c.o ABSOLUTE
    I2C.c                                    0x00000000   Number         0  i2c.o ABSOLUTE
    ISK01A1.c                                0x00000000   Number         0  isk01a1.o ABSOLUTE
    ISK01A1.c                                0x00000000   Number         0  isk01a1.o ABSOLUTE
    Intern_Project.c                         0x00000000   Number         0  intern_project.o ABSOLUTE
    Intern_Project.c                         0x00000000   Number         0  intern_project.o ABSOLUTE
    LIS3MDL.c                                0x00000000   Number         0  lis3mdl.o ABSOLUTE
    LIS3MDL.c                                0x00000000   Number         0  lis3mdl.o ABSOLUTE
    LPS25HB.c                                0x00000000   Number         0  lps25hb.o ABSOLUTE
    LPS25HB.c                                0x00000000   Number         0  lps25hb.o ABSOLUTE
    LSM6DS0.c                                0x00000000   Number         0  lsm6ds0.o ABSOLUTE
    LSM6DS0.c                                0x00000000   Number         0  lsm6ds0.o ABSOLUTE
    RTE\Device\STM32L053R8\startup_stm32l053xx.s 0x00000000   Number         0  startup_stm32l053xx.o ABSOLUTE
    RTE\Device\STM32L053R8\system_stm32l0xx.c 0x00000000   Number         0  system_stm32l0xx.o ABSOLUTE
    RTE\\Device\\STM32L053R8\\system_stm32l0xx.c 0x00000000   Number         0  system_stm32l0xx.o ABSOLUTE
    Retarget.c                               0x00000000   Number         0  retarget.o ABSOLUTE
    Serial.c                                 0x00000000   Number         0  serial.o ABSOLUTE
    Serial.c                                 0x00000000   Number         0  serial.o ABSOLUTE
    Timing.c                                 0x00000000   Number         0  timing.o ABSOLUTE
    Timing.c                                 0x00000000   Number         0  timing.o ABSOLUTE
    USART1.c                                 0x00000000   Number         0  usart1.o ABSOLUTE
    USART1.c                                 0x00000000   Number         0  usart1.o ABSOLUTE
    dc.s                                     0x00000000   Number         0  dc.o ABSOLUTE
    RESET                                    0x08000000   Section      192  startup_stm32l053xx.o(RESET)
    !!!main                                  0x080000c0   Section        8  __main.o(!!!main)
    !!!scatter                               0x080000c8   Section       60  __scatter.o(!!!scatter)
    !!handler_zi                             0x08000104   Section       28  __scatter_zi.o(!!handler_zi)
    .ARM.Collect$$_printf_percent$$00000000  0x08000120   Section        2  _printf_percent.o(.ARM.Collect$$_printf_percent$$00000000)
    .ARM.Collect$$_printf_percent$$0000000C  0x08000122   Section       10  _printf_x.o(.ARM.Collect$$_printf_percent$$0000000C)
    .ARM.Collect$$_printf_percent$$00000014  0x0800012c   Section       10  _printf_s.o(.ARM.Collect$$_printf_percent$$00000014)
    .ARM.Collect$$_printf_percent$$00000017  0x08000136   Section        4  _printf_percent_end.o(.ARM.Collect$$_printf_percent$$00000017)
    .ARM.Collect$$libinit$$00000000          0x0800013a   Section        2  libinit.o(.ARM.Collect$$libinit$$00000000)
    .ARM.Collect$$libinit$$00000002          0x0800013c   Section        0  libinit2.o(.ARM.Collect$$libinit$$00000002)
    .ARM.Collect$$libinit$$00000004          0x0800013c   Section        0  libinit2.o(.ARM.Collect$$libinit$$00000004)
    .ARM.Collect$$libinit$$0000000A          0x0800013c   Section        0  libinit2.o(.ARM.Collect$$libinit$$0000000A)
    .ARM.Collect$$libinit$$0000000C          0x0800013c   Section        0  libinit2.o(.ARM.Collect$$libinit$$0000000C)
    .ARM.Collect$$libinit$$0000000E          0x0800013c   Section        0  libinit2.o(.ARM.Collect$$libinit$$0000000E)
    .ARM.Collect$$libinit$$00000011          0x0800013c   Section        0  libinit2.o(.ARM.Collect$$libinit$$00000011)
    .ARM.Collect$$libinit$$00000013          0x0800013c   Section        0  libinit2.o(.ARM.Collect$$libinit$$00000013)
    .ARM.Collect$$libinit$$00000015          0x0800013c   Section        0  libinit2.o(.ARM.Collect$$libinit$$00000015)
    .ARM.Collect$$libinit$$00000017          0x0800013c   Section        0  libinit2.o(.ARM.Collect$$libinit$$00000017)
    .ARM.Collect$$libinit$$00000019          0x0800013c   Section        0  libinit2.o(.ARM.Collect$$libinit$$00000019)
    .ARM.Collect$$libinit$$0000001B          0x0800013c   Section        0  libinit2.o(.ARM.Collect$$libinit$$0000001B)
    .ARM.Collect$$libinit$$0000001D          0x0800013c   Section        0  libinit2.o(.ARM.Collect$$libinit$$0000001D)
    .ARM.Collect$$libinit$$0000001F          0x0800013c   Section        0  libinit2.o(.ARM.Collect$$libinit$$0000001F)
    .ARM.Collect$$libinit$$00000021          0x0800013c   Section        0  libinit2.o(.ARM.Collect$$libinit$$00000021)
    .ARM.Collect$$libinit$$00000023          0x0800013c   Section        0  libinit2.o(.ARM.Collect$$libinit$$00000023)
    .ARM.Collect$$libinit$$00000025          0x0800013c   Section        0  libinit2.o(.ARM.Collect$$libinit$$00000025)
    .ARM.Collect$$libinit$$0000002C          0x0800013c   Section        0  libinit2.o(.ARM.Collect$$libinit$$0000002C)
    .ARM.Collect$$libinit$$0000002E          0x0800013c   Section        0  libinit2.o(.ARM.Collect$$libinit$$0000002E)
    .ARM.Collect$$libinit$$00000030          0x0800013c   Section        0  libinit2.o(.ARM.Collect$$libinit$$00000030)
    .ARM.Collect$$libinit$$00000032          0x0800013c   Section        0  libinit2.o(.ARM.Collect$$libinit$$00000032)
    .ARM.Collect$$libinit$$00000033          0x0800013c   Section        2  libinit2.o(.ARM.Collect$$libinit$$00000033)
    .ARM.Collect$$libshutdown$$00000000      0x0800013e   Section        2  libshutdown.o(.ARM.Collect$$libshutdown$$00000000)
    .ARM.Collect$$libshutdown$$00000003      0x08000140   Section        0  libshutdown2.o(.ARM.Collect$$libshutdown$$00000003)
    .ARM.Collect$$libshutdown$$00000006      0x08000140   Section        0  libshutdown2.o(.ARM.Collect$$libshutdown$$00000006)
    .ARM.Collect$$libshutdown$$00000009      0x08000140   Section        0  libshutdown2.o(.ARM.Collect$$libshutdown$$00000009)
    .ARM.Collect$$libshutdown$$0000000B      0x08000140   Section        0  libshutdown2.o(.ARM.Collect$$libshutdown$$0000000B)
    .ARM.Collect$$libshutdown$$0000000E      0x08000140   Section        0  libshutdown2.o(.ARM.Collect$$libshutdown$$0000000E)
    .ARM.Collect$$libshutdown$$0000000F      0x08000140   Section        2  libshutdown2.o(.ARM.Collect$$libshutdown$$0000000F)
    .ARM.Collect$$rtentry$$00000000          0x08000142   Section        0  __rtentry.o(.ARM.Collect$$rtentry$$00000000)
    .ARM.Collect$$rtentry$$00000002          0x08000142   Section        0  __rtentry2.o(.ARM.Collect$$rtentry$$00000002)
    .ARM.Collect$$rtentry$$00000004          0x08000142   Section        6  __rtentry4.o(.ARM.Collect$$rtentry$$00000004)
    .ARM.Collect$$rtentry$$00000009          0x08000148   Section        0  __rtentry2.o(.ARM.Collect$$rtentry$$00000009)
    .ARM.Collect$$rtentry$$0000000A          0x08000148   Section        4  __rtentry2.o(.ARM.Collect$$rtentry$$0000000A)
    .ARM.Collect$$rtentry$$0000000C          0x0800014c   Section        0  __rtentry2.o(.ARM.Collect$$rtentry$$0000000C)
    .ARM.Collect$$rtentry$$0000000D          0x0800014c   Section        8  __rtentry2.o(.ARM.Collect$$rtentry$$0000000D)
    .ARM.Collect$$rtexit$$00000000           0x08000154   Section        2  rtexit.o(.ARM.Collect$$rtexit$$00000000)
    .ARM.Collect$$rtexit$$00000002           0x08000156   Section        0  rtexit2.o(.ARM.Collect$$rtexit$$00000002)
    .ARM.Collect$$rtexit$$00000003           0x08000156   Section        4  rtexit2.o(.ARM.Collect$$rtexit$$00000003)
    .ARM.Collect$$rtexit$$00000004           0x0800015a   Section        6  rtexit2.o(.ARM.Collect$$rtexit$$00000004)
    .text                                    0x08000160   Section       60  startup_stm32l053xx.o(.text)
    .text                                    0x0800019c   Section        2  use_no_semi.o(.text)
    .text                                    0x080001a0   Section        0  noretval__2printf.o(.text)
    .text                                    0x080001bc   Section        0  __printf.o(.text)
    .text                                    0x08000228   Section        0  _printf_str.o(.text)
    .text                                    0x0800027c   Section        0  _printf_hex_int.o(.text)
    .text                                    0x080002d4   Section        0  strtok.o(.text)
    .text                                    0x080002e4   Section        0  strcpy.o(.text)
    .text                                    0x08000330   Section        0  strncmp.o(.text)
    .text                                    0x080003d0   Section        0  rt_memclr.o(.text)
    .text                                    0x08000410   Section        0  strncpy.o(.text)
    .text                                    0x0800047c   Section      346  aeabi_sdiv.o(.text)
    .text                                    0x080005d6   Section        0  heapauxi.o(.text)
    .text                                    0x080005dc   Section        0  _printf_intcommon.o(.text)
    .text                                    0x0800068c   Section        0  _printf_char.o(.text)
    .text                                    0x080006bc   Section        0  _printf_char_file.o(.text)
    .text                                    0x080006e4   Section        0  strtok_int.o(.text)
    .text                                    0x0800072c   Section        0  _printf_char_common.o(.text)
    _printf_input_char                       0x0800072d   Thumb Code    10  _printf_char_common.o(.text)
    .text                                    0x0800075c   Section        0  strcspn.o(.text)
    .text                                    0x0800077e   Section        0  strspn.o(.text)
    .text                                    0x0800079e   Section       62  sys_stackheap_outer.o(.text)
    .text                                    0x080007dc   Section        0  exit.o(.text)
    .text                                    0x080007e8   Section        8  libspace.o(.text)
    .text                                    0x080007f0   Section        0  __dczerorl.o(.text)
    i.ADC_Init                               0x0800082c   Section        0  adc.o(i.ADC_Init)
    i.Button_Initialize                      0x080008a0   Section        0  gpio.o(i.Button_Initialize)
    i.Delay                                  0x080008b4   Section        0  timing.o(i.Delay)
    i.FGPMMOPA6H_Get_RMC_UTC_Time            0x080008cc   Section        0  usart1.o(i.FGPMMOPA6H_Get_RMC_UTC_Time)
    i.FGPMMOPA6H_RMC_Data                    0x080008f4   Section        0  usart1.o(i.FGPMMOPA6H_RMC_Data)
    i.I2C_Init                               0x08000abc   Section        0  i2c.o(i.I2C_Init)
    i.Initialize_Port_A                      0x08000b2c   Section        0  gpio.o(i.Initialize_Port_A)
    i.Initialize_Port_C                      0x08000b9c   Section        0  gpio.o(i.Initialize_Port_C)
    i.LED_Init                               0x08000bf4   Section        0  gpio.o(i.LED_Init)
    i.NVIC_SetPriority                       0x08000c08   Section        0  intern_project.o(i.NVIC_SetPriority)
    NVIC_SetPriority                         0x08000c09   Thumb Code   110  intern_project.o(i.NVIC_SetPriority)
    i.NVIC_SetPriority                       0x08000c80   Section        0  usart1.o(i.NVIC_SetPriority)
    NVIC_SetPriority                         0x08000c81   Thumb Code   110  usart1.o(i.NVIC_SetPriority)
    i.SER_Initialize                         0x08000cf8   Section        0  serial.o(i.SER_Initialize)
    i.SER_PutChar                            0x08000d6c   Section        0  serial.o(i.SER_PutChar)
    i.SysTick_Handler                        0x08000d88   Section        0  timing.o(i.SysTick_Handler)
    i.SystemCoreClockInit                    0x08000d98   Section        0  timing.o(i.SystemCoreClockInit)
    i.SystemCoreClockUpdate                  0x08000e90   Section        0  system_stm32l0xx.o(i.SystemCoreClockUpdate)
    i.SystemInit                             0x08000f90   Section        0  system_stm32l0xx.o(i.SystemInit)
    i.USART1_IRQHandler                      0x08000ff8   Section        0  usart1.o(i.USART1_IRQHandler)
    i.USART1_Init                            0x08001104   Section        0  usart1.o(i.USART1_Init)
    i._sys_exit                              0x080011d0   Section        0  retarget.o(i._sys_exit)
    i.ferror                                 0x080011d4   Section        0  retarget.o(i.ferror)
    i.fputc                                  0x080011dc   Section        0  retarget.o(i.fputc)
    i.main                                   0x080011ec   Section        0  intern_project.o(i.main)
    .constdata                               0x08001260   Section       40  usart1.o(.constdata)
    GGA                                      0x08001260   Data           7  usart1.o(.constdata)
    GSA                                      0x08001267   Data           7  usart1.o(.constdata)
    GSV                                      0x0800126e   Data           7  usart1.o(.constdata)
    RMC                                      0x08001275   Data           7  usart1.o(.constdata)
    VTG                                      0x0800127c   Data           7  usart1.o(.constdata)
    .constdata                               0x08001288   Section       40  _printf_hex_int.o(.constdata)
    uc_hextab                                0x08001288   Data          20  _printf_hex_int.o(.constdata)
    lc_hextab                                0x0800129c   Data          20  _printf_hex_int.o(.constdata)
    .data                                    0x20000000   Section        8  retarget.o(.data)
    .data                                    0x20000008   Section        4  timing.o(.data)
    .data                                    0x2000000c   Section     1005  usart1.o(.data)
    .data                                    0x200003fc   Section       29  system_stm32l0xx.o(.data)
    .data                                    0x2000041c   Section        4  strtok.o(.data)
    _strtok_saves1                           0x2000041c   Data           4  strtok.o(.data)
    .bss                                     0x20000420   Section      709  usart1.o(.bss)
    .bss                                     0x200006e8   Section       96  libspace.o(.bss)
    HEAP                                     0x20000748   Section      512  startup_stm32l053xx.o(HEAP)
    Heap_Mem                                 0x20000748   Data         512  startup_stm32l053xx.o(HEAP)
    STACK                                    0x20000948   Section     1024  startup_stm32l053xx.o(STACK)
    Stack_Mem                                0x20000948   Data        1024  startup_stm32l053xx.o(STACK)
    __initial_sp                             0x20000d48   Data           0  startup_stm32l053xx.o(STACK)

    Global Symbols

    Symbol Name                              Value     Ov Type        Size  Object(Section)

    BuildAttributes$$THM_ISAv3M$S$PE$A:L22$X:L11$S22$IEEE1$IW$USESV6$~STKCKD$USESV7$~SHL$OSPACE$ROPI$EBA8$UX$STANDARDLIB$REQ8$PRES8$EABIv2 0x00000000   Number         0  anon$$obj.o ABSOLUTE
    __ARM_use_no_argv                        0x00000000   Number         0  intern_project.o ABSOLUTE
    __ARM_exceptions_init                     - Undefined Weak Reference
    __alloca_initialize                       - Undefined Weak Reference
    __arm_preinit_                            - Undefined Weak Reference
    __cpp_initialize__aeabi_                  - Undefined Weak Reference
    __cxa_finalize                            - Undefined Weak Reference
    __rt_locale                               - Undefined Weak Reference
    __sigvec_lookup                           - Undefined Weak Reference
    _atexit_init                              - Undefined Weak Reference
    _call_atexit_fns                          - Undefined Weak Reference
    _clock_init                               - Undefined Weak Reference
    _fp_trap_init                             - Undefined Weak Reference
    _fp_trap_shutdown                         - Undefined Weak Reference
    _get_lc_collate                           - Undefined Weak Reference
    _get_lc_ctype                             - Undefined Weak Reference
    _get_lc_monetary                          - Undefined Weak Reference
    _get_lc_numeric                           - Undefined Weak Reference
    _get_lc_time                              - Undefined Weak Reference
    _getenv_init                              - Undefined Weak Reference
    _handle_redirection                       - Undefined Weak Reference
    _init_alloc                               - Undefined Weak Reference
    _init_user_alloc                          - Undefined Weak Reference
    _initio                                   - Undefined Weak Reference
    _printf_mbtowc                            - Undefined Weak Reference
    _printf_post_padding                      - Undefined Weak Reference
    _printf_pre_padding                       - Undefined Weak Reference
    _printf_truncate_unsigned                 - Undefined Weak Reference
    _rand_init                                - Undefined Weak Reference
    _signal_finish                            - Undefined Weak Reference
    _signal_init                              - Undefined Weak Reference
    _terminate_alloc                          - Undefined Weak Reference
    _terminate_user_alloc                     - Undefined Weak Reference
    _terminateio                              - Undefined Weak Reference
    __Vectors_Size                           0x000000c0   Number         0  startup_stm32l053xx.o ABSOLUTE
    __Vectors                                0x08000000   Data           4  startup_stm32l053xx.o(RESET)
    __Vectors_End                            0x080000c0   Data           0  startup_stm32l053xx.o(RESET)
    __main                                   0x080000c1   Thumb Code     8  __main.o(!!!main)
    __scatterload                            0x080000c9   Thumb Code     0  __scatter.o(!!!scatter)
    __scatterload_rt2                        0x080000c9   Thumb Code    52  __scatter.o(!!!scatter)
    __scatterload_rt2_thumb_only             0x080000c9   Thumb Code     0  __scatter.o(!!!scatter)
    __scatterload_null                       0x080000d9   Thumb Code     0  __scatter.o(!!!scatter)
    __scatterload_zeroinit                   0x08000105   Thumb Code    28  __scatter_zi.o(!!handler_zi)
    _printf_percent                          0x08000121   Thumb Code     0  _printf_percent.o(.ARM.Collect$$_printf_percent$$00000000)
    _printf_x                                0x08000123   Thumb Code     0  _printf_x.o(.ARM.Collect$$_printf_percent$$0000000C)
    _printf_s                                0x0800012d   Thumb Code     0  _printf_s.o(.ARM.Collect$$_printf_percent$$00000014)
    _printf_percent_end                      0x08000137   Thumb Code     0  _printf_percent_end.o(.ARM.Collect$$_printf_percent$$00000017)
    __rt_lib_init                            0x0800013b   Thumb Code     0  libinit.o(.ARM.Collect$$libinit$$00000000)
    __rt_lib_init_alloca_1                   0x0800013d   Thumb Code     0  libinit2.o(.ARM.Collect$$libinit$$0000002E)
    __rt_lib_init_argv_1                     0x0800013d   Thumb Code     0  libinit2.o(.ARM.Collect$$libinit$$0000002C)
    __rt_lib_init_atexit_1                   0x0800013d   Thumb Code     0  libinit2.o(.ARM.Collect$$libinit$$0000001B)
    __rt_lib_init_clock_1                    0x0800013d   Thumb Code     0  libinit2.o(.ARM.Collect$$libinit$$00000021)
    __rt_lib_init_cpp_1                      0x0800013d   Thumb Code     0  libinit2.o(.ARM.Collect$$libinit$$00000032)
    __rt_lib_init_exceptions_1               0x0800013d   Thumb Code     0  libinit2.o(.ARM.Collect$$libinit$$00000030)
    __rt_lib_init_fp_1                       0x0800013d   Thumb Code     0  libinit2.o(.ARM.Collect$$libinit$$00000002)
    __rt_lib_init_fp_trap_1                  0x0800013d   Thumb Code     0  libinit2.o(.ARM.Collect$$libinit$$0000001F)
    __rt_lib_init_getenv_1                   0x0800013d   Thumb Code     0  libinit2.o(.ARM.Collect$$libinit$$00000023)
    __rt_lib_init_heap_1                     0x0800013d   Thumb Code     0  libinit2.o(.ARM.Collect$$libinit$$0000000A)
    __rt_lib_init_lc_collate_1               0x0800013d   Thumb Code     0  libinit2.o(.ARM.Collect$$libinit$$00000011)
    __rt_lib_init_lc_ctype_1                 0x0800013d   Thumb Code     0  libinit2.o(.ARM.Collect$$libinit$$00000013)
    __rt_lib_init_lc_monetary_1              0x0800013d   Thumb Code     0  libinit2.o(.ARM.Collect$$libinit$$00000015)
    __rt_lib_init_lc_numeric_1               0x0800013d   Thumb Code     0  libinit2.o(.ARM.Collect$$libinit$$00000017)
    __rt_lib_init_lc_time_1                  0x0800013d   Thumb Code     0  libinit2.o(.ARM.Collect$$libinit$$00000019)
    __rt_lib_init_preinit_1                  0x0800013d   Thumb Code     0  libinit2.o(.ARM.Collect$$libinit$$00000004)
    __rt_lib_init_rand_1                     0x0800013d   Thumb Code     0  libinit2.o(.ARM.Collect$$libinit$$0000000E)
    __rt_lib_init_return                     0x0800013d   Thumb Code     0  libinit2.o(.ARM.Collect$$libinit$$00000033)
    __rt_lib_init_signal_1                   0x0800013d   Thumb Code     0  libinit2.o(.ARM.Collect$$libinit$$0000001D)
    __rt_lib_init_stdio_1                    0x0800013d   Thumb Code     0  libinit2.o(.ARM.Collect$$libinit$$00000025)
    __rt_lib_init_user_alloc_1               0x0800013d   Thumb Code     0  libinit2.o(.ARM.Collect$$libinit$$0000000C)
    __rt_lib_shutdown                        0x0800013f   Thumb Code     0  libshutdown.o(.ARM.Collect$$libshutdown$$00000000)
    __rt_lib_shutdown_fp_trap_1              0x08000141   Thumb Code     0  libshutdown2.o(.ARM.Collect$$libshutdown$$00000006)
    __rt_lib_shutdown_heap_1                 0x08000141   Thumb Code     0  libshutdown2.o(.ARM.Collect$$libshutdown$$0000000E)
    __rt_lib_shutdown_return                 0x08000141   Thumb Code     0  libshutdown2.o(.ARM.Collect$$libshutdown$$0000000F)
    __rt_lib_shutdown_signal_1               0x08000141   Thumb Code     0  libshutdown2.o(.ARM.Collect$$libshutdown$$00000009)
    __rt_lib_shutdown_stdio_1                0x08000141   Thumb Code     0  libshutdown2.o(.ARM.Collect$$libshutdown$$00000003)
    __rt_lib_shutdown_user_alloc_1           0x08000141   Thumb Code     0  libshutdown2.o(.ARM.Collect$$libshutdown$$0000000B)
    __rt_entry                               0x08000143   Thumb Code     0  __rtentry.o(.ARM.Collect$$rtentry$$00000000)
    __rt_entry_presh_1                       0x08000143   Thumb Code     0  __rtentry2.o(.ARM.Collect$$rtentry$$00000002)
    __rt_entry_sh                            0x08000143   Thumb Code     0  __rtentry4.o(.ARM.Collect$$rtentry$$00000004)
    __rt_entry_li                            0x08000149   Thumb Code     0  __rtentry2.o(.ARM.Collect$$rtentry$$0000000A)
    __rt_entry_postsh_1                      0x08000149   Thumb Code     0  __rtentry2.o(.ARM.Collect$$rtentry$$00000009)
    __rt_entry_main                          0x0800014d   Thumb Code     0  __rtentry2.o(.ARM.Collect$$rtentry$$0000000D)
    __rt_entry_postli_1                      0x0800014d   Thumb Code     0  __rtentry2.o(.ARM.Collect$$rtentry$$0000000C)
    __rt_exit                                0x08000155   Thumb Code     0  rtexit.o(.ARM.Collect$$rtexit$$00000000)
    __rt_exit_ls                             0x08000157   Thumb Code     0  rtexit2.o(.ARM.Collect$$rtexit$$00000003)
    __rt_exit_prels_1                        0x08000157   Thumb Code     0  rtexit2.o(.ARM.Collect$$rtexit$$00000002)
    __rt_exit_exit                           0x0800015b   Thumb Code     0  rtexit2.o(.ARM.Collect$$rtexit$$00000004)
    Reset_Handler                            0x08000161   Thumb Code     8  startup_stm32l053xx.o(.text)
    NMI_Handler                              0x08000169   Thumb Code     2  startup_stm32l053xx.o(.text)
    HardFault_Handler                        0x0800016b   Thumb Code     2  startup_stm32l053xx.o(.text)
    SVC_Handler                              0x0800016d   Thumb Code     2  startup_stm32l053xx.o(.text)
    DebugMon_Handler                         0x0800016f   Thumb Code     2  startup_stm32l053xx.o(.text)
    PendSV_Handler                           0x08000171   Thumb Code     2  startup_stm32l053xx.o(.text)
    ADC1_COMP_IRQHandler                     0x08000175   Thumb Code     0  startup_stm32l053xx.o(.text)
    DMA1_Channel1_IRQHandler                 0x08000175   Thumb Code     0  startup_stm32l053xx.o(.text)
    DMA1_Channel2_3_IRQHandler               0x08000175   Thumb Code     0  startup_stm32l053xx.o(.text)
    DMA1_Channel4_5_6_7_IRQHandler           0x08000175   Thumb Code     0  startup_stm32l053xx.o(.text)
    EXTI0_1_IRQHandler                       0x08000175   Thumb Code     0  startup_stm32l053xx.o(.text)
    EXTI2_3_IRQHandler                       0x08000175   Thumb Code     0  startup_stm32l053xx.o(.text)
    EXTI4_15_IRQHandler                      0x08000175   Thumb Code     0  startup_stm32l053xx.o(.text)
    FLASH_IRQHandler                         0x08000175   Thumb Code     0  startup_stm32l053xx.o(.text)
    I2C1_IRQHandler                          0x08000175   Thumb Code     0  startup_stm32l053xx.o(.text)
    I2C2_IRQHandler                          0x08000175   Thumb Code     0  startup_stm32l053xx.o(.text)
    LCD_IRQHandler                           0x08000175   Thumb Code     0  startup_stm32l053xx.o(.text)
    LPTIM1_IRQHandler                        0x08000175   Thumb Code     0  startup_stm32l053xx.o(.text)
    PVD_IRQHandler                           0x08000175   Thumb Code     0  startup_stm32l053xx.o(.text)
    RCC_CRS_IRQHandler                       0x08000175   Thumb Code     0  startup_stm32l053xx.o(.text)
    RNG_LPUART1_IRQHandler                   0x08000175   Thumb Code     0  startup_stm32l053xx.o(.text)
    RTC_IRQHandler                           0x08000175   Thumb Code     0  startup_stm32l053xx.o(.text)
    SPI1_IRQHandler                          0x08000175   Thumb Code     0  startup_stm32l053xx.o(.text)
    SPI2_IRQHandler                          0x08000175   Thumb Code     0  startup_stm32l053xx.o(.text)
    TIM21_IRQHandler                         0x08000175   Thumb Code     0  startup_stm32l053xx.o(.text)
    TIM22_IRQHandler                         0x08000175   Thumb Code     0  startup_stm32l053xx.o(.text)
    TIM2_IRQHandler                          0x08000175   Thumb Code     0  startup_stm32l053xx.o(.text)
    TIM6_DAC_IRQHandler                      0x08000175   Thumb Code     0  startup_stm32l053xx.o(.text)
    TSC_IRQHandler                           0x08000175   Thumb Code     0  startup_stm32l053xx.o(.text)
    USART2_IRQHandler                        0x08000175   Thumb Code     0  startup_stm32l053xx.o(.text)
    USB_IRQHandler                           0x08000175   Thumb Code     0  startup_stm32l053xx.o(.text)
    WWDG_IRQHandler                          0x08000175   Thumb Code     0  startup_stm32l053xx.o(.text)
    __user_initial_stackheap                 0x08000179   Thumb Code     0  startup_stm32l053xx.o(.text)
    __I$use$semihosting                      0x0800019d   Thumb Code     0  use_no_semi.o(.text)
    __use_no_semihosting_swi                 0x0800019d   Thumb Code     2  use_no_semi.o(.text)
    __2printf                                0x080001a1   Thumb Code    22  noretval__2printf.o(.text)
    __printf                                 0x080001bd   Thumb Code   108  __printf.o(.text)
    _printf_str                              0x08000229   Thumb Code    82  _printf_str.o(.text)
    _printf_int_hex                          0x0800027d   Thumb Code    84  _printf_hex_int.o(.text)
    _printf_longlong_hex                     0x0800027d   Thumb Code     0  _printf_hex_int.o(.text)
    strtok                                   0x080002d5   Thumb Code    10  strtok.o(.text)
    strcpy                                   0x080002e5   Thumb Code    70  strcpy.o(.text)
    strncmp                                  0x08000331   Thumb Code   154  strncmp.o(.text)
    _memset_w                                0x080003d1   Thumb Code    26  rt_memclr.o(.text)
    _memset                                  0x080003eb   Thumb Code    30  rt_memclr.o(.text)
    __aeabi_memclr                           0x08000409   Thumb Code     4  rt_memclr.o(.text)
    __rt_memclr                              0x08000409   Thumb Code     0  rt_memclr.o(.text)
    __aeabi_memclr4                          0x0800040d   Thumb Code     0  rt_memclr.o(.text)
    __aeabi_memclr8                          0x0800040d   Thumb Code     0  rt_memclr.o(.text)
    __rt_memclr_w                            0x0800040d   Thumb Code     4  rt_memclr.o(.text)
    strncpy                                  0x08000411   Thumb Code   104  strncpy.o(.text)
    __aeabi_uidiv                            0x0800047d   Thumb Code     0  aeabi_sdiv.o(.text)
    __aeabi_uidivmod                         0x0800047d   Thumb Code    20  aeabi_sdiv.o(.text)
    __aeabi_idiv                             0x08000491   Thumb Code     0  aeabi_sdiv.o(.text)
    __aeabi_idivmod                          0x08000491   Thumb Code   326  aeabi_sdiv.o(.text)
    __use_two_region_memory                  0x080005d7   Thumb Code     2  heapauxi.o(.text)
    __rt_heap_escrow$2region                 0x080005d9   Thumb Code     2  heapauxi.o(.text)
    __rt_heap_expand$2region                 0x080005db   Thumb Code     2  heapauxi.o(.text)
    _printf_int_common                       0x080005dd   Thumb Code   176  _printf_intcommon.o(.text)
    _printf_cs_common                        0x0800068d   Thumb Code    22  _printf_char.o(.text)
    _printf_char                             0x080006a3   Thumb Code    16  _printf_char.o(.text)
    _printf_string                           0x080006b3   Thumb Code     8  _printf_char.o(.text)
    _printf_char_file                        0x080006bd   Thumb Code    34  _printf_char_file.o(.text)
    __strtok_internal                        0x080006e5   Thumb Code    66  strtok_int.o(.text)
    _printf_char_common                      0x08000737   Thumb Code    32  _printf_char_common.o(.text)
    strcspn                                  0x0800075d   Thumb Code    34  strcspn.o(.text)
    strspn                                   0x0800077f   Thumb Code    32  strspn.o(.text)
    __user_setup_stackheap                   0x0800079f   Thumb Code    62  sys_stackheap_outer.o(.text)
    exit                                     0x080007dd   Thumb Code    12  exit.o(.text)
    __user_libspace                          0x080007e9   Thumb Code     8  libspace.o(.text)
    __user_perproc_libspace                  0x080007e9   Thumb Code     0  libspace.o(.text)
    __user_perthread_libspace                0x080007e9   Thumb Code     0  libspace.o(.text)
    __decompress                             0x080007f1   Thumb Code     0  __dczerorl.o(.text)
    __decompress0                            0x080007f1   Thumb Code    58  __dczerorl.o(.text)
    ADC_Init                                 0x0800082d   Thumb Code   106  adc.o(i.ADC_Init)
    Button_Initialize                        0x080008a1   Thumb Code    20  gpio.o(i.Button_Initialize)
    Delay                                    0x080008b5   Thumb Code    20  timing.o(i.Delay)
    FGPMMOPA6H_Get_RMC_UTC_Time              0x080008cd   Thumb Code    22  usart1.o(i.FGPMMOPA6H_Get_RMC_UTC_Time)
    FGPMMOPA6H_RMC_Data                      0x080008f5   Thumb Code   282  usart1.o(i.FGPMMOPA6H_RMC_Data)
    I2C_Init                                 0x08000abd   Thumb Code    96  i2c.o(i.I2C_Init)
    Initialize_Port_A                        0x08000b2d   Thumb Code   108  gpio.o(i.Initialize_Port_A)
    Initialize_Port_C                        0x08000b9d   Thumb Code    80  gpio.o(i.Initialize_Port_C)
    LED_Init                                 0x08000bf5   Thumb Code    20  gpio.o(i.LED_Init)
    SER_Initialize                           0x08000cf9   Thumb Code   104  serial.o(i.SER_Initialize)
    SER_PutChar                              0x08000d6d   Thumb Code    22  serial.o(i.SER_PutChar)
    SysTick_Handler                          0x08000d89   Thumb Code    12  timing.o(i.SysTick_Handler)
    SystemCoreClockInit                      0x08000d99   Thumb Code   236  timing.o(i.SystemCoreClockInit)
    SystemCoreClockUpdate                    0x08000e91   Thumb Code   230  system_stm32l0xx.o(i.SystemCoreClockUpdate)
    SystemInit                               0x08000f91   Thumb Code    88  system_stm32l0xx.o(i.SystemInit)
    USART1_IRQHandler                        0x08000ff9   Thumb Code   210  usart1.o(i.USART1_IRQHandler)
    USART1_Init                              0x08001105   Thumb Code   186  usart1.o(i.USART1_Init)
    _sys_exit                                0x080011d1   Thumb Code     4  retarget.o(i._sys_exit)
    ferror                                   0x080011d5   Thumb Code     8  retarget.o(i.ferror)
    fputc                                    0x080011dd   Thumb Code    14  retarget.o(i.fputc)
    main                                     0x080011ed   Thumb Code   100  intern_project.o(i.main)
    NMEA_LENGTH                              0x08001284   Data           4  usart1.o(.constdata)
    Region$$Table$$Base                      0x080012b0   Number         0  anon$$obj.o(Region$$Table)
    Region$$Table$$Limit                     0x080012d0   Number         0  anon$$obj.o(Region$$Table)
    __stdout                                 0x20000000   Data           4  retarget.o(.data)
    __stdin                                  0x20000004   Data           4  retarget.o(.data)
    msTicks                                  0x20000008   Data           4  timing.o(.data)
    CharIndex                                0x2000000c   Data           4  usart1.o(.data)
    Rx_Data                                  0x20000010   Data        1000  usart1.o(.data)
    Transmission_In_Progress                 0x200003f8   Data           1  usart1.o(.data)
    SystemCoreClock                          0x200003fc   Data           4  system_stm32l0xx.o(.data)
    AHBPrescTable                            0x20000400   Data          16  system_stm32l0xx.o(.data)
    PLLMulTable                              0x20000410   Data           9  system_stm32l0xx.o(.data)
    GGA_Message                              0x20000420   Data         128  usart1.o(.bss)
    GSA_Message                              0x200004a0   Data         128  usart1.o(.bss)
    GSV_Message                              0x20000520   Data         128  usart1.o(.bss)
    RMC_Message                              0x200005a0   Data         128  usart1.o(.bss)
    VTG_Message                              0x20000620   Data         128  usart1.o(.bss)
    RMC_Data                                 0x200006a0   Data          69  usart1.o(.bss)
    __libspace_start                         0x200006e8   Data          96  libspace.o(.bss)
    __temporary_stack_top$libspace           0x20000748   Data           0  libspace.o(.bss)



==============================================================================

Memory Map of the image

  Image Entry point : 0x080000c1

  Load Region LR_IROM1 (Base: 0x08000000, Size: 0x000016f0, Max: 0x00010000, ABSOLUTE, COMPRESSED[0x000012f4])

    Execution Region ER_IROM1 (Base: 0x08000000, Size: 0x000012d0, Max: 0x00010000, ABSOLUTE)

    Base Addr    Size         Type   Attr      Idx    E Section Name        Object

    0x08000000   0x000000c0   Data   RO          701    RESET               startup_stm32l053xx.o
    0x080000c0   0x00000008   Code   RO          813  * !!!main             c_p.l(__main.o)
    0x080000c8   0x0000003c   Code   RO         1019    !!!scatter          c_p.l(__scatter.o)
    0x08000104   0x0000001c   Code   RO         1021    !!handler_zi        c_p.l(__scatter_zi.o)
    0x08000120   0x00000002   Code   RO          793    .ARM.Collect$$_printf_percent$$00000000  c_p.l(_printf_percent.o)
    0x08000122   0x0000000a   Code   RO          792    .ARM.Collect$$_printf_percent$$0000000C  c_p.l(_printf_x.o)
    0x0800012c   0x0000000a   Code   RO          791    .ARM.Collect$$_printf_percent$$00000014  c_p.l(_printf_s.o)
    0x08000136   0x00000004   Code   RO          850    .ARM.Collect$$_printf_percent$$00000017  c_p.l(_printf_percent_end.o)
    0x0800013a   0x00000002   Code   RO          893    .ARM.Collect$$libinit$$00000000  c_p.l(libinit.o)
    0x0800013c   0x00000000   Code   RO          907    .ARM.Collect$$libinit$$00000002  c_p.l(libinit2.o)
    0x0800013c   0x00000000   Code   RO          909    .ARM.Collect$$libinit$$00000004  c_p.l(libinit2.o)
    0x0800013c   0x00000000   Code   RO          912    .ARM.Collect$$libinit$$0000000A  c_p.l(libinit2.o)
    0x0800013c   0x00000000   Code   RO          914    .ARM.Collect$$libinit$$0000000C  c_p.l(libinit2.o)
    0x0800013c   0x00000000   Code   RO          916    .ARM.Collect$$libinit$$0000000E  c_p.l(libinit2.o)
    0x0800013c   0x00000000   Code   RO          919    .ARM.Collect$$libinit$$00000011  c_p.l(libinit2.o)
    0x0800013c   0x00000000   Code   RO          921    .ARM.Collect$$libinit$$00000013  c_p.l(libinit2.o)
    0x0800013c   0x00000000   Code   RO          923    .ARM.Collect$$libinit$$00000015  c_p.l(libinit2.o)
    0x0800013c   0x00000000   Code   RO          925    .ARM.Collect$$libinit$$00000017  c_p.l(libinit2.o)
    0x0800013c   0x00000000   Code   RO          927    .ARM.Collect$$libinit$$00000019  c_p.l(libinit2.o)
    0x0800013c   0x00000000   Code   RO          929    .ARM.Collect$$libinit$$0000001B  c_p.l(libinit2.o)
    0x0800013c   0x00000000   Code   RO          931    .ARM.Collect$$libinit$$0000001D  c_p.l(libinit2.o)
    0x0800013c   0x00000000   Code   RO          933    .ARM.Collect$$libinit$$0000001F  c_p.l(libinit2.o)
    0x0800013c   0x00000000   Code   RO          935    .ARM.Collect$$libinit$$00000021  c_p.l(libinit2.o)
    0x0800013c   0x00000000   Code   RO          937    .ARM.Collect$$libinit$$00000023  c_p.l(libinit2.o)
    0x0800013c   0x00000000   Code   RO          939    .ARM.Collect$$libinit$$00000025  c_p.l(libinit2.o)
    0x0800013c   0x00000000   Code   RO          943    .ARM.Collect$$libinit$$0000002C  c_p.l(libinit2.o)
    0x0800013c   0x00000000   Code   RO          945    .ARM.Collect$$libinit$$0000002E  c_p.l(libinit2.o)
    0x0800013c   0x00000000   Code   RO          947    .ARM.Collect$$libinit$$00000030  c_p.l(libinit2.o)
    0x0800013c   0x00000000   Code   RO          949    .ARM.Collect$$libinit$$00000032  c_p.l(libinit2.o)
    0x0800013c   0x00000002   Code   RO          950    .ARM.Collect$$libinit$$00000033  c_p.l(libinit2.o)
    0x0800013e   0x00000002   Code   RO          974    .ARM.Collect$$libshutdown$$00000000  c_p.l(libshutdown.o)
    0x08000140   0x00000000   Code   RO         1001    .ARM.Collect$$libshutdown$$00000003  c_p.l(libshutdown2.o)
    0x08000140   0x00000000   Code   RO         1004    .ARM.Collect$$libshutdown$$00000006  c_p.l(libshutdown2.o)
    0x08000140   0x00000000   Code   RO         1007    .ARM.Collect$$libshutdown$$00000009  c_p.l(libshutdown2.o)
    0x08000140   0x00000000   Code   RO         1009    .ARM.Collect$$libshutdown$$0000000B  c_p.l(libshutdown2.o)
    0x08000140   0x00000000   Code   RO         1012    .ARM.Collect$$libshutdown$$0000000E  c_p.l(libshutdown2.o)
    0x08000140   0x00000002   Code   RO         1013    .ARM.Collect$$libshutdown$$0000000F  c_p.l(libshutdown2.o)
    0x08000142   0x00000000   Code   RO          839    .ARM.Collect$$rtentry$$00000000  c_p.l(__rtentry.o)
    0x08000142   0x00000000   Code   RO          855    .ARM.Collect$$rtentry$$00000002  c_p.l(__rtentry2.o)
    0x08000142   0x00000006   Code   RO          867    .ARM.Collect$$rtentry$$00000004  c_p.l(__rtentry4.o)
    0x08000148   0x00000000   Code   RO          857    .ARM.Collect$$rtentry$$00000009  c_p.l(__rtentry2.o)
    0x08000148   0x00000004   Code   RO          858    .ARM.Collect$$rtentry$$0000000A  c_p.l(__rtentry2.o)
    0x0800014c   0x00000000   Code   RO          860    .ARM.Collect$$rtentry$$0000000C  c_p.l(__rtentry2.o)
    0x0800014c   0x00000008   Code   RO          861    .ARM.Collect$$rtentry$$0000000D  c_p.l(__rtentry2.o)
    0x08000154   0x00000002   Code   RO          898    .ARM.Collect$$rtexit$$00000000  c_p.l(rtexit.o)
    0x08000156   0x00000000   Code   RO          952    .ARM.Collect$$rtexit$$00000002  c_p.l(rtexit2.o)
    0x08000156   0x00000004   Code   RO          953    .ARM.Collect$$rtexit$$00000003  c_p.l(rtexit2.o)
    0x0800015a   0x00000006   Code   RO          954    .ARM.Collect$$rtexit$$00000004  c_p.l(rtexit2.o)
    0x08000160   0x0000003c   Code   RO          702    .text               startup_stm32l053xx.o
    0x0800019c   0x00000002   Code   RO          740    .text               c_p.l(use_no_semi.o)
    0x0800019e   0x00000002   PAD
    0x080001a0   0x0000001c   Code   RO          744    .text               c_p.l(noretval__2printf.o)
    0x080001bc   0x0000006c   Code   RO          746    .text               c_p.l(__printf.o)
    0x08000228   0x00000052   Code   RO          748    .text               c_p.l(_printf_str.o)
    0x0800027a   0x00000002   PAD
    0x0800027c   0x00000058   Code   RO          753    .text               c_p.l(_printf_hex_int.o)
    0x080002d4   0x00000010   Code   RO          794    .text               c_p.l(strtok.o)
    0x080002e4   0x0000004c   Code   RO          797    .text               c_p.l(strcpy.o)
    0x08000330   0x000000a0   Code   RO          801    .text               c_p.l(strncmp.o)
    0x080003d0   0x00000040   Code   RO          803    .text               c_p.l(rt_memclr.o)
    0x08000410   0x0000006c   Code   RO          805    .text               c_p.l(strncpy.o)
    0x0800047c   0x0000015a   Code   RO          807    .text               c_p.l(aeabi_sdiv.o)
    0x080005d6   0x00000006   Code   RO          811    .text               c_p.l(heapauxi.o)
    0x080005dc   0x000000b0   Code   RO          844    .text               c_p.l(_printf_intcommon.o)
    0x0800068c   0x0000002e   Code   RO          846    .text               c_p.l(_printf_char.o)
    0x080006ba   0x00000002   PAD
    0x080006bc   0x00000028   Code   RO          848    .text               c_p.l(_printf_char_file.o)
    0x080006e4   0x00000048   Code   RO          851    .text               c_p.l(strtok_int.o)
    0x0800072c   0x00000030   Code   RO          871    .text               c_p.l(_printf_char_common.o)
    0x0800075c   0x00000022   Code   RO          873    .text               c_p.l(strcspn.o)
    0x0800077e   0x00000020   Code   RO          875    .text               c_p.l(strspn.o)
    0x0800079e   0x0000003e   Code   RO          877    .text               c_p.l(sys_stackheap_outer.o)
    0x080007dc   0x0000000c   Code   RO          882    .text               c_p.l(exit.o)
    0x080007e8   0x00000008   Code   RO          894    .text               c_p.l(libspace.o)
    0x080007f0   0x0000003a   Code   RO         1017    .text               c_p.l(__dczerorl.o)
    0x0800082a   0x00000002   PAD
    0x0800082c   0x00000074   Code   RO           80    i.ADC_Init          adc.o
    0x080008a0   0x00000014   Code   RO          125    i.Button_Initialize  gpio.o
    0x080008b4   0x00000018   Code   RO          358    i.Delay             timing.o
    0x080008cc   0x00000028   Code   RO          638    i.FGPMMOPA6H_Get_RMC_UTC_Time  usart1.o
    0x080008f4   0x000001c8   Code   RO          639    i.FGPMMOPA6H_RMC_Data  usart1.o
    0x08000abc   0x00000070   Code   RO          233    i.I2C_Init          i2c.o
    0x08000b2c   0x00000070   Code   RO          126    i.Initialize_Port_A  gpio.o
    0x08000b9c   0x00000058   Code   RO          127    i.Initialize_Port_C  gpio.o
    0x08000bf4   0x00000014   Code   RO          128    i.LED_Init          gpio.o
    0x08000c08   0x00000078   Code   RO            3    i.NVIC_SetPriority  intern_project.o
    0x08000c80   0x00000078   Code   RO          640    i.NVIC_SetPriority  usart1.o
    0x08000cf8   0x00000074   Code   RO          327    i.SER_Initialize    serial.o
    0x08000d6c   0x0000001c   Code   RO          328    i.SER_PutChar       serial.o
    0x08000d88   0x00000010   Code   RO          359    i.SysTick_Handler   timing.o
    0x08000d98   0x000000f8   Code   RO          360    i.SystemCoreClockInit  timing.o
    0x08000e90   0x00000100   Code   RO          708    i.SystemCoreClockUpdate  system_stm32l0xx.o
    0x08000f90   0x00000068   Code   RO          709    i.SystemInit        system_stm32l0xx.o
    0x08000ff8   0x0000010c   Code   RO          641    i.USART1_IRQHandler  usart1.o
    0x08001104   0x000000cc   Code   RO          642    i.USART1_Init       usart1.o
    0x080011d0   0x00000004   Code   RO          275    i._sys_exit         retarget.o
    0x080011d4   0x00000008   Code   RO          277    i.ferror            retarget.o
    0x080011dc   0x0000000e   Code   RO          279    i.fputc             retarget.o
    0x080011ea   0x00000002   PAD
    0x080011ec   0x00000074   Code   RO            4    i.main              intern_project.o
    0x08001260   0x00000028   Data   RO          646    .constdata          usart1.o
    0x08001288   0x00000028   Data   RO          754    .constdata          c_p.l(_printf_hex_int.o)
    0x080012b0   0x00000020   Data   RO         1015    Region$$Table       anon$$obj.o


    Execution Region RW_IRAM1 (Base: 0x20000000, Size: 0x00000d48, Max: 0x00002000, ABSOLUTE, COMPRESSED[0x00000024])

    Base Addr    Size         Type   Attr      Idx    E Section Name        Object

    0x20000000   0x00000008   Data   RW          280    .data               retarget.o
    0x20000008   0x00000004   Data   RW          361    .data               timing.o
    0x2000000c   0x000003ed   Data   RW          647    .data               usart1.o
    0x200003f9   0x00000003   PAD
    0x200003fc   0x0000001d   Data   RW          710    .data               system_stm32l0xx.o
    0x20000419   0x00000003   PAD
    0x2000041c   0x00000004   Data   RW          795    .data               c_p.l(strtok.o)
    0x20000420   0x000002c5   Zero   RW          645    .bss                usart1.o
    0x200006e5   0x00000003   PAD
    0x200006e8   0x00000060   Zero   RW          895    .bss                c_p.l(libspace.o)
    0x20000748   0x00000200   Zero   RW          700    HEAP                startup_stm32l053xx.o
    0x20000948   0x00000400   Zero   RW          699    STACK               startup_stm32l053xx.o


==============================================================================

Image component sizes


      Code (inc. data)   RO Data    RW Data    ZI Data      Debug   Object Name

       116         10          0          0          0        411   adc.o
       240         12          0          0          0       2107   gpio.o
       112         16          0          0          0        455   i2c.o
       236         26          0          0          0     125503   intern_project.o
        26          0          0          8          0       3115   retarget.o
       144         18          0          0          0        879   serial.o
        60         28        192          0       1536        708   startup_stm32l053xx.o
       360         42          0         29          0       2029   system_stm32l0xx.o
       288         20          0          4          0       1578   timing.o
      1088        278         40       1005        709      12616   usart1.o

    ----------------------------------------------------------------------
      2672        450        264       1052       2248     149401   Object Totals
         0          0         32          0          0          0   (incl. Generated)
         2          0          0          6          3          0   (incl. Padding)

    ----------------------------------------------------------------------

      Code (inc. data)   RO Data    RW Data    ZI Data      Debug   Library Member Name

        58          0          0          0          0          0   __dczerorl.o
         8          0          0          0          0         68   __main.o
       108          0          0          0          0         76   __printf.o
         0          0          0          0          0          0   __rtentry.o
        12          0          0          0          0          0   __rtentry2.o
         6          0          0          0          0          0   __rtentry4.o
        60          8          0          0          0          0   __scatter.o
        28          0          0          0          0          0   __scatter_zi.o
        46          0          0          0          0        100   _printf_char.o
        48          6          0          0          0         88   _printf_char_common.o
        40          6          0          0          0         72   _printf_char_file.o
        88          4         40          0          0         72   _printf_hex_int.o
       176          0          0          0          0         84   _printf_intcommon.o
         2          0          0          0          0          0   _printf_percent.o
         4          0          0          0          0          0   _printf_percent_end.o
        10          0          0          0          0          0   _printf_s.o
        82          0          0          0          0         72   _printf_str.o
        10          0          0          0          0          0   _printf_x.o
       346          0          0          0          0         92   aeabi_sdiv.o
        12          0          0          0          0         64   exit.o
         6          0          0          0          0        136   heapauxi.o
         2          0          0          0          0          0   libinit.o
         2          0          0          0          0          0   libinit2.o
         2          0          0          0          0          0   libshutdown.o
         2          0          0          0          0          0   libshutdown2.o
         8          4          0          0         96         68   libspace.o
        28          6          0          0          0         84   noretval__2printf.o
        64          0          0          0          0        108   rt_memclr.o
         2          0          0          0          0          0   rtexit.o
        10          0          0          0          0          0   rtexit2.o
        76          6          0          0          0         72   strcpy.o
        34          0          0          0          0         72   strcspn.o
       160          6          0          0          0         76   strncmp.o
       108          4          0          0          0         76   strncpy.o
        32          0          0          0          0         72   strspn.o
        16          6          0          4          0         68   strtok.o
        72          6          0          0          0         76   strtok_int.o
        62          0          0          0          0         80   sys_stackheap_outer.o
         2          0          0          0          0         68   use_no_semi.o

    ----------------------------------------------------------------------
      1840         62         40          4         96       1844   Library Totals
         8          0          0          0          0          0   (incl. Padding)

    ----------------------------------------------------------------------

      Code (inc. data)   RO Data    RW Data    ZI Data      Debug   Library Name

      1832         62         40          4         96       1844   c_p.l

    ----------------------------------------------------------------------
      1840         62         40          4         96       1844   Library Totals

    ----------------------------------------------------------------------

==============================================================================


      Code (inc. data)   RO Data    RW Data    ZI Data      Debug   

      4512        512        304       1056       2344     149565   Grand Totals
      4512        512        304         36       2344     149565   ELF Image Totals (compressed)
      4512        512        304         36          0          0   ROM Totals

==============================================================================

    Total RO  Size (Code + RO Data)                 4816 (   4.70kB)
    Total RW  Size (RW Data + ZI Data)              3400 (   3.32kB)
    Total ROM Size (Code + RO Data + RW Data)       4852 (   4.74kB)

==============================================================================

