Component: ARM Compiler 5.05 update 1 (build 106) Tool: armlink [4d0efa]

==============================================================================

Section Cross References

    intern_project.o(i.IO_Init) refers to timing.o(i.SystemCoreClockInit) for SystemCoreClockInit
    intern_project.o(i.IO_Init) refers to system_stm32l0xx.o(i.SystemCoreClockUpdate) for SystemCoreClockUpdate
    intern_project.o(i.IO_Init) refers to aeabi_sdiv.o(.text) for __aeabi_uidivmod
    intern_project.o(i.IO_Init) refers to intern_project.o(i.NVIC_SetPriority) for NVIC_SetPriority
    intern_project.o(i.IO_Init) refers to gpio.o(i.GPIO_Output_Init) for GPIO_Output_Init
    intern_project.o(i.IO_Init) refers to gpio.o(i.Button_Initialize) for Button_Initialize
    intern_project.o(i.IO_Init) refers to serial.o(i.SER_Initialize) for SER_Initialize
    intern_project.o(i.IO_Init) refers to fgpmmopa6h.o(i.USART1_Init) for USART1_Init
    intern_project.o(i.IO_Init) refers to xbeepro24.o(i.LPUART_Init) for LPUART_Init
    intern_project.o(i.IO_Init) refers to adc.o(i.ADC_Init) for ADC_Init
    intern_project.o(i.IO_Init) refers to i2c.o(i.I2C_Init) for I2C_Init
    intern_project.o(i.IO_Init) refers to isk01a1.o(i.ISK01A1_Init) for ISK01A1_Init
    intern_project.o(i.IO_Init) refers to fgpmmopa6h.o(i.FGPMMOPA6H_Init) for FGPMMOPA6H_Init
    intern_project.o(i.IO_Init) refers to xbeepro24.o(i.XBee_900HP_Init) for XBee_900HP_Init
    intern_project.o(i.IO_Init) refers to pwm.o(i.Servo_Position) for Servo_Position
    intern_project.o(i.IO_Init) refers to system_stm32l0xx.o(.data) for SystemCoreClock
    intern_project.o(i.main) refers to _printf_percent.o(.ARM.Collect$$_printf_percent$$00000000) for _printf_percent
    intern_project.o(i.main) refers to _printf_s.o(.ARM.Collect$$_printf_percent$$00000014) for _printf_s
    intern_project.o(i.main) refers to _printf_str.o(.text) for _printf_str
    intern_project.o(i.main) refers to intern_project.o(i.IO_Init) for IO_Init
    intern_project.o(i.main) refers to gpio.o(i.Button_Get_State) for Button_Get_State
    intern_project.o(i.main) refers to gpio.o(i.GPIO_On) for GPIO_On
    intern_project.o(i.main) refers to timing.o(i.Start_15s_Timer) for Start_15s_Timer
    intern_project.o(i.main) refers to isk01a1.o(i.ISK01A1_Package_Data) for ISK01A1_Package_Data
    intern_project.o(i.main) refers to fgpmmopa6h.o(i.FGPMMOPA6H_Package_Data) for FGPMMOPA6H_Package_Data
    intern_project.o(i.main) refers to noretval__2sprintf.o(.text) for __2sprintf
    intern_project.o(i.main) refers to xbeepro24.o(i.LPUART1_Send) for LPUART1_Send
    adc.o(i.Voltage_Conversion) refers to fflti.o(.text) for __aeabi_i2f
    adc.o(i.Voltage_Conversion) refers to fmul.o(x$fpl$fmul) for __aeabi_fmul
    gpio.o(i.Button_Initialize) refers to gpio.o(i.GPIO_Init) for GPIO_Init
    gpio.o(i.GPIO_Output_Init) refers to gpio.o(i.GPIO_Init) for GPIO_Init
    hts221.o(i.HTS221_Configuration) refers to _printf_percent.o(.ARM.Collect$$_printf_percent$$00000000) for _printf_percent
    hts221.o(i.HTS221_Configuration) refers to _printf_x.o(.ARM.Collect$$_printf_percent$$0000000C) for _printf_x
    hts221.o(i.HTS221_Configuration) refers to _printf_hex_int.o(.text) for _printf_longlong_hex
    hts221.o(i.HTS221_Configuration) refers to noretval__2printf.o(.text) for __2printf
    hts221.o(i.HTS221_Configuration) refers to i2c.o(i.I2C_Read_Reg) for I2C_Read_Reg
    hts221.o(i.HTS221_Humidity_Read) refers to i2c.o(i.I2C_Write_Reg) for I2C_Write_Reg
    hts221.o(i.HTS221_Humidity_Read) refers to i2c.o(i.I2C_Read_Reg) for I2C_Read_Reg
    hts221.o(i.HTS221_Humidity_Read) refers to fflti.o(.text) for __aeabi_ui2f
    hts221.o(i.HTS221_Humidity_Read) refers to f2d.o(.text) for __aeabi_f2d
    hts221.o(i.HTS221_Humidity_Read) refers to ddiv.o(.text) for __aeabi_ddiv
    hts221.o(i.HTS221_Humidity_Read) refers to d2f.o(.text) for __aeabi_d2f
    hts221.o(i.HTS221_Humidity_Read) refers to faddsub.o(x$fpl$fsub) for __aeabi_fsub
    hts221.o(i.HTS221_Humidity_Read) refers to fmul.o(x$fpl$fmul) for __aeabi_fmul
    hts221.o(i.HTS221_Humidity_Read) refers to fdiv.o(.text) for __aeabi_fdiv
    hts221.o(i.HTS221_Humidity_Read) refers to faddsub.o(x$fpl$fadd) for __aeabi_fadd
    hts221.o(i.HTS221_Init) refers to i2c.o(i.I2C_Read_Reg) for I2C_Read_Reg
    hts221.o(i.HTS221_Init) refers to i2c.o(i.I2C_Write_Reg) for I2C_Write_Reg
    hts221.o(i.HTS221_Temp_Read) refers to i2c.o(i.I2C_Write_Reg) for I2C_Write_Reg
    hts221.o(i.HTS221_Temp_Read) refers to i2c.o(i.I2C_Read_Reg) for I2C_Read_Reg
    hts221.o(i.HTS221_Temp_Read) refers to fflti.o(.text) for __aeabi_i2f
    hts221.o(i.HTS221_Temp_Read) refers to f2d.o(.text) for __aeabi_f2d
    hts221.o(i.HTS221_Temp_Read) refers to ddiv.o(.text) for __aeabi_ddiv
    hts221.o(i.HTS221_Temp_Read) refers to d2f.o(.text) for __aeabi_d2f
    hts221.o(i.HTS221_Temp_Read) refers to faddsub.o(x$fpl$fsub) for __aeabi_fsub
[...]
    .text                                    0x08001c24   Section        0  _printf_fp_infnan.o(.text)
    .text                                    0x08001cac   Section        0  _sgetc.o(.text)
    .text                                    0x08001cf0   Section        0  _strtoul.o(.text)
    .text                                    0x08001d98   Section        0  bigflt0.o(.text)
    .text                                    0x08001e60   Section        0  btod.o(.text)
    btod_internal_mul                        0x08001ea1   Thumb Code   456  btod.o(.text)
    btod_internal_div                        0x08002069   Thumb Code   494  btod.o(.text)
    .text                                    0x08002308   Section        0  ferror.o(.text)
    .text                                    0x08002310   Section        0  strcspn.o(.text)
    .text                                    0x08002332   Section        0  strspn.o(.text)
    .text                                    0x08002354   Section        0  dcmpin.o(.text)
    .text                                    0x080023e4   Section        0  dsqrt.o(.text)
    .text                                    0x080024e4   Section       62  sys_stackheap_outer.o(.text)
    .text                                    0x08002522   Section        0  _chval.o(.text)
    .text                                    0x08002540   Section        0  scanf_fp.o(.text)
    _fp_value                                0x08002541   Thumb Code   526  scanf_fp.o(.text)
    .text                                    0x08002a10   Section        0  exit.o(.text)
    .text                                    0x08002a1c   Section        0  cmpret.o(.text)
    .text                                    0x08002a4c   Section        0  dnan2.o(.text)
    .text                                    0x08002a60   Section        0  llmul.o(.text)
    .text                                    0x08002a90   Section        0  retnan.o(.text)
    .text                                    0x08002af0   Section        0  scanf_hexfp.o(.text)
    .text                                    0x08002e18   Section        0  scanf_infnan.o(.text)
    .text                                    0x08002f54   Section        0  llshl.o(.text)
    i.ADC_Init                               0x08002f74   Section        0  adc.o(i.ADC_Init)
    i.Button_Get_State                       0x08002fe8   Section        0  gpio.o(i.Button_Get_State)
    i.Button_Initialize                      0x08003004   Section        0  gpio.o(i.Button_Initialize)
    i.Delay                                  0x08003034   Section        0  timing.o(i.Delay)
    i.FGPMMOPA6H_Get_RMC_Ground_Speed        0x0800304c   Section        0  fgpmmopa6h.o(i.FGPMMOPA6H_Get_RMC_Ground_Speed)
    i.FGPMMOPA6H_Get_RMC_Latitude            0x08003084   Section        0  fgpmmopa6h.o(i.FGPMMOPA6H_Get_RMC_Latitude)
    i.FGPMMOPA6H_Get_RMC_Longitude           0x080030e8   Section        0  fgpmmopa6h.o(i.FGPMMOPA6H_Get_RMC_Longitude)
    i.FGPMMOPA6H_Get_RMC_Status              0x0800314c   Section        0  fgpmmopa6h.o(i.FGPMMOPA6H_Get_RMC_Status)
    i.FGPMMOPA6H_Get_RMC_UTC_Time            0x0800317c   Section        0  fgpmmopa6h.o(i.FGPMMOPA6H_Get_RMC_UTC_Time)
    i.FGPMMOPA6H_Init                        0x080031e0   Section        0  fgpmmopa6h.o(i.FGPMMOPA6H_Init)
    i.FGPMMOPA6H_Package_Data                0x08003354   Section        0  fgpmmopa6h.o(i.FGPMMOPA6H_Package_Data)
    i.FGPMMOPA6H_Parse_GGA                   0x08003418   Section        0  fgpmmopa6h.o(i.FGPMMOPA6H_Parse_GGA)
    i.FGPMMOPA6H_Parse_RMC_Data              0x08003508   Section        0  fgpmmopa6h.o(i.FGPMMOPA6H_Parse_RMC_Data)
    i.GPIO_Init                              0x080035d0   Section        0  gpio.o(i.GPIO_Init)
    i.GPIO_On                                0x08003678   Section        0  gpio.o(i.GPIO_On)
    i.GPIO_Output_Init                       0x08003686   Section        0  gpio.o(i.GPIO_Output_Init)
    i.HTS221_Humidity_Read                   0x080036b4   Section        0  hts221.o(i.HTS221_Humidity_Read)
    i.HTS221_Init                            0x08003830   Section        0  hts221.o(i.HTS221_Init)
    i.HTS221_Temp_Read                       0x0800386c   Section        0  hts221.o(i.HTS221_Temp_Read)
    i.I2C_Init                               0x08003a3c   Section        0  i2c.o(i.I2C_Init)
    i.I2C_Read_Reg                           0x08003aac   Section        0  i2c.o(i.I2C_Read_Reg)
    i.I2C_Write_Reg                          0x08003b6c   Section        0  i2c.o(i.I2C_Write_Reg)
    i.IO_Init                                0x08003c0c   Section        0  intern_project.o(i.IO_Init)
    i.ISK01A1_Get_Acceleration_X             0x08003c8c   Section        0  isk01a1.o(i.ISK01A1_Get_Acceleration_X)
    i.ISK01A1_Get_Acceleration_Y             0x08003ca0   Section        0  isk01a1.o(i.ISK01A1_Get_Acceleration_Y)
    i.ISK01A1_Get_Acceleration_Z             0x08003cb4   Section        0  isk01a1.o(i.ISK01A1_Get_Acceleration_Z)
    i.ISK01A1_Get_Altitude                   0x08003cc8   Section        0  isk01a1.o(i.ISK01A1_Get_Altitude)
    i.ISK01A1_Get_Humidity                   0x08003d70   Section        0  isk01a1.o(i.ISK01A1_Get_Humidity)
    i.ISK01A1_Get_Magnetic_X                 0x08003d84   Section        0  isk01a1.o(i.ISK01A1_Get_Magnetic_X)
    i.ISK01A1_Get_Magnetic_Y                 0x08003d98   Section        0  isk01a1.o(i.ISK01A1_Get_Magnetic_Y)
    i.ISK01A1_Get_Magnetic_Z                 0x08003dac   Section        0  isk01a1.o(i.ISK01A1_Get_Magnetic_Z)
    i.ISK01A1_Get_Pitch                      0x08003dc0   Section        0  isk01a1.o(i.ISK01A1_Get_Pitch)
    i.ISK01A1_Get_Pressure                   0x08003dd4   Section        0  isk01a1.o(i.ISK01A1_Get_Pressure)
    i.ISK01A1_Get_Roll                       0x08003de8   Section        0  isk01a1.o(i.ISK01A1_Get_Roll)
    i.ISK01A1_Get_Temperature                0x08003dfc   Section        0  isk01a1.o(i.ISK01A1_Get_Temperature)
    i.ISK01A1_Get_Yaw                        0x08003e10   Section        0  isk01a1.o(i.ISK01A1_Get_Yaw)
    i.ISK01A1_Init                           0x08003e24   Section        0  isk01a1.o(i.ISK01A1_Init)
    i.ISK01A1_Package_Data                   0x08003ffc   Section        0  isk01a1.o(i.ISK01A1_Package_Data)
    i.LIS3MDL_Init                           0x08004150   Section        0  lis3mdl.o(i.LIS3MDL_Init)
    i.LIS3MDL_X_Read                         0x080041a0   Section        0  lis3mdl.o(i.LIS3MDL_X_Read)
    i.LIS3MDL_Y_Read                         0x08004210   Section        0  lis3mdl.o(i.LIS3MDL_Y_Read)
    i.LIS3MDL_Z_Read                         0x08004280   Section        0  lis3mdl.o(i.LIS3MDL_Z_Read)
    i.LPS25HB_Init                           0x080042f0   Section        0  lps25hb.o(i.LPS25HB_Init)
    i.LPS25HB_Pressure_Read                  0x0800432c   Section        0  lps25hb.o(i.LPS25HB_Pressure_Read)
    i.LPUART1_PutChar                        0x080043c0   Section        0  xbeepro24.o(i.LPUART1_PutChar)
    i.LPUART1_Send                           0x080043dc   Section        0  xbeepro24.o(i.LPUART1_Send)
    i.LPUART_Init                            0x080043fc   Section        0  xbeepro24.o(i.LPUART_Init)
    i.LSM6DS0_Gyroscope_Pitch_Read           0x0800446c   Section        0  lsm6ds0.o(i.LSM6DS0_Gyroscope_Pitch_Read)
    i.LSM6DS0_Gyroscope_Roll_Read            0x080044d0   Section        0  lsm6ds0.o(i.LSM6DS0_Gyroscope_Roll_Read)
    i.LSM6DS0_Gyroscope_Yaw_Read             0x08004534   Section        0  lsm6ds0.o(i.LSM6DS0_Gyroscope_Yaw_Read)
    i.LSM6DS0_Init                           0x08004598   Section        0  lsm6ds0.o(i.LSM6DS0_Init)
    i.LSM6DS0_X_Acceleration_Read            0x080045d4   Section        0  lsm6ds0.o(i.LSM6DS0_X_Acceleration_Read)
    i.LSM6DS0_Y_Acceleration_Read            0x08004638   Section        0  lsm6ds0.o(i.LSM6DS0_Y_Acceleration_Read)
    i.LSM6DS0_Z_Acceleration_Read            0x0800469c   Section        0  lsm6ds0.o(i.LSM6DS0_Z_Acceleration_Read)
    i.NVIC_SetPriority                       0x08004700   Section        0  intern_project.o(i.NVIC_SetPriority)
    NVIC_SetPriority                         0x08004701   Thumb Code   110  intern_project.o(i.NVIC_SetPriority)
    i.NVIC_SetPriority                       0x08004778   Section        0  fgpmmopa6h.o(i.NVIC_SetPriority)
    NVIC_SetPriority                         0x08004779   Thumb Code   110  fgpmmopa6h.o(i.NVIC_SetPriority)
    i.NVIC_SetPriority                       0x080047f0   Section        0  xbeepro24.o(i.NVIC_SetPriority)
    NVIC_SetPriority                         0x080047f1   Thumb Code   110  xbeepro24.o(i.NVIC_SetPriority)
    i.PWM                                    0x08004868   Section        0  pwm.o(i.PWM)
    i.RNG_LPUART1_IRQHandler                 0x080048f0   Section        0  xbeepro24.o(i.RNG_LPUART1_IRQHandler)
    i.SER_Initialize                         0x08004984   Section        0  serial.o(i.SER_Initialize)
    i.SER_PutChar                            0x08004a34   Section        0  serial.o(i.SER_PutChar)
    i.Servo_Position                         0x08004a50   Section        0  pwm.o(i.Servo_Position)
    i.Start_15s_Timer                        0x08004a7c   Section        0  timing.o(i.Start_15s_Timer)
    i.SysTick_Handler                        0x08004a88   Section        0  timing.o(i.SysTick_Handler)
    i.SystemCoreClockInit                    0x08004ad4   Section        0  timing.o(i.SystemCoreClockInit)
    i.SystemCoreClockUpdate                  0x08004bc8   Section        0  system_stm32l0xx.o(i.SystemCoreClockUpdate)
    i.SystemInit                             0x08004cc8   Section        0  system_stm32l0xx.o(i.SystemInit)
    i.TIM2_IRQHandler                        0x08004d30   Section        0  timer2.o(i.TIM2_IRQHandler)
    i.USART1_IRQHandler                      0x08004d34   Section        0  fgpmmopa6h.o(i.USART1_IRQHandler)
    i.USART1_Init                            0x08004e5c   Section        0  fgpmmopa6h.o(i.USART1_Init)
    i.USART1_PutChar                         0x08004f50   Section        0  fgpmmopa6h.o(i.USART1_PutChar)
    i.USART1_Send                            0x08004f6c   Section        0  fgpmmopa6h.o(i.USART1_Send)
    i.Wait_For_OK                            0x08004f8c   Section        0  xbeepro24.o(i.Wait_For_OK)
    i.XBee_900HP_Init                        0x08004fac   Section        0  xbeepro24.o(i.XBee_900HP_Init)
    i.__ARM_common_ll_muluu                  0x08005078   Section        0  btod.o(i.__ARM_common_ll_muluu)
    i.__ARM_fpclassify                       0x080050a8   Section        0  fpclassify.o(i.__ARM_fpclassify)
    i.__kernel_poly                          0x080050d4   Section        0  poly.o(i.__kernel_poly)
    i.__mathlib_dbl_divzero                  0x08005180   Section        0  dunder.o(i.__mathlib_dbl_divzero)
    i.__mathlib_dbl_infnan2                  0x08005194   Section        0  dunder.o(i.__mathlib_dbl_infnan2)
    i.__mathlib_dbl_invalid                  0x0800519c   Section        0  dunder.o(i.__mathlib_dbl_invalid)
    i.__mathlib_dbl_overflow                 0x080051ac   Section        0  dunder.o(i.__mathlib_dbl_overflow)
    i.__mathlib_dbl_underflow                0x080051c0   Section        0  dunder.o(i.__mathlib_dbl_underflow)
    i.__mathlib_narrow                       0x080051d4   Section        0  narrow.o(i.__mathlib_narrow)
    i.__mathlib_tofloat                      0x080051e4   Section        0  narrow.o(i.__mathlib_tofloat)
    i.__support_ldexp                        0x08005270   Section        0  ldexp.o(i.__support_ldexp)
    i._is_digit                              0x08005284   Section        0  __printf_wp.o(i._is_digit)
    i._sys_exit                              0x08005292   Section        0  retarget.o(i._sys_exit)
    i.atof                                   0x08005296   Section        0  atof.o(i.atof)
    i.fputc                                  0x080052c0   Section        0  retarget.o(i.fputc)
    i.frexp                                  0x080052d0   Section        0  frexp.o(i.frexp)
    i.ldexp                                  0x08005328   Section        0  ldexp.o(i.ldexp)
    i.main                                   0x08005398   Section        0  intern_project.o(i.main)
    i.pow                                    0x080053e4   Section        0  pow.o(i.pow)
    i.sqrt                                   0x08005d64   Section        0  sqrt.o(i.sqrt)
    locale$$code                             0x08005dac   Section       44  lc_numeric_c.o(locale$$code)
    locale$$code                             0x08005dd8   Section       44  lc_ctype_c.o(locale$$code)
    x$fpl$deqf                               0x08005e04   Section      100  deqf.o(x$fpl$deqf)
    x$fpl$drleqf                             0x08005e68   Section      104  drlef.o(x$fpl$drleqf)
    x$fpl$fadd                               0x08005ed0   Section      140  faddsub.o(x$fpl$fadd)
    _fadd1                                   0x08005edd   Thumb Code     0  faddsub.o(x$fpl$fadd)
    x$fpl$fmul                               0x08005f5c   Section      176  fmul.o(x$fpl$fmul)
    x$fpl$fsub                               0x0800600c   Section      208  faddsub.o(x$fpl$fsub)
    _fsub1                                   0x08006019   Thumb Code     0  faddsub.o(x$fpl$fsub)
    x$fpl$printf1                            0x080060dc   Section       16  printf1.o(x$fpl$printf1)
    x$fpl$scanf1                             0x080060ec   Section       16  scanf1.o(x$fpl$scanf1)
    x$fpl$scanf2                             0x080060fc   Section       32  scanf2.o(x$fpl$scanf2)
    .constdata                               0x0800611c   Section       40  fgpmmopa6h.o(.constdata)
    x$fpl$usenofp                            0x0800611c   Section        0  usenofp.o(x$fpl$usenofp)
    GGA_Tag                                  0x0800611c   Data           7  fgpmmopa6h.o(.constdata)
    GSA_Tag                                  0x08006123   Data           7  fgpmmopa6h.o(.constdata)
    GSV_Tag                                  0x0800612a   Data           7  fgpmmopa6h.o(.constdata)
    RMC_Tag                                  0x08006131   Data           7  fgpmmopa6h.o(.constdata)
    VTG_Tag                                  0x08006138   Data           7  fgpmmopa6h.o(.constdata)
    .constdata                               0x08006144   Section        3  xbeepro24.o(.constdata)
    OK                                       0x08006144   Data           3  xbeepro24.o(.constdata)
    .constdata                               0x08006147   Section      128  ddiv.o(.constdata)
    ddiv_reciptbl                            0x08006147   Data         128  ddiv.o(.constdata)
    .constdata                               0x080061c7   Section       64  fdiv.o(.constdata)
    fdiv_tab                                 0x080061c7   Data          64  fdiv.o(.constdata)
    .constdata                               0x08006208   Section      136  pow.o(.constdata)
    bp                                       0x08006208   Data          16  pow.o(.constdata)
    dp_h                                     0x08006218   Data          16  pow.o(.constdata)
    dp_l                                     0x08006228   Data          16  pow.o(.constdata)
    L                                        0x08006238   Data          48  pow.o(.constdata)
    P                                        0x08006268   Data          40  pow.o(.constdata)
    .constdata                               0x08006290   Section        8  qnan.o(.constdata)
    .constdata                               0x08006298   Section      148  bigflt0.o(.constdata)
    tenpwrs_x                                0x08006298   Data          60  bigflt0.o(.constdata)
    tenpwrs_i                                0x080062d4   Data          64  bigflt0.o(.constdata)
    c$$dinf                                  0x0800634c   Section        8  fpconst.o(c$$dinf)
    locale$$data                             0x08006354   Section       28  lc_numeric_c.o(locale$$data)
    __lcnum_c_name                           0x08006358   Data           2  lc_numeric_c.o(locale$$data)
    __lcnum_c_start                          0x08006360   Data           0  lc_numeric_c.o(locale$$data)
    __lcnum_c_point                          0x0800636c   Data           0  lc_numeric_c.o(locale$$data)
    __lcnum_c_thousands                      0x0800636e   Data           0  lc_numeric_c.o(locale$$data)
    __lcnum_c_grouping                       0x0800636f   Data           0  lc_numeric_c.o(locale$$data)
    locale$$data                             0x08006370   Section      272  lc_ctype_c.o(locale$$data)
    __lcnum_c_end                            0x08006370   Data           0  lc_numeric_c.o(locale$$data)
    __lcctype_c_name                         0x08006374   Data           2  lc_ctype_c.o(locale$$data)
    __lcctype_c_start                        0x0800637c   Data           0  lc_ctype_c.o(locale$$data)
    __lcctype_c_end                          0x08006480   Data           0  lc_ctype_c.o(locale$$data)
    .data                                    0x20000000   Section        4  i2c.o(.data)
    .data                                    0x20000004   Section        8  retarget.o(.data)
    .data                                    0x2000000c   Section       16  timing.o(.data)
    .data                                    0x2000001c   Section       20  isk01a1.o(.data)
    .data                                    0x20000030   Section      133  fgpmmopa6h.o(.data)
    .data                                    0x200000b5   Section        3  xbeepro24.o(.data)
    .data                                    0x200000b8   Section       29  system_stm32l0xx.o(.data)
    .data                                    0x200000d8   Section        4  strtok.o(.data)
    _strtok_saves1                           0x200000d8   Data           4  strtok.o(.data)
    .bss                                     0x200000dc   Section      168  isk01a1.o(.bss)
    .bss                                     0x20000184   Section      996  fgpmmopa6h.o(.bss)
    .bss                                     0x20000568   Section      100  xbeepro24.o(.bss)
    .bss                                     0x200005cc   Section       96  libspace.o(.bss)
    HEAP                                     0x20000630   Section      512  startup_stm32l053xx.o(HEAP)
    Heap_Mem                                 0x20000630   Data         512  startup_stm32l053xx.o(HEAP)
    STACK                                    0x20000830   Section     1024  startup_stm32l053xx.o(STACK)
    Stack_Mem                                0x20000830   Data        1024  startup_stm32l053xx.o(STACK)
    __initial_sp                             0x20000c30   Data           0  startup_stm32l053xx.o(STACK)

    Global Symbols

    Symbol Name                              Value     Ov Type        Size  Object(Section)

    BuildAttributes$$THM_ISAv3M$S$PE$A:L22$X:L11$S22$IEEE1$IW$USESV6$~STKCKD$USESV7$~SHL$OTIME$ROPI$IEEEX$EBA8$UX$STANDARDLIB$REQ8$PRES8$EABIv2 0x00000000   Number         0  anon$$obj.o ABSOLUTE
    __ARM_use_no_argv                        0x00000000   Number         0  intern_project.o ABSOLUTE
    __ARM_exceptions_init                     - Undefined Weak Reference
    __alloca_initialize                       - Undefined Weak Reference
    __arm_preinit_                            - Undefined Weak Reference
    __cpp_initialize__aeabi_                  - Undefined Weak Reference
    __cxa_finalize                            - Undefined Weak Reference
    __sigvec_lookup                           - Undefined Weak Reference
    _atexit_init                              - Undefined Weak Reference
    _call_atexit_fns                          - Undefined Weak Reference
    _clock_init                               - Undefined Weak Reference
    _fp_trap_init                             - Undefined Weak Reference
    _fp_trap_shutdown                         - Undefined Weak Reference
    _get_lc_collate                           - Undefined Weak Reference
    _get_lc_monetary                          - Undefined Weak Reference
    _get_lc_time                              - Undefined Weak Reference
    _getenv_init                              - Undefined Weak Reference
    _handle_redirection                       - Undefined Weak Reference
    _init_alloc                               - Undefined Weak Reference
    _init_user_alloc                          - Undefined Weak Reference
    _initio                                   - Undefined Weak Reference
    _mutex_acquire                            - Undefined Weak Reference
    _mutex_release                            - Undefined Weak Reference
    _printf_mbtowc                            - Undefined Weak Reference
    _printf_post_padding                      - Undefined Weak Reference
    _printf_pre_padding                       - Undefined Weak Reference
    _printf_truncate_signed                   - Undefined Weak Reference
    _printf_truncate_unsigned                 - Undefined Weak Reference
    _rand_init                                - Undefined Weak Reference
    _signal_finish                            - Undefined Weak Reference
    _signal_init                              - Undefined Weak Reference
    _terminate_alloc                          - Undefined Weak Reference
    _terminate_user_alloc                     - Undefined Weak Reference
    _terminateio                              - Undefined Weak Reference
    __Vectors_Size                           0x000000c0   Number         0  startup_stm32l053xx.o ABSOLUTE
    __Vectors                                0x08000000   Data           4  startup_stm32l053xx.o(RESET)
    __Vectors_End                            0x080000c0   Data           0  startup_stm32l053xx.o(RESET)
    __main                                   0x080000c1   Thumb Code     8  __main.o(!!!main)
    __scatterload                            0x080000c9   Thumb Code     0  __scatter.o(!!!scatter)
    __scatterload_rt2                        0x080000c9   Thumb Code    52  __scatter.o(!!!scatter)
    __scatterload_rt2_thumb_only             0x080000c9   Thumb Code     0  __scatter.o(!!!scatter)
    __scatterload_null                       0x080000d9   Thumb Code     0  __scatter.o(!!!scatter)
    __scatterload_copy                       0x08000105   Thumb Code    26  __scatter_copy.o(!!handler_copy)
    __scatterload_zeroinit                   0x08000121   Thumb Code    28  __scatter_zi.o(!!handler_zi)
    _printf_percent                          0x0800013d   Thumb Code     0  _printf_percent.o(.ARM.Collect$$_printf_percent$$00000000)
    _printf_f                                0x0800013f   Thumb Code     0  _printf_f.o(.ARM.Collect$$_printf_percent$$00000003)
    _printf_i                                0x08000149   Thumb Code     0  _printf_i.o(.ARM.Collect$$_printf_percent$$00000008)
    _printf_c                                0x08000153   Thumb Code     0  _printf_c.o(.ARM.Collect$$_printf_percent$$00000013)
    _printf_s                                0x0800015d   Thumb Code     0  _printf_s.o(.ARM.Collect$$_printf_percent$$00000014)
    _printf_percent_end                      0x08000167   Thumb Code     0  _printf_percent_end.o(.ARM.Collect$$_printf_percent$$00000017)
    __rt_lib_init                            0x0800016b   Thumb Code     0  libinit.o(.ARM.Collect$$libinit$$00000000)
    __rt_lib_init_fp_1                       0x0800016d   Thumb Code     0  libinit2.o(.ARM.Collect$$libinit$$00000002)
    __rt_lib_init_heap_1                     0x0800016d   Thumb Code     0  libinit2.o(.ARM.Collect$$libinit$$0000000A)
    __rt_lib_init_lc_common                  0x0800016d   Thumb Code     0  libinit2.o(.ARM.Collect$$libinit$$0000000F)
    __rt_lib_init_preinit_1                  0x0800016d   Thumb Code     0  libinit2.o(.ARM.Collect$$libinit$$00000004)
    __rt_lib_init_rand_1                     0x0800016d   Thumb Code     0  libinit2.o(.ARM.Collect$$libinit$$0000000E)
    __rt_lib_init_user_alloc_1               0x0800016d   Thumb Code     0  libinit2.o(.ARM.Collect$$libinit$$0000000C)
    __rt_lib_init_lc_collate_1               0x08000173   Thumb Code     0  libinit2.o(.ARM.Collect$$libinit$$00000011)
    __rt_lib_init_lc_ctype_2                 0x08000173   Thumb Code     0  libinit2.o(.ARM.Collect$$libinit$$00000012)
    __rt_lib_init_lc_ctype_1                 0x0800017f   Thumb Code     0  libinit2.o(.ARM.Collect$$libinit$$00000013)
    __rt_lib_init_lc_monetary_1              0x0800017f   Thumb Code     0  libinit2.o(.ARM.Collect$$libinit$$00000015)
    __rt_lib_init_lc_numeric_2               0x0800017f   Thumb Code     0  libinit2.o(.ARM.Collect$$libinit$$00000016)
    __rt_lib_init_alloca_1                   0x08000189   Thumb Code     0  libinit2.o(.ARM.Collect$$libinit$$0000002E)
    __rt_lib_init_argv_1                     0x08000189   Thumb Code     0  libinit2.o(.ARM.Collect$$libinit$$0000002C)
    __rt_lib_init_atexit_1                   0x08000189   Thumb Code     0  libinit2.o(.ARM.Collect$$libinit$$0000001B)
    __rt_lib_init_clock_1                    0x08000189   Thumb Code     0  libinit2.o(.ARM.Collect$$libinit$$00000021)
    __rt_lib_init_cpp_1                      0x08000189   Thumb Code     0  libinit2.o(.ARM.Collect$$libinit$$00000032)
    __rt_lib_init_exceptions_1               0x08000189   Thumb Code     0  libinit2.o(.ARM.Collect$$libinit$$00000030)
    __rt_lib_init_fp_trap_1                  0x08000189   Thumb Code     0  libinit2.o(.ARM.Collect$$libinit$$0000001F)
    __rt_lib_init_getenv_1                   0x08000189   Thumb Code     0  libinit2.o(.ARM.Collect$$libinit$$00000023)
    __rt_lib_init_lc_numeric_1               0x08000189   Thumb Code     0  libinit2.o(.ARM.Collect$$libinit$$00000017)
    __rt_lib_init_lc_time_1                  0x08000189   Thumb Code     0  libinit2.o(.ARM.Collect$$libinit$$00000019)
    __rt_lib_init_return                     0x08000189   Thumb Code     0  libinit2.o(.ARM.Collect$$libinit$$00000033)
    __rt_lib_init_signal_1                   0x08000189   Thumb Code     0  libinit2.o(.ARM.Collect$$libinit$$0000001D)
    __rt_lib_init_stdio_1                    0x08000189   Thumb Code     0  libinit2.o(.ARM.Collect$$libinit$$00000025)
    __rt_lib_shutdown                        0x0800018b   Thumb Code     0  libshutdown.o(.ARM.Collect$$libshutdown$$00000000)
    __rt_lib_shutdown_fp_trap_1              0x0800018d   Thumb Code     0  libshutdown2.o(.ARM.Collect$$libshutdown$$00000006)
    __rt_lib_shutdown_heap_1                 0x0800018d   Thumb Code     0  libshutdown2.o(.ARM.Collect$$libshutdown$$0000000E)
    __rt_lib_shutdown_return                 0x0800018d   Thumb Code     0  libshutdown2.o(.ARM.Collect$$libshutdown$$0000000F)
    __rt_lib_shutdown_signal_1               0x0800018d   Thumb Code     0  libshutdown2.o(.ARM.Collect$$libshutdown$$00000009)
    __rt_lib_shutdown_stdio_1                0x0800018d   Thumb Code     0  libshutdown2.o(.ARM.Collect$$libshutdown$$00000003)
    __rt_lib_shutdown_user_alloc_1           0x0800018d   Thumb Code     0  libshutdown2.o(.ARM.Collect$$libshutdown$$0000000B)
    __rt_entry                               0x0800018f   Thumb Code     0  __rtentry.o(.ARM.Collect$$rtentry$$00000000)
    __rt_entry_presh_1                       0x0800018f   Thumb Code     0  __rtentry2.o(.ARM.Collect$$rtentry$$00000002)
    __rt_entry_sh                            0x0800018f   Thumb Code     0  __rtentry4.o(.ARM.Collect$$rtentry$$00000004)
    __rt_entry_li                            0x08000195   Thumb Code     0  __rtentry2.o(.ARM.Collect$$rtentry$$0000000A)
    __rt_entry_postsh_1                      0x08000195   Thumb Code     0  __rtentry2.o(.ARM.Collect$$rtentry$$00000009)
    __rt_entry_main                          0x08000199   Thumb Code     0  __rtentry2.o(.ARM.Collect$$rtentry$$0000000D)
    __rt_entry_postli_1                      0x08000199   Thumb Code     0  __rtentry2.o(.ARM.Collect$$rtentry$$0000000C)
    __rt_exit                                0x080001a1   Thumb Code     0  rtexit.o(.ARM.Collect$$rtexit$$00000000)
    __rt_exit_ls                             0x080001a3   Thumb Code     0  rtexit2.o(.ARM.Collect$$rtexit$$00000003)
    __rt_exit_prels_1                        0x080001a3   Thumb Code     0  rtexit2.o(.ARM.Collect$$rtexit$$00000002)
    __rt_exit_exit                           0x080001a7   Thumb Code     0  rtexit2.o(.ARM.Collect$$rtexit$$00000004)
    Reset_Handler                            0x080001ad   Thumb Code     8  startup_stm32l053xx.o(.text)
    NMI_Handler                              0x080001b5   Thumb Code     2  startup_stm32l053xx.o(.text)
    HardFault_Handler                        0x080001b7   Thumb Code     2  startup_stm32l053xx.o(.text)
    SVC_Handler                              0x080001b9   Thumb Code     2  startup_stm32l053xx.o(.text)
    DebugMon_Handler                         0x080001bb   Thumb Code     2  startup_stm32l053xx.o(.text)
    PendSV_Handler                           0x080001bd   Thumb Code     2  startup_stm32l053xx.o(.text)
    ADC1_COMP_IRQHandler                     0x080001c1   Thumb Code     0  startup_stm32l053xx.o(.text)
    DMA1_Channel1_IRQHandler                 0x080001c1   Thumb Code     0  startup_stm32l053xx.o(.text)
    DMA1_Channel2_3_IRQHandler               0x080001c1   Thumb Code     0  startup_stm32l053xx.o(.text)
    DMA1_Channel4_5_6_7_IRQHandler           0x080001c1   Thumb Code     0  startup_stm32l053xx.o(.text)
    EXTI0_1_IRQHandler                       0x080001c1   Thumb Code     0  startup_stm32l053xx.o(.text)
    EXTI2_3_IRQHandler                       0x080001c1   Thumb Code     0  startup_stm32l053xx.o(.text)
    EXTI4_15_IRQHandler                      0x080001c1   Thumb Code     0  startup_stm32l053xx.o(.text)
    FLASH_IRQHandler                         0x080001c1   Thumb Code     0  startup_stm32l053xx.o(.text)
    I2C1_IRQHandler                          0x080001c1   Thumb Code     0  startup_stm32l053xx.o(.text)
    I2C2_IRQHandler                          0x080001c1   Thumb Code     0  startup_stm32l053xx.o(.text)
    LCD_IRQHandler                           0x080001c1   Thumb Code     0  startup_stm32l053xx.o(.text)
    LPTIM1_IRQHandler                        0x080001c1   Thumb Code     0  startup_stm32l053xx.o(.text)
    PVD_IRQHandler                           0x080001c1   Thumb Code     0  startup_stm32l053xx.o(.text)
    RCC_CRS_IRQHandler                       0x080001c1   Thumb Code     0  startup_stm32l053xx.o(.text)
    RTC_IRQHandler                           0x080001c1   Thumb Code     0  startup_stm32l053xx.o(.text)
    SPI1_IRQHandler                          0x080001c1   Thumb Code     0  startup_stm32l053xx.o(.text)
    SPI2_IRQHandler                          0x080001c1   Thumb Code     0  startup_stm32l053xx.o(.text)
    TIM21_IRQHandler                         0x080001c1   Thumb Code     0  startup_stm32l053xx.o(.text)
    TIM22_IRQHandler                         0x080001c1   Thumb Code     0  startup_stm32l053xx.o(.text)
    TIM6_DAC_IRQHandler                      0x080001c1   Thumb Code     0  startup_stm32l053xx.o(.text)
    TSC_IRQHandler                           0x080001c1   Thumb Code     0  startup_stm32l053xx.o(.text)
    USART2_IRQHandler                        0x080001c1   Thumb Code     0  startup_stm32l053xx.o(.text)
    USB_IRQHandler                           0x080001c1   Thumb Code     0  startup_stm32l053xx.o(.text)
    WWDG_IRQHandler                          0x080001c1   Thumb Code     0  startup_stm32l053xx.o(.text)
    __user_initial_stackheap                 0x080001c5   Thumb Code     0  startup_stm32l053xx.o(.text)
    __I$use$semihosting                      0x080001e9   Thumb Code     0  use_no_semi.o(.text)
    __use_no_semihosting_swi                 0x080001e9   Thumb Code     2  use_no_semi.o(.text)
    __2printf                                0x080001ed   Thumb Code    22  noretval__2printf.o(.text)
    __2sprintf                               0x08000209   Thumb Code    36  noretval__2sprintf.o(.text)
    __printf                                 0x08000231   Thumb Code   108  __printf.o(.text)
    _printf_str                              0x0800029d   Thumb Code    82  _printf_str.o(.text)
    _printf_int_dec                          0x080002f1   Thumb Code    90  _printf_dec.o(.text)
    atoi                                     0x0800035d   Thumb Code    26  atoi.o(.text)
    strtok                                   0x08000379   Thumb Code    10  strtok.o(.text)
    strcpy                                   0x08000389   Thumb Code    70  strcpy.o(.text)
    strlen                                   0x080003d5   Thumb Code    62  strlen.o(.text)
    strncmp                                  0x08000419   Thumb Code   154  strncmp.o(.text)
    _memset_w                                0x080004b9   Thumb Code    26  rt_memclr.o(.text)
    _memset                                  0x080004d3   Thumb Code    30  rt_memclr.o(.text)
    __aeabi_memclr                           0x080004f1   Thumb Code     4  rt_memclr.o(.text)
    __rt_memclr                              0x080004f1   Thumb Code     0  rt_memclr.o(.text)
    __aeabi_memclr4                          0x080004f5   Thumb Code     0  rt_memclr.o(.text)
    __aeabi_memclr8                          0x080004f5   Thumb Code     0  rt_memclr.o(.text)
    __rt_memclr_w                            0x080004f5   Thumb Code     4  rt_memclr.o(.text)
    strncpy                                  0x080004f9   Thumb Code   104  strncpy.o(.text)
    strcmp                                   0x08000565   Thumb Code   132  strcmp.o(.text)
    __aeabi_uidiv                            0x080005ed   Thumb Code     0  aeabi_sdiv.o(.text)
    __aeabi_uidivmod                         0x080005ed   Thumb Code    20  aeabi_sdiv.o(.text)
    __aeabi_idiv                             0x08000601   Thumb Code     0  aeabi_sdiv.o(.text)
    __aeabi_idivmod                          0x08000601   Thumb Code   326  aeabi_sdiv.o(.text)
    __use_two_region_memory                  0x08000747   Thumb Code     2  heapauxi.o(.text)
    __rt_heap_escrow$2region                 0x08000749   Thumb Code     2  heapauxi.o(.text)
    __rt_heap_expand$2region                 0x0800074b   Thumb Code     2  heapauxi.o(.text)
    __aeabi_d2f                              0x0800074d   Thumb Code     0  d2f.o(.text)
    _d2f                                     0x0800074d   Thumb Code   120  d2f.o(.text)
    __aeabi_dadd                             0x08000ac1   Thumb Code     0  daddsub.o(.text)
    _dadd                                    0x08000ac1   Thumb Code    26  daddsub.o(.text)
    __aeabi_dsub                             0x08000adb   Thumb Code     0  daddsub.o(.text)
    _dsub                                    0x08000adb   Thumb Code    22  daddsub.o(.text)
    __aeabi_drsub                            0x08000af1   Thumb Code     0  daddsub.o(.text)
    _drsb                                    0x08000af1   Thumb Code    28  daddsub.o(.text)
    __aeabi_ddiv                             0x08000b21   Thumb Code     0  ddiv.o(.text)
    _ddiv                                    0x08000b21   Thumb Code  1072  ddiv.o(.text)
    _drdiv                                   0x08000f51   Thumb Code    20  ddiv.o(.text)
    __aeabi_dmul                             0x08000f69   Thumb Code     0  dmul.o(.text)
    _dmul                                    0x08000f69   Thumb Code   558  dmul.o(.text)
    __aeabi_f2d                              0x080011b1   Thumb Code     0  f2d.o(.text)
    _f2d                                     0x080011b1   Thumb Code    80  f2d.o(.text)
    __aeabi_fdiv                             0x08001205   Thumb Code     0  fdiv.o(.text)
    _fdiv                                    0x08001205   Thumb Code   334  fdiv.o(.text)
    _frdiv                                   0x08001353   Thumb Code     8  fdiv.o(.text)
    __aeabi_i2f_normalise                    0x08001365   Thumb Code    72  fflti.o(.text)
    __aeabi_i2f                              0x080013ad   Thumb Code    16  fflti.o(.text)
    _fflt                                    0x080013ad   Thumb Code     0  fflti.o(.text)
    __aeabi_ui2f                             0x080013bd   Thumb Code     6  fflti.o(.text)
    _ffltu                                   0x080013bd   Thumb Code     0  fflti.o(.text)
    __aeabi_errno_addr                       0x080013c5   Thumb Code     8  rt_errno_addr_intlibspace.o(.text)
    __errno$intlibspace                      0x080013c5   Thumb Code     0  rt_errno_addr_intlibspace.o(.text)
    __rt_errno_addr$intlibspace              0x080013c5   Thumb Code     0  rt_errno_addr_intlibspace.o(.text)
    __read_errno                             0x080013cd   Thumb Code    10  _rserrno.o(.text)
    __set_errno                              0x080013d7   Thumb Code    12  _rserrno.o(.text)
    _printf_int_common                       0x080013e3   Thumb Code   176  _printf_intcommon.o(.text)
    __lib_sel_fp_printf                      0x08001495   Thumb Code     2  _printf_fp_dec.o(.text)
    _printf_fp_dec_real                      0x0800162f   Thumb Code   620  _printf_fp_dec.o(.text)
    _printf_char_common                      0x080018b3   Thumb Code    32  _printf_char_common.o(.text)
    _sputc                                   0x080018d9   Thumb Code    10  _sputc.o(.text)
    _printf_cs_common                        0x080018e3   Thumb Code    22  _printf_char.o(.text)
    _printf_char                             0x080018f9   Thumb Code    16  _printf_char.o(.text)
    _printf_string                           0x08001909   Thumb Code     8  _printf_char.o(.text)
    _printf_char_file                        0x08001911   Thumb Code    34  _printf_char_file.o(.text)
    __strtod_int                             0x08001975   Thumb Code    92  strtod.o(.text)
    strtol                                   0x080019e1   Thumb Code   108  strtol.o(.text)
    __strtok_internal                        0x08001a51   Thumb Code    66  strtok_int.o(.text)
    __rt_udiv10                              0x08001a99   Thumb Code    40  rtudiv10.o(.text)
    __aeabi_i2d_normalise                    0x08001ac1   Thumb Code    66  dflti.o(.text)
    __aeabi_i2d                              0x08001b03   Thumb Code    16  dflti.o(.text)
    _dflt                                    0x08001b03   Thumb Code     0  dflti.o(.text)
    __aeabi_ui2d                             0x08001b13   Thumb Code     6  dflti.o(.text)
    _dfltu                                   0x08001b13   Thumb Code     0  dflti.o(.text)
    __ARM_scalbn                             0x08001b19   Thumb Code    84  dscalbn.o(.text)
    __user_libspace                          0x08001b79   Thumb Code     8  libspace.o(.text)
    __user_perproc_libspace                  0x08001b79   Thumb Code     0  libspace.o(.text)
    __user_perthread_libspace                0x08001b79   Thumb Code     0  libspace.o(.text)
    __rt_ctype_table                         0x08001b81   Thumb Code    16  rt_ctype_table.o(.text)
    __rt_locale                              0x08001b91   Thumb Code     8  rt_locale_intlibspace.o(.text)
    _ll_udiv10                               0x08001b99   Thumb Code   122  lludiv10.o(.text)
    isspace                                  0x08001c13   Thumb Code    18  isspace.o(.text)
    _printf_fp_infnan                        0x08001c25   Thumb Code   120  _printf_fp_infnan.o(.text)
    _sgetc                                   0x08001cad   Thumb Code    32  _sgetc.o(.text)
    _sbackspace                              0x08001ccd   Thumb Code    36  _sgetc.o(.text)
    _strtoul                                 0x08001cf1   Thumb Code   166  _strtoul.o(.text)
    _btod_etento                             0x08001d99   Thumb Code   196  bigflt0.o(.text)
    _btod_d2e                                0x08001e61   Thumb Code    64  btod.o(.text)
    _btod_emul                               0x08002257   Thumb Code    24  btod.o(.text)
    _btod_emuld                              0x0800226f   Thumb Code    60  btod.o(.text)
    _btod_ediv                               0x080022ab   Thumb Code    22  btod.o(.text)
    _btod_edivd                              0x080022c1   Thumb Code    60  btod.o(.text)
    ferror                                   0x08002309   Thumb Code     8  ferror.o(.text)
    strcspn                                  0x08002311   Thumb Code    34  strcspn.o(.text)
    strspn                                   0x08002333   Thumb Code    32  strspn.o(.text)
    __fpl_dcmp_InfNaN                        0x08002355   Thumb Code   140  dcmpin.o(.text)
    _dsqrt                                   0x080023e5   Thumb Code   248  dsqrt.o(.text)
    __user_setup_stackheap                   0x080024e5   Thumb Code    62  sys_stackheap_outer.o(.text)
    _chval                                   0x08002523   Thumb Code    30  _chval.o(.text)
    _scanf_really_real                       0x0800274f   Thumb Code   706  scanf_fp.o(.text)
    exit                                     0x08002a11   Thumb Code    12  exit.o(.text)
    __fpl_cmpreturn                          0x08002a1d   Thumb Code    44  cmpret.o(.text)
    __fpl_dcheck_NaN2                        0x08002a4d   Thumb Code    14  dnan2.o(.text)
    __aeabi_lmul                             0x08002a61   Thumb Code    48  llmul.o(.text)
    _ll_mul                                  0x08002a61   Thumb Code     0  llmul.o(.text)
    __fpl_return_NaN                         0x08002a91   Thumb Code    94  retnan.o(.text)
    _scanf_really_hex_real                   0x08002af1   Thumb Code   796  scanf_hexfp.o(.text)
    _scanf_really_infnan                     0x08002e19   Thumb Code   300  scanf_infnan.o(.text)
    __aeabi_llsl                             0x08002f55   Thumb Code    32  llshl.o(.text)
    _ll_shift_l                              0x08002f55   Thumb Code     0  llshl.o(.text)
    ADC_Init                                 0x08002f75   Thumb Code   106  adc.o(i.ADC_Init)
    Button_Get_State                         0x08002fe9   Thumb Code    22  gpio.o(i.Button_Get_State)
    Button_Initialize                        0x08003005   Thumb Code    42  gpio.o(i.Button_Initialize)
    Delay                                    0x08003035   Thumb Code    20  timing.o(i.Delay)
    FGPMMOPA6H_Get_RMC_Ground_Speed          0x0800304d   Thumb Code    44  fgpmmopa6h.o(i.FGPMMOPA6H_Get_RMC_Ground_Speed)
    FGPMMOPA6H_Get_RMC_Latitude              0x08003085   Thumb Code    80  fgpmmopa6h.o(i.FGPMMOPA6H_Get_RMC_Latitude)
    FGPMMOPA6H_Get_RMC_Longitude             0x080030e9   Thumb Code    80  fgpmmopa6h.o(i.FGPMMOPA6H_Get_RMC_Longitude)
    FGPMMOPA6H_Get_RMC_Status                0x0800314d   Thumb Code    34  fgpmmopa6h.o(i.FGPMMOPA6H_Get_RMC_Status)
    FGPMMOPA6H_Get_RMC_UTC_Time              0x0800317d   Thumb Code    78  fgpmmopa6h.o(i.FGPMMOPA6H_Get_RMC_UTC_Time)
    FGPMMOPA6H_Init                          0x080031e1   Thumb Code    82  fgpmmopa6h.o(i.FGPMMOPA6H_Init)
    FGPMMOPA6H_Package_Data                  0x08003355   Thumb Code   152  fgpmmopa6h.o(i.FGPMMOPA6H_Package_Data)
    FGPMMOPA6H_Parse_GGA                     0x08003419   Thumb Code   224  fgpmmopa6h.o(i.FGPMMOPA6H_Parse_GGA)
    FGPMMOPA6H_Parse_RMC_Data                0x08003509   Thumb Code   184  fgpmmopa6h.o(i.FGPMMOPA6H_Parse_RMC_Data)
    GPIO_Init                                0x080035d1   Thumb Code   150  gpio.o(i.GPIO_Init)
    GPIO_On                                  0x08003679   Thumb Code    14  gpio.o(i.GPIO_On)
    GPIO_Output_Init                         0x08003687   Thumb Code    46  gpio.o(i.GPIO_Output_Init)
    HTS221_Humidity_Read                     0x080036b5   Thumb Code   374  hts221.o(i.HTS221_Humidity_Read)
    HTS221_Init                              0x08003831   Thumb Code    56  hts221.o(i.HTS221_Init)
    HTS221_Temp_Read                         0x0800386d   Thumb Code   444  hts221.o(i.HTS221_Temp_Read)
    I2C_Init                                 0x08003a3d   Thumb Code    96  i2c.o(i.I2C_Init)
    I2C_Read_Reg                             0x08003aad   Thumb Code   182  i2c.o(i.I2C_Read_Reg)
    I2C_Write_Reg                            0x08003b6d   Thumb Code   156  i2c.o(i.I2C_Write_Reg)
    IO_Init                                  0x08003c0d   Thumb Code   114  intern_project.o(i.IO_Init)
    ISK01A1_Get_Acceleration_X               0x08003c8d   Thumb Code    16  isk01a1.o(i.ISK01A1_Get_Acceleration_X)
    ISK01A1_Get_Acceleration_Y               0x08003ca1   Thumb Code    16  isk01a1.o(i.ISK01A1_Get_Acceleration_Y)
    ISK01A1_Get_Acceleration_Z               0x08003cb5   Thumb Code    16  isk01a1.o(i.ISK01A1_Get_Acceleration_Z)
    ISK01A1_Get_Altitude                     0x08003cc9   Thumb Code   126  isk01a1.o(i.ISK01A1_Get_Altitude)
    ISK01A1_Get_Humidity                     0x08003d71   Thumb Code    16  isk01a1.o(i.ISK01A1_Get_Humidity)
    ISK01A1_Get_Magnetic_X                   0x08003d85   Thumb Code    16  isk01a1.o(i.ISK01A1_Get_Magnetic_X)
    ISK01A1_Get_Magnetic_Y                   0x08003d99   Thumb Code    16  isk01a1.o(i.ISK01A1_Get_Magnetic_Y)
    ISK01A1_Get_Magnetic_Z                   0x08003dad   Thumb Code    16  isk01a1.o(i.ISK01A1_Get_Magnetic_Z)
    ISK01A1_Get_Pitch                        0x08003dc1   Thumb Code    16  isk01a1.o(i.ISK01A1_Get_Pitch)
    ISK01A1_Get_Pressure                     0x08003dd5   Thumb Code    16  isk01a1.o(i.ISK01A1_Get_Pressure)
    ISK01A1_Get_Roll                         0x08003de9   Thumb Code    16  isk01a1.o(i.ISK01A1_Get_Roll)
    ISK01A1_Get_Temperature                  0x08003dfd   Thumb Code    16  isk01a1.o(i.ISK01A1_Get_Temperature)
    ISK01A1_Get_Yaw                          0x08003e11   Thumb Code    16  isk01a1.o(i.ISK01A1_Get_Yaw)
    ISK01A1_Init                             0x08003e25   Thumb Code   136  isk01a1.o(i.ISK01A1_Init)
    ISK01A1_Package_Data                     0x08003ffd   Thumb Code   282  isk01a1.o(i.ISK01A1_Package_Data)
    LIS3MDL_Init                             0x08004151   Thumb Code    74  lis3mdl.o(i.LIS3MDL_Init)
    LIS3MDL_X_Read                           0x080041a1   Thumb Code   104  lis3mdl.o(i.LIS3MDL_X_Read)
    LIS3MDL_Y_Read                           0x08004211   Thumb Code   104  lis3mdl.o(i.LIS3MDL_Y_Read)
    LIS3MDL_Z_Read                           0x08004281   Thumb Code   104  lis3mdl.o(i.LIS3MDL_Z_Read)
    LPS25HB_Init                             0x080042f1   Thumb Code    54  lps25hb.o(i.LPS25HB_Init)
    LPS25HB_Pressure_Read                    0x0800432d   Thumb Code   144  lps25hb.o(i.LPS25HB_Pressure_Read)
    LPUART1_PutChar                          0x080043c1   Thumb Code    22  xbeepro24.o(i.LPUART1_PutChar)
    LPUART1_Send                             0x080043dd   Thumb Code    30  xbeepro24.o(i.LPUART1_Send)
    LPUART_Init                              0x080043fd   Thumb Code    92  xbeepro24.o(i.LPUART_Init)
    LSM6DS0_Gyroscope_Pitch_Read             0x0800446d   Thumb Code    92  lsm6ds0.o(i.LSM6DS0_Gyroscope_Pitch_Read)
    LSM6DS0_Gyroscope_Roll_Read              0x080044d1   Thumb Code    92  lsm6ds0.o(i.LSM6DS0_Gyroscope_Roll_Read)
    LSM6DS0_Gyroscope_Yaw_Read               0x08004535   Thumb Code    92  lsm6ds0.o(i.LSM6DS0_Gyroscope_Yaw_Read)
    LSM6DS0_Init                             0x08004599   Thumb Code    54  lsm6ds0.o(i.LSM6DS0_Init)
    LSM6DS0_X_Acceleration_Read              0x080045d5   Thumb Code    92  lsm6ds0.o(i.LSM6DS0_X_Acceleration_Read)
    LSM6DS0_Y_Acceleration_Read              0x08004639   Thumb Code    92  lsm6ds0.o(i.LSM6DS0_Y_Acceleration_Read)
    LSM6DS0_Z_Acceleration_Read              0x0800469d   Thumb Code    92  lsm6ds0.o(i.LSM6DS0_Z_Acceleration_Read)
    PWM                                      0x08004869   Thumb Code   120  pwm.o(i.PWM)
    RNG_LPUART1_IRQHandler                   0x080048f1   Thumb Code   120  xbeepro24.o(i.RNG_LPUART1_IRQHandler)
    SER_Initialize                           0x08004985   Thumb Code   158  serial.o(i.SER_Initialize)
    SER_PutChar                              0x08004a35   Thumb Code    22  serial.o(i.SER_PutChar)
    Servo_Position                           0x08004a51   Thumb Code    34  pwm.o(i.Servo_Position)
    Start_15s_Timer                          0x08004a7d   Thumb Code     8  timing.o(i.Start_15s_Timer)
    SysTick_Handler                          0x08004a89   Thumb Code    58  timing.o(i.SysTick_Handler)
    SystemCoreClockInit                      0x08004ad5   Thumb Code   232  timing.o(i.SystemCoreClockInit)
    SystemCoreClockUpdate                    0x08004bc9   Thumb Code   230  system_stm32l0xx.o(i.SystemCoreClockUpdate)
    SystemInit                               0x08004cc9   Thumb Code    88  system_stm32l0xx.o(i.SystemInit)
    TIM2_IRQHandler                          0x08004d31   Thumb Code     2  timer2.o(i.TIM2_IRQHandler)
    USART1_IRQHandler                        0x08004d35   Thumb Code   230  fgpmmopa6h.o(i.USART1_IRQHandler)
    USART1_Init                              0x08004e5d   Thumb Code   224  fgpmmopa6h.o(i.USART1_Init)
    USART1_PutChar                           0x08004f51   Thumb Code    22  fgpmmopa6h.o(i.USART1_PutChar)
    USART1_Send                              0x08004f6d   Thumb Code    30  fgpmmopa6h.o(i.USART1_Send)
    Wait_For_OK                              0x08004f8d   Thumb Code    22  xbeepro24.o(i.Wait_For_OK)
    XBee_900HP_Init                          0x08004fad   Thumb Code    88  xbeepro24.o(i.XBee_900HP_Init)
    __ARM_common_ll_muluu                    0x08005079   Thumb Code    48  btod.o(i.__ARM_common_ll_muluu)
    __ARM_fpclassify                         0x080050a9   Thumb Code    40  fpclassify.o(i.__ARM_fpclassify)
    __kernel_poly                            0x080050d5   Thumb Code   172  poly.o(i.__kernel_poly)
    __mathlib_dbl_divzero                    0x08005181   Thumb Code    16  dunder.o(i.__mathlib_dbl_divzero)
    __mathlib_dbl_infnan2                    0x08005195   Thumb Code     8  dunder.o(i.__mathlib_dbl_infnan2)
    __mathlib_dbl_invalid                    0x0800519d   Thumb Code    16  dunder.o(i.__mathlib_dbl_invalid)
    __mathlib_dbl_overflow                   0x080051ad   Thumb Code    16  dunder.o(i.__mathlib_dbl_overflow)
    __mathlib_dbl_underflow                  0x080051c1   Thumb Code    14  dunder.o(i.__mathlib_dbl_underflow)
    __mathlib_narrow                         0x080051d5   Thumb Code    16  narrow.o(i.__mathlib_narrow)
    __mathlib_tofloat                        0x080051e5   Thumb Code   130  narrow.o(i.__mathlib_tofloat)
    __support_ldexp                          0x08005271   Thumb Code    20  ldexp.o(i.__support_ldexp)
    _is_digit                                0x08005285   Thumb Code    14  __printf_wp.o(i._is_digit)
    _sys_exit                                0x08005293   Thumb Code     4  retarget.o(i._sys_exit)
    atof                                     0x08005297   Thumb Code    42  atof.o(i.atof)
    fputc                                    0x080052c1   Thumb Code    14  retarget.o(i.fputc)
    frexp                                    0x080052d1   Thumb Code    72  frexp.o(i.frexp)
    ldexp                                    0x08005329   Thumb Code   112  ldexp.o(i.ldexp)
    main                                     0x08005399   Thumb Code    66  intern_project.o(i.main)
    pow                                      0x080053e5   Thumb Code  2428  pow.o(i.pow)
    sqrt                                     0x08005d65   Thumb Code    66  sqrt.o(i.sqrt)
    _get_lc_numeric                          0x08005dad   Thumb Code    44  lc_numeric_c.o(locale$$code)
    _get_lc_ctype                            0x08005dd9   Thumb Code    44  lc_ctype_c.o(locale$$code)
    __aeabi_cdcmpeq                          0x08005e05   Thumb Code     0  deqf.o(x$fpl$deqf)
    _dcmpeq                                  0x08005e05   Thumb Code    94  deqf.o(x$fpl$deqf)
    __aeabi_cdrcmple                         0x08005e69   Thumb Code     0  drlef.o(x$fpl$drleqf)
    _drcmple                                 0x08005e69   Thumb Code   100  drlef.o(x$fpl$drleqf)
    __aeabi_fadd                             0x08005ed1   Thumb Code     0  faddsub.o(x$fpl$fadd)
    _fadd                                    0x08005ed1   Thumb Code   134  faddsub.o(x$fpl$fadd)
    __aeabi_fmul                             0x08005f5d   Thumb Code     0  fmul.o(x$fpl$fmul)
    _fmul                                    0x08005f5d   Thumb Code   172  fmul.o(x$fpl$fmul)
    __aeabi_fsub                             0x0800600d   Thumb Code     0  faddsub.o(x$fpl$fsub)
    _fsub                                    0x0800600d   Thumb Code   204  faddsub.o(x$fpl$fsub)
    _printf_fp_dec                           0x080060dd   Thumb Code    16  printf1.o(x$fpl$printf1)
    _scanf_real                              0x080060ed   Thumb Code    16  scanf1.o(x$fpl$scanf1)
    _scanf_hex_real                          0x080060fd   Thumb Code    16  scanf2.o(x$fpl$scanf2)
    _scanf_infnan                            0x0800610d   Thumb Code    16  scanf2.o(x$fpl$scanf2)
    __I$use$fp                               0x0800611c   Number         0  usenofp.o(x$fpl$usenofp)
    NMEA_LENGTH                              0x08006140   Data           4  fgpmmopa6h.o(.constdata)
    __mathlib_zero                           0x08006290   Data           8  qnan.o(.constdata)
    Region$$Table$$Base                      0x0800632c   Number         0  anon$$obj.o(Region$$Table)
    Region$$Table$$Limit                     0x0800634c   Number         0  anon$$obj.o(Region$$Table)
    __aeabi_HUGE_VAL                         0x0800634c   Data           0  fpconst.o(c$$dinf)
    __aeabi_HUGE_VALL                        0x0800634c   Data           0  fpconst.o(c$$dinf)
    __aeabi_INFINITY                         0x0800634c   Data           0  fpconst.o(c$$dinf)
    __dInf                                   0x0800634c   Data           0  fpconst.o(c$$dinf)
    __huge_val                               0x0800634c   Data           0  fpconst.o(c$$dinf)
    __ctype                                  0x0800637d   Data           0  lc_ctype_c.o(locale$$data)
    I2C1_RX_Data                             0x20000000   Data           4  i2c.o(.data)
    __stdout                                 0x20000004   Data           4  retarget.o(.data)
    __stdin                                  0x20000008   Data           4  retarget.o(.data)
    msTicks                                  0x2000000c   Data           4  timing.o(.data)
    Start_Timer                              0x20000010   Data           4  timing.o(.data)
    Current_Ticks                            0x20000014   Data           4  timing.o(.data)
    Ticks                                    0x20000018   Data           4  timing.o(.data)
    Pressure                                 0x2000001c   Data           8  isk01a1.o(.data)
    HTS221                                   0x20000024   Data           8  isk01a1.o(.data)
    LPS25HB                                  0x2000002c   Data           4  isk01a1.o(.data)
    CharIndex                                0x20000030   Data           4  fgpmmopa6h.o(.data)
    Rx_Data                                  0x20000034   Data         128  fgpmmopa6h.o(.data)
    Transmission_In_Progress                 0x200000b4   Data           1  fgpmmopa6h.o(.data)
    ChIndex                                  0x200000b5   Data           1  xbeepro24.o(.data)
    Device_Ack_Flag                          0x200000b6   Data           1  xbeepro24.o(.data)
    XBee_Ready_To_Read                       0x200000b7   Data           1  xbeepro24.o(.data)
    SystemCoreClock                          0x200000b8   Data           4  system_stm32l0xx.o(.data)
    AHBPrescTable                            0x200000bc   Data          16  system_stm32l0xx.o(.data)
    PLLMulTable                              0x200000cc   Data           9  system_stm32l0xx.o(.data)
    LIS3MDL                                  0x200000dc   Data          12  isk01a1.o(.bss)
    LSM6DS0                                  0x200000e8   Data          24  isk01a1.o(.bss)
    ISK01A1                                  0x20000100   Data         132  isk01a1.o(.bss)
    GGA_Message                              0x20000184   Data         128  fgpmmopa6h.o(.bss)
    GSA_Message                              0x20000204   Data         128  fgpmmopa6h.o(.bss)
    GSV_Message                              0x20000284   Data         128  fgpmmopa6h.o(.bss)
    RMC_Message                              0x20000304   Data         128  fgpmmopa6h.o(.bss)
    VTG_Message                              0x20000384   Data         128  fgpmmopa6h.o(.bss)
    RMC                                      0x20000404   Data          76  fgpmmopa6h.o(.bss)
    GPS                                      0x20000450   Data         196  fgpmmopa6h.o(.bss)
    GGA                                      0x20000514   Data          84  fgpmmopa6h.o(.bss)
    RX_Data                                  0x20000568   Data          33  xbeepro24.o(.bss)
    XBee_Message                             0x20000589   Data          33  xbeepro24.o(.bss)
    AT                                       0x200005aa   Data          34  xbeepro24.o(.bss)
    __libspace_start                         0x200005cc   Data          96  libspace.o(.bss)
    __temporary_stack_top$libspace           0x2000062c   Data           0  libspace.o(.bss)



==============================================================================

Memory Map of the image

  Image Entry point : 0x080000c1

  Load Region LR_IROM1 (Base: 0x08000000, Size: 0x0000655c, Max: 0x00010000, ABSOLUTE)

    Execution Region ER_IROM1 (Base: 0x08000000, Size: 0x00006480, Max: 0x00010000, ABSOLUTE)

    Base Addr    Size         Type   Attr      Idx    E Section Name        Object

    0x08000000   0x000000c0   Data   RO          941    RESET               startup_stm32l053xx.o
    0x080000c0   0x00000008   Code   RO         1066  * !!!main             c_p.l(__main.o)
    0x080000c8   0x0000003c   Code   RO         1433    !!!scatter          c_p.l(__scatter.o)
    0x08000104   0x0000001a   Code   RO         1435    !!handler_copy      c_p.l(__scatter_copy.o)
    0x0800011e   0x00000002   PAD
    0x08000120   0x0000001c   Code   RO         1437    !!handler_zi        c_p.l(__scatter_zi.o)
    0x0800013c   0x00000002   Code   RO         1042    .ARM.Collect$$_printf_percent$$00000000  c_p.l(_printf_percent.o)
    0x0800013e   0x0000000a   Code   RO         1041    .ARM.Collect$$_printf_percent$$00000003  c_p.l(_printf_f.o)
    0x08000148   0x0000000a   Code   RO         1040    .ARM.Collect$$_printf_percent$$00000008  c_p.l(_printf_i.o)
    0x08000152   0x0000000a   Code   RO         1037    .ARM.Collect$$_printf_percent$$00000013  c_p.l(_printf_c.o)
    0x0800015c   0x0000000a   Code   RO         1038    .ARM.Collect$$_printf_percent$$00000014  c_p.l(_printf_s.o)
    0x08000166   0x00000004   Code   RO         1132    .ARM.Collect$$_printf_percent$$00000017  c_p.l(_printf_percent_end.o)
    0x0800016a   0x00000002   Code   RO         1263    .ARM.Collect$$libinit$$00000000  c_p.l(libinit.o)
    0x0800016c   0x00000000   Code   RO         1265    .ARM.Collect$$libinit$$00000002  c_p.l(libinit2.o)
    0x0800016c   0x00000000   Code   RO         1267    .ARM.Collect$$libinit$$00000004  c_p.l(libinit2.o)
    0x0800016c   0x00000000   Code   RO         1270    .ARM.Collect$$libinit$$0000000A  c_p.l(libinit2.o)
    0x0800016c   0x00000000   Code   RO         1272    .ARM.Collect$$libinit$$0000000C  c_p.l(libinit2.o)
    0x0800016c   0x00000000   Code   RO         1274    .ARM.Collect$$libinit$$0000000E  c_p.l(libinit2.o)
    0x0800016c   0x00000006   Code   RO         1275    .ARM.Collect$$libinit$$0000000F  c_p.l(libinit2.o)
    0x08000172   0x00000000   Code   RO         1277    .ARM.Collect$$libinit$$00000011  c_p.l(libinit2.o)
    0x08000172   0x0000000c   Code   RO         1278    .ARM.Collect$$libinit$$00000012  c_p.l(libinit2.o)
    0x0800017e   0x00000000   Code   RO         1279    .ARM.Collect$$libinit$$00000013  c_p.l(libinit2.o)
    0x0800017e   0x00000000   Code   RO         1281    .ARM.Collect$$libinit$$00000015  c_p.l(libinit2.o)
    0x0800017e   0x0000000a   Code   RO         1282    .ARM.Collect$$libinit$$00000016  c_p.l(libinit2.o)
    0x08000188   0x00000000   Code   RO         1283    .ARM.Collect$$libinit$$00000017  c_p.l(libinit2.o)
    0x08000188   0x00000000   Code   RO         1285    .ARM.Collect$$libinit$$00000019  c_p.l(libinit2.o)
    0x08000188   0x00000000   Code   RO         1287    .ARM.Collect$$libinit$$0000001B  c_p.l(libinit2.o)
    0x08000188   0x00000000   Code   RO         1289    .ARM.Collect$$libinit$$0000001D  c_p.l(libinit2.o)
    0x08000188   0x00000000   Code   RO         1291    .ARM.Collect$$libinit$$0000001F  c_p.l(libinit2.o)
    0x08000188   0x00000000   Code   RO         1293    .ARM.Collect$$libinit$$00000021  c_p.l(libinit2.o)
    0x08000188   0x00000000   Code   RO         1295    .ARM.Collect$$libinit$$00000023  c_p.l(libinit2.o)
    0x08000188   0x00000000   Code   RO         1297    .ARM.Collect$$libinit$$00000025  c_p.l(libinit2.o)
    0x08000188   0x00000000   Code   RO         1301    .ARM.Collect$$libinit$$0000002C  c_p.l(libinit2.o)
    0x08000188   0x00000000   Code   RO         1303    .ARM.Collect$$libinit$$0000002E  c_p.l(libinit2.o)
    0x08000188   0x00000000   Code   RO         1305    .ARM.Collect$$libinit$$00000030  c_p.l(libinit2.o)
    0x08000188   0x00000000   Code   RO         1307    .ARM.Collect$$libinit$$00000032  c_p.l(libinit2.o)
    0x08000188   0x00000002   Code   RO         1308    .ARM.Collect$$libinit$$00000033  c_p.l(libinit2.o)
    0x0800018a   0x00000002   Code   RO         1386    .ARM.Collect$$libshutdown$$00000000  c_p.l(libshutdown.o)
    0x0800018c   0x00000000   Code   RO         1418    .ARM.Collect$$libshutdown$$00000003  c_p.l(libshutdown2.o)
    0x0800018c   0x00000000   Code   RO         1421    .ARM.Collect$$libshutdown$$00000006  c_p.l(libshutdown2.o)
    0x0800018c   0x00000000   Code   RO         1424    .ARM.Collect$$libshutdown$$00000009  c_p.l(libshutdown2.o)
    0x0800018c   0x00000000   Code   RO         1426    .ARM.Collect$$libshutdown$$0000000B  c_p.l(libshutdown2.o)
    0x0800018c   0x00000000   Code   RO         1429    .ARM.Collect$$libshutdown$$0000000E  c_p.l(libshutdown2.o)
    0x0800018c   0x00000002   Code   RO         1430    .ARM.Collect$$libshutdown$$0000000F  c_p.l(libshutdown2.o)
    0x0800018e   0x00000000   Code   RO         1108    .ARM.Collect$$rtentry$$00000000  c_p.l(__rtentry.o)
    0x0800018e   0x00000000   Code   RO         1179    .ARM.Collect$$rtentry$$00000002  c_p.l(__rtentry2.o)
    0x0800018e   0x00000006   Code   RO         1191    .ARM.Collect$$rtentry$$00000004  c_p.l(__rtentry4.o)
    0x08000194   0x00000000   Code   RO         1181    .ARM.Collect$$rtentry$$00000009  c_p.l(__rtentry2.o)
    0x08000194   0x00000004   Code   RO         1182    .ARM.Collect$$rtentry$$0000000A  c_p.l(__rtentry2.o)
    0x08000198   0x00000000   Code   RO         1184    .ARM.Collect$$rtentry$$0000000C  c_p.l(__rtentry2.o)
    0x08000198   0x00000008   Code   RO         1185    .ARM.Collect$$rtentry$$0000000D  c_p.l(__rtentry2.o)
    0x080001a0   0x00000002   Code   RO         1314    .ARM.Collect$$rtexit$$00000000  c_p.l(rtexit.o)
    0x080001a2   0x00000000   Code   RO         1346    .ARM.Collect$$rtexit$$00000002  c_p.l(rtexit2.o)
    0x080001a2   0x00000004   Code   RO         1347    .ARM.Collect$$rtexit$$00000003  c_p.l(rtexit2.o)
    0x080001a6   0x00000006   Code   RO         1348    .ARM.Collect$$rtexit$$00000004  c_p.l(rtexit2.o)
    0x080001ac   0x0000003c   Code   RO          942    .text               startup_stm32l053xx.o
    0x080001e8   0x00000002   Code   RO          980    .text               c_p.l(use_no_semi.o)
    0x080001ea   0x00000002   PAD
    0x080001ec   0x0000001c   Code   RO          986    .text               c_p.l(noretval__2printf.o)
    0x08000208   0x00000028   Code   RO          988    .text               c_p.l(noretval__2sprintf.o)
    0x08000230   0x0000006c   Code   RO          990    .text               c_p.l(__printf.o)
    0x0800029c   0x00000052   Code   RO          992    .text               c_p.l(_printf_str.o)
    0x080002ee   0x00000002   PAD
    0x080002f0   0x0000006c   Code   RO          994    .text               c_p.l(_printf_dec.o)
    0x0800035c   0x0000001a   Code   RO         1043    .text               c_p.l(atoi.o)
    0x08000376   0x00000002   PAD
    0x08000378   0x00000010   Code   RO         1045    .text               c_p.l(strtok.o)
    0x08000388   0x0000004c   Code   RO         1048    .text               c_p.l(strcpy.o)
    0x080003d4   0x00000044   Code   RO         1050    .text               c_p.l(strlen.o)
    0x08000418   0x000000a0   Code   RO         1052    .text               c_p.l(strncmp.o)
    0x080004b8   0x00000040   Code   RO         1054    .text               c_p.l(rt_memclr.o)
    0x080004f8   0x0000006c   Code   RO         1056    .text               c_p.l(strncpy.o)
    0x08000564   0x00000088   Code   RO         1058    .text               c_p.l(strcmp.o)
    0x080005ec   0x0000015a   Code   RO         1060    .text               c_p.l(aeabi_sdiv.o)
    0x08000746   0x00000006   Code   RO         1064    .text               c_p.l(heapauxi.o)
    0x0800074c   0x0000007c   Code   RO         1068    .text               fz_ps.l(d2f.o)
    0x080007c8   0x00000358   Code   RO         1070    .text               fz_ps.l(daddsub.o)
    0x08000b20   0x00000448   Code   RO         1072    .text               fz_ps.l(ddiv.o)
    0x08000f68   0x00000248   Code   RO         1075    .text               fz_ps.l(dmul.o)
    0x080011b0   0x00000054   Code   RO         1077    .text               fz_ps.l(f2d.o)
    0x08001204   0x00000160   Code   RO         1085    .text               fz_ps.l(fdiv.o)
    0x08001364   0x0000005e   Code   RO         1088    .text               fz_ps.l(fflti.o)
    0x080013c2   0x00000002   PAD
    0x080013c4   0x00000008   Code   RO         1116    .text               c_p.l(rt_errno_addr_intlibspace.o)
    0x080013cc   0x00000016   Code   RO         1118    .text               c_p.l(_rserrno.o)
    0x080013e2   0x000000b0   Code   RO         1120    .text               c_p.l(_printf_intcommon.o)
    0x08001492   0x00000002   PAD
    0x08001494   0x00000414   Code   RO         1122    .text               c_p.l(_printf_fp_dec.o)
    0x080018a8   0x00000030   Code   RO         1124    .text               c_p.l(_printf_char_common.o)
    0x080018d8   0x0000000a   Code   RO         1126    .text               c_p.l(_sputc.o)
    0x080018e2   0x0000002e   Code   RO         1128    .text               c_p.l(_printf_char.o)
    0x08001910   0x00000028   Code   RO         1130    .text               c_p.l(_printf_char_file.o)
    0x08001938   0x000000a8   Code   RO         1133    .text               c_p.l(strtod.o)
    0x080019e0   0x00000070   Code   RO         1135    .text               c_p.l(strtol.o)
    0x08001a50   0x00000048   Code   RO         1137    .text               c_p.l(strtok_int.o)
    0x08001a98   0x00000028   Code   RO         1139    .text               c_p.l(rtudiv10.o)
    0x08001ac0   0x00000058   Code   RO         1141    .text               fz_ps.l(dflti.o)
    0x08001b18   0x00000060   Code   RO         1145    .text               fz_ps.l(dscalbn.o)
    0x08001b78   0x00000008   Code   RO         1175    .text               c_p.l(libspace.o)
    0x08001b80   0x00000010   Code   RO         1193    .text               c_p.l(rt_ctype_table.o)
    0x08001b90   0x00000008   Code   RO         1200    .text               c_p.l(rt_locale_intlibspace.o)
    0x08001b98   0x0000007a   Code   RO         1202    .text               c_p.l(lludiv10.o)
    0x08001c12   0x00000012   Code   RO         1204    .text               c_p.l(isspace.o)
    0x08001c24   0x00000088   Code   RO         1206    .text               c_p.l(_printf_fp_infnan.o)
    0x08001cac   0x00000044   Code   RO         1210    .text               c_p.l(_sgetc.o)
    0x08001cf0   0x000000a6   Code   RO         1212    .text               c_p.l(_strtoul.o)
    0x08001d96   0x00000002   PAD
    0x08001d98   0x000000c8   Code   RO         1214    .text               c_p.l(bigflt0.o)
    0x08001e60   0x000004a8   Code   RO         1217    .text               c_p.l(btod.o)
    0x08002308   0x00000008   Code   RO         1221    .text               c_p.l(ferror.o)
    0x08002310   0x00000022   Code   RO         1228    .text               c_p.l(strcspn.o)
    0x08002332   0x00000020   Code   RO         1230    .text               c_p.l(strspn.o)
    0x08002352   0x00000002   PAD
    0x08002354   0x00000090   Code   RO         1232    .text               fz_ps.l(dcmpin.o)
    0x080023e4   0x00000100   Code   RO         1236    .text               fz_ps.l(dsqrt.o)
    0x080024e4   0x0000003e   Code   RO         1242    .text               c_p.l(sys_stackheap_outer.o)
    0x08002522   0x0000001e   Code   RO         1245    .text               c_p.l(_chval.o)
    0x08002540   0x000004d0   Code   RO         1247    .text               c_p.l(scanf_fp.o)
    0x08002a10   0x0000000c   Code   RO         1252    .text               c_p.l(exit.o)
    0x08002a1c   0x00000030   Code   RO         1309    .text               fz_ps.l(cmpret.o)
    0x08002a4c   0x00000014   Code   RO         1311    .text               fz_ps.l(dnan2.o)
    0x08002a60   0x00000030   Code   RO         1318    .text               c_p.l(llmul.o)
    0x08002a90   0x0000005e   Code   RO         1331    .text               fz_ps.l(retnan.o)
    0x08002aee   0x00000002   PAD
    0x08002af0   0x00000328   Code   RO         1352    .text               c_p.l(scanf_hexfp.o)
    0x08002e18   0x0000013c   Code   RO         1354    .text               c_p.l(scanf_infnan.o)
    0x08002f54   0x00000020   Code   RO         1376    .text               c_p.l(llshl.o)
    0x08002f74   0x00000074   Code   RO           98    i.ADC_Init          adc.o
    0x08002fe8   0x0000001c   Code   RO          142    i.Button_Get_State  gpio.o
    0x08003004   0x00000030   Code   RO          143    i.Button_Initialize  gpio.o
    0x08003034   0x00000018   Code   RO          352    i.Delay             timing.o
    0x0800304c   0x00000038   Code   RO          667    i.FGPMMOPA6H_Get_RMC_Ground_Speed  fgpmmopa6h.o
    0x08003084   0x00000064   Code   RO          668    i.FGPMMOPA6H_Get_RMC_Latitude  fgpmmopa6h.o
    0x080030e8   0x00000064   Code   RO          669    i.FGPMMOPA6H_Get_RMC_Longitude  fgpmmopa6h.o
    0x0800314c   0x00000030   Code   RO          670    i.FGPMMOPA6H_Get_RMC_Status  fgpmmopa6h.o
    0x0800317c   0x00000064   Code   RO          671    i.FGPMMOPA6H_Get_RMC_UTC_Time  fgpmmopa6h.o
    0x080031e0   0x00000174   Code   RO          672    i.FGPMMOPA6H_Init   fgpmmopa6h.o
    0x08003354   0x000000c4   Code   RO          673    i.FGPMMOPA6H_Package_Data  fgpmmopa6h.o
    0x08003418   0x000000f0   Code   RO          674    i.FGPMMOPA6H_Parse_GGA  fgpmmopa6h.o
    0x08003508   0x000000c8   Code   RO          675    i.FGPMMOPA6H_Parse_RMC_Data  fgpmmopa6h.o
    0x080035d0   0x000000a8   Code   RO          144    i.GPIO_Init         gpio.o
    0x08003678   0x0000000e   Code   RO          146    i.GPIO_On           gpio.o
    0x08003686   0x0000002e   Code   RO          147    i.GPIO_Output_Init  gpio.o
    0x080036b4   0x0000017c   Code   RO          199    i.HTS221_Humidity_Read  hts221.o
    0x08003830   0x0000003c   Code   RO          200    i.HTS221_Init       hts221.o
    0x0800386c   0x000001d0   Code   RO          201    i.HTS221_Temp_Read  hts221.o
    0x08003a3c   0x00000070   Code   RO          239    i.I2C_Init          i2c.o
    0x08003aac   0x000000c0   Code   RO          240    i.I2C_Read_Reg      i2c.o
    0x08003b6c   0x000000a0   Code   RO          241    i.I2C_Write_Reg     i2c.o
    0x08003c0c   0x00000080   Code   RO            3    i.IO_Init           intern_project.o
    0x08003c8c   0x00000014   Code   RO          541    i.ISK01A1_Get_Acceleration_X  isk01a1.o
    0x08003ca0   0x00000014   Code   RO          542    i.ISK01A1_Get_Acceleration_Y  isk01a1.o
    0x08003cb4   0x00000014   Code   RO          543    i.ISK01A1_Get_Acceleration_Z  isk01a1.o
    0x08003cc8   0x000000a8   Code   RO          544    i.ISK01A1_Get_Altitude  isk01a1.o
    0x08003d70   0x00000014   Code   RO          545    i.ISK01A1_Get_Humidity  isk01a1.o
    0x08003d84   0x00000014   Code   RO          546    i.ISK01A1_Get_Magnetic_X  isk01a1.o
    0x08003d98   0x00000014   Code   RO          547    i.ISK01A1_Get_Magnetic_Y  isk01a1.o
    0x08003dac   0x00000014   Code   RO          548    i.ISK01A1_Get_Magnetic_Z  isk01a1.o
    0x08003dc0   0x00000014   Code   RO          549    i.ISK01A1_Get_Pitch  isk01a1.o
    0x08003dd4   0x00000014   Code   RO          550    i.ISK01A1_Get_Pressure  isk01a1.o
    0x08003de8   0x00000014   Code   RO          551    i.ISK01A1_Get_Roll  isk01a1.o
    0x08003dfc   0x00000014   Code   RO          552    i.ISK01A1_Get_Temperature  isk01a1.o
    0x08003e10   0x00000014   Code   RO          553    i.ISK01A1_Get_Yaw   isk01a1.o
    0x08003e24   0x000001d8   Code   RO          554    i.ISK01A1_Init      isk01a1.o
    0x08003ffc   0x00000154   Code   RO          555    i.ISK01A1_Package_Data  isk01a1.o
    0x08004150   0x00000050   Code   RO          429    i.LIS3MDL_Init      lis3mdl.o
    0x080041a0   0x00000070   Code   RO          430    i.LIS3MDL_X_Read    lis3mdl.o
    0x08004210   0x00000070   Code   RO          431    i.LIS3MDL_Y_Read    lis3mdl.o
    0x08004280   0x00000070   Code   RO          432    i.LIS3MDL_Z_Read    lis3mdl.o
    0x080042f0   0x0000003c   Code   RO          394    i.LPS25HB_Init      lps25hb.o
    0x0800432c   0x00000094   Code   RO          395    i.LPS25HB_Pressure_Read  lps25hb.o
    0x080043c0   0x0000001c   Code   RO          805    i.LPUART1_PutChar   xbeepro24.o
    0x080043dc   0x0000001e   Code   RO          806    i.LPUART1_Send      xbeepro24.o
    0x080043fa   0x00000002   PAD
    0x080043fc   0x00000070   Code   RO          807    i.LPUART_Init       xbeepro24.o
    0x0800446c   0x00000064   Code   RO          476    i.LSM6DS0_Gyroscope_Pitch_Read  lsm6ds0.o
    0x080044d0   0x00000064   Code   RO          477    i.LSM6DS0_Gyroscope_Roll_Read  lsm6ds0.o
    0x08004534   0x00000064   Code   RO          478    i.LSM6DS0_Gyroscope_Yaw_Read  lsm6ds0.o
    0x08004598   0x0000003c   Code   RO          479    i.LSM6DS0_Init      lsm6ds0.o
    0x080045d4   0x00000064   Code   RO          480    i.LSM6DS0_X_Acceleration_Read  lsm6ds0.o
    0x08004638   0x00000064   Code   RO          481    i.LSM6DS0_Y_Acceleration_Read  lsm6ds0.o
    0x0800469c   0x00000064   Code   RO          482    i.LSM6DS0_Z_Acceleration_Read  lsm6ds0.o
    0x08004700   0x00000078   Code   RO            4    i.NVIC_SetPriority  intern_project.o
    0x08004778   0x00000078   Code   RO          676    i.NVIC_SetPriority  fgpmmopa6h.o
    0x080047f0   0x00000078   Code   RO          808    i.NVIC_SetPriority  xbeepro24.o
    0x08004868   0x00000088   Code   RO          883    i.PWM               pwm.o
    0x080048f0   0x00000094   Code   RO          809    i.RNG_LPUART1_IRQHandler  xbeepro24.o
    0x08004984   0x000000b0   Code   RO          321    i.SER_Initialize    serial.o
    0x08004a34   0x0000001c   Code   RO          322    i.SER_PutChar       serial.o
    0x08004a50   0x0000002c   Code   RO          885    i.Servo_Position    pwm.o
    0x08004a7c   0x0000000c   Code   RO          353    i.Start_15s_Timer   timing.o
    0x08004a88   0x0000004c   Code   RO          354    i.SysTick_Handler   timing.o
    0x08004ad4   0x000000f4   Code   RO          355    i.SystemCoreClockInit  timing.o
    0x08004bc8   0x00000100   Code   RO          948    i.SystemCoreClockUpdate  system_stm32l0xx.o
    0x08004cc8   0x00000068   Code   RO          949    i.SystemInit        system_stm32l0xx.o
    0x08004d30   0x00000002   Code   RO          915    i.TIM2_IRQHandler   timer2.o
    0x08004d32   0x00000002   PAD
    0x08004d34   0x00000128   Code   RO          679    i.USART1_IRQHandler  fgpmmopa6h.o
    0x08004e5c   0x000000f4   Code   RO          680    i.USART1_Init       fgpmmopa6h.o
    0x08004f50   0x0000001c   Code   RO          681    i.USART1_PutChar    fgpmmopa6h.o
    0x08004f6c   0x0000001e   Code   RO          682    i.USART1_Send       fgpmmopa6h.o
    0x08004f8a   0x00000002   PAD
    0x08004f8c   0x00000020   Code   RO          812    i.Wait_For_OK       xbeepro24.o
    0x08004fac   0x000000cc   Code   RO          813    i.XBee_900HP_Init   xbeepro24.o
    0x08005078   0x00000030   Code   RO         1219    i.__ARM_common_ll_muluu  c_p.l(btod.o)
    0x080050a8   0x0000002c   Code   RO         1162    i.__ARM_fpclassify  m_ps.l(fpclassify.o)
    0x080050d4   0x000000ac   Code   RO         1164    i.__kernel_poly     m_ps.l(poly.o)
    0x08005180   0x00000014   Code   RO         1148    i.__mathlib_dbl_divzero  m_ps.l(dunder.o)
    0x08005194   0x00000008   Code   RO         1150    i.__mathlib_dbl_infnan2  m_ps.l(dunder.o)
    0x0800519c   0x00000010   Code   RO         1151    i.__mathlib_dbl_invalid  m_ps.l(dunder.o)
    0x080051ac   0x00000014   Code   RO         1152    i.__mathlib_dbl_overflow  m_ps.l(dunder.o)
    0x080051c0   0x00000014   Code   RO         1154    i.__mathlib_dbl_underflow  m_ps.l(dunder.o)
    0x080051d4   0x00000010   Code   RO         1339    i.__mathlib_narrow  m_ps.l(narrow.o)
    0x080051e4   0x0000008c   Code   RO         1340    i.__mathlib_tofloat  m_ps.l(narrow.o)
    0x08005270   0x00000014   Code   RO         1388    i.__support_ldexp   m_ps.l(ldexp.o)
    0x08005284   0x0000000e   Code   RO         1027    i._is_digit         c_p.l(__printf_wp.o)
    0x08005292   0x00000004   Code   RO          281    i._sys_exit         retarget.o
    0x08005296   0x0000002a   Code   RO         1095    i.atof              m_ps.l(atof.o)
    0x080052c0   0x0000000e   Code   RO          283    i.fputc             retarget.o
    0x080052ce   0x00000002   PAD
    0x080052d0   0x00000058   Code   RO         1367    i.frexp             m_ps.l(frexp.o)
    0x08005328   0x00000070   Code   RO         1389    i.ldexp             m_ps.l(ldexp.o)
    0x08005398   0x0000004c   Code   RO            5    i.main              intern_project.o
    0x080053e4   0x00000980   Code   RO         1099    i.pow               m_ps.l(pow.o)
    0x08005d64   0x00000048   Code   RO         1168    i.sqrt              m_ps.l(sqrt.o)
    0x08005dac   0x0000002c   Code   RO         1226    locale$$code        c_p.l(lc_numeric_c.o)
    0x08005dd8   0x0000002c   Code   RO         1250    locale$$code        c_p.l(lc_ctype_c.o)
    0x08005e04   0x00000064   Code   RO         1364    x$fpl$deqf          fz_ps.l(deqf.o)
    0x08005e68   0x00000068   Code   RO         1143    x$fpl$drleqf        fz_ps.l(drlef.o)
    0x08005ed0   0x0000008c   Code   RO         1079    x$fpl$fadd          fz_ps.l(faddsub.o)
    0x08005f5c   0x000000b0   Code   RO         1090    x$fpl$fmul          fz_ps.l(fmul.o)
    0x0800600c   0x000000d0   Code   RO         1081    x$fpl$fsub          fz_ps.l(faddsub.o)
    0x080060dc   0x00000010   Code   RO         1092    x$fpl$printf1       fz_ps.l(printf1.o)
    0x080060ec   0x00000010   Code   RO         1240    x$fpl$scanf1        fz_ps.l(scanf1.o)
    0x080060fc   0x00000020   Code   RO         1333    x$fpl$scanf2        fz_ps.l(scanf2.o)
    0x0800611c   0x00000000   Code   RO         1147    x$fpl$usenofp       fz_ps.l(usenofp.o)
    0x0800611c   0x00000028   Data   RO          684    .constdata          fgpmmopa6h.o
    0x08006144   0x00000003   Data   RO          816    .constdata          xbeepro24.o
    0x08006147   0x00000080   Data   RO         1073    .constdata          fz_ps.l(ddiv.o)
    0x080061c7   0x00000040   Data   RO         1086    .constdata          fz_ps.l(fdiv.o)
    0x08006207   0x00000001   PAD
    0x08006208   0x00000088   Data   RO         1100    .constdata          m_ps.l(pow.o)
    0x08006290   0x00000008   Data   RO         1166    .constdata          m_ps.l(qnan.o)
    0x08006298   0x00000094   Data   RO         1215    .constdata          c_p.l(bigflt0.o)
    0x0800632c   0x00000020   Data   RO         1431    Region$$Table       anon$$obj.o
    0x0800634c   0x00000008   Data   RO         1326    c$$dinf             fz_ps.l(fpconst.o)
    0x08006354   0x0000001c   Data   RO         1225    locale$$data        c_p.l(lc_numeric_c.o)
    0x08006370   0x00000110   Data   RO         1249    locale$$data        c_p.l(lc_ctype_c.o)


    Execution Region RW_IRAM1 (Base: 0x20000000, Size: 0x00000c30, Max: 0x00002000, ABSOLUTE)

    Base Addr    Size         Type   Attr      Idx    E Section Name        Object

    0x20000000   0x00000004   Data   RW          243    .data               i2c.o
    0x20000004   0x00000008   Data   RW          284    .data               retarget.o
    0x2000000c   0x00000010   Data   RW          356    .data               timing.o
    0x2000001c   0x00000014   Data   RW          558    .data               isk01a1.o
    0x20000030   0x00000085   Data   RW          685    .data               fgpmmopa6h.o
    0x200000b5   0x00000003   Data   RW          817    .data               xbeepro24.o
    0x200000b8   0x0000001d   Data   RW          950    .data               system_stm32l0xx.o
    0x200000d5   0x00000003   PAD
    0x200000d8   0x00000004   Data   RW         1046    .data               c_p.l(strtok.o)
    0x200000dc   0x000000a8   Zero   RW          557    .bss                isk01a1.o
    0x20000184   0x000003e4   Zero   RW          683    .bss                fgpmmopa6h.o
    0x20000568   0x00000064   Zero   RW          815    .bss                xbeepro24.o
    0x200005cc   0x00000060   Zero   RW         1176    .bss                c_p.l(libspace.o)
    0x2000062c   0x00000004   PAD
    0x20000630   0x00000200   Zero   RW          940    HEAP                startup_stm32l053xx.o
    0x20000830   0x00000400   Zero   RW          939    STACK               startup_stm32l053xx.o


==============================================================================

Image component sizes


      Code (inc. data)   RO Data    RW Data    ZI Data      Debug   Object Name

       116         10          0          0          0        411   adc.o
      2130        556         40        133        996      19790   fgpmmopa6h.o
       304         30          0          0          0       2840   gpio.o
       904         30          0          0          0       2424   hts221.o
       464         30          0          4          0       1869   i2c.o
       324         34          0          0          0     128057   intern_project.o
      1220        484          0         20        168       7914   isk01a1.o
       416         30          0          0          0       2302   lis3mdl.o
       208         10          0          0          0       1171   lps25hb.o
       660         54          0          0          0       4275   lsm6ds0.o
       180         26          0          0          0       1483   pwm.o
        18          0          0          8          0       2658   retarget.o
       204         24          0          0          0        999   serial.o
        60         28        192          0       1536        708   startup_stm32l053xx.o
       360         42          0         29          0       2029   system_stm32l0xx.o
         2          0          0          0          0        386   timer2.o
       356         38          0         16          0       2132   timing.o
       674        190          3          3        100       4905   xbeepro24.o

    ----------------------------------------------------------------------
      8608       1616        267        216       2800     186353   Object Totals
         0          0         32          0          0          0   (incl. Generated)
         8          0          0          3          0          0   (incl. Padding)

    ----------------------------------------------------------------------

      Code (inc. data)   RO Data    RW Data    ZI Data      Debug   Library Member Name

         8          0          0          0          0         68   __main.o
       108          0          0          0          0         76   __printf.o
        14          0          0          0          0         60   __printf_wp.o
         0          0          0          0          0          0   __rtentry.o
        12          0          0          0          0          0   __rtentry2.o
         6          0          0          0          0          0   __rtentry4.o
        60          8          0          0          0          0   __scatter.o
        26          0          0          0          0          0   __scatter_copy.o
        28          0          0          0          0          0   __scatter_zi.o
        30          0          0          0          0         60   _chval.o
        10          0          0          0          0          0   _printf_c.o
        46          0          0          0          0        100   _printf_char.o
        48          6          0          0          0         88   _printf_char_common.o
        40          6          0          0          0         72   _printf_char_file.o
       108         18          0          0          0         76   _printf_dec.o
        10          0          0          0          0          0   _printf_f.o
      1044         14          0          0          0        176   _printf_fp_dec.o
       136         16          0          0          0         76   _printf_fp_infnan.o
        10          0          0          0          0          0   _printf_i.o
       176          0          0          0          0         84   _printf_intcommon.o
         2          0          0          0          0          0   _printf_percent.o
         4          0          0          0          0          0   _printf_percent_end.o
        10          0          0          0          0          0   _printf_s.o
        82          0          0          0          0         72   _printf_str.o
        22          0          0          0          0         92   _rserrno.o
        68          0          0          0          0         76   _sgetc.o
        10          0          0          0          0         60   _sputc.o
       166          0          0          0          0         84   _strtoul.o
       346          0          0          0          0         92   aeabi_sdiv.o
        26          0          0          0          0         72   atoi.o
       200          4        148          0          0         80   bigflt0.o
      1240         12          0          0          0        316   btod.o
        12          0          0          0          0         64   exit.o
         8          0          0          0          0         60   ferror.o
         6          0          0          0          0        136   heapauxi.o
        18          0          0          0          0         68   isspace.o
        44         10        272          0          0         76   lc_ctype_c.o
        44         10         28          0          0         76   lc_numeric_c.o
         2          0          0          0          0          0   libinit.o
        30          0          0          0          0          0   libinit2.o
         2          0          0          0          0          0   libshutdown.o
         2          0          0          0          0          0   libshutdown2.o
         8          4          0          0         96         68   libspace.o
        48          0          0          0          0         72   llmul.o
        32          0          0          0          0         68   llshl.o
       122          0          0          0          0         72   lludiv10.o
        28          6          0          0          0         84   noretval__2printf.o
        40          4          0          0          0         84   noretval__2sprintf.o
        16          4          0          0          0         76   rt_ctype_table.o
         8          4          0          0          0         68   rt_errno_addr_intlibspace.o
         8          4          0          0          0         68   rt_locale_intlibspace.o
        64          0          0          0          0        108   rt_memclr.o
         2          0          0          0          0          0   rtexit.o
        10          0          0          0          0          0   rtexit2.o
        40          0          0          0          0         60   rtudiv10.o
      1232         20          0          0          0        124   scanf_fp.o
       808         12          0          0          0         84   scanf_hexfp.o
       316         16          0          0          0         84   scanf_infnan.o
       136          4          0          0          0         72   strcmp.o
        76          6          0          0          0         72   strcpy.o
        34          0          0          0          0         72   strcspn.o
        68          6          0          0          0         72   strlen.o
       160          6          0          0          0         76   strncmp.o
       108          4          0          0          0         76   strncpy.o
        32          0          0          0          0         72   strspn.o
       168         16          0          0          0        120   strtod.o
        16          6          0          4          0         68   strtok.o
        72          6          0          0          0         76   strtok_int.o
       112          4          0          0          0         76   strtol.o
        62          0          0          0          0         80   sys_stackheap_outer.o
         2          0          0          0          0         68   use_no_semi.o
        48          4          0          0          0         60   cmpret.o
       124          4          0          0          0         72   d2f.o
       856         20          0          0          0        208   daddsub.o
       144          4          0          0          0         76   dcmpin.o
      1096         26        128          0          0        112   ddiv.o
       100          4          0          0          0         92   deqf.o
        88          0          0          0          0         92   dflti.o
       584         26          0          0          0         84   dmul.o
        20          6          0          0          0         68   dnan2.o
       104          4          0          0          0        104   drlef.o
        96         12          0          0          0         72   dscalbn.o
       256          8          0          0          0         76   dsqrt.o
        84          4          0          0          0         60   f2d.o
       348          8          0          0          0        160   faddsub.o
       352         10         64          0          0         92   fdiv.o
        94          0          0          0          0         92   fflti.o
       176          4          0          0          0         80   fmul.o
         0          0          8          0          0          0   fpconst.o
        16          4          0          0          0         76   printf1.o
        94          0          0          0          0         68   retnan.o
        16          4          0          0          0         76   scanf1.o
        32          8          0          0          0        100   scanf2.o
         0          0          0          0          0          0   usenofp.o
        42          0          0          0          0         76   atof.o
        84         14          0          0          0        340   dunder.o
        44          4          0          0          0         60   fpclassify.o
        88         16          0          0          0         72   frexp.o
       132          0          0          0          0        140   ldexp.o
       156         10          0          0          0        144   narrow.o
       172          0          0          0          0         76   poly.o
      2432        202        136          0          0        208   pow.o
         0          0          8          0          0          0   qnan.o
        72          6          0          0          0         76   sqrt.o

    ----------------------------------------------------------------------
     16060        648        793          4        100       7592   Library Totals
        18          0          1          0          4          0   (incl. Padding)

    ----------------------------------------------------------------------

      Code (inc. data)   RO Data    RW Data    ZI Data      Debug   Library Name

      8092        236        448          4         96       4480   c_p.l
      4728        160        200          0          0       1920   fz_ps.l
      3222        252        144          0          0       1192   m_ps.l

    ----------------------------------------------------------------------
     16060        648        793          4        100       7592   Library Totals

    ----------------------------------------------------------------------

==============================================================================


      Code (inc. data)   RO Data    RW Data    ZI Data      Debug   

     24668       2264       1060        220       2900     186789   Grand Totals
     24668       2264       1060        220       2900     186789   ELF Image Totals
     24668       2264       1060        220          0          0   ROM Totals

==============================================================================

    Total RO  Size (Code + RO Data)                25728 (  25.13kB)
    Total RW  Size (RW Data + ZI Data)              3120 (   3.05kB)
    Total ROM Size (Code + RO Data + RW Data)      25948 (  25.34kB)

==============================================================================

