Component: ARM Compiler 5.05 update 1 (build 106) Tool: armlink [4d0efa]

==============================================================================

Section Cross References

    intern_project.o(i.main) refers to _printf_percent.o(.ARM.Collect$$_printf_percent$$00000000) for _printf_percent
    intern_project.o(i.main) refers to _printf_f.o(.ARM.Collect$$_printf_percent$$00000003) for _printf_f
    intern_project.o(i.main) refers to printf1.o(x$fpl$printf1) for _printf_fp_dec
    intern_project.o(i.main) refers to timing.o(i.SystemCoreClockInit) for SystemCoreClockInit
    intern_project.o(i.main) refers to system_stm32l0xx.o(i.SystemCoreClockUpdate) for SystemCoreClockUpdate
    intern_project.o(i.main) refers to aeabi_sdiv.o(.text) for __aeabi_uidivmod
    intern_project.o(i.main) refers to intern_project.o(i.NVIC_SetPriority) for NVIC_SetPriority
    intern_project.o(i.main) refers to gpio.o(i.LED_Init) for LED_Init
    intern_project.o(i.main) refers to gpio.o(i.Button_Initialize) for Button_Initialize
    intern_project.o(i.main) refers to serial.o(i.SER_Initialize) for SER_Initialize
    intern_project.o(i.main) refers to fgpmmopa6h.o(i.USART1_Init) for USART1_Init
    intern_project.o(i.main) refers to adc.o(i.ADC_Init) for ADC_Init
    intern_project.o(i.main) refers to i2c.o(i.I2C_Init) for I2C_Init
    intern_project.o(i.main) refers to isk01a1.o(i.ISK01A1_Init) for ISK01A1_Init
    intern_project.o(i.main) refers to fgpmmopa6h.o(i.FGPMMOPA6H_Init) for FGPMMOPA6H_Init
    intern_project.o(i.main) refers to isk01a1.o(i.ISK01A1_Get_Altitude) for ISK01A1_Get_Altitude
    intern_project.o(i.main) refers to f2d.o(.text) for __aeabi_f2d
    intern_project.o(i.main) refers to noretval__2printf.o(.text) for __2printf
    intern_project.o(i.main) refers to isk01a1.o(i.ISK01A1_Get_Acceleration_X) for ISK01A1_Get_Acceleration_X
    intern_project.o(i.main) refers to isk01a1.o(i.QuadCopter_Altitude) for QuadCopter_Altitude
    intern_project.o(i.main) refers to fgpmmopa6h.o(i.FGPMMOPA6H_Get_GPS_Data) for FGPMMOPA6H_Get_GPS_Data
    intern_project.o(i.main) refers to system_stm32l0xx.o(.data) for SystemCoreClock
    adc.o(i.Voltage_Conversion) refers to fflti.o(.text) for __aeabi_i2f
    adc.o(i.Voltage_Conversion) refers to fmul.o(x$fpl$fmul) for __aeabi_fmul
    gpio.o(i.Button_Initialize) refers to gpio.o(i.Initialize_Port_C) for Initialize_Port_C
    gpio.o(i.LED_Init) refers to gpio.o(i.Initialize_Port_A) for Initialize_Port_A
    hts221.o(i.HTS221_Configuration) refers to _printf_percent.o(.ARM.Collect$$_printf_percent$$00000000) for _printf_percent
    hts221.o(i.HTS221_Configuration) refers to _printf_x.o(.ARM.Collect$$_printf_percent$$0000000C) for _printf_x
    hts221.o(i.HTS221_Configuration) refers to _printf_hex_int.o(.text) for _printf_longlong_hex
    hts221.o(i.HTS221_Configuration) refers to noretval__2printf.o(.text) for __2printf
    hts221.o(i.HTS221_Configuration) refers to i2c.o(i.I2C_Read_Reg) for I2C_Read_Reg
    hts221.o(i.HTS221_Humidity_Read) refers to i2c.o(i.I2C_Write_Reg) for I2C_Write_Reg
    hts221.o(i.HTS221_Humidity_Read) refers to i2c.o(i.I2C_Read_Reg) for I2C_Read_Reg
    hts221.o(i.HTS221_Humidity_Read) refers to fflti.o(.text) for __aeabi_ui2f
    hts221.o(i.HTS221_Humidity_Read) refers to f2d.o(.text) for __aeabi_f2d
    hts221.o(i.HTS221_Humidity_Read) refers to ddiv.o(.text) for __aeabi_ddiv
    hts221.o(i.HTS221_Humidity_Read) refers to d2f.o(.text) for __aeabi_d2f
    hts221.o(i.HTS221_Humidity_Read) refers to faddsub.o(x$fpl$fsub) for __aeabi_fsub
    hts221.o(i.HTS221_Humidity_Read) refers to fmul.o(x$fpl$fmul) for __aeabi_fmul
    hts221.o(i.HTS221_Humidity_Read) refers to fdiv.o(.text) for __aeabi_fdiv
    hts221.o(i.HTS221_Humidity_Read) refers to faddsub.o(x$fpl$fadd) for __aeabi_fadd
    hts221.o(i.HTS221_Init) refers to i2c.o(i.I2C_Read_Reg) for I2C_Read_Reg
    hts221.o(i.HTS221_Init) refers to i2c.o(i.I2C_Write_Reg) for I2C_Write_Reg
    hts221.o(i.HTS221_Temp_Read) refers to i2c.o(i.I2C_Write_Reg) for I2C_Write_Reg
    hts221.o(i.HTS221_Temp_Read) refers to i2c.o(i.I2C_Read_Reg) for I2C_Read_Reg
    hts221.o(i.HTS221_Temp_Read) refers to fflti.o(.text) for __aeabi_i2f
    hts221.o(i.HTS221_Temp_Read) refers to f2d.o(.text) for __aeabi_f2d
    hts221.o(i.HTS221_Temp_Read) refers to ddiv.o(.text) for __aeabi_ddiv
    hts221.o(i.HTS221_Temp_Read) refers to d2f.o(.text) for __aeabi_d2f
    hts221.o(i.HTS221_Temp_Read) refers to faddsub.o(x$fpl$fsub) for __aeabi_fsub
    hts221.o(i.HTS221_Temp_Read) refers to fmul.o(x$fpl$fmul) for __aeabi_fmul
    hts221.o(i.HTS221_Temp_Read) refers to fdiv.o(.text) for __aeabi_fdiv
    hts221.o(i.HTS221_Temp_Read) refers to faddsub.o(x$fpl$fadd) for __aeabi_fadd
    hts221.o(i.HTS221_Temp_Read) refers to dmul.o(.text) for __aeabi_dmul
    hts221.o(i.HTS221_Temp_Read) refers to daddsub.o(.text) for __aeabi_dadd
    i2c.o(i.I2C_Read_Reg) refers to i2c.o(.data) for I2C1_RX_Data
[...]
    LPS25HB.c                                0x00000000   Number         0  lps25hb.o ABSOLUTE
    LPS25HB.c                                0x00000000   Number         0  lps25hb.o ABSOLUTE
    LSM6DS0.c                                0x00000000   Number         0  lsm6ds0.o ABSOLUTE
    LSM6DS0.c                                0x00000000   Number         0  lsm6ds0.o ABSOLUTE
    RTE\Device\STM32L053R8\startup_stm32l053xx.s 0x00000000   Number         0  startup_stm32l053xx.o ABSOLUTE
    RTE\Device\STM32L053R8\system_stm32l0xx.c 0x00000000   Number         0  system_stm32l0xx.o ABSOLUTE
    RTE\\Device\\STM32L053R8\\system_stm32l0xx.c 0x00000000   Number         0  system_stm32l0xx.o ABSOLUTE
    Retarget.c                               0x00000000   Number         0  retarget.o ABSOLUTE
    Serial.c                                 0x00000000   Number         0  serial.o ABSOLUTE
    Serial.c                                 0x00000000   Number         0  serial.o ABSOLUTE
    Timing.c                                 0x00000000   Number         0  timing.o ABSOLUTE
    Timing.c                                 0x00000000   Number         0  timing.o ABSOLUTE
    dc.s                                     0x00000000   Number         0  dc.o ABSOLUTE
    RESET                                    0x08000000   Section      192  startup_stm32l053xx.o(RESET)
    !!!main                                  0x080000c0   Section        8  __main.o(!!!main)
    !!!scatter                               0x080000c8   Section       60  __scatter.o(!!!scatter)
    !!handler_copy                           0x08000104   Section       26  __scatter_copy.o(!!handler_copy)
    !!handler_zi                             0x08000120   Section       28  __scatter_zi.o(!!handler_zi)
    .ARM.Collect$$_printf_percent$$00000000  0x0800013c   Section        2  _printf_percent.o(.ARM.Collect$$_printf_percent$$00000000)
    .ARM.Collect$$_printf_percent$$00000003  0x0800013e   Section       10  _printf_f.o(.ARM.Collect$$_printf_percent$$00000003)
    .ARM.Collect$$_printf_percent$$00000008  0x08000148   Section       10  _printf_i.o(.ARM.Collect$$_printf_percent$$00000008)
    .ARM.Collect$$_printf_percent$$00000013  0x08000152   Section       10  _printf_c.o(.ARM.Collect$$_printf_percent$$00000013)
    .ARM.Collect$$_printf_percent$$00000014  0x0800015c   Section       10  _printf_s.o(.ARM.Collect$$_printf_percent$$00000014)
    .ARM.Collect$$_printf_percent$$00000017  0x08000166   Section        4  _printf_percent_end.o(.ARM.Collect$$_printf_percent$$00000017)
    .ARM.Collect$$libinit$$00000000          0x0800016a   Section        2  libinit.o(.ARM.Collect$$libinit$$00000000)
    .ARM.Collect$$libinit$$00000002          0x0800016c   Section        0  libinit2.o(.ARM.Collect$$libinit$$00000002)
    .ARM.Collect$$libinit$$00000004          0x0800016c   Section        0  libinit2.o(.ARM.Collect$$libinit$$00000004)
    .ARM.Collect$$libinit$$0000000A          0x0800016c   Section        0  libinit2.o(.ARM.Collect$$libinit$$0000000A)
    .ARM.Collect$$libinit$$0000000C          0x0800016c   Section        0  libinit2.o(.ARM.Collect$$libinit$$0000000C)
    .ARM.Collect$$libinit$$0000000E          0x0800016c   Section        0  libinit2.o(.ARM.Collect$$libinit$$0000000E)
    .ARM.Collect$$libinit$$0000000F          0x0800016c   Section        6  libinit2.o(.ARM.Collect$$libinit$$0000000F)
    .ARM.Collect$$libinit$$00000011          0x08000172   Section        0  libinit2.o(.ARM.Collect$$libinit$$00000011)
    .ARM.Collect$$libinit$$00000012          0x08000172   Section       12  libinit2.o(.ARM.Collect$$libinit$$00000012)
    .ARM.Collect$$libinit$$00000013          0x0800017e   Section        0  libinit2.o(.ARM.Collect$$libinit$$00000013)
    .ARM.Collect$$libinit$$00000015          0x0800017e   Section        0  libinit2.o(.ARM.Collect$$libinit$$00000015)
    .ARM.Collect$$libinit$$00000016          0x0800017e   Section       10  libinit2.o(.ARM.Collect$$libinit$$00000016)
    .ARM.Collect$$libinit$$00000017          0x08000188   Section        0  libinit2.o(.ARM.Collect$$libinit$$00000017)
    .ARM.Collect$$libinit$$00000019          0x08000188   Section        0  libinit2.o(.ARM.Collect$$libinit$$00000019)
    .ARM.Collect$$libinit$$0000001B          0x08000188   Section        0  libinit2.o(.ARM.Collect$$libinit$$0000001B)
    .ARM.Collect$$libinit$$0000001D          0x08000188   Section        0  libinit2.o(.ARM.Collect$$libinit$$0000001D)
    .ARM.Collect$$libinit$$0000001F          0x08000188   Section        0  libinit2.o(.ARM.Collect$$libinit$$0000001F)
    .ARM.Collect$$libinit$$00000021          0x08000188   Section        0  libinit2.o(.ARM.Collect$$libinit$$00000021)
    .ARM.Collect$$libinit$$00000023          0x08000188   Section        0  libinit2.o(.ARM.Collect$$libinit$$00000023)
    .ARM.Collect$$libinit$$00000025          0x08000188   Section        0  libinit2.o(.ARM.Collect$$libinit$$00000025)
    .ARM.Collect$$libinit$$0000002C          0x08000188   Section        0  libinit2.o(.ARM.Collect$$libinit$$0000002C)
    .ARM.Collect$$libinit$$0000002E          0x08000188   Section        0  libinit2.o(.ARM.Collect$$libinit$$0000002E)
    .ARM.Collect$$libinit$$00000030          0x08000188   Section        0  libinit2.o(.ARM.Collect$$libinit$$00000030)
    .ARM.Collect$$libinit$$00000032          0x08000188   Section        0  libinit2.o(.ARM.Collect$$libinit$$00000032)
    .ARM.Collect$$libinit$$00000033          0x08000188   Section        2  libinit2.o(.ARM.Collect$$libinit$$00000033)
    .ARM.Collect$$libshutdown$$00000000      0x0800018a   Section        2  libshutdown.o(.ARM.Collect$$libshutdown$$00000000)
    .ARM.Collect$$libshutdown$$00000003      0x0800018c   Section        0  libshutdown2.o(.ARM.Collect$$libshutdown$$00000003)
    .ARM.Collect$$libshutdown$$00000006      0x0800018c   Section        0  libshutdown2.o(.ARM.Collect$$libshutdown$$00000006)
    .ARM.Collect$$libshutdown$$00000009      0x0800018c   Section        0  libshutdown2.o(.ARM.Collect$$libshutdown$$00000009)
    .ARM.Collect$$libshutdown$$0000000B      0x0800018c   Section        0  libshutdown2.o(.ARM.Collect$$libshutdown$$0000000B)
    .ARM.Collect$$libshutdown$$0000000E      0x0800018c   Section        0  libshutdown2.o(.ARM.Collect$$libshutdown$$0000000E)
    .ARM.Collect$$libshutdown$$0000000F      0x0800018c   Section        2  libshutdown2.o(.ARM.Collect$$libshutdown$$0000000F)
    .ARM.Collect$$rtentry$$00000000          0x0800018e   Section        0  __rtentry.o(.ARM.Collect$$rtentry$$00000000)
    .ARM.Collect$$rtentry$$00000002          0x0800018e   Section        0  __rtentry2.o(.ARM.Collect$$rtentry$$00000002)
    .ARM.Collect$$rtentry$$00000004          0x0800018e   Section        6  __rtentry4.o(.ARM.Collect$$rtentry$$00000004)
    .ARM.Collect$$rtentry$$00000009          0x08000194   Section        0  __rtentry2.o(.ARM.Collect$$rtentry$$00000009)
    .ARM.Collect$$rtentry$$0000000A          0x08000194   Section        4  __rtentry2.o(.ARM.Collect$$rtentry$$0000000A)
    .ARM.Collect$$rtentry$$0000000C          0x08000198   Section        0  __rtentry2.o(.ARM.Collect$$rtentry$$0000000C)
    .ARM.Collect$$rtentry$$0000000D          0x08000198   Section        8  __rtentry2.o(.ARM.Collect$$rtentry$$0000000D)
    .ARM.Collect$$rtexit$$00000000           0x080001a0   Section        2  rtexit.o(.ARM.Collect$$rtexit$$00000000)
    .ARM.Collect$$rtexit$$00000002           0x080001a2   Section        0  rtexit2.o(.ARM.Collect$$rtexit$$00000002)
    .ARM.Collect$$rtexit$$00000003           0x080001a2   Section        4  rtexit2.o(.ARM.Collect$$rtexit$$00000003)
    .ARM.Collect$$rtexit$$00000004           0x080001a6   Section        6  rtexit2.o(.ARM.Collect$$rtexit$$00000004)
    .text                                    0x080001ac   Section       60  startup_stm32l053xx.o(.text)
    .text                                    0x080001e8   Section        2  use_no_semi.o(.text)
    .text                                    0x080001ec   Section        0  noretval__2printf.o(.text)
    .text                                    0x08000208   Section        0  noretval__2sprintf.o(.text)
    .text                                    0x08000230   Section        0  __printf.o(.text)
    .text                                    0x0800029c   Section        0  _printf_str.o(.text)
    .text                                    0x080002f0   Section        0  _printf_dec.o(.text)
    .text                                    0x0800035c   Section        0  atoi.o(.text)
    .text                                    0x08000378   Section        0  strtok.o(.text)
    .text                                    0x08000388   Section        0  strcpy.o(.text)
    .text                                    0x080003d4   Section        0  strlen.o(.text)
    .text                                    0x08000418   Section        0  strncmp.o(.text)
    .text                                    0x080004b8   Section        0  rt_memclr.o(.text)
    .text                                    0x080004f8   Section        0  strncpy.o(.text)
    .text                                    0x08000564   Section        0  strcmp.o(.text)
    .text                                    0x080005ec   Section      346  aeabi_sdiv.o(.text)
    .text                                    0x08000746   Section        0  heapauxi.o(.text)
    .text                                    0x0800074c   Section        0  d2f.o(.text)
    .text                                    0x080007c8   Section        0  daddsub.o(.text)
    _dadd1                                   0x080007c9   Thumb Code   290  daddsub.o(.text)
    _dsub1                                   0x080008eb   Thumb Code   470  daddsub.o(.text)
    .text                                    0x08000b20   Section        0  ddiv.o(.text)
    .text                                    0x08000f68   Section        0  dmul.o(.text)
    .text                                    0x080011b0   Section        0  f2d.o(.text)
    .text                                    0x08001204   Section        0  fdiv.o(.text)
    .text                                    0x08001364   Section        0  fflti.o(.text)
    .text                                    0x080013c4   Section        8  rt_errno_addr_intlibspace.o(.text)
    .text                                    0x080013cc   Section        0  _rserrno.o(.text)
    .text                                    0x080013e2   Section        0  _printf_intcommon.o(.text)
    .text                                    0x08001494   Section        0  _printf_fp_dec.o(.text)
    _fp_digits                               0x08001497   Thumb Code   408  _printf_fp_dec.o(.text)
    .text                                    0x080018a8   Section        0  _printf_char_common.o(.text)
    _printf_input_char                       0x080018a9   Thumb Code    10  _printf_char_common.o(.text)
    .text                                    0x080018d8   Section        0  _sputc.o(.text)
    .text                                    0x080018e2   Section        0  _printf_char.o(.text)
    .text                                    0x08001910   Section        0  _printf_char_file.o(.text)
    .text                                    0x08001938   Section        0  strtod.o(.text)
    _local_sscanf                            0x08001939   Thumb Code    60  strtod.o(.text)
    .text                                    0x080019e0   Section        0  strtol.o(.text)
    .text                                    0x08001a50   Section        0  strtok_int.o(.text)
    .text                                    0x08001a98   Section        0  rtudiv10.o(.text)
    .text                                    0x08001ac0   Section        0  dflti.o(.text)
    .text                                    0x08001b18   Section        0  dscalbn.o(.text)
    .text                                    0x08001b78   Section        8  libspace.o(.text)
    .text                                    0x08001b80   Section       16  rt_ctype_table.o(.text)
    .text                                    0x08001b90   Section        8  rt_locale_intlibspace.o(.text)
    .text                                    0x08001b98   Section        0  lludiv10.o(.text)
    .text                                    0x08001c12   Section        0  isspace.o(.text)
    .text                                    0x08001c24   Section        0  _printf_fp_infnan.o(.text)
    .text                                    0x08001cac   Section        0  _sgetc.o(.text)
    .text                                    0x08001cf0   Section        0  _strtoul.o(.text)
    .text                                    0x08001d98   Section        0  bigflt0.o(.text)
    .text                                    0x08001e60   Section        0  btod.o(.text)
    btod_internal_mul                        0x08001ea1   Thumb Code   456  btod.o(.text)
    btod_internal_div                        0x08002069   Thumb Code   494  btod.o(.text)
    .text                                    0x08002308   Section        0  strcspn.o(.text)
    .text                                    0x0800232a   Section        0  strspn.o(.text)
    .text                                    0x0800234c   Section        0  dcmpin.o(.text)
    .text                                    0x080023dc   Section        0  dsqrt.o(.text)
    .text                                    0x080024dc   Section       62  sys_stackheap_outer.o(.text)
    .text                                    0x0800251a   Section        0  _chval.o(.text)
    .text                                    0x08002538   Section        0  scanf_fp.o(.text)
    _fp_value                                0x08002539   Thumb Code   526  scanf_fp.o(.text)
    .text                                    0x08002a08   Section        0  exit.o(.text)
    .text                                    0x08002a14   Section        0  cmpret.o(.text)
    .text                                    0x08002a44   Section        0  dnan2.o(.text)
    .text                                    0x08002a58   Section        0  llmul.o(.text)
    .text                                    0x08002a88   Section        0  retnan.o(.text)
    .text                                    0x08002ae8   Section        0  scanf_hexfp.o(.text)
    .text                                    0x08002e10   Section        0  scanf_infnan.o(.text)
    .text                                    0x08002f4c   Section        0  llshl.o(.text)
    i.ADC_Init                               0x08002f6c   Section        0  adc.o(i.ADC_Init)
    i.Button_Initialize                      0x08002fe0   Section        0  gpio.o(i.Button_Initialize)
    i.FGPMMOPA6H_Get_GGA_Altitude            0x08002ff4   Section        0  fgpmmopa6h.o(i.FGPMMOPA6H_Get_GGA_Altitude)
    i.FGPMMOPA6H_Get_GPS_Data                0x08003040   Section        0  fgpmmopa6h.o(i.FGPMMOPA6H_Get_GPS_Data)
    i.FGPMMOPA6H_Get_RMC_Date                0x0800314c   Section        0  fgpmmopa6h.o(i.FGPMMOPA6H_Get_RMC_Date)
    i.FGPMMOPA6H_Get_RMC_Ground_Speed        0x080031a4   Section        0  fgpmmopa6h.o(i.FGPMMOPA6H_Get_RMC_Ground_Speed)
    i.FGPMMOPA6H_Get_RMC_Latitude            0x080031dc   Section        0  fgpmmopa6h.o(i.FGPMMOPA6H_Get_RMC_Latitude)
    i.FGPMMOPA6H_Get_RMC_Longitude           0x08003240   Section        0  fgpmmopa6h.o(i.FGPMMOPA6H_Get_RMC_Longitude)
    i.FGPMMOPA6H_Get_RMC_Status              0x080032a4   Section        0  fgpmmopa6h.o(i.FGPMMOPA6H_Get_RMC_Status)
    i.FGPMMOPA6H_Get_RMC_UTC_Time            0x080032d4   Section        0  fgpmmopa6h.o(i.FGPMMOPA6H_Get_RMC_UTC_Time)
    i.FGPMMOPA6H_Init                        0x08003338   Section        0  fgpmmopa6h.o(i.FGPMMOPA6H_Init)
    i.FGPMMOPA6H_Parse_GGA                   0x080033e4   Section        0  fgpmmopa6h.o(i.FGPMMOPA6H_Parse_GGA)
    i.FGPMMOPA6H_Parse_RMC_Data              0x080034d4   Section        0  fgpmmopa6h.o(i.FGPMMOPA6H_Parse_RMC_Data)
    i.HTS221_Init                            0x0800359c   Section        0  hts221.o(i.HTS221_Init)
    i.I2C_Init                               0x080035d8   Section        0  i2c.o(i.I2C_Init)
    i.I2C_Read_Reg                           0x08003648   Section        0  i2c.o(i.I2C_Read_Reg)
    i.I2C_Write_Reg                          0x08003708   Section        0  i2c.o(i.I2C_Write_Reg)
    i.ISK01A1_Get_Acceleration_X             0x080037a8   Section        0  isk01a1.o(i.ISK01A1_Get_Acceleration_X)
    i.ISK01A1_Get_Altitude                   0x080037b8   Section        0  isk01a1.o(i.ISK01A1_Get_Altitude)
    i.ISK01A1_Init                           0x08003874   Section        0  isk01a1.o(i.ISK01A1_Init)
    i.Initialize_Port_A                      0x08003a4c   Section        0  gpio.o(i.Initialize_Port_A)
    i.Initialize_Port_C                      0x08003abc   Section        0  gpio.o(i.Initialize_Port_C)
    i.LED_Init                               0x08003b14   Section        0  gpio.o(i.LED_Init)
    i.LIS3MDL_Init                           0x08003b28   Section        0  lis3mdl.o(i.LIS3MDL_Init)
    i.LPS25HB_Init                           0x08003b78   Section        0  lps25hb.o(i.LPS25HB_Init)
    i.LPS25HB_Pressure_Read                  0x08003bb4   Section        0  lps25hb.o(i.LPS25HB_Pressure_Read)
    i.LSM6DS0_Init                           0x08003c48   Section        0  lsm6ds0.o(i.LSM6DS0_Init)
    i.LSM6DS0_X_Acceleration_Read            0x08003c84   Section        0  lsm6ds0.o(i.LSM6DS0_X_Acceleration_Read)
    i.NVIC_SetPriority                       0x08003ce8   Section        0  intern_project.o(i.NVIC_SetPriority)
    NVIC_SetPriority                         0x08003ce9   Thumb Code   110  intern_project.o(i.NVIC_SetPriority)
    i.NVIC_SetPriority                       0x08003d60   Section        0  fgpmmopa6h.o(i.NVIC_SetPriority)
    NVIC_SetPriority                         0x08003d61   Thumb Code   110  fgpmmopa6h.o(i.NVIC_SetPriority)
    i.QuadCopter_Altitude                    0x08003dd8   Section        0  isk01a1.o(i.QuadCopter_Altitude)
    i.SER_Initialize                         0x08003df8   Section        0  serial.o(i.SER_Initialize)
    i.SER_PutChar                            0x08003e6c   Section        0  serial.o(i.SER_PutChar)
    i.SysTick_Handler                        0x08003e88   Section        0  timing.o(i.SysTick_Handler)
    i.SystemCoreClockInit                    0x08003e98   Section        0  timing.o(i.SystemCoreClockInit)
    i.SystemCoreClockUpdate                  0x08003f90   Section        0  system_stm32l0xx.o(i.SystemCoreClockUpdate)
    i.SystemInit                             0x08004090   Section        0  system_stm32l0xx.o(i.SystemInit)
    i.USART1_IRQHandler                      0x080040f8   Section        0  fgpmmopa6h.o(i.USART1_IRQHandler)
    i.USART1_Init                            0x0800421c   Section        0  fgpmmopa6h.o(i.USART1_Init)
    i.USART1_PutChar                         0x080042e8   Section        0  fgpmmopa6h.o(i.USART1_PutChar)
    i.USART1_Send                            0x08004304   Section        0  fgpmmopa6h.o(i.USART1_Send)
    i.__ARM_common_ll_muluu                  0x08004322   Section        0  btod.o(i.__ARM_common_ll_muluu)
    i.__ARM_fpclassify                       0x08004354   Section        0  fpclassify.o(i.__ARM_fpclassify)
    i.__kernel_poly                          0x08004380   Section        0  poly.o(i.__kernel_poly)
    i.__mathlib_dbl_divzero                  0x0800442c   Section        0  dunder.o(i.__mathlib_dbl_divzero)
    i.__mathlib_dbl_infnan2                  0x08004440   Section        0  dunder.o(i.__mathlib_dbl_infnan2)
    i.__mathlib_dbl_invalid                  0x08004448   Section        0  dunder.o(i.__mathlib_dbl_invalid)
    i.__mathlib_dbl_overflow                 0x08004458   Section        0  dunder.o(i.__mathlib_dbl_overflow)
    i.__mathlib_dbl_underflow                0x0800446c   Section        0  dunder.o(i.__mathlib_dbl_underflow)
    i.__mathlib_narrow                       0x08004480   Section        0  narrow.o(i.__mathlib_narrow)
    i.__mathlib_tofloat                      0x08004490   Section        0  narrow.o(i.__mathlib_tofloat)
    i.__support_ldexp                        0x0800451c   Section        0  ldexp.o(i.__support_ldexp)
    i._is_digit                              0x08004530   Section        0  __printf_wp.o(i._is_digit)
    i._sys_exit                              0x0800453e   Section        0  retarget.o(i._sys_exit)
    i.atof                                   0x08004542   Section        0  atof.o(i.atof)
    i.ferror                                 0x0800456c   Section        0  retarget.o(i.ferror)
    i.fputc                                  0x08004574   Section        0  retarget.o(i.fputc)
    i.frexp                                  0x08004584   Section        0  frexp.o(i.frexp)
    i.ldexp                                  0x080045dc   Section        0  ldexp.o(i.ldexp)
    i.main                                   0x0800464c   Section        0  intern_project.o(i.main)
    i.pow                                    0x08004744   Section        0  pow.o(i.pow)
    i.sqrt                                   0x080050c4   Section        0  sqrt.o(i.sqrt)
    locale$$code                             0x0800510c   Section       44  lc_numeric_c.o(locale$$code)
    locale$$code                             0x08005138   Section       44  lc_ctype_c.o(locale$$code)
    x$fpl$deqf                               0x08005164   Section      100  deqf.o(x$fpl$deqf)
    x$fpl$drleqf                             0x080051c8   Section      104  drlef.o(x$fpl$drleqf)
    x$fpl$fadd                               0x08005230   Section      140  faddsub.o(x$fpl$fadd)
    _fadd1                                   0x0800523d   Thumb Code     0  faddsub.o(x$fpl$fadd)
    x$fpl$fmul                               0x080052bc   Section      176  fmul.o(x$fpl$fmul)
    x$fpl$fsub                               0x0800536c   Section      208  faddsub.o(x$fpl$fsub)
    _fsub1                                   0x08005379   Thumb Code     0  faddsub.o(x$fpl$fsub)
    x$fpl$printf1                            0x0800543c   Section       16  printf1.o(x$fpl$printf1)
    x$fpl$scanf1                             0x0800544c   Section       16  scanf1.o(x$fpl$scanf1)
    x$fpl$scanf2                             0x0800545c   Section       32  scanf2.o(x$fpl$scanf2)
    .constdata                               0x0800547c   Section       40  fgpmmopa6h.o(.constdata)
    x$fpl$usenofp                            0x0800547c   Section        0  usenofp.o(x$fpl$usenofp)
    GGA_Tag                                  0x0800547c   Data           7  fgpmmopa6h.o(.constdata)
    GSA_Tag                                  0x08005483   Data           7  fgpmmopa6h.o(.constdata)
    GSV_Tag                                  0x0800548a   Data           7  fgpmmopa6h.o(.constdata)
    RMC_Tag                                  0x08005491   Data           7  fgpmmopa6h.o(.constdata)
    VTG_Tag                                  0x08005498   Data           7  fgpmmopa6h.o(.constdata)
    .constdata                               0x080054a4   Section      128  ddiv.o(.constdata)
    ddiv_reciptbl                            0x080054a4   Data         128  ddiv.o(.constdata)
    .constdata                               0x08005524   Section       64  fdiv.o(.constdata)
    fdiv_tab                                 0x08005524   Data          64  fdiv.o(.constdata)
    .constdata                               0x08005568   Section      136  pow.o(.constdata)
    bp                                       0x08005568   Data          16  pow.o(.constdata)
    dp_h                                     0x08005578   Data          16  pow.o(.constdata)
    dp_l                                     0x08005588   Data          16  pow.o(.constdata)
    L                                        0x08005598   Data          48  pow.o(.constdata)
    P                                        0x080055c8   Data          40  pow.o(.constdata)
    .constdata                               0x080055f0   Section        8  qnan.o(.constdata)
    .constdata                               0x080055f8   Section      148  bigflt0.o(.constdata)
    tenpwrs_x                                0x080055f8   Data          60  bigflt0.o(.constdata)
    tenpwrs_i                                0x08005634   Data          64  bigflt0.o(.constdata)
    c$$dinf                                  0x080056ac   Section        8  fpconst.o(c$$dinf)
    locale$$data                             0x080056b4   Section       28  lc_numeric_c.o(locale$$data)
    __lcnum_c_name                           0x080056b8   Data           2  lc_numeric_c.o(locale$$data)
    __lcnum_c_start                          0x080056c0   Data           0  lc_numeric_c.o(locale$$data)
    __lcnum_c_point                          0x080056cc   Data           0  lc_numeric_c.o(locale$$data)
    __lcnum_c_thousands                      0x080056ce   Data           0  lc_numeric_c.o(locale$$data)
    __lcnum_c_grouping                       0x080056cf   Data           0  lc_numeric_c.o(locale$$data)
    locale$$data                             0x080056d0   Section      272  lc_ctype_c.o(locale$$data)
    __lcnum_c_end                            0x080056d0   Data           0  lc_numeric_c.o(locale$$data)
    __lcctype_c_name                         0x080056d4   Data           2  lc_ctype_c.o(locale$$data)
    __lcctype_c_start                        0x080056dc   Data           0  lc_ctype_c.o(locale$$data)
    __lcctype_c_end                          0x080057e0   Data           0  lc_ctype_c.o(locale$$data)
    .data                                    0x20000000   Section        4  i2c.o(.data)
    .data                                    0x20000004   Section        8  retarget.o(.data)
    .data                                    0x2000000c   Section        4  timing.o(.data)
    .data                                    0x20000010   Section        8  isk01a1.o(.data)
    .data                                    0x20000018   Section      133  fgpmmopa6h.o(.data)
    .data                                    0x200000a0   Section       29  system_stm32l0xx.o(.data)
    .data                                    0x200000c0   Section        4  strtok.o(.data)
    _strtok_saves1                           0x200000c0   Data           4  strtok.o(.data)
    .bss                                     0x200000c4   Section      868  fgpmmopa6h.o(.bss)
    .bss                                     0x20000428   Section       96  libspace.o(.bss)
    HEAP                                     0x20000488   Section      512  startup_stm32l053xx.o(HEAP)
    Heap_Mem                                 0x20000488   Data         512  startup_stm32l053xx.o(HEAP)
    STACK                                    0x20000688   Section     1024  startup_stm32l053xx.o(STACK)
    Stack_Mem                                0x20000688   Data        1024  startup_stm32l053xx.o(STACK)
    __initial_sp                             0x20000a88   Data           0  startup_stm32l053xx.o(STACK)

    Global Symbols

    Symbol Name                              Value     Ov Type        Size  Object(Section)

    BuildAttributes$$THM_ISAv3M$S$PE$A:L22$X:L11$S22$IEEE1$IW$USESV6$~STKCKD$USESV7$~SHL$OTIME$ROPI$IEEEX$EBA8$UX$STANDARDLIB$REQ8$PRES8$EABIv2 0x00000000   Number         0  anon$$obj.o ABSOLUTE
    __ARM_use_no_argv                        0x00000000   Number         0  intern_project.o ABSOLUTE
    __ARM_exceptions_init                     - Undefined Weak Reference
    __alloca_initialize                       - Undefined Weak Reference
    __arm_preinit_                            - Undefined Weak Reference
    __cpp_initialize__aeabi_                  - Undefined Weak Reference
    __cxa_finalize                            - Undefined Weak Reference
    __sigvec_lookup                           - Undefined Weak Reference
    _atexit_init                              - Undefined Weak Reference
    _call_atexit_fns                          - Undefined Weak Reference
    _clock_init                               - Undefined Weak Reference
    _fp_trap_init                             - Undefined Weak Reference
    _fp_trap_shutdown                         - Undefined Weak Reference
    _get_lc_collate                           - Undefined Weak Reference
    _get_lc_monetary                          - Undefined Weak Reference
    _get_lc_time                              - Undefined Weak Reference
    _getenv_init                              - Undefined Weak Reference
    _handle_redirection                       - Undefined Weak Reference
    _init_alloc                               - Undefined Weak Reference
    _init_user_alloc                          - Undefined Weak Reference
    _initio                                   - Undefined Weak Reference
    _printf_mbtowc                            - Undefined Weak Reference
    _printf_post_padding                      - Undefined Weak Reference
    _printf_pre_padding                       - Undefined Weak Reference
    _printf_truncate_signed                   - Undefined Weak Reference
    _printf_truncate_unsigned                 - Undefined Weak Reference
    _rand_init                                - Undefined Weak Reference
    _signal_finish                            - Undefined Weak Reference
    _signal_init                              - Undefined Weak Reference
    _terminate_alloc                          - Undefined Weak Reference
    _terminate_user_alloc                     - Undefined Weak Reference
    _terminateio                              - Undefined Weak Reference
    __Vectors_Size                           0x000000c0   Number         0  startup_stm32l053xx.o ABSOLUTE
    __Vectors                                0x08000000   Data           4  startup_stm32l053xx.o(RESET)
    __Vectors_End                            0x080000c0   Data           0  startup_stm32l053xx.o(RESET)
    __main                                   0x080000c1   Thumb Code     8  __main.o(!!!main)
    __scatterload                            0x080000c9   Thumb Code     0  __scatter.o(!!!scatter)
    __scatterload_rt2                        0x080000c9   Thumb Code    52  __scatter.o(!!!scatter)
    __scatterload_rt2_thumb_only             0x080000c9   Thumb Code     0  __scatter.o(!!!scatter)
    __scatterload_null                       0x080000d9   Thumb Code     0  __scatter.o(!!!scatter)
    __scatterload_copy                       0x08000105   Thumb Code    26  __scatter_copy.o(!!handler_copy)
    __scatterload_zeroinit                   0x08000121   Thumb Code    28  __scatter_zi.o(!!handler_zi)
    _printf_percent                          0x0800013d   Thumb Code     0  _printf_percent.o(.ARM.Collect$$_printf_percent$$00000000)
    _printf_f                                0x0800013f   Thumb Code     0  _printf_f.o(.ARM.Collect$$_printf_percent$$00000003)
    _printf_i                                0x08000149   Thumb Code     0  _printf_i.o(.ARM.Collect$$_printf_percent$$00000008)
    _printf_c                                0x08000153   Thumb Code     0  _printf_c.o(.ARM.Collect$$_printf_percent$$00000013)
    _printf_s                                0x0800015d   Thumb Code     0  _printf_s.o(.ARM.Collect$$_printf_percent$$00000014)
    _printf_percent_end                      0x08000167   Thumb Code     0  _printf_percent_end.o(.ARM.Collect$$_printf_percent$$00000017)
    __rt_lib_init                            0x0800016b   Thumb Code     0  libinit.o(.ARM.Collect$$libinit$$00000000)
    __rt_lib_init_fp_1                       0x0800016d   Thumb Code     0  libinit2.o(.ARM.Collect$$libinit$$00000002)
    __rt_lib_init_heap_1                     0x0800016d   Thumb Code     0  libinit2.o(.ARM.Collect$$libinit$$0000000A)
    __rt_lib_init_lc_common                  0x0800016d   Thumb Code     0  libinit2.o(.ARM.Collect$$libinit$$0000000F)
    __rt_lib_init_preinit_1                  0x0800016d   Thumb Code     0  libinit2.o(.ARM.Collect$$libinit$$00000004)
    __rt_lib_init_rand_1                     0x0800016d   Thumb Code     0  libinit2.o(.ARM.Collect$$libinit$$0000000E)
    __rt_lib_init_user_alloc_1               0x0800016d   Thumb Code     0  libinit2.o(.ARM.Collect$$libinit$$0000000C)
    __rt_lib_init_lc_collate_1               0x08000173   Thumb Code     0  libinit2.o(.ARM.Collect$$libinit$$00000011)
    __rt_lib_init_lc_ctype_2                 0x08000173   Thumb Code     0  libinit2.o(.ARM.Collect$$libinit$$00000012)
    __rt_lib_init_lc_ctype_1                 0x0800017f   Thumb Code     0  libinit2.o(.ARM.Collect$$libinit$$00000013)
    __rt_lib_init_lc_monetary_1              0x0800017f   Thumb Code     0  libinit2.o(.ARM.Collect$$libinit$$00000015)
    __rt_lib_init_lc_numeric_2               0x0800017f   Thumb Code     0  libinit2.o(.ARM.Collect$$libinit$$00000016)
    __rt_lib_init_alloca_1                   0x08000189   Thumb Code     0  libinit2.o(.ARM.Collect$$libinit$$0000002E)
    __rt_lib_init_argv_1                     0x08000189   Thumb Code     0  libinit2.o(.ARM.Collect$$libinit$$0000002C)
    __rt_lib_init_atexit_1                   0x08000189   Thumb Code     0  libinit2.o(.ARM.Collect$$libinit$$0000001B)
    __rt_lib_init_clock_1                    0x08000189   Thumb Code     0  libinit2.o(.ARM.Collect$$libinit$$00000021)
    __rt_lib_init_cpp_1                      0x08000189   Thumb Code     0  libinit2.o(.ARM.Collect$$libinit$$00000032)
    __rt_lib_init_exceptions_1               0x08000189   Thumb Code     0  libinit2.o(.ARM.Collect$$libinit$$00000030)
    __rt_lib_init_fp_trap_1                  0x08000189   Thumb Code     0  libinit2.o(.ARM.Collect$$libinit$$0000001F)
    __rt_lib_init_getenv_1                   0x08000189   Thumb Code     0  libinit2.o(.ARM.Collect$$libinit$$00000023)
    __rt_lib_init_lc_numeric_1               0x08000189   Thumb Code     0  libinit2.o(.ARM.Collect$$libinit$$00000017)
    __rt_lib_init_lc_time_1                  0x08000189   Thumb Code     0  libinit2.o(.ARM.Collect$$libinit$$00000019)
    __rt_lib_init_return                     0x08000189   Thumb Code     0  libinit2.o(.ARM.Collect$$libinit$$00000033)
    __rt_lib_init_signal_1                   0x08000189   Thumb Code     0  libinit2.o(.ARM.Collect$$libinit$$0000001D)
    __rt_lib_init_stdio_1                    0x08000189   Thumb Code     0  libinit2.o(.ARM.Collect$$libinit$$00000025)
    __rt_lib_shutdown                        0x0800018b   Thumb Code     0  libshutdown.o(.ARM.Collect$$libshutdown$$00000000)
    __rt_lib_shutdown_fp_trap_1              0x0800018d   Thumb Code     0  libshutdown2.o(.ARM.Collect$$libshutdown$$00000006)
    __rt_lib_shutdown_heap_1                 0x0800018d   Thumb Code     0  libshutdown2.o(.ARM.Collect$$libshutdown$$0000000E)
    __rt_lib_shutdown_return                 0x0800018d   Thumb Code     0  libshutdown2.o(.ARM.Collect$$libshutdown$$0000000F)
    __rt_lib_shutdown_signal_1               0x0800018d   Thumb Code     0  libshutdown2.o(.ARM.Collect$$libshutdown$$00000009)
    __rt_lib_shutdown_stdio_1                0x0800018d   Thumb Code     0  libshutdown2.o(.ARM.Collect$$libshutdown$$00000003)
    __rt_lib_shutdown_user_alloc_1           0x0800018d   Thumb Code     0  libshutdown2.o(.ARM.Collect$$libshutdown$$0000000B)
    __rt_entry                               0x0800018f   Thumb Code     0  __rtentry.o(.ARM.Collect$$rtentry$$00000000)
    __rt_entry_presh_1                       0x0800018f   Thumb Code     0  __rtentry2.o(.ARM.Collect$$rtentry$$00000002)
    __rt_entry_sh                            0x0800018f   Thumb Code     0  __rtentry4.o(.ARM.Collect$$rtentry$$00000004)
    __rt_entry_li                            0x08000195   Thumb Code     0  __rtentry2.o(.ARM.Collect$$rtentry$$0000000A)
    __rt_entry_postsh_1                      0x08000195   Thumb Code     0  __rtentry2.o(.ARM.Collect$$rtentry$$00000009)
    __rt_entry_main                          0x08000199   Thumb Code     0  __rtentry2.o(.ARM.Collect$$rtentry$$0000000D)
    __rt_entry_postli_1                      0x08000199   Thumb Code     0  __rtentry2.o(.ARM.Collect$$rtentry$$0000000C)
    __rt_exit                                0x080001a1   Thumb Code     0  rtexit.o(.ARM.Collect$$rtexit$$00000000)
    __rt_exit_ls                             0x080001a3   Thumb Code     0  rtexit2.o(.ARM.Collect$$rtexit$$00000003)
    __rt_exit_prels_1                        0x080001a3   Thumb Code     0  rtexit2.o(.ARM.Collect$$rtexit$$00000002)
    __rt_exit_exit                           0x080001a7   Thumb Code     0  rtexit2.o(.ARM.Collect$$rtexit$$00000004)
    Reset_Handler                            0x080001ad   Thumb Code     8  startup_stm32l053xx.o(.text)
    NMI_Handler                              0x080001b5   Thumb Code     2  startup_stm32l053xx.o(.text)
    HardFault_Handler                        0x080001b7   Thumb Code     2  startup_stm32l053xx.o(.text)
    SVC_Handler                              0x080001b9   Thumb Code     2  startup_stm32l053xx.o(.text)
    DebugMon_Handler                         0x080001bb   Thumb Code     2  startup_stm32l053xx.o(.text)
    PendSV_Handler                           0x080001bd   Thumb Code     2  startup_stm32l053xx.o(.text)
    ADC1_COMP_IRQHandler                     0x080001c1   Thumb Code     0  startup_stm32l053xx.o(.text)
    DMA1_Channel1_IRQHandler                 0x080001c1   Thumb Code     0  startup_stm32l053xx.o(.text)
    DMA1_Channel2_3_IRQHandler               0x080001c1   Thumb Code     0  startup_stm32l053xx.o(.text)
    DMA1_Channel4_5_6_7_IRQHandler           0x080001c1   Thumb Code     0  startup_stm32l053xx.o(.text)
    EXTI0_1_IRQHandler                       0x080001c1   Thumb Code     0  startup_stm32l053xx.o(.text)
    EXTI2_3_IRQHandler                       0x080001c1   Thumb Code     0  startup_stm32l053xx.o(.text)
    EXTI4_15_IRQHandler                      0x080001c1   Thumb Code     0  startup_stm32l053xx.o(.text)
    FLASH_IRQHandler                         0x080001c1   Thumb Code     0  startup_stm32l053xx.o(.text)
    I2C1_IRQHandler                          0x080001c1   Thumb Code     0  startup_stm32l053xx.o(.text)
    I2C2_IRQHandler                          0x080001c1   Thumb Code     0  startup_stm32l053xx.o(.text)
    LCD_IRQHandler                           0x080001c1   Thumb Code     0  startup_stm32l053xx.o(.text)
    LPTIM1_IRQHandler                        0x080001c1   Thumb Code     0  startup_stm32l053xx.o(.text)
    PVD_IRQHandler                           0x080001c1   Thumb Code     0  startup_stm32l053xx.o(.text)
    RCC_CRS_IRQHandler                       0x080001c1   Thumb Code     0  startup_stm32l053xx.o(.text)
    RNG_LPUART1_IRQHandler                   0x080001c1   Thumb Code     0  startup_stm32l053xx.o(.text)
    RTC_IRQHandler                           0x080001c1   Thumb Code     0  startup_stm32l053xx.o(.text)
    SPI1_IRQHandler                          0x080001c1   Thumb Code     0  startup_stm32l053xx.o(.text)
    SPI2_IRQHandler                          0x080001c1   Thumb Code     0  startup_stm32l053xx.o(.text)
    TIM21_IRQHandler                         0x080001c1   Thumb Code     0  startup_stm32l053xx.o(.text)
    TIM22_IRQHandler                         0x080001c1   Thumb Code     0  startup_stm32l053xx.o(.text)
    TIM2_IRQHandler                          0x080001c1   Thumb Code     0  startup_stm32l053xx.o(.text)
    TIM6_DAC_IRQHandler                      0x080001c1   Thumb Code     0  startup_stm32l053xx.o(.text)
    TSC_IRQHandler                           0x080001c1   Thumb Code     0  startup_stm32l053xx.o(.text)
    USART2_IRQHandler                        0x080001c1   Thumb Code     0  startup_stm32l053xx.o(.text)
    USB_IRQHandler                           0x080001c1   Thumb Code     0  startup_stm32l053xx.o(.text)
    WWDG_IRQHandler                          0x080001c1   Thumb Code     0  startup_stm32l053xx.o(.text)
    __user_initial_stackheap                 0x080001c5   Thumb Code     0  startup_stm32l053xx.o(.text)
    __I$use$semihosting                      0x080001e9   Thumb Code     0  use_no_semi.o(.text)
    __use_no_semihosting_swi                 0x080001e9   Thumb Code     2  use_no_semi.o(.text)
    __2printf                                0x080001ed   Thumb Code    22  noretval__2printf.o(.text)
    __2sprintf                               0x08000209   Thumb Code    36  noretval__2sprintf.o(.text)
    __printf                                 0x08000231   Thumb Code   108  __printf.o(.text)
    _printf_str                              0x0800029d   Thumb Code    82  _printf_str.o(.text)
    _printf_int_dec                          0x080002f1   Thumb Code    90  _printf_dec.o(.text)
    atoi                                     0x0800035d   Thumb Code    26  atoi.o(.text)
    strtok                                   0x08000379   Thumb Code    10  strtok.o(.text)
    strcpy                                   0x08000389   Thumb Code    70  strcpy.o(.text)
    strlen                                   0x080003d5   Thumb Code    62  strlen.o(.text)
    strncmp                                  0x08000419   Thumb Code   154  strncmp.o(.text)
    _memset_w                                0x080004b9   Thumb Code    26  rt_memclr.o(.text)
    _memset                                  0x080004d3   Thumb Code    30  rt_memclr.o(.text)
    __aeabi_memclr                           0x080004f1   Thumb Code     4  rt_memclr.o(.text)
    __rt_memclr                              0x080004f1   Thumb Code     0  rt_memclr.o(.text)
    __aeabi_memclr4                          0x080004f5   Thumb Code     0  rt_memclr.o(.text)
    __aeabi_memclr8                          0x080004f5   Thumb Code     0  rt_memclr.o(.text)
    __rt_memclr_w                            0x080004f5   Thumb Code     4  rt_memclr.o(.text)
    strncpy                                  0x080004f9   Thumb Code   104  strncpy.o(.text)
    strcmp                                   0x08000565   Thumb Code   132  strcmp.o(.text)
    __aeabi_uidiv                            0x080005ed   Thumb Code     0  aeabi_sdiv.o(.text)
    __aeabi_uidivmod                         0x080005ed   Thumb Code    20  aeabi_sdiv.o(.text)
    __aeabi_idiv                             0x08000601   Thumb Code     0  aeabi_sdiv.o(.text)
    __aeabi_idivmod                          0x08000601   Thumb Code   326  aeabi_sdiv.o(.text)
    __use_two_region_memory                  0x08000747   Thumb Code     2  heapauxi.o(.text)
    __rt_heap_escrow$2region                 0x08000749   Thumb Code     2  heapauxi.o(.text)
    __rt_heap_expand$2region                 0x0800074b   Thumb Code     2  heapauxi.o(.text)
    __aeabi_d2f                              0x0800074d   Thumb Code     0  d2f.o(.text)
    _d2f                                     0x0800074d   Thumb Code   120  d2f.o(.text)
    __aeabi_dadd                             0x08000ac1   Thumb Code     0  daddsub.o(.text)
    _dadd                                    0x08000ac1   Thumb Code    26  daddsub.o(.text)
    __aeabi_dsub                             0x08000adb   Thumb Code     0  daddsub.o(.text)
    _dsub                                    0x08000adb   Thumb Code    22  daddsub.o(.text)
    __aeabi_drsub                            0x08000af1   Thumb Code     0  daddsub.o(.text)
    _drsb                                    0x08000af1   Thumb Code    28  daddsub.o(.text)
    __aeabi_ddiv                             0x08000b21   Thumb Code     0  ddiv.o(.text)
    _ddiv                                    0x08000b21   Thumb Code  1072  ddiv.o(.text)
    _drdiv                                   0x08000f51   Thumb Code    20  ddiv.o(.text)
    __aeabi_dmul                             0x08000f69   Thumb Code     0  dmul.o(.text)
    _dmul                                    0x08000f69   Thumb Code   558  dmul.o(.text)
    __aeabi_f2d                              0x080011b1   Thumb Code     0  f2d.o(.text)
    _f2d                                     0x080011b1   Thumb Code    80  f2d.o(.text)
    __aeabi_fdiv                             0x08001205   Thumb Code     0  fdiv.o(.text)
    _fdiv                                    0x08001205   Thumb Code   334  fdiv.o(.text)
    _frdiv                                   0x08001353   Thumb Code     8  fdiv.o(.text)
    __aeabi_i2f_normalise                    0x08001365   Thumb Code    72  fflti.o(.text)
    __aeabi_i2f                              0x080013ad   Thumb Code    16  fflti.o(.text)
    _fflt                                    0x080013ad   Thumb Code     0  fflti.o(.text)
    __aeabi_ui2f                             0x080013bd   Thumb Code     6  fflti.o(.text)
    _ffltu                                   0x080013bd   Thumb Code     0  fflti.o(.text)
    __aeabi_errno_addr                       0x080013c5   Thumb Code     8  rt_errno_addr_intlibspace.o(.text)
    __errno$intlibspace                      0x080013c5   Thumb Code     0  rt_errno_addr_intlibspace.o(.text)
    __rt_errno_addr$intlibspace              0x080013c5   Thumb Code     0  rt_errno_addr_intlibspace.o(.text)
    __read_errno                             0x080013cd   Thumb Code    10  _rserrno.o(.text)
    __set_errno                              0x080013d7   Thumb Code    12  _rserrno.o(.text)
    _printf_int_common                       0x080013e3   Thumb Code   176  _printf_intcommon.o(.text)
    __lib_sel_fp_printf                      0x08001495   Thumb Code     2  _printf_fp_dec.o(.text)
    _printf_fp_dec_real                      0x0800162f   Thumb Code   620  _printf_fp_dec.o(.text)
    _printf_char_common                      0x080018b3   Thumb Code    32  _printf_char_common.o(.text)
    _sputc                                   0x080018d9   Thumb Code    10  _sputc.o(.text)
    _printf_cs_common                        0x080018e3   Thumb Code    22  _printf_char.o(.text)
    _printf_char                             0x080018f9   Thumb Code    16  _printf_char.o(.text)
    _printf_string                           0x08001909   Thumb Code     8  _printf_char.o(.text)
    _printf_char_file                        0x08001911   Thumb Code    34  _printf_char_file.o(.text)
    __strtod_int                             0x08001975   Thumb Code    92  strtod.o(.text)
    strtol                                   0x080019e1   Thumb Code   108  strtol.o(.text)
    __strtok_internal                        0x08001a51   Thumb Code    66  strtok_int.o(.text)
    __rt_udiv10                              0x08001a99   Thumb Code    40  rtudiv10.o(.text)
    __aeabi_i2d_normalise                    0x08001ac1   Thumb Code    66  dflti.o(.text)
    __aeabi_i2d                              0x08001b03   Thumb Code    16  dflti.o(.text)
    _dflt                                    0x08001b03   Thumb Code     0  dflti.o(.text)
    __aeabi_ui2d                             0x08001b13   Thumb Code     6  dflti.o(.text)
    _dfltu                                   0x08001b13   Thumb Code     0  dflti.o(.text)
    __ARM_scalbn                             0x08001b19   Thumb Code    84  dscalbn.o(.text)
    __user_libspace                          0x08001b79   Thumb Code     8  libspace.o(.text)
    __user_perproc_libspace                  0x08001b79   Thumb Code     0  libspace.o(.text)
    __user_perthread_libspace                0x08001b79   Thumb Code     0  libspace.o(.text)
    __rt_ctype_table                         0x08001b81   Thumb Code    16  rt_ctype_table.o(.text)
    __rt_locale                              0x08001b91   Thumb Code     8  rt_locale_intlibspace.o(.text)
    _ll_udiv10                               0x08001b99   Thumb Code   122  lludiv10.o(.text)
    isspace                                  0x08001c13   Thumb Code    18  isspace.o(.text)
    _printf_fp_infnan                        0x08001c25   Thumb Code   120  _printf_fp_infnan.o(.text)
    _sgetc                                   0x08001cad   Thumb Code    32  _sgetc.o(.text)
    _sbackspace                              0x08001ccd   Thumb Code    36  _sgetc.o(.text)
    _strtoul                                 0x08001cf1   Thumb Code   166  _strtoul.o(.text)
    _btod_etento                             0x08001d99   Thumb Code   196  bigflt0.o(.text)
    _btod_d2e                                0x08001e61   Thumb Code    64  btod.o(.text)
    _btod_emul                               0x08002257   Thumb Code    24  btod.o(.text)
    _btod_emuld                              0x0800226f   Thumb Code    60  btod.o(.text)
    _btod_ediv                               0x080022ab   Thumb Code    22  btod.o(.text)
    _btod_edivd                              0x080022c1   Thumb Code    60  btod.o(.text)
    strcspn                                  0x08002309   Thumb Code    34  strcspn.o(.text)
    strspn                                   0x0800232b   Thumb Code    32  strspn.o(.text)
    __fpl_dcmp_InfNaN                        0x0800234d   Thumb Code   140  dcmpin.o(.text)
    _dsqrt                                   0x080023dd   Thumb Code   248  dsqrt.o(.text)
    __user_setup_stackheap                   0x080024dd   Thumb Code    62  sys_stackheap_outer.o(.text)
    _chval                                   0x0800251b   Thumb Code    30  _chval.o(.text)
    _scanf_really_real                       0x08002747   Thumb Code   706  scanf_fp.o(.text)
    exit                                     0x08002a09   Thumb Code    12  exit.o(.text)
    __fpl_cmpreturn                          0x08002a15   Thumb Code    44  cmpret.o(.text)
    __fpl_dcheck_NaN2                        0x08002a45   Thumb Code    14  dnan2.o(.text)
    __aeabi_lmul                             0x08002a59   Thumb Code    48  llmul.o(.text)
    _ll_mul                                  0x08002a59   Thumb Code     0  llmul.o(.text)
    __fpl_return_NaN                         0x08002a89   Thumb Code    94  retnan.o(.text)
    _scanf_really_hex_real                   0x08002ae9   Thumb Code   796  scanf_hexfp.o(.text)
    _scanf_really_infnan                     0x08002e11   Thumb Code   300  scanf_infnan.o(.text)
    __aeabi_llsl                             0x08002f4d   Thumb Code    32  llshl.o(.text)
    _ll_shift_l                              0x08002f4d   Thumb Code     0  llshl.o(.text)
    ADC_Init                                 0x08002f6d   Thumb Code   106  adc.o(i.ADC_Init)
    Button_Initialize                        0x08002fe1   Thumb Code    20  gpio.o(i.Button_Initialize)
    FGPMMOPA6H_Get_GGA_Altitude              0x08002ff5   Thumb Code    54  fgpmmopa6h.o(i.FGPMMOPA6H_Get_GGA_Altitude)
    FGPMMOPA6H_Get_GPS_Data                  0x08003041   Thumb Code   144  fgpmmopa6h.o(i.FGPMMOPA6H_Get_GPS_Data)
    FGPMMOPA6H_Get_RMC_Date                  0x0800314d   Thumb Code    66  fgpmmopa6h.o(i.FGPMMOPA6H_Get_RMC_Date)
    FGPMMOPA6H_Get_RMC_Ground_Speed          0x080031a5   Thumb Code    44  fgpmmopa6h.o(i.FGPMMOPA6H_Get_RMC_Ground_Speed)
    FGPMMOPA6H_Get_RMC_Latitude              0x080031dd   Thumb Code    80  fgpmmopa6h.o(i.FGPMMOPA6H_Get_RMC_Latitude)
    FGPMMOPA6H_Get_RMC_Longitude             0x08003241   Thumb Code    80  fgpmmopa6h.o(i.FGPMMOPA6H_Get_RMC_Longitude)
    FGPMMOPA6H_Get_RMC_Status                0x080032a5   Thumb Code    34  fgpmmopa6h.o(i.FGPMMOPA6H_Get_RMC_Status)
    FGPMMOPA6H_Get_RMC_UTC_Time              0x080032d5   Thumb Code    78  fgpmmopa6h.o(i.FGPMMOPA6H_Get_RMC_UTC_Time)
    FGPMMOPA6H_Init                          0x08003339   Thumb Code    28  fgpmmopa6h.o(i.FGPMMOPA6H_Init)
    FGPMMOPA6H_Parse_GGA                     0x080033e5   Thumb Code   224  fgpmmopa6h.o(i.FGPMMOPA6H_Parse_GGA)
    FGPMMOPA6H_Parse_RMC_Data                0x080034d5   Thumb Code   184  fgpmmopa6h.o(i.FGPMMOPA6H_Parse_RMC_Data)
    HTS221_Init                              0x0800359d   Thumb Code    56  hts221.o(i.HTS221_Init)
    I2C_Init                                 0x080035d9   Thumb Code    96  i2c.o(i.I2C_Init)
    I2C_Read_Reg                             0x08003649   Thumb Code   182  i2c.o(i.I2C_Read_Reg)
    I2C_Write_Reg                            0x08003709   Thumb Code   156  i2c.o(i.I2C_Write_Reg)
    ISK01A1_Get_Acceleration_X               0x080037a9   Thumb Code    14  isk01a1.o(i.ISK01A1_Get_Acceleration_X)
    ISK01A1_Get_Altitude                     0x080037b9   Thumb Code   144  isk01a1.o(i.ISK01A1_Get_Altitude)
    ISK01A1_Init                             0x08003875   Thumb Code   136  isk01a1.o(i.ISK01A1_Init)
    Initialize_Port_A                        0x08003a4d   Thumb Code   108  gpio.o(i.Initialize_Port_A)
    Initialize_Port_C                        0x08003abd   Thumb Code    80  gpio.o(i.Initialize_Port_C)
    LED_Init                                 0x08003b15   Thumb Code    20  gpio.o(i.LED_Init)
    LIS3MDL_Init                             0x08003b29   Thumb Code    74  lis3mdl.o(i.LIS3MDL_Init)
    LPS25HB_Init                             0x08003b79   Thumb Code    54  lps25hb.o(i.LPS25HB_Init)
    LPS25HB_Pressure_Read                    0x08003bb5   Thumb Code   144  lps25hb.o(i.LPS25HB_Pressure_Read)
    LSM6DS0_Init                             0x08003c49   Thumb Code    54  lsm6ds0.o(i.LSM6DS0_Init)
    LSM6DS0_X_Acceleration_Read              0x08003c85   Thumb Code    92  lsm6ds0.o(i.LSM6DS0_X_Acceleration_Read)
    QuadCopter_Altitude                      0x08003dd9   Thumb Code    28  isk01a1.o(i.QuadCopter_Altitude)
    SER_Initialize                           0x08003df9   Thumb Code   104  serial.o(i.SER_Initialize)
    SER_PutChar                              0x08003e6d   Thumb Code    22  serial.o(i.SER_PutChar)
    SysTick_Handler                          0x08003e89   Thumb Code    12  timing.o(i.SysTick_Handler)
    SystemCoreClockInit                      0x08003e99   Thumb Code   236  timing.o(i.SystemCoreClockInit)
    SystemCoreClockUpdate                    0x08003f91   Thumb Code   230  system_stm32l0xx.o(i.SystemCoreClockUpdate)
    SystemInit                               0x08004091   Thumb Code    88  system_stm32l0xx.o(i.SystemInit)
    USART1_IRQHandler                        0x080040f9   Thumb Code   226  fgpmmopa6h.o(i.USART1_IRQHandler)
    USART1_Init                              0x0800421d   Thumb Code   186  fgpmmopa6h.o(i.USART1_Init)
    USART1_PutChar                           0x080042e9   Thumb Code    22  fgpmmopa6h.o(i.USART1_PutChar)
    USART1_Send                              0x08004305   Thumb Code    30  fgpmmopa6h.o(i.USART1_Send)
    __ARM_common_ll_muluu                    0x08004323   Thumb Code    48  btod.o(i.__ARM_common_ll_muluu)
    __ARM_fpclassify                         0x08004355   Thumb Code    40  fpclassify.o(i.__ARM_fpclassify)
    __kernel_poly                            0x08004381   Thumb Code   172  poly.o(i.__kernel_poly)
    __mathlib_dbl_divzero                    0x0800442d   Thumb Code    16  dunder.o(i.__mathlib_dbl_divzero)
    __mathlib_dbl_infnan2                    0x08004441   Thumb Code     8  dunder.o(i.__mathlib_dbl_infnan2)
    __mathlib_dbl_invalid                    0x08004449   Thumb Code    16  dunder.o(i.__mathlib_dbl_invalid)
    __mathlib_dbl_overflow                   0x08004459   Thumb Code    16  dunder.o(i.__mathlib_dbl_overflow)
    __mathlib_dbl_underflow                  0x0800446d   Thumb Code    14  dunder.o(i.__mathlib_dbl_underflow)
    __mathlib_narrow                         0x08004481   Thumb Code    16  narrow.o(i.__mathlib_narrow)
    __mathlib_tofloat                        0x08004491   Thumb Code   130  narrow.o(i.__mathlib_tofloat)
    __support_ldexp                          0x0800451d   Thumb Code    20  ldexp.o(i.__support_ldexp)
    _is_digit                                0x08004531   Thumb Code    14  __printf_wp.o(i._is_digit)
    _sys_exit                                0x0800453f   Thumb Code     4  retarget.o(i._sys_exit)
    atof                                     0x08004543   Thumb Code    42  atof.o(i.atof)
    ferror                                   0x0800456d   Thumb Code     8  retarget.o(i.ferror)
    fputc                                    0x08004575   Thumb Code    14  retarget.o(i.fputc)
    frexp                                    0x08004585   Thumb Code    72  frexp.o(i.frexp)
    ldexp                                    0x080045dd   Thumb Code   112  ldexp.o(i.ldexp)
    main                                     0x0800464d   Thumb Code   164  intern_project.o(i.main)
    pow                                      0x08004745   Thumb Code  2428  pow.o(i.pow)
    sqrt                                     0x080050c5   Thumb Code    66  sqrt.o(i.sqrt)
    _get_lc_numeric                          0x0800510d   Thumb Code    44  lc_numeric_c.o(locale$$code)
    _get_lc_ctype                            0x08005139   Thumb Code    44  lc_ctype_c.o(locale$$code)
    __aeabi_cdcmpeq                          0x08005165   Thumb Code     0  deqf.o(x$fpl$deqf)
    _dcmpeq                                  0x08005165   Thumb Code    94  deqf.o(x$fpl$deqf)
    __aeabi_cdrcmple                         0x080051c9   Thumb Code     0  drlef.o(x$fpl$drleqf)
    _drcmple                                 0x080051c9   Thumb Code   100  drlef.o(x$fpl$drleqf)
    __aeabi_fadd                             0x08005231   Thumb Code     0  faddsub.o(x$fpl$fadd)
    _fadd                                    0x08005231   Thumb Code   134  faddsub.o(x$fpl$fadd)
    __aeabi_fmul                             0x080052bd   Thumb Code     0  fmul.o(x$fpl$fmul)
    _fmul                                    0x080052bd   Thumb Code   172  fmul.o(x$fpl$fmul)
    __aeabi_fsub                             0x0800536d   Thumb Code     0  faddsub.o(x$fpl$fsub)
    _fsub                                    0x0800536d   Thumb Code   204  faddsub.o(x$fpl$fsub)
    _printf_fp_dec                           0x0800543d   Thumb Code    16  printf1.o(x$fpl$printf1)
    _scanf_real                              0x0800544d   Thumb Code    16  scanf1.o(x$fpl$scanf1)
    _scanf_hex_real                          0x0800545d   Thumb Code    16  scanf2.o(x$fpl$scanf2)
    _scanf_infnan                            0x0800546d   Thumb Code    16  scanf2.o(x$fpl$scanf2)
    __I$use$fp                               0x0800547c   Number         0  usenofp.o(x$fpl$usenofp)
    NMEA_LENGTH                              0x080054a0   Data           4  fgpmmopa6h.o(.constdata)
    __mathlib_zero                           0x080055f0   Data           8  qnan.o(.constdata)
    Region$$Table$$Base                      0x0800568c   Number         0  anon$$obj.o(Region$$Table)
    Region$$Table$$Limit                     0x080056ac   Number         0  anon$$obj.o(Region$$Table)
    __aeabi_HUGE_VAL                         0x080056ac   Data           0  fpconst.o(c$$dinf)
    __aeabi_HUGE_VALL                        0x080056ac   Data           0  fpconst.o(c$$dinf)
    __aeabi_INFINITY                         0x080056ac   Data           0  fpconst.o(c$$dinf)
    __dInf                                   0x080056ac   Data           0  fpconst.o(c$$dinf)
    __huge_val                               0x080056ac   Data           0  fpconst.o(c$$dinf)
    __ctype                                  0x080056dd   Data           0  lc_ctype_c.o(locale$$data)
    I2C1_RX_Data                             0x20000000   Data           4  i2c.o(.data)
    __stdout                                 0x20000004   Data           4  retarget.o(.data)
    __stdin                                  0x20000008   Data           4  retarget.o(.data)
    msTicks                                  0x2000000c   Data           4  timing.o(.data)
    Pressure                                 0x20000010   Data           8  isk01a1.o(.data)
    CharIndex                                0x20000018   Data           4  fgpmmopa6h.o(.data)
    Rx_Data                                  0x2000001c   Data         128  fgpmmopa6h.o(.data)
    Transmission_In_Progress                 0x2000009c   Data           1  fgpmmopa6h.o(.data)
    SystemCoreClock                          0x200000a0   Data           4  system_stm32l0xx.o(.data)
    AHBPrescTable                            0x200000a4   Data          16  system_stm32l0xx.o(.data)
    PLLMulTable                              0x200000b4   Data           9  system_stm32l0xx.o(.data)
    GGA_Message                              0x200000c4   Data         128  fgpmmopa6h.o(.bss)
    GSA_Message                              0x20000144   Data         128  fgpmmopa6h.o(.bss)
    GSV_Message                              0x200001c4   Data         128  fgpmmopa6h.o(.bss)
    RMC_Message                              0x20000244   Data         128  fgpmmopa6h.o(.bss)
    VTG_Message                              0x200002c4   Data         128  fgpmmopa6h.o(.bss)
    RMC                                      0x20000344   Data          76  fgpmmopa6h.o(.bss)
    GPS                                      0x20000390   Data          68  fgpmmopa6h.o(.bss)
    GGA                                      0x200003d4   Data          84  fgpmmopa6h.o(.bss)
    __libspace_start                         0x20000428   Data          96  libspace.o(.bss)
    __temporary_stack_top$libspace           0x20000488   Data           0  libspace.o(.bss)



==============================================================================

Memory Map of the image

  Image Entry point : 0x080000c1

  Load Region LR_IROM1 (Base: 0x08000000, Size: 0x000058a4, Max: 0x00010000, ABSOLUTE)

    Execution Region ER_IROM1 (Base: 0x08000000, Size: 0x000057e0, Max: 0x00010000, ABSOLUTE)

    Base Addr    Size         Type   Attr      Idx    E Section Name        Object

    0x08000000   0x000000c0   Data   RO          796    RESET               startup_stm32l053xx.o
    0x080000c0   0x00000008   Code   RO          921  * !!!main             c_p.l(__main.o)
    0x080000c8   0x0000003c   Code   RO         1282    !!!scatter          c_p.l(__scatter.o)
    0x08000104   0x0000001a   Code   RO         1284    !!handler_copy      c_p.l(__scatter_copy.o)
    0x0800011e   0x00000002   PAD
    0x08000120   0x0000001c   Code   RO         1286    !!handler_zi        c_p.l(__scatter_zi.o)
    0x0800013c   0x00000002   Code   RO          897    .ARM.Collect$$_printf_percent$$00000000  c_p.l(_printf_percent.o)
    0x0800013e   0x0000000a   Code   RO          896    .ARM.Collect$$_printf_percent$$00000003  c_p.l(_printf_f.o)
    0x08000148   0x0000000a   Code   RO          895    .ARM.Collect$$_printf_percent$$00000008  c_p.l(_printf_i.o)
    0x08000152   0x0000000a   Code   RO          892    .ARM.Collect$$_printf_percent$$00000013  c_p.l(_printf_c.o)
    0x0800015c   0x0000000a   Code   RO          893    .ARM.Collect$$_printf_percent$$00000014  c_p.l(_printf_s.o)
    0x08000166   0x00000004   Code   RO          987    .ARM.Collect$$_printf_percent$$00000017  c_p.l(_printf_percent_end.o)
    0x0800016a   0x00000002   Code   RO         1114    .ARM.Collect$$libinit$$00000000  c_p.l(libinit.o)
    0x0800016c   0x00000000   Code   RO         1116    .ARM.Collect$$libinit$$00000002  c_p.l(libinit2.o)
    0x0800016c   0x00000000   Code   RO         1118    .ARM.Collect$$libinit$$00000004  c_p.l(libinit2.o)
    0x0800016c   0x00000000   Code   RO         1121    .ARM.Collect$$libinit$$0000000A  c_p.l(libinit2.o)
    0x0800016c   0x00000000   Code   RO         1123    .ARM.Collect$$libinit$$0000000C  c_p.l(libinit2.o)
    0x0800016c   0x00000000   Code   RO         1125    .ARM.Collect$$libinit$$0000000E  c_p.l(libinit2.o)
    0x0800016c   0x00000006   Code   RO         1126    .ARM.Collect$$libinit$$0000000F  c_p.l(libinit2.o)
    0x08000172   0x00000000   Code   RO         1128    .ARM.Collect$$libinit$$00000011  c_p.l(libinit2.o)
    0x08000172   0x0000000c   Code   RO         1129    .ARM.Collect$$libinit$$00000012  c_p.l(libinit2.o)
    0x0800017e   0x00000000   Code   RO         1130    .ARM.Collect$$libinit$$00000013  c_p.l(libinit2.o)
    0x0800017e   0x00000000   Code   RO         1132    .ARM.Collect$$libinit$$00000015  c_p.l(libinit2.o)
    0x0800017e   0x0000000a   Code   RO         1133    .ARM.Collect$$libinit$$00000016  c_p.l(libinit2.o)
    0x08000188   0x00000000   Code   RO         1134    .ARM.Collect$$libinit$$00000017  c_p.l(libinit2.o)
    0x08000188   0x00000000   Code   RO         1136    .ARM.Collect$$libinit$$00000019  c_p.l(libinit2.o)
    0x08000188   0x00000000   Code   RO         1138    .ARM.Collect$$libinit$$0000001B  c_p.l(libinit2.o)
    0x08000188   0x00000000   Code   RO         1140    .ARM.Collect$$libinit$$0000001D  c_p.l(libinit2.o)
    0x08000188   0x00000000   Code   RO         1142    .ARM.Collect$$libinit$$0000001F  c_p.l(libinit2.o)
    0x08000188   0x00000000   Code   RO         1144    .ARM.Collect$$libinit$$00000021  c_p.l(libinit2.o)
    0x08000188   0x00000000   Code   RO         1146    .ARM.Collect$$libinit$$00000023  c_p.l(libinit2.o)
    0x08000188   0x00000000   Code   RO         1148    .ARM.Collect$$libinit$$00000025  c_p.l(libinit2.o)
    0x08000188   0x00000000   Code   RO         1152    .ARM.Collect$$libinit$$0000002C  c_p.l(libinit2.o)
    0x08000188   0x00000000   Code   RO         1154    .ARM.Collect$$libinit$$0000002E  c_p.l(libinit2.o)
    0x08000188   0x00000000   Code   RO         1156    .ARM.Collect$$libinit$$00000030  c_p.l(libinit2.o)
    0x08000188   0x00000000   Code   RO         1158    .ARM.Collect$$libinit$$00000032  c_p.l(libinit2.o)
    0x08000188   0x00000002   Code   RO         1159    .ARM.Collect$$libinit$$00000033  c_p.l(libinit2.o)
    0x0800018a   0x00000002   Code   RO         1235    .ARM.Collect$$libshutdown$$00000000  c_p.l(libshutdown.o)
    0x0800018c   0x00000000   Code   RO         1267    .ARM.Collect$$libshutdown$$00000003  c_p.l(libshutdown2.o)
    0x0800018c   0x00000000   Code   RO         1270    .ARM.Collect$$libshutdown$$00000006  c_p.l(libshutdown2.o)
    0x0800018c   0x00000000   Code   RO         1273    .ARM.Collect$$libshutdown$$00000009  c_p.l(libshutdown2.o)
    0x0800018c   0x00000000   Code   RO         1275    .ARM.Collect$$libshutdown$$0000000B  c_p.l(libshutdown2.o)
    0x0800018c   0x00000000   Code   RO         1278    .ARM.Collect$$libshutdown$$0000000E  c_p.l(libshutdown2.o)
    0x0800018c   0x00000002   Code   RO         1279    .ARM.Collect$$libshutdown$$0000000F  c_p.l(libshutdown2.o)
    0x0800018e   0x00000000   Code   RO          963    .ARM.Collect$$rtentry$$00000000  c_p.l(__rtentry.o)
    0x0800018e   0x00000000   Code   RO         1034    .ARM.Collect$$rtentry$$00000002  c_p.l(__rtentry2.o)
    0x0800018e   0x00000006   Code   RO         1046    .ARM.Collect$$rtentry$$00000004  c_p.l(__rtentry4.o)
    0x08000194   0x00000000   Code   RO         1036    .ARM.Collect$$rtentry$$00000009  c_p.l(__rtentry2.o)
    0x08000194   0x00000004   Code   RO         1037    .ARM.Collect$$rtentry$$0000000A  c_p.l(__rtentry2.o)
    0x08000198   0x00000000   Code   RO         1039    .ARM.Collect$$rtentry$$0000000C  c_p.l(__rtentry2.o)
    0x08000198   0x00000008   Code   RO         1040    .ARM.Collect$$rtentry$$0000000D  c_p.l(__rtentry2.o)
    0x080001a0   0x00000002   Code   RO         1165    .ARM.Collect$$rtexit$$00000000  c_p.l(rtexit.o)
    0x080001a2   0x00000000   Code   RO         1197    .ARM.Collect$$rtexit$$00000002  c_p.l(rtexit2.o)
    0x080001a2   0x00000004   Code   RO         1198    .ARM.Collect$$rtexit$$00000003  c_p.l(rtexit2.o)
    0x080001a6   0x00000006   Code   RO         1199    .ARM.Collect$$rtexit$$00000004  c_p.l(rtexit2.o)
    0x080001ac   0x0000003c   Code   RO          797    .text               startup_stm32l053xx.o
    0x080001e8   0x00000002   Code   RO          835    .text               c_p.l(use_no_semi.o)
    0x080001ea   0x00000002   PAD
    0x080001ec   0x0000001c   Code   RO          841    .text               c_p.l(noretval__2printf.o)
    0x08000208   0x00000028   Code   RO          843    .text               c_p.l(noretval__2sprintf.o)
    0x08000230   0x0000006c   Code   RO          845    .text               c_p.l(__printf.o)
    0x0800029c   0x00000052   Code   RO          847    .text               c_p.l(_printf_str.o)
    0x080002ee   0x00000002   PAD
    0x080002f0   0x0000006c   Code   RO          849    .text               c_p.l(_printf_dec.o)
    0x0800035c   0x0000001a   Code   RO          898    .text               c_p.l(atoi.o)
    0x08000376   0x00000002   PAD
    0x08000378   0x00000010   Code   RO          900    .text               c_p.l(strtok.o)
    0x08000388   0x0000004c   Code   RO          903    .text               c_p.l(strcpy.o)
    0x080003d4   0x00000044   Code   RO          905    .text               c_p.l(strlen.o)
    0x08000418   0x000000a0   Code   RO          907    .text               c_p.l(strncmp.o)
    0x080004b8   0x00000040   Code   RO          909    .text               c_p.l(rt_memclr.o)
    0x080004f8   0x0000006c   Code   RO          911    .text               c_p.l(strncpy.o)
    0x08000564   0x00000088   Code   RO          913    .text               c_p.l(strcmp.o)
    0x080005ec   0x0000015a   Code   RO          915    .text               c_p.l(aeabi_sdiv.o)
    0x08000746   0x00000006   Code   RO          919    .text               c_p.l(heapauxi.o)
    0x0800074c   0x0000007c   Code   RO          923    .text               fz_ps.l(d2f.o)
    0x080007c8   0x00000358   Code   RO          925    .text               fz_ps.l(daddsub.o)
    0x08000b20   0x00000448   Code   RO          927    .text               fz_ps.l(ddiv.o)
    0x08000f68   0x00000248   Code   RO          930    .text               fz_ps.l(dmul.o)
    0x080011b0   0x00000054   Code   RO          932    .text               fz_ps.l(f2d.o)
    0x08001204   0x00000160   Code   RO          940    .text               fz_ps.l(fdiv.o)
    0x08001364   0x0000005e   Code   RO          943    .text               fz_ps.l(fflti.o)
    0x080013c2   0x00000002   PAD
    0x080013c4   0x00000008   Code   RO          971    .text               c_p.l(rt_errno_addr_intlibspace.o)
    0x080013cc   0x00000016   Code   RO          973    .text               c_p.l(_rserrno.o)
    0x080013e2   0x000000b0   Code   RO          975    .text               c_p.l(_printf_intcommon.o)
    0x08001492   0x00000002   PAD
    0x08001494   0x00000414   Code   RO          977    .text               c_p.l(_printf_fp_dec.o)
    0x080018a8   0x00000030   Code   RO          979    .text               c_p.l(_printf_char_common.o)
    0x080018d8   0x0000000a   Code   RO          981    .text               c_p.l(_sputc.o)
    0x080018e2   0x0000002e   Code   RO          983    .text               c_p.l(_printf_char.o)
    0x08001910   0x00000028   Code   RO          985    .text               c_p.l(_printf_char_file.o)
    0x08001938   0x000000a8   Code   RO          988    .text               c_p.l(strtod.o)
    0x080019e0   0x00000070   Code   RO          990    .text               c_p.l(strtol.o)
    0x08001a50   0x00000048   Code   RO          992    .text               c_p.l(strtok_int.o)
    0x08001a98   0x00000028   Code   RO          994    .text               c_p.l(rtudiv10.o)
    0x08001ac0   0x00000058   Code   RO          996    .text               fz_ps.l(dflti.o)
    0x08001b18   0x00000060   Code   RO         1000    .text               fz_ps.l(dscalbn.o)
    0x08001b78   0x00000008   Code   RO         1030    .text               c_p.l(libspace.o)
    0x08001b80   0x00000010   Code   RO         1048    .text               c_p.l(rt_ctype_table.o)
    0x08001b90   0x00000008   Code   RO         1055    .text               c_p.l(rt_locale_intlibspace.o)
    0x08001b98   0x0000007a   Code   RO         1057    .text               c_p.l(lludiv10.o)
    0x08001c12   0x00000012   Code   RO         1059    .text               c_p.l(isspace.o)
    0x08001c24   0x00000088   Code   RO         1061    .text               c_p.l(_printf_fp_infnan.o)
    0x08001cac   0x00000044   Code   RO         1065    .text               c_p.l(_sgetc.o)
    0x08001cf0   0x000000a6   Code   RO         1067    .text               c_p.l(_strtoul.o)
    0x08001d96   0x00000002   PAD
    0x08001d98   0x000000c8   Code   RO         1069    .text               c_p.l(bigflt0.o)
    0x08001e60   0x000004a8   Code   RO         1072    .text               c_p.l(btod.o)
    0x08002308   0x00000022   Code   RO         1079    .text               c_p.l(strcspn.o)
    0x0800232a   0x00000020   Code   RO         1081    .text               c_p.l(strspn.o)
    0x0800234a   0x00000002   PAD
    0x0800234c   0x00000090   Code   RO         1083    .text               fz_ps.l(dcmpin.o)
    0x080023dc   0x00000100   Code   RO         1087    .text               fz_ps.l(dsqrt.o)
    0x080024dc   0x0000003e   Code   RO         1093    .text               c_p.l(sys_stackheap_outer.o)
    0x0800251a   0x0000001e   Code   RO         1096    .text               c_p.l(_chval.o)
    0x08002538   0x000004d0   Code   RO         1098    .text               c_p.l(scanf_fp.o)
    0x08002a08   0x0000000c   Code   RO         1103    .text               c_p.l(exit.o)
    0x08002a14   0x00000030   Code   RO         1160    .text               fz_ps.l(cmpret.o)
    0x08002a44   0x00000014   Code   RO         1162    .text               fz_ps.l(dnan2.o)
    0x08002a58   0x00000030   Code   RO         1169    .text               c_p.l(llmul.o)
    0x08002a88   0x0000005e   Code   RO         1182    .text               fz_ps.l(retnan.o)
    0x08002ae6   0x00000002   PAD
    0x08002ae8   0x00000328   Code   RO         1203    .text               c_p.l(scanf_hexfp.o)
    0x08002e10   0x0000013c   Code   RO         1205    .text               c_p.l(scanf_infnan.o)
    0x08002f4c   0x00000020   Code   RO         1225    .text               c_p.l(llshl.o)
    0x08002f6c   0x00000074   Code   RO           80    i.ADC_Init          adc.o
    0x08002fe0   0x00000014   Code   RO          125    i.Button_Initialize  gpio.o
    0x08002ff4   0x0000004c   Code   RO          661    i.FGPMMOPA6H_Get_GGA_Altitude  fgpmmopa6h.o
    0x08003040   0x0000010c   Code   RO          662    i.FGPMMOPA6H_Get_GPS_Data  fgpmmopa6h.o
    0x0800314c   0x00000058   Code   RO          663    i.FGPMMOPA6H_Get_RMC_Date  fgpmmopa6h.o
    0x080031a4   0x00000038   Code   RO          664    i.FGPMMOPA6H_Get_RMC_Ground_Speed  fgpmmopa6h.o
    0x080031dc   0x00000064   Code   RO          665    i.FGPMMOPA6H_Get_RMC_Latitude  fgpmmopa6h.o
    0x08003240   0x00000064   Code   RO          666    i.FGPMMOPA6H_Get_RMC_Longitude  fgpmmopa6h.o
    0x080032a4   0x00000030   Code   RO          667    i.FGPMMOPA6H_Get_RMC_Status  fgpmmopa6h.o
    0x080032d4   0x00000064   Code   RO          668    i.FGPMMOPA6H_Get_RMC_UTC_Time  fgpmmopa6h.o
    0x08003338   0x000000ac   Code   RO          669    i.FGPMMOPA6H_Init   fgpmmopa6h.o
    0x080033e4   0x000000f0   Code   RO          670    i.FGPMMOPA6H_Parse_GGA  fgpmmopa6h.o
    0x080034d4   0x000000c8   Code   RO          671    i.FGPMMOPA6H_Parse_RMC_Data  fgpmmopa6h.o
    0x0800359c   0x0000003c   Code   RO          194    i.HTS221_Init       hts221.o
    0x080035d8   0x00000070   Code   RO          233    i.I2C_Init          i2c.o
    0x08003648   0x000000c0   Code   RO          234    i.I2C_Read_Reg      i2c.o
    0x08003708   0x000000a0   Code   RO          235    i.I2C_Write_Reg     i2c.o
    0x080037a8   0x0000000e   Code   RO          545    i.ISK01A1_Get_Acceleration_X  isk01a1.o
    0x080037b6   0x00000002   PAD
    0x080037b8   0x000000bc   Code   RO          548    i.ISK01A1_Get_Altitude  isk01a1.o
    0x08003874   0x000001d8   Code   RO          558    i.ISK01A1_Init      isk01a1.o
    0x08003a4c   0x00000070   Code   RO          126    i.Initialize_Port_A  gpio.o
    0x08003abc   0x00000058   Code   RO          127    i.Initialize_Port_C  gpio.o
    0x08003b14   0x00000014   Code   RO          128    i.LED_Init          gpio.o
    0x08003b28   0x00000050   Code   RO          433    i.LIS3MDL_Init      lis3mdl.o
    0x08003b78   0x0000003c   Code   RO          398    i.LPS25HB_Init      lps25hb.o
    0x08003bb4   0x00000094   Code   RO          399    i.LPS25HB_Pressure_Read  lps25hb.o
    0x08003c48   0x0000003c   Code   RO          483    i.LSM6DS0_Init      lsm6ds0.o
    0x08003c84   0x00000064   Code   RO          484    i.LSM6DS0_X_Acceleration_Read  lsm6ds0.o
    0x08003ce8   0x00000078   Code   RO            3    i.NVIC_SetPriority  intern_project.o
    0x08003d60   0x00000078   Code   RO          672    i.NVIC_SetPriority  fgpmmopa6h.o
    0x08003dd8   0x00000020   Code   RO          559    i.QuadCopter_Altitude  isk01a1.o
    0x08003df8   0x00000074   Code   RO          331    i.SER_Initialize    serial.o
    0x08003e6c   0x0000001c   Code   RO          332    i.SER_PutChar       serial.o
    0x08003e88   0x00000010   Code   RO          363    i.SysTick_Handler   timing.o
    0x08003e98   0x000000f8   Code   RO          364    i.SystemCoreClockInit  timing.o
    0x08003f90   0x00000100   Code   RO          803    i.SystemCoreClockUpdate  system_stm32l0xx.o
    0x08004090   0x00000068   Code   RO          804    i.SystemInit        system_stm32l0xx.o
    0x080040f8   0x00000124   Code   RO          675    i.USART1_IRQHandler  fgpmmopa6h.o
    0x0800421c   0x000000cc   Code   RO          676    i.USART1_Init       fgpmmopa6h.o
    0x080042e8   0x0000001c   Code   RO          677    i.USART1_PutChar    fgpmmopa6h.o
    0x08004304   0x0000001e   Code   RO          678    i.USART1_Send       fgpmmopa6h.o
    0x08004322   0x00000030   Code   RO         1074    i.__ARM_common_ll_muluu  c_p.l(btod.o)
    0x08004352   0x00000002   PAD
    0x08004354   0x0000002c   Code   RO         1017    i.__ARM_fpclassify  m_ps.l(fpclassify.o)
    0x08004380   0x000000ac   Code   RO         1019    i.__kernel_poly     m_ps.l(poly.o)
    0x0800442c   0x00000014   Code   RO         1003    i.__mathlib_dbl_divzero  m_ps.l(dunder.o)
    0x08004440   0x00000008   Code   RO         1005    i.__mathlib_dbl_infnan2  m_ps.l(dunder.o)
    0x08004448   0x00000010   Code   RO         1006    i.__mathlib_dbl_invalid  m_ps.l(dunder.o)
    0x08004458   0x00000014   Code   RO         1007    i.__mathlib_dbl_overflow  m_ps.l(dunder.o)
    0x0800446c   0x00000014   Code   RO         1009    i.__mathlib_dbl_underflow  m_ps.l(dunder.o)
    0x08004480   0x00000010   Code   RO         1190    i.__mathlib_narrow  m_ps.l(narrow.o)
    0x08004490   0x0000008c   Code   RO         1191    i.__mathlib_tofloat  m_ps.l(narrow.o)
    0x0800451c   0x00000014   Code   RO         1237    i.__support_ldexp   m_ps.l(ldexp.o)
    0x08004530   0x0000000e   Code   RO          882    i._is_digit         c_p.l(__printf_wp.o)
    0x0800453e   0x00000004   Code   RO          275    i._sys_exit         retarget.o
    0x08004542   0x0000002a   Code   RO          950    i.atof              m_ps.l(atof.o)
    0x0800456c   0x00000008   Code   RO          277    i.ferror            retarget.o
    0x08004574   0x0000000e   Code   RO          279    i.fputc             retarget.o
    0x08004582   0x00000002   PAD
    0x08004584   0x00000058   Code   RO         1218    i.frexp             m_ps.l(frexp.o)
    0x080045dc   0x00000070   Code   RO         1238    i.ldexp             m_ps.l(ldexp.o)
    0x0800464c   0x000000f8   Code   RO            4    i.main              intern_project.o
    0x08004744   0x00000980   Code   RO          954    i.pow               m_ps.l(pow.o)
    0x080050c4   0x00000048   Code   RO         1023    i.sqrt              m_ps.l(sqrt.o)
    0x0800510c   0x0000002c   Code   RO         1077    locale$$code        c_p.l(lc_numeric_c.o)
    0x08005138   0x0000002c   Code   RO         1101    locale$$code        c_p.l(lc_ctype_c.o)
    0x08005164   0x00000064   Code   RO         1215    x$fpl$deqf          fz_ps.l(deqf.o)
    0x080051c8   0x00000068   Code   RO          998    x$fpl$drleqf        fz_ps.l(drlef.o)
    0x08005230   0x0000008c   Code   RO          934    x$fpl$fadd          fz_ps.l(faddsub.o)
    0x080052bc   0x000000b0   Code   RO          945    x$fpl$fmul          fz_ps.l(fmul.o)
    0x0800536c   0x000000d0   Code   RO          936    x$fpl$fsub          fz_ps.l(faddsub.o)
    0x0800543c   0x00000010   Code   RO          947    x$fpl$printf1       fz_ps.l(printf1.o)
    0x0800544c   0x00000010   Code   RO         1091    x$fpl$scanf1        fz_ps.l(scanf1.o)
    0x0800545c   0x00000020   Code   RO         1184    x$fpl$scanf2        fz_ps.l(scanf2.o)
    0x0800547c   0x00000000   Code   RO         1002    x$fpl$usenofp       fz_ps.l(usenofp.o)
    0x0800547c   0x00000028   Data   RO          680    .constdata          fgpmmopa6h.o
    0x080054a4   0x00000080   Data   RO          928    .constdata          fz_ps.l(ddiv.o)
    0x08005524   0x00000040   Data   RO          941    .constdata          fz_ps.l(fdiv.o)
    0x08005564   0x00000004   PAD
    0x08005568   0x00000088   Data   RO          955    .constdata          m_ps.l(pow.o)
    0x080055f0   0x00000008   Data   RO         1021    .constdata          m_ps.l(qnan.o)
    0x080055f8   0x00000094   Data   RO         1070    .constdata          c_p.l(bigflt0.o)
    0x0800568c   0x00000020   Data   RO         1280    Region$$Table       anon$$obj.o
    0x080056ac   0x00000008   Data   RO         1177    c$$dinf             fz_ps.l(fpconst.o)
    0x080056b4   0x0000001c   Data   RO         1076    locale$$data        c_p.l(lc_numeric_c.o)
    0x080056d0   0x00000110   Data   RO         1100    locale$$data        c_p.l(lc_ctype_c.o)


    Execution Region RW_IRAM1 (Base: 0x20000000, Size: 0x00000a88, Max: 0x00002000, ABSOLUTE)

    Base Addr    Size         Type   Attr      Idx    E Section Name        Object

    0x20000000   0x00000004   Data   RW          237    .data               i2c.o
    0x20000004   0x00000008   Data   RW          280    .data               retarget.o
    0x2000000c   0x00000004   Data   RW          365    .data               timing.o
    0x20000010   0x00000008   Data   RW          560    .data               isk01a1.o
    0x20000018   0x00000085   Data   RW          681    .data               fgpmmopa6h.o
    0x2000009d   0x00000003   PAD
    0x200000a0   0x0000001d   Data   RW          805    .data               system_stm32l0xx.o
    0x200000bd   0x00000003   PAD
    0x200000c0   0x00000004   Data   RW          901    .data               c_p.l(strtok.o)
    0x200000c4   0x00000364   Zero   RW          679    .bss                fgpmmopa6h.o
    0x20000428   0x00000060   Zero   RW         1031    .bss                c_p.l(libspace.o)
    0x20000488   0x00000200   Zero   RW          795    HEAP                startup_stm32l053xx.o
    0x20000688   0x00000400   Zero   RW          794    STACK               startup_stm32l053xx.o


==============================================================================

Image component sizes


      Code (inc. data)   RO Data    RW Data    ZI Data      Debug   Object Name

       116         10          0          0          0        411   adc.o
      2122        532         40        133        868      20782   fgpmmopa6h.o
       240         12          0          0          0       2107   gpio.o
        60          4          0          0          0        518   hts221.o
       464         30          0          4          0       1857   i2c.o
       368         94          0          0          0     125911   intern_project.o
       706        384          0          8          0       2548   isk01a1.o
        80          6          0          0          0        499   lis3mdl.o
       208         10          0          0          0       1171   lps25hb.o
       160         14          0          0          0       1129   lsm6ds0.o
        26          0          0          8          0       3115   retarget.o
       144         18          0          0          0        879   serial.o
        60         28        192          0       1536        708   startup_stm32l053xx.o
       360         42          0         29          0       2029   system_stm32l0xx.o
       264         16          0          4          0       1126   timing.o

    ----------------------------------------------------------------------
      5382       1200        264        192       2404     164790   Object Totals
         0          0         32          0          0          0   (incl. Generated)
         4          0          0          6          0          0   (incl. Padding)

    ----------------------------------------------------------------------

      Code (inc. data)   RO Data    RW Data    ZI Data      Debug   Library Member Name

         8          0          0          0          0         68   __main.o
       108          0          0          0          0         76   __printf.o
        14          0          0          0          0         60   __printf_wp.o
         0          0          0          0          0          0   __rtentry.o
        12          0          0          0          0          0   __rtentry2.o
         6          0          0          0          0          0   __rtentry4.o
        60          8          0          0          0          0   __scatter.o
        26          0          0          0          0          0   __scatter_copy.o
        28          0          0          0          0          0   __scatter_zi.o
        30          0          0          0          0         60   _chval.o
        10          0          0          0          0          0   _printf_c.o
        46          0          0          0          0        100   _printf_char.o
        48          6          0          0          0         88   _printf_char_common.o
        40          6          0          0          0         72   _printf_char_file.o
       108         18          0          0          0         76   _printf_dec.o
        10          0          0          0          0          0   _printf_f.o
      1044         14          0          0          0        176   _printf_fp_dec.o
       136         16          0          0          0         76   _printf_fp_infnan.o
        10          0          0          0          0          0   _printf_i.o
       176          0          0          0          0         84   _printf_intcommon.o
         2          0          0          0          0          0   _printf_percent.o
         4          0          0          0          0          0   _printf_percent_end.o
        10          0          0          0          0          0   _printf_s.o
        82          0          0          0          0         72   _printf_str.o
        22          0          0          0          0         92   _rserrno.o
        68          0          0          0          0         76   _sgetc.o
        10          0          0          0          0         60   _sputc.o
       166          0          0          0          0         84   _strtoul.o
       346          0          0          0          0         92   aeabi_sdiv.o
        26          0          0          0          0         72   atoi.o
       200          4        148          0          0         80   bigflt0.o
      1240         12          0          0          0        316   btod.o
        12          0          0          0          0         64   exit.o
         6          0          0          0          0        136   heapauxi.o
        18          0          0          0          0         68   isspace.o
        44         10        272          0          0         76   lc_ctype_c.o
        44         10         28          0          0         76   lc_numeric_c.o
         2          0          0          0          0          0   libinit.o
        30          0          0          0          0          0   libinit2.o
         2          0          0          0          0          0   libshutdown.o
         2          0          0          0          0          0   libshutdown2.o
         8          4          0          0         96         68   libspace.o
        48          0          0          0          0         72   llmul.o
        32          0          0          0          0         68   llshl.o
       122          0          0          0          0         72   lludiv10.o
        28          6          0          0          0         84   noretval__2printf.o
        40          4          0          0          0         84   noretval__2sprintf.o
        16          4          0          0          0         76   rt_ctype_table.o
         8          4          0          0          0         68   rt_errno_addr_intlibspace.o
         8          4          0          0          0         68   rt_locale_intlibspace.o
        64          0          0          0          0        108   rt_memclr.o
         2          0          0          0          0          0   rtexit.o
        10          0          0          0          0          0   rtexit2.o
        40          0          0          0          0         60   rtudiv10.o
      1232         20          0          0          0        124   scanf_fp.o
       808         12          0          0          0         84   scanf_hexfp.o
       316         16          0          0          0         84   scanf_infnan.o
       136          4          0          0          0         72   strcmp.o
        76          6          0          0          0         72   strcpy.o
        34          0          0          0          0         72   strcspn.o
        68          6          0          0          0         72   strlen.o
       160          6          0          0          0         76   strncmp.o
       108          4          0          0          0         76   strncpy.o
        32          0          0          0          0         72   strspn.o
       168         16          0          0          0        120   strtod.o
        16          6          0          4          0         68   strtok.o
        72          6          0          0          0         76   strtok_int.o
       112          4          0          0          0         76   strtol.o
        62          0          0          0          0         80   sys_stackheap_outer.o
         2          0          0          0          0         68   use_no_semi.o
        48          4          0          0          0         60   cmpret.o
       124          4          0          0          0         72   d2f.o
       856         20          0          0          0        208   daddsub.o
       144          4          0          0          0         76   dcmpin.o
      1096         26        128          0          0        112   ddiv.o
       100          4          0          0          0         92   deqf.o
        88          0          0          0          0         92   dflti.o
       584         26          0          0          0         84   dmul.o
        20          6          0          0          0         68   dnan2.o
       104          4          0          0          0        104   drlef.o
        96         12          0          0          0         72   dscalbn.o
       256          8          0          0          0         76   dsqrt.o
        84          4          0          0          0         60   f2d.o
       348          8          0          0          0        160   faddsub.o
       352         10         64          0          0         92   fdiv.o
        94          0          0          0          0         92   fflti.o
       176          4          0          0          0         80   fmul.o
         0          0          8          0          0          0   fpconst.o
        16          4          0          0          0         76   printf1.o
        94          0          0          0          0         68   retnan.o
        16          4          0          0          0         76   scanf1.o
        32          8          0          0          0        100   scanf2.o
         0          0          0          0          0          0   usenofp.o
        42          0          0          0          0         76   atof.o
        84         14          0          0          0        340   dunder.o
        44          4          0          0          0         60   fpclassify.o
        88         16          0          0          0         72   frexp.o
       132          0          0          0          0        140   ldexp.o
       156         10          0          0          0        144   narrow.o
       172          0          0          0          0         76   poly.o
      2432        202        136          0          0        208   pow.o
         0          0          8          0          0          0   qnan.o
        72          6          0          0          0         76   sqrt.o

    ----------------------------------------------------------------------
     16054        648        796          4         96       7532   Library Totals
        20          0          4          0          0          0   (incl. Padding)

    ----------------------------------------------------------------------

      Code (inc. data)   RO Data    RW Data    ZI Data      Debug   Library Name

      8084        236        448          4         96       4420   c_p.l
      4728        160        200          0          0       1920   fz_ps.l
      3222        252        144          0          0       1192   m_ps.l

    ----------------------------------------------------------------------
     16054        648        796          4         96       7532   Library Totals

    ----------------------------------------------------------------------

==============================================================================


      Code (inc. data)   RO Data    RW Data    ZI Data      Debug   

     21436       1848       1060        196       2500     166574   Grand Totals
     21436       1848       1060        196       2500     166574   ELF Image Totals
     21436       1848       1060        196          0          0   ROM Totals

==============================================================================

    Total RO  Size (Code + RO Data)                22496 (  21.97kB)
    Total RW  Size (RW Data + ZI Data)              2696 (   2.63kB)
    Total ROM Size (Code + RO Data + RW Data)      22692 (  22.16kB)

==============================================================================

