Component: ARM Compiler 5.05 update 1 (build 106) Tool: armlink [4d0efa]

==============================================================================

Section Cross References

    intern_project.o(i.main) refers to _printf_percent.o(.ARM.Collect$$_printf_percent$$00000000) for _printf_percent
    intern_project.o(i.main) refers to _printf_f.o(.ARM.Collect$$_printf_percent$$00000003) for _printf_f
    intern_project.o(i.main) refers to printf1.o(x$fpl$printf1) for _printf_fp_dec
    intern_project.o(i.main) refers to timing.o(i.SystemCoreClockInit) for SystemCoreClockInit
    intern_project.o(i.main) refers to system_stm32l0xx.o(i.SystemCoreClockUpdate) for SystemCoreClockUpdate
    intern_project.o(i.main) refers to aeabi_sdiv.o(.text) for __aeabi_uidivmod
    intern_project.o(i.main) refers to intern_project.o(i.NVIC_SetPriority) for NVIC_SetPriority
    intern_project.o(i.main) refers to gpio.o(i.LED_Init) for LED_Init
    intern_project.o(i.main) refers to gpio.o(i.Button_Initialize) for Button_Initialize
    intern_project.o(i.main) refers to serial.o(i.SER_Initialize) for SER_Initialize
    intern_project.o(i.main) refers to adc.o(i.ADC_Init) for ADC_Init
    intern_project.o(i.main) refers to i2c.o(i.I2C_Init) for I2C_Init
    intern_project.o(i.main) refers to isk01a1.o(i.ISK01A1_Init) for ISK01A1_Init
    intern_project.o(i.main) refers to isk01a1.o(i.ISK01A1_Get_Pitch) for ISK01A1_Get_Pitch
    intern_project.o(i.main) refers to f2d.o(.text) for __aeabi_f2d
    intern_project.o(i.main) refers to noretval__2printf.o(.text) for __2printf
    intern_project.o(i.main) refers to timing.o(i.Delay) for Delay
    intern_project.o(i.main) refers to system_stm32l0xx.o(.data) for SystemCoreClock
    adc.o(i.Voltage_Conversion) refers to fflti.o(.text) for __aeabi_i2f
    adc.o(i.Voltage_Conversion) refers to fmul.o(x$fpl$fmul) for __aeabi_fmul
    gpio.o(i.Button_Initialize) refers to gpio.o(i.Initialize_Port_C) for Initialize_Port_C
    gpio.o(i.LED_Init) refers to gpio.o(i.Initialize_Port_A) for Initialize_Port_A
    hts221.o(i.HTS221_Configuration) refers to _printf_percent.o(.ARM.Collect$$_printf_percent$$00000000) for _printf_percent
    hts221.o(i.HTS221_Configuration) refers to _printf_x.o(.ARM.Collect$$_printf_percent$$0000000C) for _printf_x
    hts221.o(i.HTS221_Configuration) refers to _printf_hex_int.o(.text) for _printf_longlong_hex
    hts221.o(i.HTS221_Configuration) refers to noretval__2printf.o(.text) for __2printf
    hts221.o(i.HTS221_Configuration) refers to i2c.o(i.I2C_Read_Reg) for I2C_Read_Reg
    hts221.o(i.HTS221_Humidity_Read) refers to i2c.o(i.I2C_Write_Reg) for I2C_Write_Reg
    hts221.o(i.HTS221_Humidity_Read) refers to i2c.o(i.I2C_Read_Reg) for I2C_Read_Reg
    hts221.o(i.HTS221_Humidity_Read) refers to fflti.o(.text) for __aeabi_ui2f
    hts221.o(i.HTS221_Humidity_Read) refers to f2d.o(.text) for __aeabi_f2d
    hts221.o(i.HTS221_Humidity_Read) refers to ddiv.o(.text) for __aeabi_ddiv
    hts221.o(i.HTS221_Humidity_Read) refers to d2f.o(.text) for __aeabi_d2f
    hts221.o(i.HTS221_Humidity_Read) refers to faddsub.o(x$fpl$fsub) for __aeabi_fsub
    hts221.o(i.HTS221_Humidity_Read) refers to fmul.o(x$fpl$fmul) for __aeabi_fmul
    hts221.o(i.HTS221_Humidity_Read) refers to fdiv.o(.text) for __aeabi_fdiv
    hts221.o(i.HTS221_Humidity_Read) refers to faddsub.o(x$fpl$fadd) for __aeabi_fadd
    hts221.o(i.HTS221_Init) refers to i2c.o(i.I2C_Read_Reg) for I2C_Read_Reg
    hts221.o(i.HTS221_Init) refers to i2c.o(i.I2C_Write_Reg) for I2C_Write_Reg
    hts221.o(i.HTS221_Temp_Read) refers to i2c.o(i.I2C_Write_Reg) for I2C_Write_Reg
    hts221.o(i.HTS221_Temp_Read) refers to i2c.o(i.I2C_Read_Reg) for I2C_Read_Reg
    hts221.o(i.HTS221_Temp_Read) refers to fflti.o(.text) for __aeabi_i2f
    hts221.o(i.HTS221_Temp_Read) refers to f2d.o(.text) for __aeabi_f2d
    hts221.o(i.HTS221_Temp_Read) refers to ddiv.o(.text) for __aeabi_ddiv
    hts221.o(i.HTS221_Temp_Read) refers to d2f.o(.text) for __aeabi_d2f
    hts221.o(i.HTS221_Temp_Read) refers to faddsub.o(x$fpl$fsub) for __aeabi_fsub
    hts221.o(i.HTS221_Temp_Read) refers to fmul.o(x$fpl$fmul) for __aeabi_fmul
    hts221.o(i.HTS221_Temp_Read) refers to fdiv.o(.text) for __aeabi_fdiv
    hts221.o(i.HTS221_Temp_Read) refers to faddsub.o(x$fpl$fadd) for __aeabi_fadd
    hts221.o(i.HTS221_Temp_Read) refers to dmul.o(.text) for __aeabi_dmul
    hts221.o(i.HTS221_Temp_Read) refers to daddsub.o(.text) for __aeabi_dadd
    i2c.o(i.I2C_Read_Reg) refers to i2c.o(.data) for I2C1_RX_Data
    retarget.o(i._sys_exit) refers (Special) to use_no_semi.o(.text) for __use_no_semihosting_swi
    retarget.o(i._ttywrch) refers (Special) to use_no_semi.o(.text) for __use_no_semihosting_swi
    retarget.o(i._ttywrch) refers to serial.o(i.SER_PutChar) for SER_PutChar
    retarget.o(i.ferror) refers (Special) to use_no_semi.o(.text) for __use_no_semihosting_swi
    retarget.o(i.fgetc) refers (Special) to use_no_semi.o(.text) for __use_no_semihosting_swi
[...]
    lis3mdl.o(i.LIS3MDL_Z_Read) refers to i2c.o(i.I2C_Read_Reg) for I2C_Read_Reg
    lis3mdl.o(i.LIS3MDL_Z_Read) refers to fflti.o(.text) for __aeabi_i2f
    lis3mdl.o(i.LIS3MDL_Z_Read) refers to fmul.o(x$fpl$fmul) for __aeabi_fmul
    lsm6ds0.o(i.LSM6DS0_Configuration) refers to _printf_percent.o(.ARM.Collect$$_printf_percent$$00000000) for _printf_percent
    lsm6ds0.o(i.LSM6DS0_Configuration) refers to _printf_x.o(.ARM.Collect$$_printf_percent$$0000000C) for _printf_x
    lsm6ds0.o(i.LSM6DS0_Configuration) refers to _printf_hex_int.o(.text) for _printf_longlong_hex
    lsm6ds0.o(i.LSM6DS0_Configuration) refers to noretval__2printf.o(.text) for __2printf
    lsm6ds0.o(i.LSM6DS0_Configuration) refers to i2c.o(i.I2C_Read_Reg) for I2C_Read_Reg
    lsm6ds0.o(i.LSM6DS0_Gyroscope_Pitch_Read) refers to i2c.o(i.I2C_Read_Reg) for I2C_Read_Reg
    lsm6ds0.o(i.LSM6DS0_Gyroscope_Pitch_Read) refers to fflti.o(.text) for __aeabi_i2f
    lsm6ds0.o(i.LSM6DS0_Gyroscope_Pitch_Read) refers to fmul.o(x$fpl$fmul) for __aeabi_fmul
    lsm6ds0.o(i.LSM6DS0_Gyroscope_Roll_Read) refers to i2c.o(i.I2C_Read_Reg) for I2C_Read_Reg
    lsm6ds0.o(i.LSM6DS0_Gyroscope_Roll_Read) refers to fflti.o(.text) for __aeabi_i2f
    lsm6ds0.o(i.LSM6DS0_Gyroscope_Roll_Read) refers to fmul.o(x$fpl$fmul) for __aeabi_fmul
    lsm6ds0.o(i.LSM6DS0_Gyroscope_Yaw_Read) refers to i2c.o(i.I2C_Read_Reg) for I2C_Read_Reg
    lsm6ds0.o(i.LSM6DS0_Gyroscope_Yaw_Read) refers to fflti.o(.text) for __aeabi_i2f
    lsm6ds0.o(i.LSM6DS0_Gyroscope_Yaw_Read) refers to fmul.o(x$fpl$fmul) for __aeabi_fmul
    lsm6ds0.o(i.LSM6DS0_Init) refers to i2c.o(i.I2C_Read_Reg) for I2C_Read_Reg
    lsm6ds0.o(i.LSM6DS0_Init) refers to i2c.o(i.I2C_Write_Reg) for I2C_Write_Reg
    lsm6ds0.o(i.LSM6DS0_X_Acceleration_Read) refers to i2c.o(i.I2C_Read_Reg) for I2C_Read_Reg
    lsm6ds0.o(i.LSM6DS0_X_Acceleration_Read) refers to fflti.o(.text) for __aeabi_i2f
    lsm6ds0.o(i.LSM6DS0_X_Acceleration_Read) refers to fmul.o(x$fpl$fmul) for __aeabi_fmul
    lsm6ds0.o(i.LSM6DS0_Y_Acceleration_Read) refers to i2c.o(i.I2C_Read_Reg) for I2C_Read_Reg
    lsm6ds0.o(i.LSM6DS0_Y_Acceleration_Read) refers to fflti.o(.text) for __aeabi_i2f
    lsm6ds0.o(i.LSM6DS0_Y_Acceleration_Read) refers to fmul.o(x$fpl$fmul) for __aeabi_fmul
    lsm6ds0.o(i.LSM6DS0_Z_Acceleration_Read) refers to i2c.o(i.I2C_Read_Reg) for I2C_Read_Reg
    lsm6ds0.o(i.LSM6DS0_Z_Acceleration_Read) refers to fflti.o(.text) for __aeabi_i2f
    lsm6ds0.o(i.LSM6DS0_Z_Acceleration_Read) refers to fmul.o(x$fpl$fmul) for __aeabi_fmul
    isk01a1.o(i.ISK01A1_Configuration) refers to hts221.o(i.HTS221_Configuration) for HTS221_Configuration
    isk01a1.o(i.ISK01A1_Configuration) refers to lps25hb.o(i.LPS25HB_Configuration) for LPS25HB_Configuration
    isk01a1.o(i.ISK01A1_Configuration) refers to lis3mdl.o(i.LIS3MDL_Configuration) for LIS3MDL_Configuration
    isk01a1.o(i.ISK01A1_Configuration) refers to lsm6ds0.o(i.LSM6DS0_Configuration) for LSM6DS0_Configuration
    isk01a1.o(i.ISK01A1_Get_Acceleration_X) refers to lsm6ds0.o(i.LSM6DS0_X_Acceleration_Read) for LSM6DS0_X_Acceleration_Read
    isk01a1.o(i.ISK01A1_Get_Acceleration_Y) refers to lsm6ds0.o(i.LSM6DS0_Y_Acceleration_Read) for LSM6DS0_Y_Acceleration_Read
    isk01a1.o(i.ISK01A1_Get_Acceleration_Z) refers to lsm6ds0.o(i.LSM6DS0_Z_Acceleration_Read) for LSM6DS0_Z_Acceleration_Read
    isk01a1.o(i.ISK01A1_Get_Humidity) refers to hts221.o(i.HTS221_Humidity_Read) for HTS221_Humidity_Read
    isk01a1.o(i.ISK01A1_Get_Magnetic_X) refers to lis3mdl.o(i.LIS3MDL_X_Read) for LIS3MDL_X_Read
    isk01a1.o(i.ISK01A1_Get_Magnetic_Y) refers to lis3mdl.o(i.LIS3MDL_Y_Read) for LIS3MDL_Y_Read
    isk01a1.o(i.ISK01A1_Get_Magnetic_Z) refers to lis3mdl.o(i.LIS3MDL_Z_Read) for LIS3MDL_Z_Read
    isk01a1.o(i.ISK01A1_Get_Pitch) refers to lsm6ds0.o(i.LSM6DS0_Gyroscope_Pitch_Read) for LSM6DS0_Gyroscope_Pitch_Read
    isk01a1.o(i.ISK01A1_Get_Pressure) refers to lps25hb.o(i.LPS25HB_Pressure_Read) for LPS25HB_Pressure_Read
    isk01a1.o(i.ISK01A1_Get_Roll) refers to lsm6ds0.o(i.LSM6DS0_Gyroscope_Roll_Read) for LSM6DS0_Gyroscope_Roll_Read
    isk01a1.o(i.ISK01A1_Get_Temperature) refers to hts221.o(i.HTS221_Temp_Read) for HTS221_Temp_Read
    isk01a1.o(i.ISK01A1_Get_Yaw) refers to lsm6ds0.o(i.LSM6DS0_Gyroscope_Yaw_Read) for LSM6DS0_Gyroscope_Yaw_Read
    isk01a1.o(i.ISK01A1_Init) refers to hts221.o(i.HTS221_Init) for HTS221_Init
    isk01a1.o(i.ISK01A1_Init) refers to lps25hb.o(i.LPS25HB_Init) for LPS25HB_Init
    isk01a1.o(i.ISK01A1_Init) refers to lis3mdl.o(i.LIS3MDL_Init) for LIS3MDL_Init
    isk01a1.o(i.ISK01A1_Init) refers to lsm6ds0.o(i.LSM6DS0_Init) for LSM6DS0_Init
    isk01a1.o(i.ISK01A1_Init) refers to noretval__2printf.o(.text) for __2printf
    startup_stm32l053xx.o(STACK) refers (Special) to heapauxi.o(.text) for __use_two_region_memory
    startup_stm32l053xx.o(HEAP) refers (Special) to heapauxi.o(.text) for __use_two_region_memory
    startup_stm32l053xx.o(RESET) refers (Special) to heapauxi.o(.text) for __use_two_region_memory
    startup_stm32l053xx.o(RESET) refers to startup_stm32l053xx.o(STACK) for __initial_sp
    startup_stm32l053xx.o(RESET) refers to startup_stm32l053xx.o(.text) for Reset_Handler
    startup_stm32l053xx.o(RESET) refers to timing.o(i.SysTick_Handler) for SysTick_Handler
    startup_stm32l053xx.o(.text) refers (Special) to heapauxi.o(.text) for __use_two_region_memory
    startup_stm32l053xx.o(.text) refers to system_stm32l0xx.o(i.SystemInit) for SystemInit
    startup_stm32l053xx.o(.text) refers to __main.o(!!!main) for __main
    startup_stm32l053xx.o(.text) refers to startup_stm32l053xx.o(HEAP) for Heap_Mem
    startup_stm32l053xx.o(.text) refers to startup_stm32l053xx.o(STACK) for Stack_Mem
    system_stm32l0xx.o(i.SystemCoreClockUpdate) refers to aeabi_sdiv.o(.text) for __aeabi_uidivmod
    system_stm32l0xx.o(i.SystemCoreClockUpdate) refers to system_stm32l0xx.o(.data) for SystemCoreClock
    __2printf.o(.text) refers to _printf_char_file.o(.text) for _printf_char_file
    __2printf.o(.text) refers to retarget.o(.data) for __stdout
    noretval__2printf.o(.text) refers to _printf_char_file.o(.text) for _printf_char_file
    noretval__2printf.o(.text) refers to retarget.o(.data) for __stdout
    __printf.o(.text) refers to _printf_percent.o(.ARM.Collect$$_printf_percent$$00000000) for _printf_percent
    _printf_hex_ll.o(.text) refers to _printf_intcommon.o(.text) for _printf_int_common
    _printf_hex_ll.o(.text) refers to _printf_hex_ll.o(.constdata) for .constdata
    _printf_hex_int.o(.text) refers to _printf_intcommon.o(.text) for _printf_int_common
    _printf_hex_int.o(.text) refers to _printf_hex_int.o(.constdata) for .constdata
    _printf_hex_int_ll.o(.text) refers to _printf_intcommon.o(.text) for _printf_int_common
    _printf_hex_int_ll.o(.text) refers to _printf_hex_int_ll.o(.constdata) for .constdata
    _printf_hex_ptr.o(.text) refers to _printf_intcommon.o(.text) for _printf_int_common
    _printf_hex_ptr.o(.text) refers to _printf_hex_ptr.o(.constdata) for .constdata
    _printf_hex_int_ptr.o(.text) refers to _printf_intcommon.o(.text) for _printf_int_common
    _printf_hex_int_ptr.o(.text) refers to _printf_hex_int_ptr.o(.constdata) for .constdata
    _printf_hex_ll_ptr.o(.text) refers to _printf_intcommon.o(.text) for _printf_int_common
    _printf_hex_ll_ptr.o(.text) refers to _printf_hex_ll_ptr.o(.constdata) for .constdata
    _printf_hex_int_ll_ptr.o(.text) refers to _printf_intcommon.o(.text) for _printf_int_common
    _printf_hex_int_ll_ptr.o(.text) refers to _printf_hex_int_ll_ptr.o(.constdata) for .constdata
    __printf_flags.o(.text) refers to _printf_percent.o(.ARM.Collect$$_printf_percent$$00000000) for _printf_percent
    __printf_flags.o(.text) refers to __printf_flags.o(.constdata) for .constdata
    __printf_ss.o(.text) refers to _printf_percent.o(.ARM.Collect$$_printf_percent$$00000000) for _printf_percent
    __printf_flags_ss.o(.text) refers to _printf_percent.o(.ARM.Collect$$_printf_percent$$00000000) for _printf_percent
    __printf_flags_ss.o(.text) refers to __printf_flags_ss.o(.constdata) for .constdata
    __printf_wp.o(.text) refers to __printf_wp.o(i._is_digit) for _is_digit
    __printf_wp.o(.text) refers to _printf_percent.o(.ARM.Collect$$_printf_percent$$00000000) for _printf_percent
    __printf_flags_wp.o(.text) refers to __printf_wp.o(i._is_digit) for _is_digit
    __printf_flags_wp.o(.text) refers to _printf_percent.o(.ARM.Collect$$_printf_percent$$00000000) for _printf_percent
    __printf_flags_wp.o(.text) refers to __printf_flags_wp.o(.constdata) for .constdata
    __printf_ss_wp.o(.text) refers to __printf_wp.o(i._is_digit) for _is_digit
    __printf_ss_wp.o(.text) refers to _printf_percent.o(.ARM.Collect$$_printf_percent$$00000000) for _printf_percent
    __printf_flags_ss_wp.o(.text) refers to __printf_wp.o(i._is_digit) for _is_digit
    __printf_flags_ss_wp.o(.text) refers to _printf_percent.o(.ARM.Collect$$_printf_percent$$00000000) for _printf_percent
    __printf_flags_ss_wp.o(.text) refers to __printf_flags_ss_wp.o(.constdata) for .constdata
    _printf_x.o(.ARM.Collect$$_printf_percent$$0000000C) refers (Weak) to _printf_hex_int.o(.text) for _printf_int_hex
    _printf_f.o(.ARM.Collect$$_printf_percent$$00000003) refers (Weak) to printf1.o(x$fpl$printf1) for _printf_fp_dec
    _printf_percent.o(.ARM.Collect$$_printf_percent$$00000000) refers (Special) to _printf_percent_end.o(.ARM.Collect$$_printf_percent$$00000017) for _printf_percent_end
    __main.o(!!!main) refers to __rtentry.o(.ARM.Collect$$rtentry$$00000000) for __rt_entry
    d2f.o(.text) refers (Special) to usenofp.o(x$fpl$usenofp) for __I$use$fp
    daddsub.o(.text) refers (Special) to usenofp.o(x$fpl$usenofp) for __I$use$fp
    ddiv.o(.text) refers (Special) to usenofp.o(x$fpl$usenofp) for __I$use$fp
    ddiv.o(.text) refers to ddiv.o(.constdata) for .constdata
    ddiv.o(.constdata) refers (Special) to usenofp.o(x$fpl$usenofp) for __I$use$fp
    dmul.o(.text) refers (Special) to usenofp.o(x$fpl$usenofp) for __I$use$fp
    f2d.o(.text) refers (Special) to usenofp.o(x$fpl$usenofp) for __I$use$fp
    faddsub.o(x$fpl$fadd) refers (Special) to usenofp.o(x$fpl$usenofp) for __I$use$fp
    faddsub.o(x$fpl$fadd) refers to faddsub.o(x$fpl$fsub) for _fsub1
    faddsub.o(x$fpl$frsb) refers (Special) to usenofp.o(x$fpl$usenofp) for __I$use$fp
    faddsub.o(x$fpl$frsb) refers to faddsub.o(x$fpl$fsub) for _fsub1
    faddsub.o(x$fpl$frsb) refers to faddsub.o(x$fpl$fadd) for _fadd1
    faddsub.o(x$fpl$fsub) refers (Special) to usenofp.o(x$fpl$usenofp) for __I$use$fp
    faddsub.o(x$fpl$fsub) refers to faddsub.o(x$fpl$fadd) for _fadd1
    fdiv.o(.text) refers (Special) to usenofp.o(x$fpl$usenofp) for __I$use$fp
    fdiv.o(.text) refers to fdiv.o(.constdata) for .constdata
    fdiv.o(.constdata) refers (Special) to usenofp.o(x$fpl$usenofp) for __I$use$fp
    fflti.o(.text) refers (Special) to usenofp.o(x$fpl$usenofp) for __I$use$fp
    fmul.o(x$fpl$fmul) refers (Special) to usenofp.o(x$fpl$usenofp) for __I$use$fp
    printf1.o(x$fpl$printf1) refers to _printf_fp_dec.o(.text) for _printf_fp_dec_real
    __rtentry.o(.ARM.Collect$$rtentry$$00000000) refers (Special) to __rtentry2.o(.ARM.Collect$$rtentry$$0000000A) for __rt_entry_li
    __rtentry.o(.ARM.Collect$$rtentry$$00000000) refers (Special) to __rtentry2.o(.ARM.Collect$$rtentry$$0000000D) for __rt_entry_main
    __rtentry.o(.ARM.Collect$$rtentry$$00000000) refers (Special) to __rtentry2.o(.ARM.Collect$$rtentry$$0000000C) for __rt_entry_postli_1
    __rtentry.o(.ARM.Collect$$rtentry$$00000000) refers (Special) to __rtentry2.o(.ARM.Collect$$rtentry$$00000009) for __rt_entry_postsh_1
    __rtentry.o(.ARM.Collect$$rtentry$$00000000) refers (Special) to __rtentry2.o(.ARM.Collect$$rtentry$$00000002) for __rt_entry_presh_1
    __rtentry.o(.ARM.Collect$$rtentry$$00000000) refers (Special) to __rtentry4.o(.ARM.Collect$$rtentry$$00000004) for __rt_entry_sh
    aeabi_idiv0_sigfpe.o(.text) refers to rt_div0.o(.text) for __rt_div0
    _printf_fp_dec.o(.text) refers (Special) to usenofp.o(x$fpl$usenofp) for __I$use$fp
    _printf_fp_dec.o(.text) refers (Special) to lc_numeric_c.o(locale$$code) for _get_lc_numeric
    _printf_fp_dec.o(.text) refers to bigflt0.o(.text) for _btod_etento
    _printf_fp_dec.o(.text) refers to btod.o(.text) for _btod_d2e
    _printf_fp_dec.o(.text) refers to lludiv10.o(.text) for _ll_udiv10
    _printf_fp_dec.o(.text) refers to fpclassify.o(i.__ARM_fpclassify) for __ARM_fpclassify
    _printf_fp_dec.o(.text) refers to _printf_fp_infnan.o(.text) for _printf_fp_infnan
    _printf_fp_dec.o(.text) refers to rtudiv10.o(.text) for __rt_udiv10
    _printf_fp_dec.o(.text) refers to rt_locale_intlibspace.o(.text) for __rt_locale
    _printf_char_file.o(.text) refers to _printf_char_common.o(.text) for _printf_char_common
    _printf_char_file.o(.text) refers to retarget.o(i.ferror) for ferror
    _printf_char_file.o(.text) refers to retarget.o(i.fputc) for fputc
    __rtentry2.o(.ARM.Collect$$rtentry$$00000008) refers to boardinit2.o(.text) for _platform_post_stackheap_init
    __rtentry2.o(.ARM.Collect$$rtentry$$0000000A) refers to libinit.o(.ARM.Collect$$libinit$$00000000) for __rt_lib_init
    __rtentry2.o(.ARM.Collect$$rtentry$$0000000B) refers to boardinit3.o(.text) for _platform_post_lib_init
    __rtentry2.o(.ARM.Collect$$rtentry$$0000000D) refers to intern_project.o(i.main) for main
    __rtentry2.o(.ARM.Collect$$rtentry$$0000000D) refers to exit.o(.text) for exit
    __rtentry2.o(.ARM.exidx) refers to __rtentry2.o(.ARM.Collect$$rtentry$$00000001) for .ARM.Collect$$rtentry$$00000001
    __rtentry2.o(.ARM.exidx) refers to __rtentry2.o(.ARM.Collect$$rtentry$$00000008) for .ARM.Collect$$rtentry$$00000008
    __rtentry2.o(.ARM.exidx) refers to __rtentry2.o(.ARM.Collect$$rtentry$$0000000A) for .ARM.Collect$$rtentry$$0000000A
    __rtentry2.o(.ARM.exidx) refers to __rtentry2.o(.ARM.Collect$$rtentry$$0000000B) for .ARM.Collect$$rtentry$$0000000B
    __rtentry2.o(.ARM.exidx) refers to __rtentry2.o(.ARM.Collect$$rtentry$$0000000D) for .ARM.Collect$$rtentry$$0000000D
    __rtentry4.o(.ARM.Collect$$rtentry$$00000004) refers to sys_stackheap_outer.o(.text) for __user_setup_stackheap
    __rtentry4.o(.ARM.exidx) refers to __rtentry4.o(.ARM.Collect$$rtentry$$00000004) for .ARM.Collect$$rtentry$$00000004
    rt_div0.o(.text) refers to defsig_fpe_outer.o(.text) for __rt_SIGFPE
    rt_locale.o(.text) refers to rt_locale.o(.bss) for __rt_locale_data
    rt_locale_intlibspace.o(.text) refers to libspace.o(.bss) for __libspace_start
    _printf_char_common.o(.text) refers to __printf.o(.text) for __printf
    bigflt0.o(.text) refers (Special) to usenofp.o(x$fpl$usenofp) for __I$use$fp
    bigflt0.o(.text) refers to aeabi_sdiv.o(.text) for __aeabi_idivmod
    bigflt0.o(.text) refers to btod.o(.text) for _btod_emul
    bigflt0.o(.text) refers to bigflt0.o(.constdata) for .constdata
    bigflt0.o(.constdata) refers (Special) to usenofp.o(x$fpl$usenofp) for __I$use$fp
    btod.o(.text) refers to btod.o(i.__ARM_common_ll_muluu) for __ARM_common_ll_muluu
    lc_numeric_c.o(locale$$data) refers (Special) to libinit2.o(.ARM.Collect$$libinit$$00000016) for __rt_lib_init_lc_numeric_2
    lc_numeric_c.o(locale$$code) refers (Special) to libinit2.o(.ARM.Collect$$libinit$$00000016) for __rt_lib_init_lc_numeric_2
    lc_numeric_c.o(locale$$code) refers to strcmp.o(.text) for strcmp
    lc_numeric_c.o(locale$$code) refers to lc_numeric_c.o(locale$$data) for __lcnum_c_name
    ieee_status.o(.text) refers (Special) to usenofp.o(x$fpl$usenofp) for __I$use$fp
    fpclassify.o(i.__ARM_fpclassify) refers (Special) to usenofp.o(x$fpl$usenofp) for __I$use$fp
    libspace.o(.text) refers to libspace.o(.bss) for __libspace_start
    sys_stackheap_outer.o(.text) refers to libspace.o(.text) for __user_perproc_libspace
    sys_stackheap_outer.o(.text) refers to startup_stm32l053xx.o(.text) for __user_initial_stackheap
    sys_stackheap_outer.o(__vectab_stack_and_reset_area) refers to tempstk.o(.text) for __temporary_stack_top
    sys_stackheap_outer.o(__vectab_stack_and_reset_area) refers to __main.o(!!!main) for __main
    exit.o(.text) refers to rtexit.o(.ARM.Collect$$rtexit$$00000000) for __rt_exit
    defsig_fpe_outer.o(.text) refers to defsig_fpe_inner.o(.text) for __rt_SIGFPE_inner
    defsig_fpe_outer.o(.text) refers to defsig_exit.o(.text) for __sig_exit
    defsig_fpe_formal.o(.text) refers to rt_raise.o(.text) for __rt_raise
    libinit.o(.ARM.Collect$$libinit$$00000000) refers (Special) to libinit2.o(.ARM.Collect$$libinit$$0000002E) for __rt_lib_init_alloca_1
    libinit.o(.ARM.Collect$$libinit$$00000000) refers (Special) to libinit2.o(.ARM.Collect$$libinit$$0000002C) for __rt_lib_init_argv_1
    libinit.o(.ARM.Collect$$libinit$$00000000) refers (Special) to libinit2.o(.ARM.Collect$$libinit$$0000001B) for __rt_lib_init_atexit_1
    libinit.o(.ARM.Collect$$libinit$$00000000) refers (Special) to libinit2.o(.ARM.Collect$$libinit$$00000021) for __rt_lib_init_clock_1
    libinit.o(.ARM.Collect$$libinit$$00000000) refers (Special) to libinit2.o(.ARM.Collect$$libinit$$00000032) for __rt_lib_init_cpp_1
    libinit.o(.ARM.Collect$$libinit$$00000000) refers (Special) to libinit2.o(.ARM.Collect$$libinit$$00000030) for __rt_lib_init_exceptions_1
    libinit.o(.ARM.Collect$$libinit$$00000000) refers (Special) to libinit2.o(.ARM.Collect$$libinit$$00000002) for __rt_lib_init_fp_1
    libinit.o(.ARM.Collect$$libinit$$00000000) refers (Special) to libinit2.o(.ARM.Collect$$libinit$$0000001F) for __rt_lib_init_fp_trap_1
    libinit.o(.ARM.Collect$$libinit$$00000000) refers (Special) to libinit2.o(.ARM.Collect$$libinit$$00000023) for __rt_lib_init_getenv_1
    libinit.o(.ARM.Collect$$libinit$$00000000) refers (Special) to libinit2.o(.ARM.Collect$$libinit$$0000000A) for __rt_lib_init_heap_1
    libinit.o(.ARM.Collect$$libinit$$00000000) refers (Special) to libinit2.o(.ARM.Collect$$libinit$$00000011) for __rt_lib_init_lc_collate_1
    libinit.o(.ARM.Collect$$libinit$$00000000) refers (Special) to libinit2.o(.ARM.Collect$$libinit$$00000013) for __rt_lib_init_lc_ctype_1
    libinit.o(.ARM.Collect$$libinit$$00000000) refers (Special) to libinit2.o(.ARM.Collect$$libinit$$00000015) for __rt_lib_init_lc_monetary_1
    libinit.o(.ARM.Collect$$libinit$$00000000) refers (Special) to libinit2.o(.ARM.Collect$$libinit$$00000017) for __rt_lib_init_lc_numeric_1
    libinit.o(.ARM.Collect$$libinit$$00000000) refers (Special) to libinit2.o(.ARM.Collect$$libinit$$00000019) for __rt_lib_init_lc_time_1
    libinit.o(.ARM.Collect$$libinit$$00000000) refers (Special) to libinit2.o(.ARM.Collect$$libinit$$00000004) for __rt_lib_init_preinit_1
    libinit.o(.ARM.Collect$$libinit$$00000000) refers (Special) to libinit2.o(.ARM.Collect$$libinit$$0000000E) for __rt_lib_init_rand_1
    libinit.o(.ARM.Collect$$libinit$$00000000) refers (Special) to libinit2.o(.ARM.Collect$$libinit$$00000033) for __rt_lib_init_return
    libinit.o(.ARM.Collect$$libinit$$00000000) refers (Special) to libinit2.o(.ARM.Collect$$libinit$$0000001D) for __rt_lib_init_signal_1
    libinit.o(.ARM.Collect$$libinit$$00000000) refers (Special) to libinit2.o(.ARM.Collect$$libinit$$00000025) for __rt_lib_init_stdio_1
    libinit.o(.ARM.Collect$$libinit$$00000000) refers (Special) to libinit2.o(.ARM.Collect$$libinit$$0000000C) for __rt_lib_init_user_alloc_1
    libinit2.o(.ARM.Collect$$libinit$$0000000F) refers (Weak) to rt_locale_intlibspace.o(.text) for __rt_locale
    libinit2.o(.ARM.Collect$$libinit$$00000010) refers to libinit2.o(.ARM.Collect$$libinit$$0000000F) for .ARM.Collect$$libinit$$0000000F
    libinit2.o(.ARM.Collect$$libinit$$00000012) refers to libinit2.o(.ARM.Collect$$libinit$$0000000F) for .ARM.Collect$$libinit$$0000000F
    libinit2.o(.ARM.Collect$$libinit$$00000014) refers to libinit2.o(.ARM.Collect$$libinit$$0000000F) for .ARM.Collect$$libinit$$0000000F
    libinit2.o(.ARM.Collect$$libinit$$00000016) refers to libinit2.o(.ARM.Collect$$libinit$$0000000F) for .ARM.Collect$$libinit$$0000000F
    libinit2.o(.ARM.Collect$$libinit$$00000016) refers (Weak) to lc_numeric_c.o(locale$$code) for _get_lc_numeric
    libinit2.o(.ARM.Collect$$libinit$$00000018) refers to libinit2.o(.ARM.Collect$$libinit$$0000000F) for .ARM.Collect$$libinit$$0000000F
    libinit2.o(.ARM.Collect$$libinit$$00000026) refers to argv_veneer.o(.text) for __ARM_argv_veneer
    libinit2.o(.ARM.Collect$$libinit$$00000027) refers to argv_veneer.o(.text) for __ARM_argv_veneer
    rtexit.o(.ARM.Collect$$rtexit$$00000000) refers (Special) to rtexit2.o(.ARM.Collect$$rtexit$$00000004) for __rt_exit_exit
    rtexit.o(.ARM.Collect$$rtexit$$00000000) refers (Special) to rtexit2.o(.ARM.Collect$$rtexit$$00000003) for __rt_exit_ls
    rtexit.o(.ARM.Collect$$rtexit$$00000000) refers (Special) to rtexit2.o(.ARM.Collect$$rtexit$$00000002) for __rt_exit_prels_1
    rtexit.o(.ARM.exidx) refers (Special) to rtexit2.o(.ARM.Collect$$rtexit$$00000004) for __rt_exit_exit
    rtexit.o(.ARM.exidx) refers (Special) to rtexit2.o(.ARM.Collect$$rtexit$$00000003) for __rt_exit_ls
    rtexit.o(.ARM.exidx) refers (Special) to rtexit2.o(.ARM.Collect$$rtexit$$00000002) for __rt_exit_prels_1
    rtexit.o(.ARM.exidx) refers to rtexit.o(.ARM.Collect$$rtexit$$00000000) for .ARM.Collect$$rtexit$$00000000
    rt_raise.o(.text) refers to __raise.o(.text) for __raise
    rt_raise.o(.text) refers to retarget.o(i._sys_exit) for _sys_exit
    defsig_exit.o(.text) refers to retarget.o(i._sys_exit) for _sys_exit
    defsig_fpe_inner.o(.text) refers to defsig_general.o(.text) for __default_signal_display
    rtexit2.o(.ARM.Collect$$rtexit$$00000003) refers to libshutdown.o(.ARM.Collect$$libshutdown$$00000000) for __rt_lib_shutdown
    rtexit2.o(.ARM.Collect$$rtexit$$00000004) refers to retarget.o(i._sys_exit) for _sys_exit
    rtexit2.o(.ARM.exidx) refers to rtexit2.o(.ARM.Collect$$rtexit$$00000001) for .ARM.Collect$$rtexit$$00000001
    rtexit2.o(.ARM.exidx) refers to rtexit2.o(.ARM.Collect$$rtexit$$00000003) for .ARM.Collect$$rtexit$$00000003
    rtexit2.o(.ARM.exidx) refers to rtexit2.o(.ARM.Collect$$rtexit$$00000004) for .ARM.Collect$$rtexit$$00000004
    __raise.o(.text) refers to defsig.o(CL$$defsig) for __default_signal_handler
    defsig_general.o(.text) refers to retarget.o(i._ttywrch) for _ttywrch
    _get_argv_nomalloc.o(.text) refers (Special) to hrguard.o(.text) for __heap_region$guard
    _get_argv_nomalloc.o(.text) refers to defsig_rtmem_outer.o(.text) for __rt_SIGRTMEM
    _get_argv_nomalloc.o(.text) refers to sys_command.o(.text) for _sys_command_string
    sys_command.o(.text) refers (Special) to use_no_semi.o(.text) for __I$use$semihosting
    sys_command.o(.text) refers (Special) to indicate_semi.o(.text) for __semihosting_library_function
    defsig_rtmem_outer.o(.text) refers to defsig_rtmem_inner.o(.text) for __rt_SIGRTMEM_inner
    defsig_rtmem_outer.o(.text) refers to defsig_exit.o(.text) for __sig_exit
    defsig_rtmem_formal.o(.text) refers to rt_raise.o(.text) for __rt_raise
    defsig.o(CL$$defsig) refers to defsig_fpe_inner.o(.text) for __rt_SIGFPE_inner
    defsig.o(CL$$defsig) refers to defsig_rtmem_inner.o(.text) for __rt_SIGRTMEM_inner
    libshutdown.o(.ARM.Collect$$libshutdown$$00000000) refers (Special) to libshutdown2.o(.ARM.Collect$$libshutdown$$00000006) for __rt_lib_shutdown_fp_trap_1
    libshutdown.o(.ARM.Collect$$libshutdown$$00000000) refers (Special) to libshutdown2.o(.ARM.Collect$$libshutdown$$0000000E) for __rt_lib_shutdown_heap_1
    libshutdown.o(.ARM.Collect$$libshutdown$$00000000) refers (Special) to libshutdown2.o(.ARM.Collect$$libshutdown$$0000000F) for __rt_lib_shutdown_return
    libshutdown.o(.ARM.Collect$$libshutdown$$00000000) refers (Special) to libshutdown2.o(.ARM.Collect$$libshutdown$$00000009) for __rt_lib_shutdown_signal_1
    libshutdown.o(.ARM.Collect$$libshutdown$$00000000) refers (Special) to libshutdown2.o(.ARM.Collect$$libshutdown$$00000003) for __rt_lib_shutdown_stdio_1
    libshutdown.o(.ARM.Collect$$libshutdown$$00000000) refers (Special) to libshutdown2.o(.ARM.Collect$$libshutdown$$0000000B) for __rt_lib_shutdown_user_alloc_1
    defsig_abrt_inner.o(.text) refers to defsig_general.o(.text) for __default_signal_display
    defsig_rtred_inner.o(.text) refers to defsig_general.o(.text) for __default_signal_display
    defsig_rtmem_inner.o(.text) refers to defsig_general.o(.text) for __default_signal_display
    defsig_stak_inner.o(.text) refers to defsig_general.o(.text) for __default_signal_display
    defsig_pvfn_inner.o(.text) refers to defsig_general.o(.text) for __default_signal_display
    defsig_cppl_inner.o(.text) refers to defsig_general.o(.text) for __default_signal_display
    defsig_segv_inner.o(.text) refers to defsig_general.o(.text) for __default_signal_display
    defsig_other.o(.text) refers to defsig_general.o(.text) for __default_signal_display


==============================================================================

Removing Unused input sections from the image.

    Removing intern_project.o(.rev16_text), (4 bytes).
    Removing intern_project.o(.revsh_text), (4 bytes).
    Removing adc.o(.rev16_text), (4 bytes).
    Removing adc.o(.revsh_text), (4 bytes).
    Removing adc.o(i.ADC_Pin), (72 bytes).
    Removing adc.o(i.Unitialize_ADC), (72 bytes).
    Removing adc.o(i.Voltage_Conversion), (32 bytes).
    Removing gpio.o(.rev16_text), (4 bytes).
    Removing gpio.o(.revsh_text), (4 bytes).
    Removing gpio.o(i.Button_Get_State), (28 bytes).
    Removing gpio.o(i.LED_Off), (20 bytes).
    Removing gpio.o(i.LED_On), (20 bytes).
    Removing gpio.o(i.Unitialize_Port_A), (32 bytes).
    Removing gpio.o(i.Unitialize_Port_C), (24 bytes).
    Removing hts221.o(.rev16_text), (4 bytes).
    Removing hts221.o(.revsh_text), (4 bytes).
    Removing hts221.o(i.HTS221_Configuration), (224 bytes).
    Removing hts221.o(i.HTS221_Humidity_Read), (380 bytes).
    Removing hts221.o(i.HTS221_Temp_Read), (464 bytes).
    Removing i2c.o(.rev16_text), (4 bytes).
    Removing i2c.o(.revsh_text), (4 bytes).
    Removing i2c.o(i.Reset_I2C), (44 bytes).
    Removing retarget.o(i._ttywrch), (12 bytes).
    Removing retarget.o(i.fgetc), (10 bytes).
    Removing serial.o(.rev16_text), (4 bytes).
    Removing serial.o(.revsh_text), (4 bytes).
    Removing serial.o(i.SER_GetChar), (32 bytes).
    Removing timing.o(.rev16_text), (4 bytes).
    Removing timing.o(.revsh_text), (4 bytes).
    Removing lps25hb.o(.rev16_text), (4 bytes).
    Removing lps25hb.o(.revsh_text), (4 bytes).
    Removing lps25hb.o(i.LPS25HB_Configuration), (228 bytes).
    Removing lps25hb.o(i.LPS25HB_Pressure_Read), (148 bytes).
    Removing lis3mdl.o(.rev16_text), (4 bytes).
    Removing lis3mdl.o(.revsh_text), (4 bytes).
    Removing lis3mdl.o(i.LIS3MDL_Configuration), (340 bytes).
    Removing lis3mdl.o(i.LIS3MDL_X_Read), (112 bytes).
    Removing lis3mdl.o(i.LIS3MDL_Y_Read), (112 bytes).
    Removing lis3mdl.o(i.LIS3MDL_Z_Read), (112 bytes).
    Removing lsm6ds0.o(.rev16_text), (4 bytes).
    Removing lsm6ds0.o(.revsh_text), (4 bytes).
    Removing lsm6ds0.o(i.LSM6DS0_Configuration), (212 bytes).
    Removing lsm6ds0.o(i.LSM6DS0_Gyroscope_Roll_Read), (100 bytes).
    Removing lsm6ds0.o(i.LSM6DS0_Gyroscope_Yaw_Read), (100 bytes).
    Removing lsm6ds0.o(i.LSM6DS0_X_Acceleration_Read), (100 bytes).
    Removing lsm6ds0.o(i.LSM6DS0_Y_Acceleration_Read), (100 bytes).
    Removing lsm6ds0.o(i.LSM6DS0_Z_Acceleration_Read), (100 bytes).
    Removing isk01a1.o(.rev16_text), (4 bytes).
    Removing isk01a1.o(.revsh_text), (4 bytes).
    Removing isk01a1.o(i.ISK01A1_Configuration), (20 bytes).
    Removing isk01a1.o(i.ISK01A1_Get_Acceleration_X), (14 bytes).
    Removing isk01a1.o(i.ISK01A1_Get_Acceleration_Y), (14 bytes).
    Removing isk01a1.o(i.ISK01A1_Get_Acceleration_Z), (14 bytes).
    Removing isk01a1.o(i.ISK01A1_Get_Humidity), (14 bytes).
    Removing isk01a1.o(i.ISK01A1_Get_Magnetic_X), (14 bytes).
    Removing isk01a1.o(i.ISK01A1_Get_Magnetic_Y), (14 bytes).
    Removing isk01a1.o(i.ISK01A1_Get_Magnetic_Z), (14 bytes).
    Removing isk01a1.o(i.ISK01A1_Get_Pressure), (14 bytes).
    Removing isk01a1.o(i.ISK01A1_Get_Roll), (14 bytes).
    Removing isk01a1.o(i.ISK01A1_Get_Temperature), (14 bytes).
    Removing isk01a1.o(i.ISK01A1_Get_Yaw), (14 bytes).
    Removing system_stm32l0xx.o(.rev16_text), (4 bytes).
    Removing system_stm32l0xx.o(.revsh_text), (4 bytes).

63 unused section(s) (total 3500 bytes) removed from the image.

==============================================================================

Image Symbol Table

    Local Symbols

    Symbol Name                              Value     Ov Type        Size  Object(Section)

    ../clib/angel/boardlib.s                 0x00000000   Number         0  boardshut.o ABSOLUTE
    ../clib/angel/boardlib.s                 0x00000000   Number         0  boardinit3.o ABSOLUTE
    ../clib/angel/boardlib.s                 0x00000000   Number         0  boardinit2.o ABSOLUTE
    ../clib/angel/boardlib.s                 0x00000000   Number         0  boardinit1.o ABSOLUTE
    ../clib/angel/handlers.s                 0x00000000   Number         0  __scatter_copy.o ABSOLUTE
    ../clib/angel/handlers.s                 0x00000000   Number         0  __scatter_zi.o ABSOLUTE
    ../clib/angel/kernel.s                   0x00000000   Number         0  rtexit2.o ABSOLUTE
    ../clib/angel/kernel.s                   0x00000000   Number         0  __rtentry2.o ABSOLUTE
    ../clib/angel/kernel.s                   0x00000000   Number         0  __rtentry4.o ABSOLUTE
    ../clib/angel/kernel.s                   0x00000000   Number         0  __rtentry.o ABSOLUTE
    ../clib/angel/kernel.s                   0x00000000   Number         0  rtexit.o ABSOLUTE
    ../clib/angel/rt.s                       0x00000000   Number         0  rt_div0.o ABSOLUTE
    ../clib/angel/rt.s                       0x00000000   Number         0  rt_locale.o ABSOLUTE
    ../clib/angel/rt.s                       0x00000000   Number         0  rt_locale_intlibspace.o ABSOLUTE
    ../clib/angel/rt.s                       0x00000000   Number         0  rt_raise.o ABSOLUTE
    ../clib/angel/rt.s                       0x00000000   Number         0  aeabi_idiv0_sigfpe.o ABSOLUTE
    ../clib/angel/rt.s                       0x00000000   Number         0  aeabi_idiv0.o ABSOLUTE
    ../clib/angel/scatterp.s                 0x00000000   Number         0  __scatter.o ABSOLUTE
    ../clib/angel/startup.s                  0x00000000   Number         0  __main.o ABSOLUTE
    ../clib/angel/sys.s                      0x00000000   Number         0  sys_stackheap_outer.o ABSOLUTE
    ../clib/angel/sys.s                      0x00000000   Number         0  tempstk.o ABSOLUTE
    ../clib/angel/sys.s                      0x00000000   Number         0  libspace.o ABSOLUTE
    ../clib/angel/sys.s                      0x00000000   Number         0  indicate_semi.o ABSOLUTE
    ../clib/angel/sys.s                      0x00000000   Number         0  use_no_semi.o ABSOLUTE
    ../clib/angel/sysapp.c                   0x00000000   Number         0  sys_command.o ABSOLUTE
    ../clib/armsys.c                         0x00000000   Number         0  no_argv.o ABSOLUTE
    ../clib/armsys.c                         0x00000000   Number         0  _get_argv_nomalloc.o ABSOLUTE
    ../clib/armsys.c                         0x00000000   Number         0  argv_veneer.o ABSOLUTE
    ../clib/bigflt.c                         0x00000000   Number         0  bigflt0.o ABSOLUTE
    ../clib/btod.c                           0x00000000   Number         0  btod.o ABSOLUTE
    ../clib/division.c                       0x00000000   Number         0  lludiv10.o ABSOLUTE
    ../clib/division.c                       0x00000000   Number         0  rtudiv10.o ABSOLUTE
    ../clib/division.s                       0x00000000   Number         0  aeabi_sdiv_div0.o ABSOLUTE
    ../clib/division.s                       0x00000000   Number         0  aeabi_sdiv.o ABSOLUTE
    ../clib/heapalloc.c                      0x00000000   Number         0  hrguard.o ABSOLUTE
    ../clib/heapaux.c                        0x00000000   Number         0  heapauxi.o ABSOLUTE
    ../clib/libinit.s                        0x00000000   Number         0  libshutdown2.o ABSOLUTE
    ../clib/libinit.s                        0x00000000   Number         0  libshutdown.o ABSOLUTE
    ../clib/libinit.s                        0x00000000   Number         0  libinit2.o ABSOLUTE
    ../clib/libinit.s                        0x00000000   Number         0  libinit.o ABSOLUTE
    ../clib/locale.s                         0x00000000   Number         0  lc_numeric_c.o ABSOLUTE
    ../clib/printf.c                         0x00000000   Number         0  __printf.o ABSOLUTE
    ../clib/printf.c                         0x00000000   Number         0  _printf_hex_int_ll_ptr.o ABSOLUTE
    ../clib/printf.c                         0x00000000   Number         0  _printf_fp_infnan.o ABSOLUTE
    ../clib/printf.c                         0x00000000   Number         0  _printf_fp_dec.o ABSOLUTE
    ../clib/printf.c                         0x00000000   Number         0  _printf_hex_int.o ABSOLUTE
    ../clib/printf.c                         0x00000000   Number         0  _printf_hex_ll.o ABSOLUTE
    ../clib/printf.c                         0x00000000   Number         0  __printf_flags_ss.o ABSOLUTE
    ../clib/printf.c                         0x00000000   Number         0  _printf_char_file.o ABSOLUTE
    ../clib/printf.c                         0x00000000   Number         0  __printf_ss.o ABSOLUTE
    ../clib/printf.c                         0x00000000   Number         0  _printf_hex_int_ll.o ABSOLUTE
    ../clib/printf.c                         0x00000000   Number         0  _printf_intcommon.o ABSOLUTE
    ../clib/printf.c                         0x00000000   Number         0  _printf_char_common.o ABSOLUTE
    ../clib/printf.c                         0x00000000   Number         0  _printf_hex_ptr.o ABSOLUTE
    ../clib/printf.c                         0x00000000   Number         0  __2printf.o ABSOLUTE
    ../clib/printf.c                         0x00000000   Number         0  __printf_flags.o ABSOLUTE
    ../clib/printf.c                         0x00000000   Number         0  noretval__2printf.o ABSOLUTE
    ../clib/printf.c                         0x00000000   Number         0  __printf_flags_ss_wp.o ABSOLUTE
    ../clib/printf.c                         0x00000000   Number         0  __printf_ss_wp.o ABSOLUTE
    ../clib/printf.c                         0x00000000   Number         0  _printf_hex_int_ptr.o ABSOLUTE
    ../clib/printf.c                         0x00000000   Number         0  __printf_flags_wp.o ABSOLUTE
    ../clib/printf.c                         0x00000000   Number         0  __printf_wp.o ABSOLUTE
    ../clib/printf.c                         0x00000000   Number         0  _printf_hex_ll_ptr.o ABSOLUTE
    ../clib/printf.c                         0x00000000   Number         0  __printf_nopercent.o ABSOLUTE
    ../clib/printf_percent.s                 0x00000000   Number         0  _printf_x.o ABSOLUTE
    ../clib/printf_percent.s                 0x00000000   Number         0  _printf_percent_end.o ABSOLUTE
    ../clib/printf_percent.s                 0x00000000   Number         0  _printf_percent.o ABSOLUTE
    ../clib/printf_percent.s                 0x00000000   Number         0  _printf_f.o ABSOLUTE
    ../clib/signal.c                         0x00000000   Number         0  defsig_cppl_inner.o ABSOLUTE
    ../clib/signal.c                         0x00000000   Number         0  defsig_pvfn_inner.o ABSOLUTE
    ../clib/signal.c                         0x00000000   Number         0  defsig_stak_inner.o ABSOLUTE
    ../clib/signal.c                         0x00000000   Number         0  defsig_rtmem_inner.o ABSOLUTE
    ../clib/signal.c                         0x00000000   Number         0  defsig_rtred_inner.o ABSOLUTE
    ../clib/signal.c                         0x00000000   Number         0  defsig_abrt_inner.o ABSOLUTE
    ../clib/signal.c                         0x00000000   Number         0  defsig_rtmem_formal.o ABSOLUTE
    ../clib/signal.c                         0x00000000   Number         0  defsig_rtmem_outer.o ABSOLUTE
    ../clib/signal.c                         0x00000000   Number         0  __raise.o ABSOLUTE
    ../clib/signal.c                         0x00000000   Number         0  defsig_fpe_inner.o ABSOLUTE
    ../clib/signal.c                         0x00000000   Number         0  defsig_exit.o ABSOLUTE
    ../clib/signal.c                         0x00000000   Number         0  defsig_fpe_outer.o ABSOLUTE
    ../clib/signal.c                         0x00000000   Number         0  defsig_fpe_formal.o ABSOLUTE
    ../clib/signal.c                         0x00000000   Number         0  defsig_other.o ABSOLUTE
    ../clib/signal.c                         0x00000000   Number         0  defsig_segv_inner.o ABSOLUTE
    ../clib/signal.c                         0x00000000   Number         0  defsig_general.o ABSOLUTE
    ../clib/signal.s                         0x00000000   Number         0  defsig.o ABSOLUTE
    ../clib/stdlib.c                         0x00000000   Number         0  exit.o ABSOLUTE
    ../clib/string.c                         0x00000000   Number         0  strcmp.o ABSOLUTE
    ../fplib/cfplib/d2f.c                    0x00000000   Number         0  d2f.o ABSOLUTE
    ../fplib/cfplib/daddsub.c                0x00000000   Number         0  daddsub.o ABSOLUTE
    ../fplib/cfplib/ddiv.c                   0x00000000   Number         0  ddiv.o ABSOLUTE
    ../fplib/cfplib/dmul.c                   0x00000000   Number         0  dmul.o ABSOLUTE
    ../fplib/cfplib/f2d.c                    0x00000000   Number         0  f2d.o ABSOLUTE
    ../fplib/cfplib/fdiv.c                   0x00000000   Number         0  fdiv.o ABSOLUTE
    ../fplib/cfplib/fflt.c                   0x00000000   Number         0  fflti.o ABSOLUTE
    ../fplib/cfplib/fpinit.c                 0x00000000   Number         0  fpinit.o ABSOLUTE
    ../fplib/cfplib/ieee_status.c            0x00000000   Number         0  ieee_status.o ABSOLUTE
    ../fplib/faddsub6m.s                     0x00000000   Number         0  faddsub.o ABSOLUTE
    ../fplib/fmul6m.s                        0x00000000   Number         0  fmul.o ABSOLUTE
    ../fplib/printf1.s                       0x00000000   Number         0  printf1.o ABSOLUTE
    ../fplib/usenofp.s                       0x00000000   Number         0  usenofp.o ABSOLUTE
    ../mathlib/fpclassify.c                  0x00000000   Number         0  fpclassify.o ABSOLUTE
    ADC.c                                    0x00000000   Number         0  adc.o ABSOLUTE
    ADC.c                                    0x00000000   Number         0  adc.o ABSOLUTE
    GPIO.c                                   0x00000000   Number         0  gpio.o ABSOLUTE
    GPIO.c                                   0x00000000   Number         0  gpio.o ABSOLUTE
    HTS221.c                                 0x00000000   Number         0  hts221.o ABSOLUTE
    HTS221.c                                 0x00000000   Number         0  hts221.o ABSOLUTE
    I2C.c                                    0x00000000   Number         0  i2c.o ABSOLUTE
    I2C.c                                    0x00000000   Number         0  i2c.o ABSOLUTE
    ISK01A1.c                                0x00000000   Number         0  isk01a1.o ABSOLUTE
    ISK01A1.c                                0x00000000   Number         0  isk01a1.o ABSOLUTE
    Intern_Project.c                         0x00000000   Number         0  intern_project.o ABSOLUTE
    Intern_Project.c                         0x00000000   Number         0  intern_project.o ABSOLUTE
    LIS3MDL.c                                0x00000000   Number         0  lis3mdl.o ABSOLUTE
    LIS3MDL.c                                0x00000000   Number         0  lis3mdl.o ABSOLUTE
    LPS25HB.c                                0x00000000   Number         0  lps25hb.o ABSOLUTE
    LPS25HB.c                                0x00000000   Number         0  lps25hb.o ABSOLUTE
    LSM6DS0.c                                0x00000000   Number         0  lsm6ds0.o ABSOLUTE
    LSM6DS0.c                                0x00000000   Number         0  lsm6ds0.o ABSOLUTE
    RTE\Device\STM32L053R8\startup_stm32l053xx.s 0x00000000   Number         0  startup_stm32l053xx.o ABSOLUTE
    RTE\Device\STM32L053R8\system_stm32l0xx.c 0x00000000   Number         0  system_stm32l0xx.o ABSOLUTE
    RTE\\Device\\STM32L053R8\\system_stm32l0xx.c 0x00000000   Number         0  system_stm32l0xx.o ABSOLUTE
    Retarget.c                               0x00000000   Number         0  retarget.o ABSOLUTE
    Serial.c                                 0x00000000   Number         0  serial.o ABSOLUTE
    Serial.c                                 0x00000000   Number         0  serial.o ABSOLUTE
    Timing.c                                 0x00000000   Number         0  timing.o ABSOLUTE
    Timing.c                                 0x00000000   Number         0  timing.o ABSOLUTE
    dc.s                                     0x00000000   Number         0  dc.o ABSOLUTE
    RESET                                    0x08000000   Section      192  startup_stm32l053xx.o(RESET)
    !!!main                                  0x080000c0   Section        8  __main.o(!!!main)
    !!!scatter                               0x080000c8   Section       60  __scatter.o(!!!scatter)
    !!handler_copy                           0x08000104   Section       26  __scatter_copy.o(!!handler_copy)
    !!handler_zi                             0x08000120   Section       28  __scatter_zi.o(!!handler_zi)
    .ARM.Collect$$_printf_percent$$00000000  0x0800013c   Section        2  _printf_percent.o(.ARM.Collect$$_printf_percent$$00000000)
    .ARM.Collect$$_printf_percent$$00000003  0x0800013e   Section       10  _printf_f.o(.ARM.Collect$$_printf_percent$$00000003)
    .ARM.Collect$$_printf_percent$$00000017  0x08000148   Section        4  _printf_percent_end.o(.ARM.Collect$$_printf_percent$$00000017)
    .ARM.Collect$$libinit$$00000000          0x0800014c   Section        2  libinit.o(.ARM.Collect$$libinit$$00000000)
    .ARM.Collect$$libinit$$00000002          0x0800014e   Section        0  libinit2.o(.ARM.Collect$$libinit$$00000002)
    .ARM.Collect$$libinit$$00000004          0x0800014e   Section        0  libinit2.o(.ARM.Collect$$libinit$$00000004)
    .ARM.Collect$$libinit$$0000000A          0x0800014e   Section        0  libinit2.o(.ARM.Collect$$libinit$$0000000A)
    .ARM.Collect$$libinit$$0000000C          0x0800014e   Section        0  libinit2.o(.ARM.Collect$$libinit$$0000000C)
    .ARM.Collect$$libinit$$0000000E          0x0800014e   Section        0  libinit2.o(.ARM.Collect$$libinit$$0000000E)
    .ARM.Collect$$libinit$$0000000F          0x0800014e   Section        6  libinit2.o(.ARM.Collect$$libinit$$0000000F)
    .ARM.Collect$$libinit$$00000011          0x08000154   Section        0  libinit2.o(.ARM.Collect$$libinit$$00000011)
    .ARM.Collect$$libinit$$00000013          0x08000154   Section        0  libinit2.o(.ARM.Collect$$libinit$$00000013)
    .ARM.Collect$$libinit$$00000015          0x08000154   Section        0  libinit2.o(.ARM.Collect$$libinit$$00000015)
    .ARM.Collect$$libinit$$00000016          0x08000154   Section       10  libinit2.o(.ARM.Collect$$libinit$$00000016)
    .ARM.Collect$$libinit$$00000017          0x0800015e   Section        0  libinit2.o(.ARM.Collect$$libinit$$00000017)
    .ARM.Collect$$libinit$$00000019          0x0800015e   Section        0  libinit2.o(.ARM.Collect$$libinit$$00000019)
    .ARM.Collect$$libinit$$0000001B          0x0800015e   Section        0  libinit2.o(.ARM.Collect$$libinit$$0000001B)
    .ARM.Collect$$libinit$$0000001D          0x0800015e   Section        0  libinit2.o(.ARM.Collect$$libinit$$0000001D)
    .ARM.Collect$$libinit$$0000001F          0x0800015e   Section        0  libinit2.o(.ARM.Collect$$libinit$$0000001F)
    .ARM.Collect$$libinit$$00000021          0x0800015e   Section        0  libinit2.o(.ARM.Collect$$libinit$$00000021)
    .ARM.Collect$$libinit$$00000023          0x0800015e   Section        0  libinit2.o(.ARM.Collect$$libinit$$00000023)
    .ARM.Collect$$libinit$$00000025          0x0800015e   Section        0  libinit2.o(.ARM.Collect$$libinit$$00000025)
    .ARM.Collect$$libinit$$0000002C          0x0800015e   Section        0  libinit2.o(.ARM.Collect$$libinit$$0000002C)
    .ARM.Collect$$libinit$$0000002E          0x0800015e   Section        0  libinit2.o(.ARM.Collect$$libinit$$0000002E)
    .ARM.Collect$$libinit$$00000030          0x0800015e   Section        0  libinit2.o(.ARM.Collect$$libinit$$00000030)
    .ARM.Collect$$libinit$$00000032          0x0800015e   Section        0  libinit2.o(.ARM.Collect$$libinit$$00000032)
    .ARM.Collect$$libinit$$00000033          0x0800015e   Section        2  libinit2.o(.ARM.Collect$$libinit$$00000033)
    .ARM.Collect$$libshutdown$$00000000      0x08000160   Section        2  libshutdown.o(.ARM.Collect$$libshutdown$$00000000)
    .ARM.Collect$$libshutdown$$00000003      0x08000162   Section        0  libshutdown2.o(.ARM.Collect$$libshutdown$$00000003)
    .ARM.Collect$$libshutdown$$00000006      0x08000162   Section        0  libshutdown2.o(.ARM.Collect$$libshutdown$$00000006)
    .ARM.Collect$$libshutdown$$00000009      0x08000162   Section        0  libshutdown2.o(.ARM.Collect$$libshutdown$$00000009)
    .ARM.Collect$$libshutdown$$0000000B      0x08000162   Section        0  libshutdown2.o(.ARM.Collect$$libshutdown$$0000000B)
    .ARM.Collect$$libshutdown$$0000000E      0x08000162   Section        0  libshutdown2.o(.ARM.Collect$$libshutdown$$0000000E)
    .ARM.Collect$$libshutdown$$0000000F      0x08000162   Section        2  libshutdown2.o(.ARM.Collect$$libshutdown$$0000000F)
    .ARM.Collect$$rtentry$$00000000          0x08000164   Section        0  __rtentry.o(.ARM.Collect$$rtentry$$00000000)
    .ARM.Collect$$rtentry$$00000002          0x08000164   Section        0  __rtentry2.o(.ARM.Collect$$rtentry$$00000002)
    .ARM.Collect$$rtentry$$00000004          0x08000164   Section        6  __rtentry4.o(.ARM.Collect$$rtentry$$00000004)
    .ARM.Collect$$rtentry$$00000009          0x0800016a   Section        0  __rtentry2.o(.ARM.Collect$$rtentry$$00000009)
    .ARM.Collect$$rtentry$$0000000A          0x0800016a   Section        4  __rtentry2.o(.ARM.Collect$$rtentry$$0000000A)
    .ARM.Collect$$rtentry$$0000000C          0x0800016e   Section        0  __rtentry2.o(.ARM.Collect$$rtentry$$0000000C)
    .ARM.Collect$$rtentry$$0000000D          0x0800016e   Section        8  __rtentry2.o(.ARM.Collect$$rtentry$$0000000D)
    .ARM.Collect$$rtexit$$00000000           0x08000176   Section        2  rtexit.o(.ARM.Collect$$rtexit$$00000000)
    .ARM.Collect$$rtexit$$00000002           0x08000178   Section        0  rtexit2.o(.ARM.Collect$$rtexit$$00000002)
    .ARM.Collect$$rtexit$$00000003           0x08000178   Section        4  rtexit2.o(.ARM.Collect$$rtexit$$00000003)
    .ARM.Collect$$rtexit$$00000004           0x0800017c   Section        6  rtexit2.o(.ARM.Collect$$rtexit$$00000004)
    .text                                    0x08000184   Section       60  startup_stm32l053xx.o(.text)
    .text                                    0x080001c0   Section        2  use_no_semi.o(.text)
    .text                                    0x080001c4   Section        0  noretval__2printf.o(.text)
    .text                                    0x080001e0   Section        0  __printf.o(.text)
    .text                                    0x0800024c   Section      346  aeabi_sdiv.o(.text)
    .text                                    0x080003a6   Section        0  heapauxi.o(.text)
    .text                                    0x080003ac   Section        0  f2d.o(.text)
    .text                                    0x08000400   Section        0  fflti.o(.text)
    .text                                    0x08000460   Section        0  _printf_fp_dec.o(.text)
    _fp_digits                               0x08000463   Thumb Code   408  _printf_fp_dec.o(.text)
    .text                                    0x08000874   Section        0  _printf_char_file.o(.text)
    .text                                    0x0800089c   Section        8  rt_locale_intlibspace.o(.text)
    .text                                    0x080008a4   Section        0  lludiv10.o(.text)
    .text                                    0x08000920   Section        0  _printf_char_common.o(.text)
    _printf_input_char                       0x08000921   Thumb Code    10  _printf_char_common.o(.text)
    .text                                    0x08000950   Section        0  _printf_fp_infnan.o(.text)
    .text                                    0x080009d8   Section        0  bigflt0.o(.text)
    .text                                    0x08000aa0   Section        0  btod.o(.text)
    btod_internal_mul                        0x08000ae1   Thumb Code   456  btod.o(.text)
    btod_internal_div                        0x08000ca9   Thumb Code   494  btod.o(.text)
    .text                                    0x08000f48   Section        0  rtudiv10.o(.text)
    .text                                    0x08000f70   Section        8  libspace.o(.text)
    .text                                    0x08000f78   Section       62  sys_stackheap_outer.o(.text)
    .text                                    0x08000fb6   Section        0  exit.o(.text)
    .text                                    0x08000fc4   Section        0  strcmp.o(.text)
    i.ADC_Init                               0x0800104c   Section        0  adc.o(i.ADC_Init)
    i.Button_Initialize                      0x080010c0   Section        0  gpio.o(i.Button_Initialize)
    i.Delay                                  0x080010d4   Section        0  timing.o(i.Delay)
    i.HTS221_Init                            0x080010ec   Section        0  hts221.o(i.HTS221_Init)
    i.I2C_Init                               0x08001128   Section        0  i2c.o(i.I2C_Init)
    i.I2C_Read_Reg                           0x08001198   Section        0  i2c.o(i.I2C_Read_Reg)
    i.I2C_Write_Reg                          0x08001258   Section        0  i2c.o(i.I2C_Write_Reg)
    i.ISK01A1_Get_Pitch                      0x080012f8   Section        0  isk01a1.o(i.ISK01A1_Get_Pitch)
    i.ISK01A1_Init                           0x08001308   Section        0  isk01a1.o(i.ISK01A1_Init)
    i.Initialize_Port_A                      0x080014d4   Section        0  gpio.o(i.Initialize_Port_A)
    i.Initialize_Port_C                      0x08001544   Section        0  gpio.o(i.Initialize_Port_C)
    i.LED_Init                               0x0800159c   Section        0  gpio.o(i.LED_Init)
    i.LIS3MDL_Init                           0x080015b0   Section        0  lis3mdl.o(i.LIS3MDL_Init)
    i.LPS25HB_Init                           0x08001600   Section        0  lps25hb.o(i.LPS25HB_Init)
    i.LSM6DS0_Gyroscope_Pitch_Read           0x0800163c   Section        0  lsm6ds0.o(i.LSM6DS0_Gyroscope_Pitch_Read)
    i.LSM6DS0_Init                           0x080016a0   Section        0  lsm6ds0.o(i.LSM6DS0_Init)
    i.NVIC_SetPriority                       0x080016dc   Section        0  intern_project.o(i.NVIC_SetPriority)
    NVIC_SetPriority                         0x080016dd   Thumb Code   110  intern_project.o(i.NVIC_SetPriority)
    i.SER_Initialize                         0x08001754   Section        0  serial.o(i.SER_Initialize)
    i.SER_PutChar                            0x080017c8   Section        0  serial.o(i.SER_PutChar)
    i.SysTick_Handler                        0x080017e4   Section        0  timing.o(i.SysTick_Handler)
    i.SystemCoreClockInit                    0x080017f4   Section        0  timing.o(i.SystemCoreClockInit)
    i.SystemCoreClockUpdate                  0x080018ec   Section        0  system_stm32l0xx.o(i.SystemCoreClockUpdate)
    i.SystemInit                             0x080019ec   Section        0  system_stm32l0xx.o(i.SystemInit)
    i.__ARM_common_ll_muluu                  0x08001a54   Section        0  btod.o(i.__ARM_common_ll_muluu)
    i.__ARM_fpclassify                       0x08001a84   Section        0  fpclassify.o(i.__ARM_fpclassify)
    i._sys_exit                              0x08001ab0   Section        0  retarget.o(i._sys_exit)
    i.ferror                                 0x08001ab4   Section        0  retarget.o(i.ferror)
    i.fputc                                  0x08001abc   Section        0  retarget.o(i.fputc)
    i.main                                   0x08001acc   Section        0  intern_project.o(i.main)
    locale$$code                             0x08001b58   Section       44  lc_numeric_c.o(locale$$code)
    x$fpl$fmul                               0x08001b84   Section      176  fmul.o(x$fpl$fmul)
    x$fpl$printf1                            0x08001c34   Section       16  printf1.o(x$fpl$printf1)
    .constdata                               0x08001c44   Section      148  bigflt0.o(.constdata)
    x$fpl$usenofp                            0x08001c44   Section        0  usenofp.o(x$fpl$usenofp)
    tenpwrs_x                                0x08001c44   Data          60  bigflt0.o(.constdata)
    tenpwrs_i                                0x08001c80   Data          64  bigflt0.o(.constdata)
    locale$$data                             0x08001cf8   Section       28  lc_numeric_c.o(locale$$data)
    __lcnum_c_name                           0x08001cfc   Data           2  lc_numeric_c.o(locale$$data)
    __lcnum_c_start                          0x08001d04   Data           0  lc_numeric_c.o(locale$$data)
    __lcnum_c_point                          0x08001d10   Data           0  lc_numeric_c.o(locale$$data)
    __lcnum_c_thousands                      0x08001d12   Data           0  lc_numeric_c.o(locale$$data)
    __lcnum_c_grouping                       0x08001d13   Data           0  lc_numeric_c.o(locale$$data)
    __lcnum_c_end                            0x08001d14   Data           0  lc_numeric_c.o(locale$$data)
    .data                                    0x20000000   Section        4  i2c.o(.data)
    .data                                    0x20000004   Section        8  retarget.o(.data)
    .data                                    0x2000000c   Section        4  timing.o(.data)
    .data                                    0x20000010   Section       29  system_stm32l0xx.o(.data)
    .bss                                     0x20000030   Section       96  libspace.o(.bss)
    HEAP                                     0x20000090   Section      512  startup_stm32l053xx.o(HEAP)
    Heap_Mem                                 0x20000090   Data         512  startup_stm32l053xx.o(HEAP)
    STACK                                    0x20000290   Section     1024  startup_stm32l053xx.o(STACK)
    Stack_Mem                                0x20000290   Data        1024  startup_stm32l053xx.o(STACK)
    __initial_sp                             0x20000690   Data           0  startup_stm32l053xx.o(STACK)

    Global Symbols

    Symbol Name                              Value     Ov Type        Size  Object(Section)

    BuildAttributes$$THM_ISAv3M$S$PE$A:L22$X:L11$S22$IEEE1$IW$USESV6$~STKCKD$USESV7$~SHL$OTIME$ROPI$IEEEJ$EBA8$UX$STANDARDLIB$REQ8$PRES8$EABIv2 0x00000000   Number         0  anon$$obj.o ABSOLUTE
    __ARM_use_no_argv                        0x00000000   Number         0  intern_project.o ABSOLUTE
    __ARM_exceptions_init                     - Undefined Weak Reference
    __alloca_initialize                       - Undefined Weak Reference
    __arm_preinit_                            - Undefined Weak Reference
    __cpp_initialize__aeabi_                  - Undefined Weak Reference
    __cxa_finalize                            - Undefined Weak Reference
    __sigvec_lookup                           - Undefined Weak Reference
    _atexit_init                              - Undefined Weak Reference
    _call_atexit_fns                          - Undefined Weak Reference
    _clock_init                               - Undefined Weak Reference
    _fp_trap_init                             - Undefined Weak Reference
    _fp_trap_shutdown                         - Undefined Weak Reference
    _get_lc_collate                           - Undefined Weak Reference
    _get_lc_ctype                             - Undefined Weak Reference
    _get_lc_monetary                          - Undefined Weak Reference
    _get_lc_time                              - Undefined Weak Reference
    _getenv_init                              - Undefined Weak Reference
    _handle_redirection                       - Undefined Weak Reference
    _init_alloc                               - Undefined Weak Reference
    _init_user_alloc                          - Undefined Weak Reference
    _initio                                   - Undefined Weak Reference
    _printf_post_padding                      - Undefined Weak Reference
    _printf_pre_padding                       - Undefined Weak Reference
    _printf_truncate_unsigned                 - Undefined Weak Reference
    _rand_init                                - Undefined Weak Reference
    _signal_finish                            - Undefined Weak Reference
    _signal_init                              - Undefined Weak Reference
    _terminate_alloc                          - Undefined Weak Reference
    _terminate_user_alloc                     - Undefined Weak Reference
    _terminateio                              - Undefined Weak Reference
    __Vectors_Size                           0x000000c0   Number         0  startup_stm32l053xx.o ABSOLUTE
    __Vectors                                0x08000000   Data           4  startup_stm32l053xx.o(RESET)
    __Vectors_End                            0x080000c0   Data           0  startup_stm32l053xx.o(RESET)
    __main                                   0x080000c1   Thumb Code     8  __main.o(!!!main)
    __scatterload                            0x080000c9   Thumb Code     0  __scatter.o(!!!scatter)
    __scatterload_rt2                        0x080000c9   Thumb Code    52  __scatter.o(!!!scatter)
    __scatterload_rt2_thumb_only             0x080000c9   Thumb Code     0  __scatter.o(!!!scatter)
    __scatterload_null                       0x080000d9   Thumb Code     0  __scatter.o(!!!scatter)
    __scatterload_copy                       0x08000105   Thumb Code    26  __scatter_copy.o(!!handler_copy)
    __scatterload_zeroinit                   0x08000121   Thumb Code    28  __scatter_zi.o(!!handler_zi)
    _printf_percent                          0x0800013d   Thumb Code     0  _printf_percent.o(.ARM.Collect$$_printf_percent$$00000000)
    _printf_f                                0x0800013f   Thumb Code     0  _printf_f.o(.ARM.Collect$$_printf_percent$$00000003)
    _printf_percent_end                      0x08000149   Thumb Code     0  _printf_percent_end.o(.ARM.Collect$$_printf_percent$$00000017)
    __rt_lib_init                            0x0800014d   Thumb Code     0  libinit.o(.ARM.Collect$$libinit$$00000000)
    __rt_lib_init_fp_1                       0x0800014f   Thumb Code     0  libinit2.o(.ARM.Collect$$libinit$$00000002)
    __rt_lib_init_heap_1                     0x0800014f   Thumb Code     0  libinit2.o(.ARM.Collect$$libinit$$0000000A)
    __rt_lib_init_lc_common                  0x0800014f   Thumb Code     0  libinit2.o(.ARM.Collect$$libinit$$0000000F)
    __rt_lib_init_preinit_1                  0x0800014f   Thumb Code     0  libinit2.o(.ARM.Collect$$libinit$$00000004)
    __rt_lib_init_rand_1                     0x0800014f   Thumb Code     0  libinit2.o(.ARM.Collect$$libinit$$0000000E)
    __rt_lib_init_user_alloc_1               0x0800014f   Thumb Code     0  libinit2.o(.ARM.Collect$$libinit$$0000000C)
    __rt_lib_init_lc_collate_1               0x08000155   Thumb Code     0  libinit2.o(.ARM.Collect$$libinit$$00000011)
    __rt_lib_init_lc_ctype_1                 0x08000155   Thumb Code     0  libinit2.o(.ARM.Collect$$libinit$$00000013)
    __rt_lib_init_lc_monetary_1              0x08000155   Thumb Code     0  libinit2.o(.ARM.Collect$$libinit$$00000015)
    __rt_lib_init_lc_numeric_2               0x08000155   Thumb Code     0  libinit2.o(.ARM.Collect$$libinit$$00000016)
    __rt_lib_init_alloca_1                   0x0800015f   Thumb Code     0  libinit2.o(.ARM.Collect$$libinit$$0000002E)
    __rt_lib_init_argv_1                     0x0800015f   Thumb Code     0  libinit2.o(.ARM.Collect$$libinit$$0000002C)
    __rt_lib_init_atexit_1                   0x0800015f   Thumb Code     0  libinit2.o(.ARM.Collect$$libinit$$0000001B)
    __rt_lib_init_clock_1                    0x0800015f   Thumb Code     0  libinit2.o(.ARM.Collect$$libinit$$00000021)
    __rt_lib_init_cpp_1                      0x0800015f   Thumb Code     0  libinit2.o(.ARM.Collect$$libinit$$00000032)
    __rt_lib_init_exceptions_1               0x0800015f   Thumb Code     0  libinit2.o(.ARM.Collect$$libinit$$00000030)
    __rt_lib_init_fp_trap_1                  0x0800015f   Thumb Code     0  libinit2.o(.ARM.Collect$$libinit$$0000001F)
    __rt_lib_init_getenv_1                   0x0800015f   Thumb Code     0  libinit2.o(.ARM.Collect$$libinit$$00000023)
    __rt_lib_init_lc_numeric_1               0x0800015f   Thumb Code     0  libinit2.o(.ARM.Collect$$libinit$$00000017)
    __rt_lib_init_lc_time_1                  0x0800015f   Thumb Code     0  libinit2.o(.ARM.Collect$$libinit$$00000019)
    __rt_lib_init_return                     0x0800015f   Thumb Code     0  libinit2.o(.ARM.Collect$$libinit$$00000033)
    __rt_lib_init_signal_1                   0x0800015f   Thumb Code     0  libinit2.o(.ARM.Collect$$libinit$$0000001D)
    __rt_lib_init_stdio_1                    0x0800015f   Thumb Code     0  libinit2.o(.ARM.Collect$$libinit$$00000025)
    __rt_lib_shutdown                        0x08000161   Thumb Code     0  libshutdown.o(.ARM.Collect$$libshutdown$$00000000)
    __rt_lib_shutdown_fp_trap_1              0x08000163   Thumb Code     0  libshutdown2.o(.ARM.Collect$$libshutdown$$00000006)
    __rt_lib_shutdown_heap_1                 0x08000163   Thumb Code     0  libshutdown2.o(.ARM.Collect$$libshutdown$$0000000E)
    __rt_lib_shutdown_return                 0x08000163   Thumb Code     0  libshutdown2.o(.ARM.Collect$$libshutdown$$0000000F)
    __rt_lib_shutdown_signal_1               0x08000163   Thumb Code     0  libshutdown2.o(.ARM.Collect$$libshutdown$$00000009)
    __rt_lib_shutdown_stdio_1                0x08000163   Thumb Code     0  libshutdown2.o(.ARM.Collect$$libshutdown$$00000003)
    __rt_lib_shutdown_user_alloc_1           0x08000163   Thumb Code     0  libshutdown2.o(.ARM.Collect$$libshutdown$$0000000B)
    __rt_entry                               0x08000165   Thumb Code     0  __rtentry.o(.ARM.Collect$$rtentry$$00000000)
    __rt_entry_presh_1                       0x08000165   Thumb Code     0  __rtentry2.o(.ARM.Collect$$rtentry$$00000002)
    __rt_entry_sh                            0x08000165   Thumb Code     0  __rtentry4.o(.ARM.Collect$$rtentry$$00000004)
    __rt_entry_li                            0x0800016b   Thumb Code     0  __rtentry2.o(.ARM.Collect$$rtentry$$0000000A)
    __rt_entry_postsh_1                      0x0800016b   Thumb Code     0  __rtentry2.o(.ARM.Collect$$rtentry$$00000009)
    __rt_entry_main                          0x0800016f   Thumb Code     0  __rtentry2.o(.ARM.Collect$$rtentry$$0000000D)
    __rt_entry_postli_1                      0x0800016f   Thumb Code     0  __rtentry2.o(.ARM.Collect$$rtentry$$0000000C)
    __rt_exit                                0x08000177   Thumb Code     0  rtexit.o(.ARM.Collect$$rtexit$$00000000)
    __rt_exit_ls                             0x08000179   Thumb Code     0  rtexit2.o(.ARM.Collect$$rtexit$$00000003)
    __rt_exit_prels_1                        0x08000179   Thumb Code     0  rtexit2.o(.ARM.Collect$$rtexit$$00000002)
    __rt_exit_exit                           0x0800017d   Thumb Code     0  rtexit2.o(.ARM.Collect$$rtexit$$00000004)
    Reset_Handler                            0x08000185   Thumb Code     8  startup_stm32l053xx.o(.text)
    NMI_Handler                              0x0800018d   Thumb Code     2  startup_stm32l053xx.o(.text)
    HardFault_Handler                        0x0800018f   Thumb Code     2  startup_stm32l053xx.o(.text)
    SVC_Handler                              0x08000191   Thumb Code     2  startup_stm32l053xx.o(.text)
    DebugMon_Handler                         0x08000193   Thumb Code     2  startup_stm32l053xx.o(.text)
    PendSV_Handler                           0x08000195   Thumb Code     2  startup_stm32l053xx.o(.text)
    ADC1_COMP_IRQHandler                     0x08000199   Thumb Code     0  startup_stm32l053xx.o(.text)
    DMA1_Channel1_IRQHandler                 0x08000199   Thumb Code     0  startup_stm32l053xx.o(.text)
    DMA1_Channel2_3_IRQHandler               0x08000199   Thumb Code     0  startup_stm32l053xx.o(.text)
    DMA1_Channel4_5_6_7_IRQHandler           0x08000199   Thumb Code     0  startup_stm32l053xx.o(.text)
    EXTI0_1_IRQHandler                       0x08000199   Thumb Code     0  startup_stm32l053xx.o(.text)
    EXTI2_3_IRQHandler                       0x08000199   Thumb Code     0  startup_stm32l053xx.o(.text)
    EXTI4_15_IRQHandler                      0x08000199   Thumb Code     0  startup_stm32l053xx.o(.text)
    FLASH_IRQHandler                         0x08000199   Thumb Code     0  startup_stm32l053xx.o(.text)
    I2C1_IRQHandler                          0x08000199   Thumb Code     0  startup_stm32l053xx.o(.text)
    I2C2_IRQHandler                          0x08000199   Thumb Code     0  startup_stm32l053xx.o(.text)
    LCD_IRQHandler                           0x08000199   Thumb Code     0  startup_stm32l053xx.o(.text)
    LPTIM1_IRQHandler                        0x08000199   Thumb Code     0  startup_stm32l053xx.o(.text)
    PVD_IRQHandler                           0x08000199   Thumb Code     0  startup_stm32l053xx.o(.text)
    RCC_CRS_IRQHandler                       0x08000199   Thumb Code     0  startup_stm32l053xx.o(.text)
    RNG_LPUART1_IRQHandler                   0x08000199   Thumb Code     0  startup_stm32l053xx.o(.text)
    RTC_IRQHandler                           0x08000199   Thumb Code     0  startup_stm32l053xx.o(.text)
    SPI1_IRQHandler                          0x08000199   Thumb Code     0  startup_stm32l053xx.o(.text)
    SPI2_IRQHandler                          0x08000199   Thumb Code     0  startup_stm32l053xx.o(.text)
    TIM21_IRQHandler                         0x08000199   Thumb Code     0  startup_stm32l053xx.o(.text)
    TIM22_IRQHandler                         0x08000199   Thumb Code     0  startup_stm32l053xx.o(.text)
    TIM2_IRQHandler                          0x08000199   Thumb Code     0  startup_stm32l053xx.o(.text)
    TIM6_DAC_IRQHandler                      0x08000199   Thumb Code     0  startup_stm32l053xx.o(.text)
    TSC_IRQHandler                           0x08000199   Thumb Code     0  startup_stm32l053xx.o(.text)
    USART1_IRQHandler                        0x08000199   Thumb Code     0  startup_stm32l053xx.o(.text)
    USART2_IRQHandler                        0x08000199   Thumb Code     0  startup_stm32l053xx.o(.text)
    USB_IRQHandler                           0x08000199   Thumb Code     0  startup_stm32l053xx.o(.text)
    WWDG_IRQHandler                          0x08000199   Thumb Code     0  startup_stm32l053xx.o(.text)
    __user_initial_stackheap                 0x0800019d   Thumb Code     0  startup_stm32l053xx.o(.text)
    __I$use$semihosting                      0x080001c1   Thumb Code     0  use_no_semi.o(.text)
    __use_no_semihosting_swi                 0x080001c1   Thumb Code     2  use_no_semi.o(.text)
    __2printf                                0x080001c5   Thumb Code    22  noretval__2printf.o(.text)
    __printf                                 0x080001e1   Thumb Code   108  __printf.o(.text)
    __aeabi_uidiv                            0x0800024d   Thumb Code     0  aeabi_sdiv.o(.text)
    __aeabi_uidivmod                         0x0800024d   Thumb Code    20  aeabi_sdiv.o(.text)
    __aeabi_idiv                             0x08000261   Thumb Code     0  aeabi_sdiv.o(.text)
    __aeabi_idivmod                          0x08000261   Thumb Code   326  aeabi_sdiv.o(.text)
    __use_two_region_memory                  0x080003a7   Thumb Code     2  heapauxi.o(.text)
    __rt_heap_escrow$2region                 0x080003a9   Thumb Code     2  heapauxi.o(.text)
    __rt_heap_expand$2region                 0x080003ab   Thumb Code     2  heapauxi.o(.text)
    __aeabi_f2d                              0x080003ad   Thumb Code     0  f2d.o(.text)
    _f2d                                     0x080003ad   Thumb Code    80  f2d.o(.text)
    __aeabi_i2f_normalise                    0x08000401   Thumb Code    72  fflti.o(.text)
    __aeabi_i2f                              0x08000449   Thumb Code    16  fflti.o(.text)
    _fflt                                    0x08000449   Thumb Code     0  fflti.o(.text)
    __aeabi_ui2f                             0x08000459   Thumb Code     6  fflti.o(.text)
    _ffltu                                   0x08000459   Thumb Code     0  fflti.o(.text)
    __lib_sel_fp_printf                      0x08000461   Thumb Code     2  _printf_fp_dec.o(.text)
    _printf_fp_dec_real                      0x080005fb   Thumb Code   620  _printf_fp_dec.o(.text)
    _printf_char_file                        0x08000875   Thumb Code    34  _printf_char_file.o(.text)
    __rt_locale                              0x0800089d   Thumb Code     8  rt_locale_intlibspace.o(.text)
    _ll_udiv10                               0x080008a5   Thumb Code   122  lludiv10.o(.text)
    _printf_char_common                      0x0800092b   Thumb Code    32  _printf_char_common.o(.text)
    _printf_fp_infnan                        0x08000951   Thumb Code   120  _printf_fp_infnan.o(.text)
    _btod_etento                             0x080009d9   Thumb Code   196  bigflt0.o(.text)
    _btod_d2e                                0x08000aa1   Thumb Code    64  btod.o(.text)
    _btod_emul                               0x08000e97   Thumb Code    24  btod.o(.text)
    _btod_emuld                              0x08000eaf   Thumb Code    60  btod.o(.text)
    _btod_ediv                               0x08000eeb   Thumb Code    22  btod.o(.text)
    _btod_edivd                              0x08000f01   Thumb Code    60  btod.o(.text)
    __rt_udiv10                              0x08000f49   Thumb Code    40  rtudiv10.o(.text)
    __user_libspace                          0x08000f71   Thumb Code     8  libspace.o(.text)
    __user_perproc_libspace                  0x08000f71   Thumb Code     0  libspace.o(.text)
    __user_perthread_libspace                0x08000f71   Thumb Code     0  libspace.o(.text)
    __user_setup_stackheap                   0x08000f79   Thumb Code    62  sys_stackheap_outer.o(.text)
    exit                                     0x08000fb7   Thumb Code    12  exit.o(.text)
    strcmp                                   0x08000fc5   Thumb Code   132  strcmp.o(.text)
    ADC_Init                                 0x0800104d   Thumb Code   106  adc.o(i.ADC_Init)
    Button_Initialize                        0x080010c1   Thumb Code    20  gpio.o(i.Button_Initialize)
    Delay                                    0x080010d5   Thumb Code    20  timing.o(i.Delay)
    HTS221_Init                              0x080010ed   Thumb Code    56  hts221.o(i.HTS221_Init)
    I2C_Init                                 0x08001129   Thumb Code    96  i2c.o(i.I2C_Init)
    I2C_Read_Reg                             0x08001199   Thumb Code   182  i2c.o(i.I2C_Read_Reg)
    I2C_Write_Reg                            0x08001259   Thumb Code   156  i2c.o(i.I2C_Write_Reg)
    ISK01A1_Get_Pitch                        0x080012f9   Thumb Code    14  isk01a1.o(i.ISK01A1_Get_Pitch)
    ISK01A1_Init                             0x08001309   Thumb Code   128  isk01a1.o(i.ISK01A1_Init)
    Initialize_Port_A                        0x080014d5   Thumb Code   108  gpio.o(i.Initialize_Port_A)
    Initialize_Port_C                        0x08001545   Thumb Code    80  gpio.o(i.Initialize_Port_C)
    LED_Init                                 0x0800159d   Thumb Code    20  gpio.o(i.LED_Init)
    LIS3MDL_Init                             0x080015b1   Thumb Code    74  lis3mdl.o(i.LIS3MDL_Init)
    LPS25HB_Init                             0x08001601   Thumb Code    54  lps25hb.o(i.LPS25HB_Init)
    LSM6DS0_Gyroscope_Pitch_Read             0x0800163d   Thumb Code    92  lsm6ds0.o(i.LSM6DS0_Gyroscope_Pitch_Read)
    LSM6DS0_Init                             0x080016a1   Thumb Code    54  lsm6ds0.o(i.LSM6DS0_Init)
    SER_Initialize                           0x08001755   Thumb Code   104  serial.o(i.SER_Initialize)
    SER_PutChar                              0x080017c9   Thumb Code    24  serial.o(i.SER_PutChar)
    SysTick_Handler                          0x080017e5   Thumb Code    12  timing.o(i.SysTick_Handler)
    SystemCoreClockInit                      0x080017f5   Thumb Code   236  timing.o(i.SystemCoreClockInit)
    SystemCoreClockUpdate                    0x080018ed   Thumb Code   230  system_stm32l0xx.o(i.SystemCoreClockUpdate)
    SystemInit                               0x080019ed   Thumb Code    88  system_stm32l0xx.o(i.SystemInit)
    __ARM_common_ll_muluu                    0x08001a55   Thumb Code    48  btod.o(i.__ARM_common_ll_muluu)
    __ARM_fpclassify                         0x08001a85   Thumb Code    40  fpclassify.o(i.__ARM_fpclassify)
    _sys_exit                                0x08001ab1   Thumb Code     4  retarget.o(i._sys_exit)
    ferror                                   0x08001ab5   Thumb Code     8  retarget.o(i.ferror)
    fputc                                    0x08001abd   Thumb Code    14  retarget.o(i.fputc)
    main                                     0x08001acd   Thumb Code   114  intern_project.o(i.main)
    _get_lc_numeric                          0x08001b59   Thumb Code    44  lc_numeric_c.o(locale$$code)
    __aeabi_fmul                             0x08001b85   Thumb Code     0  fmul.o(x$fpl$fmul)
    _fmul                                    0x08001b85   Thumb Code   172  fmul.o(x$fpl$fmul)
    _printf_fp_dec                           0x08001c35   Thumb Code    16  printf1.o(x$fpl$printf1)
    __I$use$fp                               0x08001c44   Number         0  usenofp.o(x$fpl$usenofp)
    Region$$Table$$Base                      0x08001cd8   Number         0  anon$$obj.o(Region$$Table)
    Region$$Table$$Limit                     0x08001cf8   Number         0  anon$$obj.o(Region$$Table)
    I2C1_RX_Data                             0x20000000   Data           4  i2c.o(.data)
    __stdout                                 0x20000004   Data           4  retarget.o(.data)
    __stdin                                  0x20000008   Data           4  retarget.o(.data)
    msTicks                                  0x2000000c   Data           4  timing.o(.data)
    SystemCoreClock                          0x20000010   Data           4  system_stm32l0xx.o(.data)
    AHBPrescTable                            0x20000014   Data          16  system_stm32l0xx.o(.data)
    PLLMulTable                              0x20000024   Data           9  system_stm32l0xx.o(.data)
    __libspace_start                         0x20000030   Data          96  libspace.o(.bss)
    __temporary_stack_top$libspace           0x20000090   Data           0  libspace.o(.bss)



==============================================================================

Memory Map of the image

  Image Entry point : 0x080000c1

  Load Region LR_IROM1 (Base: 0x08000000, Size: 0x00001d44, Max: 0x00010000, ABSOLUTE)

    Execution Region ER_IROM1 (Base: 0x08000000, Size: 0x00001d14, Max: 0x00010000, ABSOLUTE)

    Base Addr    Size         Type   Attr      Idx    E Section Name        Object

    0x08000000   0x000000c0   Data   RO          631    RESET               startup_stm32l053xx.o
    0x080000c0   0x00000008   Code   RO          728  * !!!main             c_p.l(__main.o)
    0x080000c8   0x0000003c   Code   RO          955    !!!scatter          c_p.l(__scatter.o)
    0x08000104   0x0000001a   Code   RO          957    !!handler_copy      c_p.l(__scatter_copy.o)
    0x0800011e   0x00000002   PAD
    0x08000120   0x0000001c   Code   RO          959    !!handler_zi        c_p.l(__scatter_zi.o)
    0x0800013c   0x00000002   Code   RO          721    .ARM.Collect$$_printf_percent$$00000000  c_p.l(_printf_percent.o)
    0x0800013e   0x0000000a   Code   RO          720    .ARM.Collect$$_printf_percent$$00000003  c_p.l(_printf_f.o)
    0x08000148   0x00000004   Code   RO          767    .ARM.Collect$$_printf_percent$$00000017  c_p.l(_printf_percent_end.o)
    0x0800014c   0x00000002   Code   RO          834    .ARM.Collect$$libinit$$00000000  c_p.l(libinit.o)
    0x0800014e   0x00000000   Code   RO          836    .ARM.Collect$$libinit$$00000002  c_p.l(libinit2.o)
    0x0800014e   0x00000000   Code   RO          838    .ARM.Collect$$libinit$$00000004  c_p.l(libinit2.o)
    0x0800014e   0x00000000   Code   RO          841    .ARM.Collect$$libinit$$0000000A  c_p.l(libinit2.o)
    0x0800014e   0x00000000   Code   RO          843    .ARM.Collect$$libinit$$0000000C  c_p.l(libinit2.o)
    0x0800014e   0x00000000   Code   RO          845    .ARM.Collect$$libinit$$0000000E  c_p.l(libinit2.o)
    0x0800014e   0x00000006   Code   RO          846    .ARM.Collect$$libinit$$0000000F  c_p.l(libinit2.o)
    0x08000154   0x00000000   Code   RO          848    .ARM.Collect$$libinit$$00000011  c_p.l(libinit2.o)
    0x08000154   0x00000000   Code   RO          850    .ARM.Collect$$libinit$$00000013  c_p.l(libinit2.o)
    0x08000154   0x00000000   Code   RO          852    .ARM.Collect$$libinit$$00000015  c_p.l(libinit2.o)
    0x08000154   0x0000000a   Code   RO          853    .ARM.Collect$$libinit$$00000016  c_p.l(libinit2.o)
    0x0800015e   0x00000000   Code   RO          854    .ARM.Collect$$libinit$$00000017  c_p.l(libinit2.o)
    0x0800015e   0x00000000   Code   RO          856    .ARM.Collect$$libinit$$00000019  c_p.l(libinit2.o)
    0x0800015e   0x00000000   Code   RO          858    .ARM.Collect$$libinit$$0000001B  c_p.l(libinit2.o)
    0x0800015e   0x00000000   Code   RO          860    .ARM.Collect$$libinit$$0000001D  c_p.l(libinit2.o)
    0x0800015e   0x00000000   Code   RO          862    .ARM.Collect$$libinit$$0000001F  c_p.l(libinit2.o)
    0x0800015e   0x00000000   Code   RO          864    .ARM.Collect$$libinit$$00000021  c_p.l(libinit2.o)
    0x0800015e   0x00000000   Code   RO          866    .ARM.Collect$$libinit$$00000023  c_p.l(libinit2.o)
    0x0800015e   0x00000000   Code   RO          868    .ARM.Collect$$libinit$$00000025  c_p.l(libinit2.o)
    0x0800015e   0x00000000   Code   RO          872    .ARM.Collect$$libinit$$0000002C  c_p.l(libinit2.o)
    0x0800015e   0x00000000   Code   RO          874    .ARM.Collect$$libinit$$0000002E  c_p.l(libinit2.o)
    0x0800015e   0x00000000   Code   RO          876    .ARM.Collect$$libinit$$00000030  c_p.l(libinit2.o)
    0x0800015e   0x00000000   Code   RO          878    .ARM.Collect$$libinit$$00000032  c_p.l(libinit2.o)
    0x0800015e   0x00000002   Code   RO          879    .ARM.Collect$$libinit$$00000033  c_p.l(libinit2.o)
    0x08000160   0x00000002   Code   RO          920    .ARM.Collect$$libshutdown$$00000000  c_p.l(libshutdown.o)
    0x08000162   0x00000000   Code   RO          940    .ARM.Collect$$libshutdown$$00000003  c_p.l(libshutdown2.o)
    0x08000162   0x00000000   Code   RO          943    .ARM.Collect$$libshutdown$$00000006  c_p.l(libshutdown2.o)
    0x08000162   0x00000000   Code   RO          946    .ARM.Collect$$libshutdown$$00000009  c_p.l(libshutdown2.o)
    0x08000162   0x00000000   Code   RO          948    .ARM.Collect$$libshutdown$$0000000B  c_p.l(libshutdown2.o)
    0x08000162   0x00000000   Code   RO          951    .ARM.Collect$$libshutdown$$0000000E  c_p.l(libshutdown2.o)
    0x08000162   0x00000002   Code   RO          952    .ARM.Collect$$libshutdown$$0000000F  c_p.l(libshutdown2.o)
    0x08000164   0x00000000   Code   RO          756    .ARM.Collect$$rtentry$$00000000  c_p.l(__rtentry.o)
    0x08000164   0x00000000   Code   RO          770    .ARM.Collect$$rtentry$$00000002  c_p.l(__rtentry2.o)
    0x08000164   0x00000006   Code   RO          782    .ARM.Collect$$rtentry$$00000004  c_p.l(__rtentry4.o)
    0x0800016a   0x00000000   Code   RO          772    .ARM.Collect$$rtentry$$00000009  c_p.l(__rtentry2.o)
    0x0800016a   0x00000004   Code   RO          773    .ARM.Collect$$rtentry$$0000000A  c_p.l(__rtentry2.o)
    0x0800016e   0x00000000   Code   RO          775    .ARM.Collect$$rtentry$$0000000C  c_p.l(__rtentry2.o)
    0x0800016e   0x00000008   Code   RO          776    .ARM.Collect$$rtentry$$0000000D  c_p.l(__rtentry2.o)
    0x08000176   0x00000002   Code   RO          881    .ARM.Collect$$rtexit$$00000000  c_p.l(rtexit.o)
    0x08000178   0x00000000   Code   RO          894    .ARM.Collect$$rtexit$$00000002  c_p.l(rtexit2.o)
    0x08000178   0x00000004   Code   RO          895    .ARM.Collect$$rtexit$$00000003  c_p.l(rtexit2.o)
    0x0800017c   0x00000006   Code   RO          896    .ARM.Collect$$rtexit$$00000004  c_p.l(rtexit2.o)
    0x08000182   0x00000002   PAD
    0x08000184   0x0000003c   Code   RO          632    .text               startup_stm32l053xx.o
    0x080001c0   0x00000002   Code   RO          670    .text               c_p.l(use_no_semi.o)
    0x080001c2   0x00000002   PAD
    0x080001c4   0x0000001c   Code   RO          674    .text               c_p.l(noretval__2printf.o)
    0x080001e0   0x0000006c   Code   RO          676    .text               c_p.l(__printf.o)
    0x0800024c   0x0000015a   Code   RO          722    .text               c_p.l(aeabi_sdiv.o)
    0x080003a6   0x00000006   Code   RO          726    .text               c_p.l(heapauxi.o)
    0x080003ac   0x00000054   Code   RO          739    .text               fz_ps.l(f2d.o)
    0x08000400   0x0000005e   Code   RO          750    .text               fz_ps.l(fflti.o)
    0x0800045e   0x00000002   PAD
    0x08000460   0x00000414   Code   RO          763    .text               c_p.l(_printf_fp_dec.o)
    0x08000874   0x00000028   Code   RO          765    .text               c_p.l(_printf_char_file.o)
    0x0800089c   0x00000008   Code   RO          789    .text               c_p.l(rt_locale_intlibspace.o)
    0x080008a4   0x0000007a   Code   RO          791    .text               c_p.l(lludiv10.o)
    0x0800091e   0x00000002   PAD
    0x08000920   0x00000030   Code   RO          793    .text               c_p.l(_printf_char_common.o)
    0x08000950   0x00000088   Code   RO          795    .text               c_p.l(_printf_fp_infnan.o)
    0x080009d8   0x000000c8   Code   RO          797    .text               c_p.l(bigflt0.o)
    0x08000aa0   0x000004a8   Code   RO          800    .text               c_p.l(btod.o)
    0x08000f48   0x00000028   Code   RO          807    .text               c_p.l(rtudiv10.o)
    0x08000f70   0x00000008   Code   RO          813    .text               c_p.l(libspace.o)
    0x08000f78   0x0000003e   Code   RO          816    .text               c_p.l(sys_stackheap_outer.o)
    0x08000fb6   0x0000000c   Code   RO          821    .text               c_p.l(exit.o)
    0x08000fc2   0x00000002   PAD
    0x08000fc4   0x00000088   Code   RO          827    .text               c_p.l(strcmp.o)
    0x0800104c   0x00000074   Code   RO           73    i.ADC_Init          adc.o
    0x080010c0   0x00000014   Code   RO          118    i.Button_Initialize  gpio.o
    0x080010d4   0x00000018   Code   RO          351    i.Delay             timing.o
    0x080010ec   0x0000003c   Code   RO          187    i.HTS221_Init       hts221.o
    0x08001128   0x00000070   Code   RO          226    i.I2C_Init          i2c.o
    0x08001198   0x000000c0   Code   RO          227    i.I2C_Read_Reg      i2c.o
    0x08001258   0x000000a0   Code   RO          228    i.I2C_Write_Reg     i2c.o
    0x080012f8   0x0000000e   Code   RO          541    i.ISK01A1_Get_Pitch  isk01a1.o
    0x08001306   0x00000002   PAD
    0x08001308   0x000001cc   Code   RO          546    i.ISK01A1_Init      isk01a1.o
    0x080014d4   0x00000070   Code   RO          119    i.Initialize_Port_A  gpio.o
    0x08001544   0x00000058   Code   RO          120    i.Initialize_Port_C  gpio.o
    0x0800159c   0x00000014   Code   RO          121    i.LED_Init          gpio.o
    0x080015b0   0x00000050   Code   RO          422    i.LIS3MDL_Init      lis3mdl.o
    0x08001600   0x0000003c   Code   RO          387    i.LPS25HB_Init      lps25hb.o
    0x0800163c   0x00000064   Code   RO          469    i.LSM6DS0_Gyroscope_Pitch_Read  lsm6ds0.o
    0x080016a0   0x0000003c   Code   RO          472    i.LSM6DS0_Init      lsm6ds0.o
    0x080016dc   0x00000078   Code   RO            3    i.NVIC_SetPriority  intern_project.o
    0x08001754   0x00000074   Code   RO          320    i.SER_Initialize    serial.o
    0x080017c8   0x0000001c   Code   RO          321    i.SER_PutChar       serial.o
    0x080017e4   0x00000010   Code   RO          352    i.SysTick_Handler   timing.o
    0x080017f4   0x000000f8   Code   RO          353    i.SystemCoreClockInit  timing.o
    0x080018ec   0x00000100   Code   RO          638    i.SystemCoreClockUpdate  system_stm32l0xx.o
    0x080019ec   0x00000068   Code   RO          639    i.SystemInit        system_stm32l0xx.o
    0x08001a54   0x00000030   Code   RO          802    i.__ARM_common_ll_muluu  c_p.l(btod.o)
    0x08001a84   0x0000002c   Code   RO          811    i.__ARM_fpclassify  m_ps.l(fpclassify.o)
    0x08001ab0   0x00000004   Code   RO          268    i._sys_exit         retarget.o
    0x08001ab4   0x00000008   Code   RO          270    i.ferror            retarget.o
    0x08001abc   0x0000000e   Code   RO          272    i.fputc             retarget.o
    0x08001aca   0x00000002   PAD
    0x08001acc   0x0000008c   Code   RO            4    i.main              intern_project.o
    0x08001b58   0x0000002c   Code   RO          805    locale$$code        c_p.l(lc_numeric_c.o)
    0x08001b84   0x000000b0   Code   RO          752    x$fpl$fmul          fz_ps.l(fmul.o)
    0x08001c34   0x00000010   Code   RO          754    x$fpl$printf1       fz_ps.l(printf1.o)
    0x08001c44   0x00000000   Code   RO          768    x$fpl$usenofp       fz_ps.l(usenofp.o)
    0x08001c44   0x00000094   Data   RO          798    .constdata          c_p.l(bigflt0.o)
    0x08001cd8   0x00000020   Data   RO          953    Region$$Table       anon$$obj.o
    0x08001cf8   0x0000001c   Data   RO          804    locale$$data        c_p.l(lc_numeric_c.o)


    Execution Region RW_IRAM1 (Base: 0x20000000, Size: 0x00000690, Max: 0x00002000, ABSOLUTE)

    Base Addr    Size         Type   Attr      Idx    E Section Name        Object

    0x20000000   0x00000004   Data   RW          230    .data               i2c.o
    0x20000004   0x00000008   Data   RW          273    .data               retarget.o
    0x2000000c   0x00000004   Data   RW          354    .data               timing.o
    0x20000010   0x0000001d   Data   RW          640    .data               system_stm32l0xx.o
    0x2000002d   0x00000003   PAD
    0x20000030   0x00000060   Zero   RW          814    .bss                c_p.l(libspace.o)
    0x20000090   0x00000200   Zero   RW          630    HEAP                startup_stm32l053xx.o
    0x20000290   0x00000400   Zero   RW          629    STACK               startup_stm32l053xx.o


==============================================================================

Image component sizes


      Code (inc. data)   RO Data    RW Data    ZI Data      Debug   Object Name

       116         10          0          0          0        411   adc.o
       240         12          0          0          0       2107   gpio.o
        60          4          0          0          0        518   hts221.o
       464         30          0          4          0       1857   i2c.o
       260         36          0          0          0     125499   intern_project.o
       474        332          0          0          0       1159   isk01a1.o
        80          6          0          0          0        499   lis3mdl.o
        60          6          0          0          0        491   lps25hb.o
       160         14          0          0          0       1122   lsm6ds0.o
        26          0          0          8          0       3099   retarget.o
       144         16          0          0          0        875   serial.o
        60         28        192          0       1536        708   startup_stm32l053xx.o
       360         42          0         29          0       2029   system_stm32l0xx.o
       288         20          0          4          0       1578   timing.o

    ----------------------------------------------------------------------
      2796        556        224         48       1536     141952   Object Totals
         0          0         32          0          0          0   (incl. Generated)
         4          0          0          3          0          0   (incl. Padding)

    ----------------------------------------------------------------------

      Code (inc. data)   RO Data    RW Data    ZI Data      Debug   Library Member Name

         8          0          0          0          0         68   __main.o
       108          0          0          0          0         76   __printf.o
         0          0          0          0          0          0   __rtentry.o
        12          0          0          0          0          0   __rtentry2.o
         6          0          0          0          0          0   __rtentry4.o
        60          8          0          0          0          0   __scatter.o
        26          0          0          0          0          0   __scatter_copy.o
        28          0          0          0          0          0   __scatter_zi.o
        48          6          0          0          0         88   _printf_char_common.o
        40          6          0          0          0         72   _printf_char_file.o
        10          0          0          0          0          0   _printf_f.o
      1044         14          0          0          0        176   _printf_fp_dec.o
       136         16          0          0          0         76   _printf_fp_infnan.o
         2          0          0          0          0          0   _printf_percent.o
         4          0          0          0          0          0   _printf_percent_end.o
       346          0          0          0          0         92   aeabi_sdiv.o
       200          4        148          0          0         80   bigflt0.o
      1240         12          0          0          0        316   btod.o
        12          0          0          0          0         64   exit.o
         6          0          0          0          0        136   heapauxi.o
        44         10         28          0          0         76   lc_numeric_c.o
         2          0          0          0          0          0   libinit.o
        18          0          0          0          0          0   libinit2.o
         2          0          0          0          0          0   libshutdown.o
         2          0          0          0          0          0   libshutdown2.o
         8          4          0          0         96         68   libspace.o
       122          0          0          0          0         72   lludiv10.o
        28          6          0          0          0         84   noretval__2printf.o
         8          4          0          0          0         68   rt_locale_intlibspace.o
         2          0          0          0          0          0   rtexit.o
        10          0          0          0          0          0   rtexit2.o
        40          0          0          0          0         60   rtudiv10.o
       136          4          0          0          0         72   strcmp.o
        62          0          0          0          0         80   sys_stackheap_outer.o
         2          0          0          0          0         68   use_no_semi.o
        84          4          0          0          0         60   f2d.o
        94          0          0          0          0         92   fflti.o
       176          4          0          0          0         80   fmul.o
        16          4          0          0          0         76   printf1.o
         0          0          0          0          0          0   usenofp.o
        44          4          0          0          0         60   fpclassify.o

    ----------------------------------------------------------------------
      4248        110        176          0         96       2260   Library Totals
        12          0          0          0          0          0   (incl. Padding)

    ----------------------------------------------------------------------

      Code (inc. data)   RO Data    RW Data    ZI Data      Debug   Library Name

      3822         94        176          0         96       1892   c_p.l
       370         12          0          0          0        308   fz_ps.l
        44          4          0          0          0         60   m_ps.l

    ----------------------------------------------------------------------
      4248        110        176          0         96       2260   Library Totals

    ----------------------------------------------------------------------

==============================================================================


      Code (inc. data)   RO Data    RW Data    ZI Data      Debug   

      7044        666        400         48       1632     142144   Grand Totals
      7044        666        400         48       1632     142144   ELF Image Totals
      7044        666        400         48          0          0   ROM Totals

==============================================================================

    Total RO  Size (Code + RO Data)                 7444 (   7.27kB)
    Total RW  Size (RW Data + ZI Data)              1680 (   1.64kB)
    Total ROM Size (Code + RO Data + RW Data)       7492 (   7.32kB)

==============================================================================

